Archive member included to satisfy reference by file (symbol)

C:\Users\User\AppData\Local\Temp\arduino_build_389120/core\core.a(cortex_handlers.c.o)
                              (Reset_Handler)
C:\Users\User\AppData\Local\Temp\arduino_build_389120/core\core.a(delay.c.o)
                              C:\Users\User\AppData\Local\Temp\arduino_build_389120\sketch\vending_machine.ino.cpp.o (delay)
C:\Users\User\AppData\Local\Temp\arduino_build_389120/core\core.a(hooks.c.o)
                              C:\Users\User\AppData\Local\Temp\arduino_build_389120/core\core.a(delay.c.o) (yield)
C:\Users\User\AppData\Local\Temp\arduino_build_389120/core\core.a(startup.c.o)
                              C:\Users\User\AppData\Local\Temp\arduino_build_389120/core\core.a(cortex_handlers.c.o) (SystemInit)
C:\Users\User\AppData\Local\Temp\arduino_build_389120/core\core.a(wiring.c.o)
                              C:\Users\User\AppData\Local\Temp\arduino_build_389120/core\core.a(startup.c.o) (SystemCoreClock)
C:\Users\User\AppData\Local\Temp\arduino_build_389120/core\core.a(wiring_analog.c.o)
                              C:\Users\User\AppData\Local\Temp\arduino_build_389120/core\core.a(wiring.c.o) (analogReference)
C:\Users\User\AppData\Local\Temp\arduino_build_389120/core\core.a(wiring_digital.c.o)
                              C:\Users\User\AppData\Local\Temp\arduino_build_389120\sketch\vending_machine.ino.cpp.o (pinMode)
C:\Users\User\AppData\Local\Temp\arduino_build_389120/core\core.a(wiring_private.c.o)
                              C:\Users\User\AppData\Local\Temp\arduino_build_389120/core\core.a(wiring_analog.c.o) (pinPeripheral)
C:\Users\User\AppData\Local\Temp\arduino_build_389120/core\core.a(Reset.cpp.o)
                              C:\Users\User\AppData\Local\Temp\arduino_build_389120/core\core.a(delay.c.o) (tickReset)
C:\Users\User\AppData\Local\Temp\arduino_build_389120/core\core.a(SERCOM.cpp.o)
                              C:\Users\User\AppData\Local\Temp\arduino_build_389120\core\variant.cpp.o (SERCOM::SERCOM(Sercom*))
C:\Users\User\AppData\Local\Temp\arduino_build_389120/core\core.a(Uart.cpp.o)
                              C:\Users\User\AppData\Local\Temp\arduino_build_389120\core\variant.cpp.o (Uart::Uart(SERCOM*, unsigned char, unsigned char, SercomRXPad, SercomUartTXPad))
C:\Users\User\AppData\Local\Temp\arduino_build_389120/core\core.a(abi.cpp.o)
                              C:\Users\User\AppData\Local\Temp\arduino_build_389120/core\core.a(Uart.cpp.o) (__cxa_pure_virtual)
C:\Users\User\AppData\Local\Temp\arduino_build_389120/core\core.a(Print.cpp.o)
                              C:\Users\User\AppData\Local\Temp\arduino_build_389120/core\core.a(Uart.cpp.o) (arduino::Print::write(unsigned char const*, unsigned int))
C:\Users\User\AppData\Local\Temp\arduino_build_389120/core\core.a(main.cpp.o)
                              d:/documents/arduinodata/packages/arduino/tools/arm-none-eabi-gcc/7-2017q4/bin/../lib/gcc/arm-none-eabi/7.2.1/../../../../arm-none-eabi/lib/thumb/v6-m/crt0.o (main)
C:\Users\User\AppData\Local\Temp\arduino_build_389120/core\core.a(USBCore.cpp.o)
                              C:\Users\User\AppData\Local\Temp\arduino_build_389120/core\core.a(main.cpp.o) (USBDevice)
C:\Users\User\AppData\Local\Temp\arduino_build_389120/core\core.a(PluggableUSB.cpp.o)
                              C:\Users\User\AppData\Local\Temp\arduino_build_389120/core\core.a(USBCore.cpp.o) (arduino::PluggableUSB_::getInterface(unsigned char*))
C:\Users\User\AppData\Local\Temp\arduino_build_389120/core\core.a(new.cpp.o)
                              C:\Users\User\AppData\Local\Temp\arduino_build_389120/core\core.a(USBCore.cpp.o) (operator new(unsigned int))
C:\Users\User\AppData\Local\Temp\arduino_build_389120/core\core.a(CDC.cpp.o)
                              C:\Users\User\AppData\Local\Temp\arduino_build_389120/core\core.a(USBCore.cpp.o) (Serial_::handleEndpoint(int))
d:/documents/arduinodata/packages/arduino/tools/arm-none-eabi-gcc/7-2017q4/bin/../lib/gcc/arm-none-eabi/7.2.1/thumb/v6-m\libgcc.a(_udivsi3.o)
                              C:\Users\User\AppData\Local\Temp\arduino_build_389120/core\core.a(delay.c.o) (__aeabi_uidiv)
d:/documents/arduinodata/packages/arduino/tools/arm-none-eabi-gcc/7-2017q4/bin/../lib/gcc/arm-none-eabi/7.2.1/thumb/v6-m\libgcc.a(_divsi3.o)
                              C:\Users\User\AppData\Local\Temp\arduino_build_389120/core\core.a(SERCOM.cpp.o) (__aeabi_idiv)
d:/documents/arduinodata/packages/arduino/tools/arm-none-eabi-gcc/7-2017q4/bin/../lib/gcc/arm-none-eabi/7.2.1/thumb/v6-m\libgcc.a(_dvmd_tls.o)
                              d:/documents/arduinodata/packages/arduino/tools/arm-none-eabi-gcc/7-2017q4/bin/../lib/gcc/arm-none-eabi/7.2.1/thumb/v6-m\libgcc.a(_udivsi3.o) (__aeabi_idiv0)
d:/documents/arduinodata/packages/arduino/tools/arm-none-eabi-gcc/7-2017q4/bin/../lib/gcc/arm-none-eabi/7.2.1/thumb/v6-m\libgcc.a(_arm_cmpdf2.o)
[...]
Memory Configuration

Name             Origin             Length             Attributes
FLASH            0x00002000         0x0003e000         xr
RAM              0x20000000         0x00008000         xrw
*default*        0x00000000         0xffffffff

Linker script and memory map

LOAD d:/documents/arduinodata/packages/arduino/tools/arm-none-eabi-gcc/7-2017q4/bin/../lib/gcc/arm-none-eabi/7.2.1/thumb/v6-m/crti.o
LOAD d:/documents/arduinodata/packages/arduino/tools/arm-none-eabi-gcc/7-2017q4/bin/../lib/gcc/arm-none-eabi/7.2.1/thumb/v6-m/crtbegin.o
LOAD d:/documents/arduinodata/packages/arduino/tools/arm-none-eabi-gcc/7-2017q4/bin/../lib/gcc/arm-none-eabi/7.2.1/../../../../arm-none-eabi/lib/thumb/v6-m/crt0.o
LOAD C:\Users\User\AppData\Local\Temp\arduino_build_389120\sketch\vending_machine.ino.cpp.o
LOAD C:\Users\User\AppData\Local\Temp\arduino_build_389120\core\variant.cpp.o
START GROUP
LOAD D:\Documents\ArduinoData\packages\arduino\tools\CMSIS\4.5.0/CMSIS/Lib/GCC/\libarm_cortexM0l_math.a
LOAD C:\Users\User\AppData\Local\Temp\arduino_build_389120/core\core.a
END GROUP
LOAD d:/documents/arduinodata/packages/arduino/tools/arm-none-eabi-gcc/7-2017q4/bin/../lib/gcc/arm-none-eabi/7.2.1/../../../../arm-none-eabi/lib/thumb/v6-m\libstdc++_nano.a
LOAD d:/documents/arduinodata/packages/arduino/tools/arm-none-eabi-gcc/7-2017q4/bin/../lib/gcc/arm-none-eabi/7.2.1/../../../../arm-none-eabi/lib/thumb/v6-m\libm.a
START GROUP
LOAD d:/documents/arduinodata/packages/arduino/tools/arm-none-eabi-gcc/7-2017q4/bin/../lib/gcc/arm-none-eabi/7.2.1/thumb/v6-m\libgcc.a
LOAD d:/documents/arduinodata/packages/arduino/tools/arm-none-eabi-gcc/7-2017q4/bin/../lib/gcc/arm-none-eabi/7.2.1/../../../../arm-none-eabi/lib/thumb/v6-m\libc_nano.a
END GROUP
START GROUP
LOAD d:/documents/arduinodata/packages/arduino/tools/arm-none-eabi-gcc/7-2017q4/bin/../lib/gcc/arm-none-eabi/7.2.1/thumb/v6-m\libgcc.a
LOAD d:/documents/arduinodata/packages/arduino/tools/arm-none-eabi-gcc/7-2017q4/bin/../lib/gcc/arm-none-eabi/7.2.1/../../../../arm-none-eabi/lib/thumb/v6-m\libc_nano.a
LOAD d:/documents/arduinodata/packages/arduino/tools/arm-none-eabi-gcc/7-2017q4/bin/../lib/gcc/arm-none-eabi/7.2.1/../../../../arm-none-eabi/lib/thumb/v6-m\libnosys.a
END GROUP
START GROUP
LOAD d:/documents/arduinodata/packages/arduino/tools/arm-none-eabi-gcc/7-2017q4/bin/../lib/gcc/arm-none-eabi/7.2.1/thumb/v6-m\libgcc.a
LOAD d:/documents/arduinodata/packages/arduino/tools/arm-none-eabi-gcc/7-2017q4/bin/../lib/gcc/arm-none-eabi/7.2.1/../../../../arm-none-eabi/lib/thumb/v6-m\libc_nano.a
LOAD d:/documents/arduinodata/packages/arduino/tools/arm-none-eabi-gcc/7-2017q4/bin/../lib/gcc/arm-none-eabi/7.2.1/../../../../arm-none-eabi/lib/thumb/v6-m\libnosys.a
END GROUP
LOAD d:/documents/arduinodata/packages/arduino/tools/arm-none-eabi-gcc/7-2017q4/bin/../lib/gcc/arm-none-eabi/7.2.1/thumb/v6-m/crtend.o
LOAD d:/documents/arduinodata/packages/arduino/tools/arm-none-eabi-gcc/7-2017q4/bin/../lib/gcc/arm-none-eabi/7.2.1/thumb/v6-m/crtn.o

.text           0x00002000     0x5a48
                0x00002000                __text_start__ = .
 *(.sketch_boot)
                0x00002000                . = ALIGN (0x2000)
 *(.isr_vector)
 .isr_vector    0x00002000       0xb4 C:\Users\User\AppData\Local\Temp\arduino_build_389120/core\core.a(cortex_handlers.c.o)
                0x00002000                exception_table
 *(.text*)
 .text          0x000020b4       0x48 d:/documents/arduinodata/packages/arduino/tools/arm-none-eabi-gcc/7-2017q4/bin/../lib/gcc/arm-none-eabi/7.2.1/thumb/v6-m/crtbegin.o
 .text._Z13switchMachineh
                0x000020fc       0xbc C:\Users\User\AppData\Local\Temp\arduino_build_389120\sketch\vending_machine.ino.cpp.o
                0x000020fc                switchMachine(unsigned char)
 .text._Z14dollarInsertedv
                0x000021b8       0x24 C:\Users\User\AppData\Local\Temp\arduino_build_389120\sketch\vending_machine.ino.cpp.o
                0x000021b8                dollarInserted()
 .text._Z15quarterInsertedv
                0x000021dc       0x24 C:\Users\User\AppData\Local\Temp\arduino_build_389120\sketch\vending_machine.ino.cpp.o
                0x000021dc                quarterInserted()
 .text._Z8blinkLedh
                0x00002200       0x40 C:\Users\User\AppData\Local\Temp\arduino_build_389120\sketch\vending_machine.ino.cpp.o
                0x00002200                blinkLed(unsigned char)
 .text._Z10giveChangev
                0x00002240       0x10 C:\Users\User\AppData\Local\Temp\arduino_build_389120\sketch\vending_machine.ino.cpp.o
                0x00002240                giveChange()
 .text._Z7dropCanv
                0x00002250       0x10 C:\Users\User\AppData\Local\Temp\arduino_build_389120\sketch\vending_machine.ino.cpp.o
                0x00002250                dropCan()
 .text._Z14vendingMachinev
                0x00002260       0x84 C:\Users\User\AppData\Local\Temp\arduino_build_389120\sketch\vending_machine.ino.cpp.o
                0x00002260                vendingMachine()
 .text.setup    0x000022e4       0x6c C:\Users\User\AppData\Local\Temp\arduino_build_389120\sketch\vending_machine.ino.cpp.o
                0x000022e4                setup
 .text.loop     0x00002350        0xe C:\Users\User\AppData\Local\Temp\arduino_build_389120\sketch\vending_machine.ino.cpp.o
                0x00002350                loop
 *fill*         0x0000235e        0x2 
 .text.SERCOM5_Handler
                0x00002360       0x18 C:\Users\User\AppData\Local\Temp\arduino_build_389120\core\variant.cpp.o
                0x00002360                SERCOM5_Handler
 .text._Z41__static_initialization_and_destruction_0ii
                0x00002378       0xb4 C:\Users\User\AppData\Local\Temp\arduino_build_389120\core\variant.cpp.o
 .text._GLOBAL__sub_I_g_APinDescription
                0x0000242c       0x18 C:\Users\User\AppData\Local\Temp\arduino_build_389120\core\variant.cpp.o
 .text.Dummy_Handler
                0x00002444        0x6 C:\Users\User\AppData\Local\Temp\arduino_build_389120/core\core.a(cortex_handlers.c.o)
                0x00002444                DMAC_Handler
                0x00002444                HardFault_Handler
                0x00002444                AC_Handler
                0x00002444                PendSV_Handler
                0x00002444                NMI_Handler
                0x00002444                TC7_Handler
                0x00002444                SERCOM1_Handler
                0x00002444                ADC_Handler
                0x00002444                TCC1_Handler
                0x00002444                SERCOM2_Handler
                0x00002444                TCC0_Handler
                0x00002444                RTC_Handler
                0x00002444                EIC_Handler
                0x00002444                TC6_Handler
                0x00002444                WDT_Handler
                0x00002444                TC4_Handler
                0x00002444                TC3_Handler
                0x00002444                Dummy_Handler
                0x00002444                PM_Handler
                0x00002444                SVC_Handler
                0x00002444                TCC2_Handler
                0x00002444                EVSYS_Handler
                0x00002444                SERCOM3_Handler
                0x00002444                SERCOM4_Handler
                0x00002444                I2S_Handler
                0x00002444                NVMCTRL_Handler
                0x00002444                SERCOM0_Handler
                0x00002444                DAC_Handler
                0x00002444                PTC_Handler
                0x00002444                SYSCTRL_Handler
 *fill*         0x0000244a        0x2 
 .text.Reset_Handler
                0x0000244c       0x84 C:\Users\User\AppData\Local\Temp\arduino_build_389120/core\core.a(cortex_handlers.c.o)
                0x0000244c                Reset_Handler
 .text.SysTick_Handler
                0x000024d0       0x18 C:\Users\User\AppData\Local\Temp\arduino_build_389120/core\core.a(cortex_handlers.c.o)
                0x000024d0                SysTick_Handler
 .text.USB_Handler
                0x000024e8       0x1c C:\Users\User\AppData\Local\Temp\arduino_build_389120/core\core.a(cortex_handlers.c.o)
                0x000024e8                USB_Handler
 .text.USB_SetHandler
                0x00002504       0x1c C:\Users\User\AppData\Local\Temp\arduino_build_389120/core\core.a(cortex_handlers.c.o)
                0x00002504                USB_SetHandler
 .text.micros   0x00002520       0xa8 C:\Users\User\AppData\Local\Temp\arduino_build_389120/core\core.a(delay.c.o)
                0x00002520                micros
 .text.delay    0x000025c8       0x5c C:\Users\User\AppData\Local\Temp\arduino_build_389120/core\core.a(delay.c.o)
                0x000025c8                delay
 .text.resetExternalChip
                0x00002624        0xa C:\Users\User\AppData\Local\Temp\arduino_build_389120/core\core.a(delay.c.o)
                0x00002624                resetExternalChip
 *fill*         0x0000262e        0x2 
 .text.SysTick_DefaultHandler
                0x00002630       0x1c C:\Users\User\AppData\Local\Temp\arduino_build_389120/core\core.a(delay.c.o)
                0x00002630                SysTick_DefaultHandler
 .text.__empty  0x0000264c        0xa C:\Users\User\AppData\Local\Temp\arduino_build_389120/core\core.a(hooks.c.o)
                0x0000264c                yield
 .text.__false  0x00002656        0xc C:\Users\User\AppData\Local\Temp\arduino_build_389120/core\core.a(hooks.c.o)
                0x00002656                sysTickHook
 *fill*         0x00002662        0x2 
 .text.SystemInit
                0x00002664      0x21c C:\Users\User\AppData\Local\Temp\arduino_build_389120/core\core.a(startup.c.o)
                0x00002664                SystemInit
 .text.NVIC_SetPriority
                0x00002880       0xdc C:\Users\User\AppData\Local\Temp\arduino_build_389120/core\core.a(wiring.c.o)
 .text.SysTick_Config
                0x0000295c       0x48 C:\Users\User\AppData\Local\Temp\arduino_build_389120/core\core.a(wiring.c.o)
 .text.init     0x000029a4      0x118 C:\Users\User\AppData\Local\Temp\arduino_build_389120/core\core.a(wiring.c.o)
                0x000029a4                init
 .text.analogReference
                0x00002abc       0xc8 C:\Users\User\AppData\Local\Temp\arduino_build_389120/core\core.a(wiring_analog.c.o)
                0x00002abc                analogReference
 .text.pinMode  0x00002b84      0x280 C:\Users\User\AppData\Local\Temp\arduino_build_389120/core\core.a(wiring_digital.c.o)
                0x00002b84                pinMode
 .text.digitalWrite
                0x00002e04       0xf4 C:\Users\User\AppData\Local\Temp\arduino_build_389120/core\core.a(wiring_digital.c.o)
                0x00002e04                digitalWrite
 .text.digitalRead
                0x00002ef8       0x78 C:\Users\User\AppData\Local\Temp\arduino_build_389120/core\core.a(wiring_digital.c.o)
                0x00002ef8                digitalRead
 .text.pinPeripheral
                0x00002f70      0x2a4 C:\Users\User\AppData\Local\Temp\arduino_build_389120/core\core.a(wiring_private.c.o)
                0x00002f70                pinPeripheral
 .text.NVIC_SystemReset
                0x00003214       0x20 C:\Users\User\AppData\Local\Temp\arduino_build_389120/core\core.a(Reset.cpp.o)
 .text.nvmReady
                0x00003234       0x20 C:\Users\User\AppData\Local\Temp\arduino_build_389120/core\core.a(Reset.cpp.o)
 .text.initiateReset
                0x00003254       0x20 C:\Users\User\AppData\Local\Temp\arduino_build_389120/core\core.a(Reset.cpp.o)
                0x00003254                initiateReset
 .text.cancelReset
                0x00003274       0x18 C:\Users\User\AppData\Local\Temp\arduino_build_389120/core\core.a(Reset.cpp.o)
                0x00003274                cancelReset
 .text.tickReset
                0x0000328c       0x34 C:\Users\User\AppData\Local\Temp\arduino_build_389120/core\core.a(Reset.cpp.o)
                0x0000328c                tickReset
 .text.NVIC_EnableIRQ
                0x000032c0       0x2c C:\Users\User\AppData\Local\Temp\arduino_build_389120/core\core.a(SERCOM.cpp.o)
 .text.NVIC_SetPriority
                0x000032ec       0xdc C:\Users\User\AppData\Local\Temp\arduino_build_389120/core\core.a(SERCOM.cpp.o)
 .text._ZN6SERCOMC2EP6Sercom
                0x000033c8       0x1a C:\Users\User\AppData\Local\Temp\arduino_build_389120/core\core.a(SERCOM.cpp.o)
                0x000033c8                SERCOM::SERCOM(Sercom*)
                0x000033c8                SERCOM::SERCOM(Sercom*)
 *fill*         0x000033e2        0x2 
 .text._ZN6SERCOM8initUARTE14SercomUartMode20SercomUartSampleRatem
                0x000033e4       0xe4 C:\Users\User\AppData\Local\Temp\arduino_build_389120/core\core.a(SERCOM.cpp.o)
                0x000033e4                SERCOM::initUART(SercomUartMode, SercomUartSampleRate, unsigned long)
 .text._ZN6SERCOM9initFrameE18SercomUartCharSize15SercomDataOrder16SercomParityMode19SercomNumberStopBit
                0x000034c8       0x88 C:\Users\User\AppData\Local\Temp\arduino_build_389120/core\core.a(SERCOM.cpp.o)
                0x000034c8                SERCOM::initFrame(SercomUartCharSize, SercomDataOrder, SercomParityMode, SercomNumberStopBit)
 .text._ZN6SERCOM8initPadsE15SercomUartTXPad11SercomRXPad
                0x00003550       0x5e C:\Users\User\AppData\Local\Temp\arduino_build_389120/core\core.a(SERCOM.cpp.o)
                0x00003550                SERCOM::initPads(SercomUartTXPad, SercomRXPad)
 .text._ZN6SERCOM9resetUARTEv
                0x000035ae       0x48 C:\Users\User\AppData\Local\Temp\arduino_build_389120/core\core.a(SERCOM.cpp.o)
                0x000035ae                SERCOM::resetUART()
 .text._ZN6SERCOM10enableUARTEv
                0x000035f6       0x2e C:\Users\User\AppData\Local\Temp\arduino_build_389120/core\core.a(SERCOM.cpp.o)
                0x000035f6                SERCOM::enableUART()
 .text._ZN6SERCOM9flushUARTEv
                0x00003624       0x28 C:\Users\User\AppData\Local\Temp\arduino_build_389120/core\core.a(SERCOM.cpp.o)
                0x00003624                SERCOM::flushUART()
 .text._ZN6SERCOM15clearStatusUARTEv
                0x0000364c       0x18 C:\Users\User\AppData\Local\Temp\arduino_build_389120/core\core.a(SERCOM.cpp.o)
                0x0000364c                SERCOM::clearStatusUART()
 .text._ZN6SERCOM17availableDataUARTEv
                0x00003664       0x1c C:\Users\User\AppData\Local\Temp\arduino_build_389120/core\core.a(SERCOM.cpp.o)
                0x00003664                SERCOM::availableDataUART()
 .text._ZN6SERCOM11isUARTErrorEv
                0x00003680       0x1c C:\Users\User\AppData\Local\Temp\arduino_build_389120/core\core.a(SERCOM.cpp.o)
                0x00003680                SERCOM::isUARTError()
 .text._ZN6SERCOM20acknowledgeUARTErrorEv
                0x0000369c       0x1e C:\Users\User\AppData\Local\Temp\arduino_build_389120/core\core.a(SERCOM.cpp.o)
                0x0000369c                SERCOM::acknowledgeUARTError()
 .text._ZN6SERCOM16isFrameErrorUARTEv
                0x000036ba       0x1c C:\Users\User\AppData\Local\Temp\arduino_build_389120/core\core.a(SERCOM.cpp.o)
                0x000036ba                SERCOM::isFrameErrorUART()
 .text._ZN6SERCOM19clearFrameErrorUARTEv
                0x000036d6       0x1c C:\Users\User\AppData\Local\Temp\arduino_build_389120/core\core.a(SERCOM.cpp.o)
                0x000036d6                SERCOM::clearFrameErrorUART()
 .text._ZN6SERCOM23isDataRegisterEmptyUARTEv
                0x000036f2       0x1c C:\Users\User\AppData\Local\Temp\arduino_build_389120/core\core.a(SERCOM.cpp.o)
                0x000036f2                SERCOM::isDataRegisterEmptyUART()
 .text._ZN6SERCOM12readDataUARTEv
                0x0000370e       0x1e C:\Users\User\AppData\Local\Temp\arduino_build_389120/core\core.a(SERCOM.cpp.o)
                0x0000370e                SERCOM::readDataUART()
 .text._ZN6SERCOM13writeDataUARTEh
                0x0000372c       0x3c C:\Users\User\AppData\Local\Temp\arduino_build_389120/core\core.a(SERCOM.cpp.o)
                0x0000372c                SERCOM::writeDataUART(unsigned char)
 .text._ZN6SERCOM36enableDataRegisterEmptyInterruptUARTEv
                0x00003768       0x18 C:\Users\User\AppData\Local\Temp\arduino_build_389120/core\core.a(SERCOM.cpp.o)
                0x00003768                SERCOM::enableDataRegisterEmptyInterruptUART()
 .text._ZN6SERCOM37disableDataRegisterEmptyInterruptUARTEv
                0x00003780       0x18 C:\Users\User\AppData\Local\Temp\arduino_build_389120/core\core.a(SERCOM.cpp.o)
                0x00003780                SERCOM::disableDataRegisterEmptyInterruptUART()
 .text._ZN6SERCOM13initClockNVICEv
                0x00003798      0x138 C:\Users\User\AppData\Local\Temp\arduino_build_389120/core\core.a(SERCOM.cpp.o)
                0x00003798                SERCOM::initClockNVIC()
 .text._ZN7arduino5PrintC2Ev
                0x000038d0       0x24 C:\Users\User\AppData\Local\Temp\arduino_build_389120/core\core.a(Uart.cpp.o)
                0x000038d0                arduino::Print::Print()
                0x000038d0                arduino::Print::Print()
 .text._ZN7arduino5Print17availableForWriteEv
                0x000038f4       0x12 C:\Users\User\AppData\Local\Temp\arduino_build_389120/core\core.a(Uart.cpp.o)
                0x000038f4                arduino::Print::availableForWrite()
 .text._ZN7arduino5Print5flushEv
                0x00003906       0x10 C:\Users\User\AppData\Local\Temp\arduino_build_389120/core\core.a(Uart.cpp.o)
                0x00003906                arduino::Print::flush()
 *fill*         0x00003916        0x2 
 .text._ZN7arduino6StreamC2Ev
                0x00003918       0x2c C:\Users\User\AppData\Local\Temp\arduino_build_389120/core\core.a(Uart.cpp.o)
                0x00003918                arduino::Stream::Stream()
                0x00003918                arduino::Stream::Stream()
 .text.NVIC_GetPriority
                0x00003944       0x7c C:\Users\User\AppData\Local\Temp\arduino_build_389120/core\core.a(Uart.cpp.o)
 .text._ZN7__GuardC2Ev
                0x000039c0       0x26 C:\Users\User\AppData\Local\Temp\arduino_build_389120/core\core.a(Uart.cpp.o)
                0x000039c0                __Guard::__Guard()
                0x000039c0                __Guard::__Guard()
 .text._ZN7__GuardD2Ev
                0x000039e6       0x20 C:\Users\User\AppData\Local\Temp\arduino_build_389120/core\core.a(Uart.cpp.o)
                0x000039e6                __Guard::~__Guard()
                0x000039e6                __Guard::~__Guard()
 .text._ZN7__Guard5enterEv
                0x00003a06       0x1c C:\Users\User\AppData\Local\Temp\arduino_build_389120/core\core.a(Uart.cpp.o)
                0x00003a06                __Guard::enter()
 .text._ZN4UartcvbEv
                0x00003a22       0x12 C:\Users\User\AppData\Local\Temp\arduino_build_389120/core\core.a(Uart.cpp.o)
                0x00003a22                Uart::operator bool()
 .text._ZN4UartC2EP6SERCOMhh11SercomRXPad15SercomUartTXPad
                0x00003a34       0x4a C:\Users\User\AppData\Local\Temp\arduino_build_389120/core\core.a(Uart.cpp.o)
                0x00003a34                Uart::Uart(SERCOM*, unsigned char, unsigned char, SercomRXPad, SercomUartTXPad)
                0x00003a34                Uart::Uart(SERCOM*, unsigned char, unsigned char, SercomRXPad, SercomUartTXPad)
 *fill*         0x00003a7e        0x2 
 .text._ZN7arduino14HardwareSerialC2Ev
                0x00003a80       0x24 C:\Users\User\AppData\Local\Temp\arduino_build_389120/core\core.a(Uart.cpp.o)
                0x00003a80                arduino::HardwareSerial::HardwareSerial()
                0x00003a80                arduino::HardwareSerial::HardwareSerial()
 .text._ZN7arduino15SafeRingBufferNILi64EEC2Ev
                0x00003aa4       0x1a C:\Users\User\AppData\Local\Temp\arduino_build_389120/core\core.a(Uart.cpp.o)
                0x00003aa4                arduino::SafeRingBufferN<64>::SafeRingBufferN()
                0x00003aa4                arduino::SafeRingBufferN<64>::SafeRingBufferN()
 *fill*         0x00003abe        0x2 
 .text._ZN4UartC2EP6SERCOMhh11SercomRXPad15SercomUartTXPadhh
                0x00003ac0       0x90 C:\Users\User\AppData\Local\Temp\arduino_build_389120/core\core.a(Uart.cpp.o)
                0x00003ac0                Uart::Uart(SERCOM*, unsigned char, unsigned char, SercomRXPad, SercomUartTXPad, unsigned char, unsigned char)
                0x00003ac0                Uart::Uart(SERCOM*, unsigned char, unsigned char, SercomRXPad, SercomUartTXPad, unsigned char, unsigned char)
 .text._ZN4Uart5beginEm
                0x00003b50       0x28 C:\Users\User\AppData\Local\Temp\arduino_build_389120/core\core.a(Uart.cpp.o)
                0x00003b50                Uart::begin(unsigned long)
 .text._ZN4Uart5beginEmt
                0x00003b78      0x1a8 C:\Users\User\AppData\Local\Temp\arduino_build_389120/core\core.a(Uart.cpp.o)
                0x00003b78                Uart::begin(unsigned long, unsigned short)
 .text._ZN4Uart3endEv
                0x00003d20       0x2e C:\Users\User\AppData\Local\Temp\arduino_build_389120/core\core.a(Uart.cpp.o)
                0x00003d20                Uart::end()
 .text._ZN4Uart5flushEv
                0x00003d4e       0x32 C:\Users\User\AppData\Local\Temp\arduino_build_389120/core\core.a(Uart.cpp.o)
                0x00003d4e                Uart::flush()
 .text._ZN4Uart10IrqHandlerEv
                0x00003d80      0x104 C:\Users\User\AppData\Local\Temp\arduino_build_389120/core\core.a(Uart.cpp.o)
                0x00003d80                Uart::IrqHandler()
 .text._ZN4Uart9availableEv
                0x00003e84       0x1c C:\Users\User\AppData\Local\Temp\arduino_build_389120/core\core.a(Uart.cpp.o)
                0x00003e84                Uart::available()
 .text._ZN4Uart17availableForWriteEv
                0x00003ea0       0x1c C:\Users\User\AppData\Local\Temp\arduino_build_389120/core\core.a(Uart.cpp.o)
                0x00003ea0                Uart::availableForWrite()
 .text._ZN4Uart4peekEv
                0x00003ebc       0x1c C:\Users\User\AppData\Local\Temp\arduino_build_389120/core\core.a(Uart.cpp.o)
                0x00003ebc                Uart::peek()
 .text._ZN4Uart4readEv
                0x00003ed8       0x54 C:\Users\User\AppData\Local\Temp\arduino_build_389120/core\core.a(Uart.cpp.o)
                0x00003ed8                Uart::read()
 .text._ZN4Uart5writeEh
                0x00003f2c       0xec C:\Users\User\AppData\Local\Temp\arduino_build_389120/core\core.a(Uart.cpp.o)
                0x00003f2c                Uart::write(unsigned char)
 .text._ZN4Uart16extractNbStopBitEt
                0x00004018       0x28 C:\Users\User\AppData\Local\Temp\arduino_build_389120/core\core.a(Uart.cpp.o)
                0x00004018                Uart::extractNbStopBit(unsigned short)
 .text._ZN4Uart15extractCharSizeEt
                0x00004040       0x46 C:\Users\User\AppData\Local\Temp\arduino_build_389120/core\core.a(Uart.cpp.o)
                0x00004040                Uart::extractCharSize(unsigned short)
 .text._ZN4Uart13extractParityEt
                0x00004086       0x30 C:\Users\User\AppData\Local\Temp\arduino_build_389120/core\core.a(Uart.cpp.o)
                0x00004086                Uart::extractParity(unsigned short)
 .text._ZN7arduino11RingBufferNILi64EEC2Ev
                0x000040b6       0x26 C:\Users\User\AppData\Local\Temp\arduino_build_389120/core\core.a(Uart.cpp.o)
                0x000040b6                arduino::RingBufferN<64>::RingBufferN()
                0x000040b6                arduino::RingBufferN<64>::RingBufferN()
 .text._ZN7arduino11RingBufferNILi64EE5clearEv
                0x000040dc       0x22 C:\Users\User\AppData\Local\Temp\arduino_build_389120/core\core.a(Uart.cpp.o)
                0x000040dc                arduino::RingBufferN<64>::clear()
 .text._ZN7arduino11RingBufferNILi64EE9availableEv
                0x000040fe       0x14 C:\Users\User\AppData\Local\Temp\arduino_build_389120/core\core.a(Uart.cpp.o)
                0x000040fe                arduino::RingBufferN<64>::available()
 .text._ZN7arduino15SafeRingBufferNILi64EE10store_charEh
                0x00004112       0x50 C:\Users\User\AppData\Local\Temp\arduino_build_389120/core\core.a(Uart.cpp.o)
                0x00004112                arduino::SafeRingBufferN<64>::store_char(unsigned char)
 .text._ZN7arduino11RingBufferNILi64EE17availableForStoreEv
                0x00004162       0x18 C:\Users\User\AppData\Local\Temp\arduino_build_389120/core\core.a(Uart.cpp.o)
                0x00004162                arduino::RingBufferN<64>::availableForStore()
 .text._ZN7arduino15SafeRingBufferNILi64EE9read_charEv
                0x0000417a       0x52 C:\Users\User\AppData\Local\Temp\arduino_build_389120/core\core.a(Uart.cpp.o)
                0x0000417a                arduino::SafeRingBufferN<64>::read_char()
 .text._ZN7arduino11RingBufferNILi64EE4peekEv
                0x000041cc       0x2a C:\Users\User\AppData\Local\Temp\arduino_build_389120/core\core.a(Uart.cpp.o)
                0x000041cc                arduino::RingBufferN<64>::peek()
 .text._ZN7arduino11RingBufferNILi64EE6isFullEv
                0x000041f6       0x1c C:\Users\User\AppData\Local\Temp\arduino_build_389120/core\core.a(Uart.cpp.o)
                0x000041f6                arduino::RingBufferN<64>::isFull()
 .text._ZN7arduino11RingBufferNILi64EE10store_charEh
                0x00004212       0x56 C:\Users\User\AppData\Local\Temp\arduino_build_389120/core\core.a(Uart.cpp.o)
                0x00004212                arduino::RingBufferN<64>::store_char(unsigned char)
 .text._ZN7arduino11RingBufferNILi64EE9read_charEv
                0x00004268       0x52 C:\Users\User\AppData\Local\Temp\arduino_build_389120/core\core.a(Uart.cpp.o)
                0x00004268                arduino::RingBufferN<64>::read_char()
 .text._ZNK7arduino11RingBufferNILi64EE7isEmptyEv
                0x000042ba       0x1a C:\Users\User\AppData\Local\Temp\arduino_build_389120/core\core.a(Uart.cpp.o)
                0x000042ba                arduino::RingBufferN<64>::isEmpty() const
 .text._ZN7arduino11RingBufferNILi64EE9nextIndexEi
                0x000042d4       0x1a C:\Users\User\AppData\Local\Temp\arduino_build_389120/core\core.a(Uart.cpp.o)
                0x000042d4                arduino::RingBufferN<64>::nextIndex(int)
 .text.__cxa_pure_virtual
                0x000042ee        0x6 C:\Users\User\AppData\Local\Temp\arduino_build_389120/core\core.a(abi.cpp.o)
                0x000042ee                __cxa_pure_virtual
 .text._ZN7arduino5Print5writeEPKhj
                0x000042f4       0x54 C:\Users\User\AppData\Local\Temp\arduino_build_389120/core\core.a(Print.cpp.o)
                0x000042f4                arduino::Print::write(unsigned char const*, unsigned int)
 .text.initVariant
                0x00004348        0xa C:\Users\User\AppData\Local\Temp\arduino_build_389120/core\core.a(main.cpp.o)
                0x00004348                initVariant
 *fill*         0x00004352        0x2 
 .text.main     0x00004354       0x44 C:\Users\User\AppData\Local\Temp\arduino_build_389120/core\core.a(main.cpp.o)
                0x00004354                main
 .text.NVIC_EnableIRQ
                0x00004398       0x2c C:\Users\User\AppData\Local\Temp\arduino_build_389120/core\core.a(USBCore.cpp.o)
 .text.NVIC_SetPriority
                0x000043c4       0xdc C:\Users\User\AppData\Local\Temp\arduino_build_389120/core\core.a(USBCore.cpp.o)
 .text._ZN14USBDeviceClassC2Ev
                0x000044a0       0x12 C:\Users\User\AppData\Local\Temp\arduino_build_389120/core\core.a(USBCore.cpp.o)
                0x000044a0                USBDeviceClass::USBDeviceClass()
                0x000044a0                USBDeviceClass::USBDeviceClass()
 *fill*         0x000044b2        0x2 
 .text._ZN20USBDevice_SAMD21G18xC2Ev
                0x000044b4       0x28 C:\Users\User\AppData\Local\Temp\arduino_build_389120/core\core.a(USBCore.cpp.o)
                0x000044b4                USBDevice_SAMD21G18x::USBDevice_SAMD21G18x()
                0x000044b4                USBDevice_SAMD21G18x::USBDevice_SAMD21G18x()
 .text._ZN20USBDevice_SAMD21G18x6enableEv
                0x000044dc       0x1c C:\Users\User\AppData\Local\Temp\arduino_build_389120/core\core.a(USBCore.cpp.o)
                0x000044dc                USBDevice_SAMD21G18x::enable()
 .text._ZN20USBDevice_SAMD21G18x16setUSBDeviceModeEv
                0x000044f8       0x1c C:\Users\User\AppData\Local\Temp\arduino_build_389120/core\core.a(USBCore.cpp.o)
                0x000044f8                USBDevice_SAMD21G18x::setUSBDeviceMode()
 .text._ZN20USBDevice_SAMD21G18x12runInStandbyEv
                0x00004514       0x1c C:\Users\User\AppData\Local\Temp\arduino_build_389120/core\core.a(USBCore.cpp.o)
                0x00004514                USBDevice_SAMD21G18x::runInStandby()
 .text._ZN20USBDevice_SAMD21G18x19setDataSensitiveQoSEv
                0x00004530       0x22 C:\Users\User\AppData\Local\Temp\arduino_build_389120/core\core.a(USBCore.cpp.o)
                0x00004530                USBDevice_SAMD21G18x::setDataSensitiveQoS()
 .text._ZN20USBDevice_SAMD21G18x21setConfigSensitiveQoSEv
                0x00004552       0x22 C:\Users\User\AppData\Local\Temp\arduino_build_389120/core\core.a(USBCore.cpp.o)
                0x00004552                USBDevice_SAMD21G18x::setConfigSensitiveQoS()
 .text._ZN20USBDevice_SAMD21G18x12setFullSpeedEv
                0x00004574       0x1c C:\Users\User\AppData\Local\Temp\arduino_build_389120/core\core.a(USBCore.cpp.o)
                0x00004574                USBDevice_SAMD21G18x::setFullSpeed()
 .text._ZN20USBDevice_SAMD21G18x6attachEv
                0x00004590       0x1c C:\Users\User\AppData\Local\Temp\arduino_build_389120/core\core.a(USBCore.cpp.o)
                0x00004590                USBDevice_SAMD21G18x::attach()
 .text._ZN20USBDevice_SAMD21G18x21isEndOfResetInterruptEv
                0x000045ac       0x1c C:\Users\User\AppData\Local\Temp\arduino_build_389120/core\core.a(USBCore.cpp.o)
                0x000045ac                USBDevice_SAMD21G18x::isEndOfResetInterrupt()
 .text._ZN20USBDevice_SAMD21G18x22ackEndOfResetInterruptEv
                0x000045c8       0x18 C:\Users\User\AppData\Local\Temp\arduino_build_389120/core\core.a(USBCore.cpp.o)
                0x000045c8                USBDevice_SAMD21G18x::ackEndOfResetInterrupt()
 .text._ZN20USBDevice_SAMD21G18x25enableEndOfResetInterruptEv
                0x000045e0       0x1c C:\Users\User\AppData\Local\Temp\arduino_build_389120/core\core.a(USBCore.cpp.o)
                0x000045e0                USBDevice_SAMD21G18x::enableEndOfResetInterrupt()
 .text._ZN20USBDevice_SAMD21G18x23isStartOfFrameInterruptEv
                0x000045fc       0x1c C:\Users\User\AppData\Local\Temp\arduino_build_389120/core\core.a(USBCore.cpp.o)
                0x000045fc                USBDevice_SAMD21G18x::isStartOfFrameInterrupt()
 .text._ZN20USBDevice_SAMD21G18x24ackStartOfFrameInterruptEv
                0x00004618       0x18 C:\Users\User\AppData\Local\Temp\arduino_build_389120/core\core.a(USBCore.cpp.o)
                0x00004618                USBDevice_SAMD21G18x::ackStartOfFrameInterrupt()
 .text._ZN20USBDevice_SAMD21G18x27enableStartOfFrameInterruptEv
                0x00004630       0x1c C:\Users\User\AppData\Local\Temp\arduino_build_389120/core\core.a(USBCore.cpp.o)
                0x00004630                USBDevice_SAMD21G18x::enableStartOfFrameInterrupt()
 .text._ZN20USBDevice_SAMD21G18x14epBank0SetTypeEhh
                0x0000464c       0x48 C:\Users\User\AppData\Local\Temp\arduino_build_389120/core\core.a(USBCore.cpp.o)
                0x0000464c                USBDevice_SAMD21G18x::epBank0SetType(unsigned char, unsigned char)
 .text._ZN20USBDevice_SAMD21G18x14epBank1SetTypeEhh
                0x00004694       0x4a C:\Users\User\AppData\Local\Temp\arduino_build_389120/core\core.a(USBCore.cpp.o)
                0x00004694                USBDevice_SAMD21G18x::epBank1SetType(unsigned char, unsigned char)
 .text._ZN20USBDevice_SAMD21G18x22epHasPendingInterruptsEh
                0x000046de       0x30 C:\Users\User\AppData\Local\Temp\arduino_build_389120/core\core.a(USBCore.cpp.o)
                0x000046de                USBDevice_SAMD21G18x::epHasPendingInterrupts(unsigned char)
 .text._ZN20USBDevice_SAMD21G18x22epBank0IsSetupReceivedEh
                0x0000470e       0x2c C:\Users\User\AppData\Local\Temp\arduino_build_389120/core\core.a(USBCore.cpp.o)
                0x0000470e                USBDevice_SAMD21G18x::epBank0IsSetupReceived(unsigned char)
 .text._ZN20USBDevice_SAMD21G18x16epBank0IsStalledEh
                0x0000473a       0x2c C:\Users\User\AppData\Local\Temp\arduino_build_389120/core\core.a(USBCore.cpp.o)
                0x0000473a                USBDevice_SAMD21G18x::epBank0IsStalled(unsigned char)
 .text._ZN20USBDevice_SAMD21G18x16epBank1IsStalledEh
                0x00004766       0x2c C:\Users\User\AppData\Local\Temp\arduino_build_389120/core\core.a(USBCore.cpp.o)
                0x00004766                USBDevice_SAMD21G18x::epBank1IsStalled(unsigned char)
 .text._ZN20USBDevice_SAMD21G18x25epBank0IsTransferCompleteEh
                0x00004792       0x2c C:\Users\User\AppData\Local\Temp\arduino_build_389120/core\core.a(USBCore.cpp.o)
                0x00004792                USBDevice_SAMD21G18x::epBank0IsTransferComplete(unsigned char)
 .text._ZN20USBDevice_SAMD21G18x25epBank1IsTransferCompleteEh
                0x000047be       0x2c C:\Users\User\AppData\Local\Temp\arduino_build_389120/core\core.a(USBCore.cpp.o)
                0x000047be                USBDevice_SAMD21G18x::epBank1IsTransferComplete(unsigned char)
 .text._ZN20USBDevice_SAMD21G18x22epAckPendingInterruptsEh
                0x000047ea       0x2a C:\Users\User\AppData\Local\Temp\arduino_build_389120/core\core.a(USBCore.cpp.o)
                0x000047ea                USBDevice_SAMD21G18x::epAckPendingInterrupts(unsigned char)
 .text._ZN20USBDevice_SAMD21G18x26epBank0AckTransferCompleteEh
                0x00004814       0x2a C:\Users\User\AppData\Local\Temp\arduino_build_389120/core\core.a(USBCore.cpp.o)
                0x00004814                USBDevice_SAMD21G18x::epBank0AckTransferComplete(unsigned char)
 .text._ZN20USBDevice_SAMD21G18x26epBank1AckTransferCompleteEh
                0x0000483e       0x2a C:\Users\User\AppData\Local\Temp\arduino_build_389120/core\core.a(USBCore.cpp.o)
                0x0000483e                USBDevice_SAMD21G18x::epBank1AckTransferComplete(unsigned char)
 .text._ZN20USBDevice_SAMD21G18x26epBank0EnableSetupReceivedEh
                0x00004868       0x30 C:\Users\User\AppData\Local\Temp\arduino_build_389120/core\core.a(USBCore.cpp.o)
                0x00004868                USBDevice_SAMD21G18x::epBank0EnableSetupReceived(unsigned char)
 .text._ZN20USBDevice_SAMD21G18x29epBank0EnableTransferCompleteEh
                0x00004898       0x30 C:\Users\User\AppData\Local\Temp\arduino_build_389120/core\core.a(USBCore.cpp.o)
                0x00004898                USBDevice_SAMD21G18x::epBank0EnableTransferComplete(unsigned char)
 .text._ZN20USBDevice_SAMD21G18x21epBank0DisableStalledEh
                0x000048c8       0x30 C:\Users\User\AppData\Local\Temp\arduino_build_389120/core\core.a(USBCore.cpp.o)
                0x000048c8                USBDevice_SAMD21G18x::epBank0DisableStalled(unsigned char)
 .text._ZN20USBDevice_SAMD21G18x21epBank1DisableStalledEh
                0x000048f8       0x30 C:\Users\User\AppData\Local\Temp\arduino_build_389120/core\core.a(USBCore.cpp.o)
                0x000048f8                USBDevice_SAMD21G18x::epBank1DisableStalled(unsigned char)
 .text._ZN20USBDevice_SAMD21G18x30epBank0DisableTransferCompleteEh
                0x00004928       0x30 C:\Users\User\AppData\Local\Temp\arduino_build_389120/core\core.a(USBCore.cpp.o)
                0x00004928                USBDevice_SAMD21G18x::epBank0DisableTransferComplete(unsigned char)
 .text._ZN20USBDevice_SAMD21G18x14epBank0IsReadyEh
                0x00004958       0x2c C:\Users\User\AppData\Local\Temp\arduino_build_389120/core\core.a(USBCore.cpp.o)
                0x00004958                USBDevice_SAMD21G18x::epBank0IsReady(unsigned char)
 .text._ZN20USBDevice_SAMD21G18x14epBank1IsReadyEh
                0x00004984       0x2c C:\Users\User\AppData\Local\Temp\arduino_build_389120/core\core.a(USBCore.cpp.o)
                0x00004984                USBDevice_SAMD21G18x::epBank1IsReady(unsigned char)
 .text._ZN20USBDevice_SAMD21G18x15epBank1SetReadyEh
                0x000049b0       0x2e C:\Users\User\AppData\Local\Temp\arduino_build_389120/core\core.a(USBCore.cpp.o)
                0x000049b0                USBDevice_SAMD21G18x::epBank1SetReady(unsigned char)
 .text._ZN20USBDevice_SAMD21G18x17epBank0ResetReadyEh
                0x000049de       0x2c C:\Users\User\AppData\Local\Temp\arduino_build_389120/core\core.a(USBCore.cpp.o)
                0x000049de                USBDevice_SAMD21G18x::epBank0ResetReady(unsigned char)
 .text._ZN20USBDevice_SAMD21G18x16epBank0ByteCountEh
                0x00004a0a       0x28 C:\Users\User\AppData\Local\Temp\arduino_build_389120/core\core.a(USBCore.cpp.o)
                0x00004a0a                USBDevice_SAMD21G18x::epBank0ByteCount(unsigned char)
 .text._ZN20USBDevice_SAMD21G18x19epBank0SetByteCountEht
                0x00004a32       0x42 C:\Users\User\AppData\Local\Temp\arduino_build_389120/core\core.a(USBCore.cpp.o)
                0x00004a32                USBDevice_SAMD21G18x::epBank0SetByteCount(unsigned char, unsigned short)
 .text._ZN20USBDevice_SAMD21G18x19epBank1SetByteCountEht
                0x00004a74       0x44 C:\Users\User\AppData\Local\Temp\arduino_build_389120/core\core.a(USBCore.cpp.o)
                0x00004a74                USBDevice_SAMD21G18x::epBank1SetByteCount(unsigned char, unsigned short)
 .text._ZN20USBDevice_SAMD21G18x25epBank0SetMultiPacketSizeEht
                0x00004ab8       0x48 C:\Users\User\AppData\Local\Temp\arduino_build_389120/core\core.a(USBCore.cpp.o)
                0x00004ab8                USBDevice_SAMD21G18x::epBank0SetMultiPacketSize(unsigned char, unsigned short)
 .text._ZN20USBDevice_SAMD21G18x25epBank1SetMultiPacketSizeEht
                0x00004b00       0x4c C:\Users\User\AppData\Local\Temp\arduino_build_389120/core\core.a(USBCore.cpp.o)
                0x00004b00                USBDevice_SAMD21G18x::epBank1SetMultiPacketSize(unsigned char, unsigned short)
 .text._ZN20USBDevice_SAMD21G18x17epBank0SetAddressEhPv
                0x00004b4c       0x2a C:\Users\User\AppData\Local\Temp\arduino_build_389120/core\core.a(USBCore.cpp.o)
                0x00004b4c                USBDevice_SAMD21G18x::epBank0SetAddress(unsigned char, void*)
 .text._ZN20USBDevice_SAMD21G18x17epBank1SetAddressEhPv
                0x00004b76       0x2a C:\Users\User\AppData\Local\Temp\arduino_build_389120/core\core.a(USBCore.cpp.o)
                0x00004b76                USBDevice_SAMD21G18x::epBank1SetAddress(unsigned char, void*)
 .text._ZN20USBDevice_SAMD21G18x14epBank0SetSizeEht
                0x00004ba0       0x58 C:\Users\User\AppData\Local\Temp\arduino_build_389120/core\core.a(USBCore.cpp.o)
                0x00004ba0                USBDevice_SAMD21G18x::epBank0SetSize(unsigned char, unsigned short)
 .text._ZN20USBDevice_SAMD21G18x14epBank1SetSizeEht
                0x00004bf8       0x5c C:\Users\User\AppData\Local\Temp\arduino_build_389120/core\core.a(USBCore.cpp.o)
                0x00004bf8                USBDevice_SAMD21G18x::epBank1SetSize(unsigned char, unsigned short)
 .text._ZN20USBDevice_SAMD21G18x15EP_PCKSIZE_SIZEEt
                0x00004c54       0x7c C:\Users\User\AppData\Local\Temp\arduino_build_389120/core\core.a(USBCore.cpp.o)
                0x00004c54                USBDevice_SAMD21G18x::EP_PCKSIZE_SIZE(unsigned short)
 .text._ZN20USBDevice_SAMD21G18x20epBank1EnableAutoZLPEh
                0x00004cd0       0x2c C:\Users\User\AppData\Local\Temp\arduino_build_389120/core\core.a(USBCore.cpp.o)
                0x00004cd0                USBDevice_SAMD21G18x::epBank1EnableAutoZLP(unsigned char)
 .text._ZN20USBDevice_SAMD21G18x17epReleaseOutBank0Eht
                0x00004cfc       0x4c C:\Users\User\AppData\Local\Temp\arduino_build_389120/core\core.a(USBCore.cpp.o)
                0x00004cfc                USBDevice_SAMD21G18x::epReleaseOutBank0(unsigned char, unsigned short)
 .text._ZN20USBDevice_SAMD21G18x5resetEv
                0x00004d48       0x48 C:\Users\User\AppData\Local\Temp\arduino_build_389120/core\core.a(USBCore.cpp.o)
                0x00004d48                USBDevice_SAMD21G18x::reset()
 .text._ZN20USBDevice_SAMD21G18x9calibrateEv
                0x00004d90       0xd4 C:\Users\User\AppData\Local\Temp\arduino_build_389120/core\core.a(USBCore.cpp.o)
                0x00004d90                USBDevice_SAMD21G18x::calibrate()
 .text._ZN9EPHandlerC2Ev
                0x00004e64       0x1c C:\Users\User\AppData\Local\Temp\arduino_build_389120/core\core.a(USBCore.cpp.o)
                0x00004e64                EPHandler::EPHandler()
                0x00004e64                EPHandler::EPHandler()
 .text._ZN26DoubleBufferedEPOutHandlerC2ER20USBDevice_SAMD21G18xm
                0x00004e80       0xd4 C:\Users\User\AppData\Local\Temp\arduino_build_389120/core\core.a(USBCore.cpp.o)
                0x00004e80                DoubleBufferedEPOutHandler::DoubleBufferedEPOutHandler(USBDevice_SAMD21G18x&, unsigned long)
                0x00004e80                DoubleBufferedEPOutHandler::DoubleBufferedEPOutHandler(USBDevice_SAMD21G18x&, unsigned long)
 .text._ZN26DoubleBufferedEPOutHandlerD2Ev
                0x00004f54       0x1c C:\Users\User\AppData\Local\Temp\arduino_build_389120/core\core.a(USBCore.cpp.o)
                0x00004f54                DoubleBufferedEPOutHandler::~DoubleBufferedEPOutHandler()
                0x00004f54                DoubleBufferedEPOutHandler::~DoubleBufferedEPOutHandler()
 .text._ZN26DoubleBufferedEPOutHandlerD0Ev
                0x00004f70       0x22 C:\Users\User\AppData\Local\Temp\arduino_build_389120/core\core.a(USBCore.cpp.o)
                0x00004f70                DoubleBufferedEPOutHandler::~DoubleBufferedEPOutHandler()
 .text._ZN26DoubleBufferedEPOutHandler5_recvEv
                0x00004f92      0x290 C:\Users\User\AppData\Local\Temp\arduino_build_389120/core\core.a(USBCore.cpp.o)
                0x00004f92                DoubleBufferedEPOutHandler::_recv()
 .text._ZN26DoubleBufferedEPOutHandler4recvEPvm
                0x00005222       0x8e C:\Users\User\AppData\Local\Temp\arduino_build_389120/core\core.a(USBCore.cpp.o)
                0x00005222                DoubleBufferedEPOutHandler::recv(void*, unsigned long)
 .text._ZNK26DoubleBufferedEPOutHandler10_availableEv
                0x000052b0       0xde C:\Users\User\AppData\Local\Temp\arduino_build_389120/core\core.a(USBCore.cpp.o)
                0x000052b0                DoubleBufferedEPOutHandler::_available() const
 .text._ZN26DoubleBufferedEPOutHandler14handleEndpointEv
                0x0000538e      0x16c C:\Users\User\AppData\Local\Temp\arduino_build_389120/core\core.a(USBCore.cpp.o)
                0x0000538e                DoubleBufferedEPOutHandler::handleEndpoint()
 .text._ZN26DoubleBufferedEPOutHandler9availableEv
                0x000054fa       0x24 C:\Users\User\AppData\Local\Temp\arduino_build_389120/core\core.a(USBCore.cpp.o)
                0x000054fa                DoubleBufferedEPOutHandler::available()
 .text._ZN26DoubleBufferedEPOutHandler4peekEv
                0x0000551e       0x24 C:\Users\User\AppData\Local\Temp\arduino_build_389120/core\core.a(USBCore.cpp.o)
                0x0000551e                DoubleBufferedEPOutHandler::peek()
 .text._ZN26DoubleBufferedEPOutHandler7releaseEv
                0x00005542       0x22 C:\Users\User\AppData\Local\Temp\arduino_build_389120/core\core.a(USBCore.cpp.o)
                0x00005542                DoubleBufferedEPOutHandler::release()
 .text.UDD_Handler
                0x00005564       0x18 C:\Users\User\AppData\Local\Temp\arduino_build_389120/core\core.a(USBCore.cpp.o)
                0x00005564                UDD_Handler
 .text._ZN14USBDeviceClass20sendStringDescriptorEPKhm
                0x0000557c       0xd4 C:\Users\User\AppData\Local\Temp\arduino_build_389120/core\core.a(USBCore.cpp.o)
                0x0000557c                USBDeviceClass::sendStringDescriptor(unsigned char const*, unsigned long)
 .text._ZN14USBDeviceClass12packMessagesEb
                0x00005650       0x50 C:\Users\User\AppData\Local\Temp\arduino_build_389120/core\core.a(USBCore.cpp.o)
                0x00005650                USBDeviceClass::packMessages(bool)
 .text._ZN14USBDeviceClass14SendInterfacesEPm
                0x000056a0       0x3a C:\Users\User\AppData\Local\Temp\arduino_build_389120/core\core.a(USBCore.cpp.o)
                0x000056a0                USBDeviceClass::SendInterfaces(unsigned long*)
 *fill*         0x000056da        0x2 
 .text._ZN14USBDeviceClass17sendConfigurationEm
                0x000056dc       0xd0 C:\Users\User\AppData\Local\Temp\arduino_build_389120/core\core.a(USBCore.cpp.o)
                0x000056dc                USBDeviceClass::sendConfiguration(unsigned long)
 .text._ZN14USBDeviceClass14sendDescriptorERN7arduino8USBSetupE
                0x000057ac      0x1f0 C:\Users\User\AppData\Local\Temp\arduino_build_389120/core\core.a(USBCore.cpp.o)
                0x000057ac                USBDeviceClass::sendDescriptor(arduino::USBSetup&)
 .text._ZN14USBDeviceClass4initEv
                0x0000599c      0x11c C:\Users\User\AppData\Local\Temp\arduino_build_389120/core\core.a(USBCore.cpp.o)
                0x0000599c                USBDeviceClass::init()
 .text._ZN14USBDeviceClass6attachEv
                0x00005ab8       0x4c C:\Users\User\AppData\Local\Temp\arduino_build_389120/core\core.a(USBCore.cpp.o)
                0x00005ab8                USBDeviceClass::attach()
 .text._ZN14USBDeviceClass10setAddressEm
                0x00005b04       0x80 C:\Users\User\AppData\Local\Temp\arduino_build_389120/core\core.a(USBCore.cpp.o)
                0x00005b04                USBDeviceClass::setAddress(unsigned long)
 .text._ZN14USBDeviceClass25handleClassInterfaceSetupERN7arduino8USBSetupE
                0x00005b84       0x48 C:\Users\User\AppData\Local\Temp\arduino_build_389120/core\core.a(USBCore.cpp.o)
                0x00005b84                USBDeviceClass::handleClassInterfaceSetup(arduino::USBSetup&)
 .text._ZN14USBDeviceClass13initEndpointsEv
                0x00005bcc       0x5c C:\Users\User\AppData\Local\Temp\arduino_build_389120/core\core.a(USBCore.cpp.o)
                0x00005bcc                USBDeviceClass::initEndpoints()
 .text._ZN14USBDeviceClass6initEPEmm
                0x00005c28      0x160 C:\Users\User\AppData\Local\Temp\arduino_build_389120/core\core.a(USBCore.cpp.o)
                0x00005c28                USBDeviceClass::initEP(unsigned long, unsigned long)
 .text._ZN14USBDeviceClass5flushEm
                0x00005d88       0x4c C:\Users\User\AppData\Local\Temp\arduino_build_389120/core\core.a(USBCore.cpp.o)
                0x00005d88                USBDeviceClass::flush(unsigned long)
 .text._ZN14USBDeviceClass5clearEm
                0x00005dd4       0x58 C:\Users\User\AppData\Local\Temp\arduino_build_389120/core\core.a(USBCore.cpp.o)
                0x00005dd4                USBDeviceClass::clear(unsigned long)
 .text._ZN14USBDeviceClass5stallEm
                0x00005e2c       0x28 C:\Users\User\AppData\Local\Temp\arduino_build_389120/core\core.a(USBCore.cpp.o)
                0x00005e2c                USBDeviceClass::stall(unsigned long)
 .text._ZN14USBDeviceClass11recvControlEPvm
                0x00005e54       0x60 C:\Users\User\AppData\Local\Temp\arduino_build_389120/core\core.a(USBCore.cpp.o)
                0x00005e54                USBDeviceClass::recvControl(void*, unsigned long)
 .text._ZN14USBDeviceClass9availableEm
                0x00005eb4       0x54 C:\Users\User\AppData\Local\Temp\arduino_build_389120/core\core.a(USBCore.cpp.o)
                0x00005eb4                USBDeviceClass::available(unsigned long)
 .text._ZN14USBDeviceClass4recvEmPvm
                0x00005f08      0x10c C:\Users\User\AppData\Local\Temp\arduino_build_389120/core\core.a(USBCore.cpp.o)
                0x00005f08                USBDeviceClass::recv(unsigned long, void*, unsigned long)
 .text._ZN14USBDeviceClass4recvEm
                0x00006014       0x3a C:\Users\User\AppData\Local\Temp\arduino_build_389120/core\core.a(USBCore.cpp.o)
                0x00006014                USBDeviceClass::recv(unsigned long)
 *fill*         0x0000604e        0x2 
 .text._ZN14USBDeviceClass14armRecvCtrlOUTEm
                0x00006050       0xa8 C:\Users\User\AppData\Local\Temp\arduino_build_389120/core\core.a(USBCore.cpp.o)
                0x00006050                USBDeviceClass::armRecvCtrlOUT(unsigned long)
 .text._ZN14USBDeviceClass4sendEmPKvm
                0x000060f8      0x188 C:\Users\User\AppData\Local\Temp\arduino_build_389120/core\core.a(USBCore.cpp.o)
                0x000060f8                USBDeviceClass::send(unsigned long, void const*, unsigned long)
 .text._ZN14USBDeviceClass7armSendEmPKvm
                0x00006280       0x64 C:\Users\User\AppData\Local\Temp\arduino_build_389120/core\core.a(USBCore.cpp.o)
                0x00006280                USBDeviceClass::armSend(unsigned long, void const*, unsigned long)
 .text._ZN14USBDeviceClass11sendControlEPKvm
                0x000062e4       0xa0 C:\Users\User\AppData\Local\Temp\arduino_build_389120/core\core.a(USBCore.cpp.o)
                0x000062e4                USBDeviceClass::sendControl(void const*, unsigned long)
 .text._ZN14USBDeviceClass7sendZlpEm
                0x00006384       0x24 C:\Users\User\AppData\Local\Temp\arduino_build_389120/core\core.a(USBCore.cpp.o)
                0x00006384                USBDeviceClass::sendZlp(unsigned long)
 .text._ZN14USBDeviceClass19handleStandardSetupERN7arduino8USBSetupE
                0x000063a8      0x1c4 C:\Users\User\AppData\Local\Temp\arduino_build_389120/core\core.a(USBCore.cpp.o)
                0x000063a8                USBDeviceClass::handleStandardSetup(arduino::USBSetup&)
 .text._ZN14USBDeviceClass10ISRHandlerEv
                0x0000656c      0x19c C:\Users\User\AppData\Local\Temp\arduino_build_389120/core\core.a(USBCore.cpp.o)
                0x0000656c                USBDeviceClass::ISRHandler()
 .text._ZN7arduino13PluggableUSB_C2Ev
                0x00006708       0x2a C:\Users\User\AppData\Local\Temp\arduino_build_389120/core\core.a(USBCore.cpp.o)
                0x00006708                arduino::PluggableUSB_::PluggableUSB_()
                0x00006708                arduino::PluggableUSB_::PluggableUSB_()
 *fill*         0x00006732        0x2 
 .text._Z8epBufferj
                0x00006734       0x1c C:\Users\User\AppData\Local\Temp\arduino_build_389120/core\core.a(USBCore.cpp.o)
                0x00006734                epBuffer(unsigned int)
 .text._Z41__static_initialization_and_destruction_0ii
                0x00006750       0x3c C:\Users\User\AppData\Local\Temp\arduino_build_389120/core\core.a(USBCore.cpp.o)
 .text._GLOBAL__sub_I_usbd
                0x0000678c       0x18 C:\Users\User\AppData\Local\Temp\arduino_build_389120/core\core.a(USBCore.cpp.o)
 .text._ZN7arduino13PluggableUSB_12getInterfaceEPh
                0x000067a4       0x54 C:\Users\User\AppData\Local\Temp\arduino_build_389120/core\core.a(PluggableUSB.cpp.o)
                0x000067a4                arduino::PluggableUSB_::getInterface(unsigned char*)
 .text._ZN7arduino13PluggableUSB_13getDescriptorERNS_8USBSetupE
                0x000067f8       0x46 C:\Users\User\AppData\Local\Temp\arduino_build_389120/core\core.a(PluggableUSB.cpp.o)
                0x000067f8                arduino::PluggableUSB_::getDescriptor(arduino::USBSetup&)
 .text._ZN7arduino13PluggableUSB_12getShortNameEPc
                0x0000683e       0x46 C:\Users\User\AppData\Local\Temp\arduino_build_389120/core\core.a(PluggableUSB.cpp.o)
                0x0000683e                arduino::PluggableUSB_::getShortName(char*)
 .text._ZN7arduino13PluggableUSB_5setupERNS_8USBSetupE
                0x00006884       0x3e C:\Users\User\AppData\Local\Temp\arduino_build_389120/core\core.a(PluggableUSB.cpp.o)
                0x00006884                arduino::PluggableUSB_::setup(arduino::USBSetup&)
 .text._ZN7arduino13PluggableUSB_4plugEPNS_18PluggableUSBModuleE
                0x000068c2       0xc4 C:\Users\User\AppData\Local\Temp\arduino_build_389120/core\core.a(PluggableUSB.cpp.o)
                0x000068c2                arduino::PluggableUSB_::plug(arduino::PluggableUSBModule*)
 *fill*         0x00006986        0x2 
 .text._Z12PluggableUSBv
                0x00006988       0x2c C:\Users\User\AppData\Local\Temp\arduino_build_389120/core\core.a(PluggableUSB.cpp.o)
                0x00006988                PluggableUSB()
 .text._Znwj    0x000069b4       0x1a C:\Users\User\AppData\Local\Temp\arduino_build_389120/core\core.a(new.cpp.o)
                0x000069b4                operator new(unsigned int)
 .text._ZdlPv   0x000069ce       0x18 C:\Users\User\AppData\Local\Temp\arduino_build_389120/core\core.a(new.cpp.o)
                0x000069ce                operator delete(void*)
 .text._ZN7arduino5Print13setWriteErrorEi
                0x000069e6       0x18 C:\Users\User\AppData\Local\Temp\arduino_build_389120/core\core.a(CDC.cpp.o)
                0x000069e6                arduino::Print::setWriteError(int)
 *fill*         0x000069fe        0x2 
 .text._ZN7arduino18PluggableUSBModuleC2EhhPj
                0x00006a00       0x50 C:\Users\User\AppData\Local\Temp\arduino_build_389120/core\core.a(CDC.cpp.o)
                0x00006a00                arduino::PluggableUSBModule::PluggableUSBModule(unsigned char, unsigned char, unsigned int*)
                0x00006a00                arduino::PluggableUSBModule::PluggableUSBModule(unsigned char, unsigned char, unsigned int*)
 .text._ZN7arduino18PluggableUSBModule12getShortNameEPc
                0x00006a50       0x20 C:\Users\User\AppData\Local\Temp\arduino_build_389120/core\core.a(CDC.cpp.o)
                0x00006a50                arduino::PluggableUSBModule::getShortName(char*)
 .text._ZN20USBDevice_SAMD21G18x29epBank1EnableTransferCompleteEh
                0x00006a70       0x30 C:\Users\User\AppData\Local\Temp\arduino_build_389120/core\core.a(CDC.cpp.o)
                0x00006a70                USBDevice_SAMD21G18x::epBank1EnableTransferComplete(unsigned char)
 .text._ZN7Serial_12getInterfaceEPh
                0x00006aa0      0x1ec C:\Users\User\AppData\Local\Temp\arduino_build_389120/core\core.a(CDC.cpp.o)
                0x00006aa0                Serial_::getInterface(unsigned char*)
 .text._ZThn16_N7Serial_12getInterfaceEPh
                0x00006c8c       0x10 C:\Users\User\AppData\Local\Temp\arduino_build_389120/core\core.a(CDC.cpp.o)
                0x00006c8c                non-virtual thunk to Serial_::getInterface(unsigned char*)
 .text._ZN7Serial_13getDescriptorERN7arduino8USBSetupE
                0x00006c9c       0x14 C:\Users\User\AppData\Local\Temp\arduino_build_389120/core\core.a(CDC.cpp.o)
                0x00006c9c                Serial_::getDescriptor(arduino::USBSetup&)
 .text._ZThn16_N7Serial_13getDescriptorERN7arduino8USBSetupE
                0x00006cb0       0x10 C:\Users\User\AppData\Local\Temp\arduino_build_389120/core\core.a(CDC.cpp.o)
                0x00006cb0                non-virtual thunk to Serial_::getDescriptor(arduino::USBSetup&)
 .text._ZL5utox8mPc
                0x00006cc0       0x58 C:\Users\User\AppData\Local\Temp\arduino_build_389120/core\core.a(CDC.cpp.o)
 .text._ZN7Serial_12getShortNameEPc
                0x00006d18       0x64 C:\Users\User\AppData\Local\Temp\arduino_build_389120/core\core.a(CDC.cpp.o)
                0x00006d18                Serial_::getShortName(char*)
 .text._ZThn16_N7Serial_12getShortNameEPc
                0x00006d7c       0x10 C:\Users\User\AppData\Local\Temp\arduino_build_389120/core\core.a(CDC.cpp.o)
                0x00006d7c                non-virtual thunk to Serial_::getShortName(char*)
 .text._ZN7Serial_14handleEndpointEi
                0x00006d8c       0x12 C:\Users\User\AppData\Local\Temp\arduino_build_389120/core\core.a(CDC.cpp.o)
                0x00006d8c                Serial_::handleEndpoint(int)
 *fill*         0x00006d9e        0x2 
 .text._ZN7Serial_5setupERN7arduino8USBSetupE
                0x00006da0      0x124 C:\Users\User\AppData\Local\Temp\arduino_build_389120/core\core.a(CDC.cpp.o)
                0x00006da0                Serial_::setup(arduino::USBSetup&)
 .text._ZThn16_N7Serial_5setupERN7arduino8USBSetupE
                0x00006ec4       0x10 C:\Users\User\AppData\Local\Temp\arduino_build_389120/core\core.a(CDC.cpp.o)
                0x00006ec4                non-virtual thunk to Serial_::setup(arduino::USBSetup&)
 .text._ZN7Serial_C2ER14USBDeviceClass
                0x00006ed4       0x74 C:\Users\User\AppData\Local\Temp\arduino_build_389120/core\core.a(CDC.cpp.o)
                0x00006ed4                Serial_::Serial_(USBDeviceClass&)
                0x00006ed4                Serial_::Serial_(USBDeviceClass&)
 .text._ZN7Serial_15enableInterruptEv
                0x00006f48       0x34 C:\Users\User\AppData\Local\Temp\arduino_build_389120/core\core.a(CDC.cpp.o)
                0x00006f48                Serial_::enableInterrupt()
 .text._ZN7Serial_5beginEm
                0x00006f7c       0x12 C:\Users\User\AppData\Local\Temp\arduino_build_389120/core\core.a(CDC.cpp.o)
                0x00006f7c                Serial_::begin(unsigned long)
 *fill*         0x00006f8e        0x2 
 .text._ZN7Serial_9availableEv
                0x00006f90       0x38 C:\Users\User\AppData\Local\Temp\arduino_build_389120/core\core.a(CDC.cpp.o)
                0x00006f90                Serial_::available()
 .text._ZN7Serial_17availableForWriteEv
                0x00006fc8       0x12 C:\Users\User\AppData\Local\Temp\arduino_build_389120/core\core.a(CDC.cpp.o)
                0x00006fc8                Serial_::availableForWrite()
 *fill*         0x00006fda        0x2 
 .text._ZN7Serial_4peekEv
                0x00006fdc       0x3c C:\Users\User\AppData\Local\Temp\arduino_build_389120/core\core.a(CDC.cpp.o)
                0x00006fdc                Serial_::peek()
 .text._ZN7Serial_4readEv
                0x00007018       0x44 C:\Users\User\AppData\Local\Temp\arduino_build_389120/core\core.a(CDC.cpp.o)
                0x00007018                Serial_::read()
 .text._ZN7Serial_5flushEv
                0x0000705c       0x22 C:\Users\User\AppData\Local\Temp\arduino_build_389120/core\core.a(CDC.cpp.o)
                0x0000705c                Serial_::flush()
 .text._ZN7Serial_5clearEv
                0x0000707e       0x22 C:\Users\User\AppData\Local\Temp\arduino_build_389120/core\core.a(CDC.cpp.o)
                0x0000707e                Serial_::clear()
 .text._ZN7Serial_5writeEPKhj
                0x000070a0       0x42 C:\Users\User\AppData\Local\Temp\arduino_build_389120/core\core.a(CDC.cpp.o)
                0x000070a0                Serial_::write(unsigned char const*, unsigned int)
 .text._ZN7Serial_5writeEh
                0x000070e2       0x28 C:\Users\User\AppData\Local\Temp\arduino_build_389120/core\core.a(CDC.cpp.o)
                0x000070e2                Serial_::write(unsigned char)
 *fill*         0x0000710a        0x2 
 .text._Z41__static_initialization_and_destruction_0ii
                0x0000710c       0x38 C:\Users\User\AppData\Local\Temp\arduino_build_389120/core\core.a(CDC.cpp.o)
 .text._GLOBAL__sub_I__ZN7Serial_12getInterfaceEPh
                0x00007144       0x18 C:\Users\User\AppData\Local\Temp\arduino_build_389120/core\core.a(CDC.cpp.o)
 .text          0x0000715c      0x114 d:/documents/arduinodata/packages/arduino/tools/arm-none-eabi-gcc/7-2017q4/bin/../lib/gcc/arm-none-eabi/7.2.1/thumb/v6-m\libgcc.a(_udivsi3.o)
                0x0000715c                __aeabi_uidiv
                0x0000715c                __udivsi3
                0x00007268                __aeabi_uidivmod
 .text          0x00007270        0x4 d:/documents/arduinodata/packages/arduino/tools/arm-none-eabi-gcc/7-2017q4/bin/../lib/gcc/arm-none-eabi/7.2.1/thumb/v6-m\libgcc.a(_dvmd_tls.o)
                0x00007270                __aeabi_idiv0
                0x00007270                __aeabi_ldiv0
 .text.__libc_init_array
                0x00007274       0x48 d:/documents/arduinodata/packages/arduino/tools/arm-none-eabi-gcc/7-2017q4/bin/../lib/gcc/arm-none-eabi/7.2.1/../../../../arm-none-eabi/lib/thumb/v6-m\libc_nano.a(lib_a-init.o)
                0x00007274                __libc_init_array
 .text.malloc   0x000072bc       0x14 d:/documents/arduinodata/packages/arduino/tools/arm-none-eabi-gcc/7-2017q4/bin/../lib/gcc/arm-none-eabi/7.2.1/../../../../arm-none-eabi/lib/thumb/v6-m\libc_nano.a(lib_a-malloc.o)
                0x000072bc                malloc
 .text.free     0x000072d0       0x14 d:/documents/arduinodata/packages/arduino/tools/arm-none-eabi-gcc/7-2017q4/bin/../lib/gcc/arm-none-eabi/7.2.1/../../../../arm-none-eabi/lib/thumb/v6-m\libc_nano.a(lib_a-malloc.o)
                0x000072d0                free
 .text.memcpy   0x000072e4       0x12 d:/documents/arduinodata/packages/arduino/tools/arm-none-eabi-gcc/7-2017q4/bin/../lib/gcc/arm-none-eabi/7.2.1/../../../../arm-none-eabi/lib/thumb/v6-m\libc_nano.a(lib_a-memcpy-stub.o)
                0x000072e4                memcpy
 .text.memset   0x000072f6       0x10 d:/documents/arduinodata/packages/arduino/tools/arm-none-eabi-gcc/7-2017q4/bin/../lib/gcc/arm-none-eabi/7.2.1/../../../../arm-none-eabi/lib/thumb/v6-m\libc_nano.a(lib_a-memset.o)
                0x000072f6                memset
 *fill*         0x00007306        0x2 
 .text._free_r  0x00007308       0x94 d:/documents/arduinodata/packages/arduino/tools/arm-none-eabi-gcc/7-2017q4/bin/../lib/gcc/arm-none-eabi/7.2.1/../../../../arm-none-eabi/lib/thumb/v6-m\libc_nano.a(lib_a-nano-freer.o)
                0x00007308                _free_r
 .text._malloc_r
                0x0000739c       0xbc d:/documents/arduinodata/packages/arduino/tools/arm-none-eabi-gcc/7-2017q4/bin/../lib/gcc/arm-none-eabi/7.2.1/../../../../arm-none-eabi/lib/thumb/v6-m\libc_nano.a(lib_a-nano-mallocr.o)
                0x0000739c                _malloc_r
 .text._sbrk_r  0x00007458       0x24 d:/documents/arduinodata/packages/arduino/tools/arm-none-eabi-gcc/7-2017q4/bin/../lib/gcc/arm-none-eabi/7.2.1/../../../../arm-none-eabi/lib/thumb/v6-m\libc_nano.a(lib_a-sbrkr.o)
                0x00007458                _sbrk_r
 .text          0x0000747c        0xe d:/documents/arduinodata/packages/arduino/tools/arm-none-eabi-gcc/7-2017q4/bin/../lib/gcc/arm-none-eabi/7.2.1/../../../../arm-none-eabi/lib/thumb/v6-m\libc_nano.a(lib_a-strlen.o)
                0x0000747c                strlen
 .text.__malloc_lock
                0x0000748a        0x2 d:/documents/arduinodata/packages/arduino/tools/arm-none-eabi-gcc/7-2017q4/bin/../lib/gcc/arm-none-eabi/7.2.1/../../../../arm-none-eabi/lib/thumb/v6-m\libc_nano.a(lib_a-mlock.o)
                0x0000748a                __malloc_lock
 .text.__malloc_unlock
                0x0000748c        0x2 d:/documents/arduinodata/packages/arduino/tools/arm-none-eabi-gcc/7-2017q4/bin/../lib/gcc/arm-none-eabi/7.2.1/../../../../arm-none-eabi/lib/thumb/v6-m\libc_nano.a(lib_a-mlock.o)
                0x0000748c                __malloc_unlock
 *fill*         0x0000748e        0x2 
 .text._sbrk    0x00007490       0x1c d:/documents/arduinodata/packages/arduino/tools/arm-none-eabi-gcc/7-2017q4/bin/../lib/gcc/arm-none-eabi/7.2.1/../../../../arm-none-eabi/lib/thumb/v6-m\libnosys.a(sbrk.o)
                0x00007490                _sbrk
 *(.init)
 .init          0x000074ac        0x4 d:/documents/arduinodata/packages/arduino/tools/arm-none-eabi-gcc/7-2017q4/bin/../lib/gcc/arm-none-eabi/7.2.1/thumb/v6-m/crti.o
                0x000074ac                _init
 .init          0x000074b0        0x8 d:/documents/arduinodata/packages/arduino/tools/arm-none-eabi-gcc/7-2017q4/bin/../lib/gcc/arm-none-eabi/7.2.1/thumb/v6-m/crtn.o
 *(.fini)
 .fini          0x000074b8        0x4 d:/documents/arduinodata/packages/arduino/tools/arm-none-eabi-gcc/7-2017q4/bin/../lib/gcc/arm-none-eabi/7.2.1/thumb/v6-m/crti.o
                0x000074b8                _fini
 .fini          0x000074bc        0x8 d:/documents/arduinodata/packages/arduino/tools/arm-none-eabi-gcc/7-2017q4/bin/../lib/gcc/arm-none-eabi/7.2.1/thumb/v6-m/crtn.o
 *crtbegin.o(.ctors)
 *crtbegin?.o(.ctors)
 *(EXCLUDE_FILE(*crtend.o *crtend?.o) .ctors)
 *(SORT_BY_NAME(.ctors.*))
 *(.ctors)
 *crtbegin.o(.dtors)
 *crtbegin?.o(.dtors)
 *(EXCLUDE_FILE(*crtend.o *crtend?.o) .dtors)
 *(SORT_BY_NAME(.dtors.*))
 *(.dtors)
 *(.rodata*)
 .rodata._Z14vendingMachinev
                0x000074c4       0x14 C:\Users\User\AppData\Local\Temp\arduino_build_389120\sketch\vending_machine.ino.cpp.o
 .rodata.g_APinDescription
                0x000074d8      0x360 C:\Users\User\AppData\Local\Temp\arduino_build_389120\core\variant.cpp.o
                0x000074d8                g_APinDescription
 .rodata.analogReference
                0x00007838       0x18 C:\Users\User\AppData\Local\Temp\arduino_build_389120/core\core.a(wiring_analog.c.o)
 .rodata.pinPeripheral
                0x00007850       0x34 C:\Users\User\AppData\Local\Temp\arduino_build_389120/core\core.a(wiring_private.c.o)
 .rodata._ZTV4Uart
                0x00007884       0x34 C:\Users\User\AppData\Local\Temp\arduino_build_389120/core\core.a(Uart.cpp.o)
                0x00007884                vtable for Uart
 .rodata._ZTVN7arduino14HardwareSerialE
                0x000078b8       0x34 C:\Users\User\AppData\Local\Temp\arduino_build_389120/core\core.a(Uart.cpp.o)
                0x000078b8                vtable for arduino::HardwareSerial
 .rodata._ZTVN7arduino6StreamE
                0x000078ec       0x24 C:\Users\User\AppData\Local\Temp\arduino_build_389120/core\core.a(Uart.cpp.o)
                0x000078ec                vtable for arduino::Stream
 .rodata._ZTVN7arduino5PrintE
                0x00007910       0x18 C:\Users\User\AppData\Local\Temp\arduino_build_389120/core\core.a(Print.cpp.o)
                0x00007910                vtable for arduino::Print
 .rodata._ZL15STRING_LANGUAGE
                0x00007928        0x4 C:\Users\User\AppData\Local\Temp\arduino_build_389120/core\core.a(USBCore.cpp.o)
 .rodata._ZL14STRING_PRODUCT
                0x0000792c       0x10 C:\Users\User\AppData\Local\Temp\arduino_build_389120/core\core.a(USBCore.cpp.o)
 .rodata._ZL19STRING_MANUFACTURER
                0x0000793c        0xc C:\Users\User\AppData\Local\Temp\arduino_build_389120/core\core.a(USBCore.cpp.o)
 .rodata._ZL21USB_DeviceDescriptorB
                0x00007948       0x12 C:\Users\User\AppData\Local\Temp\arduino_build_389120/core\core.a(USBCore.cpp.o)
 *fill*         0x0000795a        0x2 
 .rodata._ZL20USB_DeviceDescriptor
                0x0000795c       0x12 C:\Users\User\AppData\Local\Temp\arduino_build_389120/core\core.a(USBCore.cpp.o)
 *fill*         0x0000796e        0x2 
 .rodata._ZN14USBDeviceClass19handleStandardSetupERN7arduino8USBSetupE
                0x00007970       0x30 C:\Users\User\AppData\Local\Temp\arduino_build_389120/core\core.a(USBCore.cpp.o)
 .rodata._ZTV26DoubleBufferedEPOutHandler
                0x000079a0       0x24 C:\Users\User\AppData\Local\Temp\arduino_build_389120/core\core.a(USBCore.cpp.o)
                0x000079a0                vtable for DoubleBufferedEPOutHandler
 .rodata._ZTV9EPHandler
                0x000079c4       0x18 C:\Users\User\AppData\Local\Temp\arduino_build_389120/core\core.a(USBCore.cpp.o)
                0x000079c4                vtable for EPHandler
 .rodata._ZTV7Serial_
                0x000079dc       0x50 C:\Users\User\AppData\Local\Temp\arduino_build_389120/core\core.a(CDC.cpp.o)
                0x000079dc                vtable for Serial_
 .rodata._ZTVN7arduino18PluggableUSBModuleE
                0x00007a2c       0x18 C:\Users\User\AppData\Local\Temp\arduino_build_389120/core\core.a(CDC.cpp.o)
                0x00007a2c                vtable for arduino::PluggableUSBModule
 *(.eh_frame*)
 .eh_frame      0x00007a44        0x0 d:/documents/arduinodata/packages/arduino/tools/arm-none-eabi-gcc/7-2017q4/bin/../lib/gcc/arm-none-eabi/7.2.1/thumb/v6-m/crtbegin.o
 .eh_frame      0x00007a44        0x4 d:/documents/arduinodata/packages/arduino/tools/arm-none-eabi-gcc/7-2017q4/bin/../lib/gcc/arm-none-eabi/7.2.1/thumb/v6-m/crtend.o

.glue_7         0x00007a48        0x0
 .glue_7        0x00007a48        0x0 linker stubs

.glue_7t        0x00007a48        0x0
 .glue_7t       0x00007a48        0x0 linker stubs

.vfp11_veneer   0x00007a48        0x0
 .vfp11_veneer  0x00007a48        0x0 linker stubs

.v4_bx          0x00007a48        0x0
 .v4_bx         0x00007a48        0x0 linker stubs

.iplt           0x00007a48        0x0
 .iplt          0x00007a48        0x0 d:/documents/arduinodata/packages/arduino/tools/arm-none-eabi-gcc/7-2017q4/bin/../lib/gcc/arm-none-eabi/7.2.1/thumb/v6-m/crtbegin.o

.ramfunc        0x00007a48       0x78
 .ramfunc       0x00007a48       0x78 C:\Users\User\AppData\Local\Temp\arduino_build_389120/core\core.a(Reset.cpp.o)

.rel.dyn        0x00007ac0        0x0
 .rel.iplt      0x00007ac0        0x0 d:/documents/arduinodata/packages/arduino/tools/arm-none-eabi-gcc/7-2017q4/bin/../lib/gcc/arm-none-eabi/7.2.1/thumb/v6-m/crtbegin.o

.ARM.extab
 *(.ARM.extab* .gnu.linkonce.armextab.*)
                0x00007ac0                __exidx_start = .

.ARM.exidx
 *(.ARM.exidx* .gnu.linkonce.armexidx.*)
                0x00007ac0                __exidx_end = .
                0x00007ac0                __etext = .

.data           0x20000000       0xa0 load address 0x00007ac0
                0x20000000                __data_start__ = .
 *(vtable)
 *(.data*)
 .data.switchPin
                0x20000000        0x2 C:\Users\User\AppData\Local\Temp\arduino_build_389120\sketch\vending_machine.ino.cpp.o
                0x20000000                switchPin
 *fill*         0x20000002        0x2 
 .data.ledPin   0x20000004        0x2 C:\Users\User\AppData\Local\Temp\arduino_build_389120\sketch\vending_machine.ino.cpp.o
                0x20000004                ledPin
 *fill*         0x20000006        0x2 
 .data.SystemCoreClock
                0x20000008        0x4 C:\Users\User\AppData\Local\Temp\arduino_build_389120/core\core.a(wiring.c.o)
                0x20000008                SystemCoreClock
 .data._ZL5ticks
                0x2000000c        0x4 C:\Users\User\AppData\Local\Temp\arduino_build_389120/core\core.a(Reset.cpp.o)
 .data._ZL12_usbLineInfo
                0x20000010        0x8 C:\Users\User\AppData\Local\Temp\arduino_build_389120/core\core.a(CDC.cpp.o)
 .data._ZL10breakValue
                0x20000018        0x4 C:\Users\User\AppData\Local\Temp\arduino_build_389120/core\core.a(CDC.cpp.o)
 .data._serialPeek
                0x2000001c        0x4 C:\Users\User\AppData\Local\Temp\arduino_build_389120/core\core.a(CDC.cpp.o)
                0x2000001c                _serialPeek
 .data._impure_ptr
                0x20000020        0x4 d:/documents/arduinodata/packages/arduino/tools/arm-none-eabi-gcc/7-2017q4/bin/../lib/gcc/arm-none-eabi/7.2.1/../../../../arm-none-eabi/lib/thumb/v6-m\libc_nano.a(lib_a-impure.o)
                0x20000020                _impure_ptr
 .data.impure_data
                0x20000024       0x60 d:/documents/arduinodata/packages/arduino/tools/arm-none-eabi-gcc/7-2017q4/bin/../lib/gcc/arm-none-eabi/7.2.1/../../../../arm-none-eabi/lib/thumb/v6-m\libc_nano.a(lib_a-impure.o)
                0x20000084                . = ALIGN (0x4)
                0x20000084                PROVIDE (__preinit_array_start, .)
 *(.preinit_array)
                0x20000084                PROVIDE (__preinit_array_end, .)
                0x20000084                . = ALIGN (0x4)
                0x20000084                PROVIDE (__init_array_start, .)
 *(SORT_BY_NAME(.init_array.*))
 *(.init_array)
 .init_array    0x20000084        0x4 d:/documents/arduinodata/packages/arduino/tools/arm-none-eabi-gcc/7-2017q4/bin/../lib/gcc/arm-none-eabi/7.2.1/thumb/v6-m/crtbegin.o
 .init_array    0x20000088        0x4 C:\Users\User\AppData\Local\Temp\arduino_build_389120\core\variant.cpp.o
 .init_array    0x2000008c        0x4 C:\Users\User\AppData\Local\Temp\arduino_build_389120/core\core.a(USBCore.cpp.o)
 .init_array    0x20000090        0x4 C:\Users\User\AppData\Local\Temp\arduino_build_389120/core\core.a(CDC.cpp.o)
                0x20000094                PROVIDE (__init_array_end, .)
                0x20000094                . = ALIGN (0x4)
                [!provide]                PROVIDE (__fini_array_start, .)
 *(SORT_BY_NAME(.fini_array.*))
 *(.fini_array)
 .fini_array    0x20000094        0x4 d:/documents/arduinodata/packages/arduino/tools/arm-none-eabi-gcc/7-2017q4/bin/../lib/gcc/arm-none-eabi/7.2.1/thumb/v6-m/crtbegin.o
                [!provide]                PROVIDE (__fini_array_end, .)
 *(.jcr*)
                0x200000a0                . = ALIGN (0x10)
 *fill*         0x20000098        0x8 
                0x200000a0                __data_end__ = .

.igot.plt       0x200000a0        0x0 load address 0x00007b60
 .igot.plt      0x200000a0        0x0 d:/documents/arduinodata/packages/arduino/tools/arm-none-eabi-gcc/7-2017q4/bin/../lib/gcc/arm-none-eabi/7.2.1/thumb/v6-m/crtbegin.o

.bss            0x200000a0      0x740 load address 0x00007b60
                0x200000a0                . = ALIGN (0x4)
                0x200000a0                __bss_start__ = .
 *(.bss*)
 .bss           0x200000a0       0x1c d:/documents/arduinodata/packages/arduino/tools/arm-none-eabi-gcc/7-2017q4/bin/../lib/gcc/arm-none-eabi/7.2.1/thumb/v6-m/crtbegin.o
 .bss.vmState   0x200000bc        0x1 C:\Users\User\AppData\Local\Temp\arduino_build_389120\sketch\vending_machine.ino.cpp.o
                0x200000bc                vmState
 *fill*         0x200000bd        0x3 
 .bss.switchState
                0x200000c0        0x2 C:\Users\User\AppData\Local\Temp\arduino_build_389120\sketch\vending_machine.ino.cpp.o
                0x200000c0                switchState
 *fill*         0x200000c2        0x2 
 .bss.switchMode
                0x200000c4        0x2 C:\Users\User\AppData\Local\Temp\arduino_build_389120\sketch\vending_machine.ino.cpp.o
                0x200000c4                switchMode
 *fill*         0x200000c6        0x2 
 .bss.sercom0   0x200000c8        0x4 C:\Users\User\AppData\Local\Temp\arduino_build_389120\core\variant.cpp.o
                0x200000c8                sercom0
 .bss.sercom1   0x200000cc        0x4 C:\Users\User\AppData\Local\Temp\arduino_build_389120\core\variant.cpp.o
                0x200000cc                sercom1
 .bss.sercom2   0x200000d0        0x4 C:\Users\User\AppData\Local\Temp\arduino_build_389120\core\variant.cpp.o
                0x200000d0                sercom2
 .bss.sercom3   0x200000d4        0x4 C:\Users\User\AppData\Local\Temp\arduino_build_389120\core\variant.cpp.o
                0x200000d4                sercom3
 .bss.sercom4   0x200000d8        0x4 C:\Users\User\AppData\Local\Temp\arduino_build_389120\core\variant.cpp.o
                0x200000d8                sercom4
 .bss.sercom5   0x200000dc        0x4 C:\Users\User\AppData\Local\Temp\arduino_build_389120\core\variant.cpp.o
                0x200000dc                sercom5
 .bss.Serial1   0x200000e0       0xc4 C:\Users\User\AppData\Local\Temp\arduino_build_389120\core\variant.cpp.o
                0x200000e0                Serial1
 .bss.usb_isr   0x200001a4        0x4 C:\Users\User\AppData\Local\Temp\arduino_build_389120/core\core.a(cortex_handlers.c.o)
 .bss._ulTickCount
                0x200001a8        0x4 C:\Users\User\AppData\Local\Temp\arduino_build_389120/core\core.a(delay.c.o)
 .bss.usbd      0x200001ac      0x104 C:\Users\User\AppData\Local\Temp\arduino_build_389120/core\core.a(USBCore.cpp.o)
                0x200001ac                usbd
 .bss.USBDevice
                0x200002b0        0x1 C:\Users\User\AppData\Local\Temp\arduino_build_389120/core\core.a(USBCore.cpp.o)
                0x200002b0                USBDevice
 .bss._ZL21isRemoteWakeUpEnabled
                0x200002b1        0x1 C:\Users\User\AppData\Local\Temp\arduino_build_389120/core\core.a(USBCore.cpp.o)
 .bss._ZL14isEndpointHalt
                0x200002b2        0x1 C:\Users\User\AppData\Local\Temp\arduino_build_389120/core\core.a(USBCore.cpp.o)
 *fill*         0x200002b3        0x1 
 .bss._usbConfiguration
                0x200002b4        0x4 C:\Users\User\AppData\Local\Temp\arduino_build_389120/core\core.a(USBCore.cpp.o)
                0x200002b4                _usbConfiguration
 .bss._usbSetInterface
                0x200002b8        0x4 C:\Users\User\AppData\Local\Temp\arduino_build_389120/core\core.a(USBCore.cpp.o)
                0x200002b8                _usbSetInterface
 .bss._ZL23udd_ep_out_cache_buffer
                0x200002bc      0x1c0 C:\Users\User\AppData\Local\Temp\arduino_build_389120/core\core.a(USBCore.cpp.o)
 .bss._ZL22udd_ep_in_cache_buffer
                0x2000047c      0x1c0 C:\Users\User\AppData\Local\Temp\arduino_build_389120/core\core.a(USBCore.cpp.o)
 .bss._ZL10epHandlers
                0x2000063c       0x1c C:\Users\User\AppData\Local\Temp\arduino_build_389120/core\core.a(USBCore.cpp.o)
 .bss._dry_run  0x20000658        0x1 C:\Users\User\AppData\Local\Temp\arduino_build_389120/core\core.a(USBCore.cpp.o)
                0x20000658                _dry_run
 .bss._pack_message
                0x20000659        0x1 C:\Users\User\AppData\Local\Temp\arduino_build_389120/core\core.a(USBCore.cpp.o)
                0x20000659                _pack_message
 .bss._pack_size
                0x2000065a        0x2 C:\Users\User\AppData\Local\Temp\arduino_build_389120/core\core.a(USBCore.cpp.o)
                0x2000065a                _pack_size
 .bss._pack_buffer
                0x2000065c      0x100 C:\Users\User\AppData\Local\Temp\arduino_build_389120/core\core.a(USBCore.cpp.o)
                0x2000065c                _pack_buffer
 .bss.EndPoints
                0x2000075c       0x28 C:\Users\User\AppData\Local\Temp\arduino_build_389120/core\core.a(USBCore.cpp.o)
                0x2000075c                EndPoints
 .bss._ZL20LastTransmitTimedOut
                0x20000784        0x7 C:\Users\User\AppData\Local\Temp\arduino_build_389120/core\core.a(USBCore.cpp.o)
 *fill*         0x2000078b        0x1 
 .bss._ZZ12PluggableUSBvE3obj
                0x2000078c        0xc C:\Users\User\AppData\Local\Temp\arduino_build_389120/core\core.a(PluggableUSB.cpp.o)
 .bss._ZGVZ12PluggableUSBvE3obj
                0x20000798        0x4 C:\Users\User\AppData\Local\Temp\arduino_build_389120/core\core.a(PluggableUSB.cpp.o)
 .bss.SerialUSB
                0x2000079c       0x34 C:\Users\User\AppData\Local\Temp\arduino_build_389120/core\core.a(CDC.cpp.o)
                0x2000079c                SerialUSB
 .bss.__malloc_free_list
                0x200007d0        0x4 d:/documents/arduinodata/packages/arduino/tools/arm-none-eabi-gcc/7-2017q4/bin/../lib/gcc/arm-none-eabi/7.2.1/../../../../arm-none-eabi/lib/thumb/v6-m\libc_nano.a(lib_a-nano-mallocr.o)
                0x200007d0                __malloc_free_list
 .bss.__malloc_sbrk_start
                0x200007d4        0x4 d:/documents/arduinodata/packages/arduino/tools/arm-none-eabi-gcc/7-2017q4/bin/../lib/gcc/arm-none-eabi/7.2.1/../../../../arm-none-eabi/lib/thumb/v6-m\libc_nano.a(lib_a-nano-mallocr.o)
                0x200007d4                __malloc_sbrk_start
 .bss.heap_end.4102
                0x200007d8        0x4 d:/documents/arduinodata/packages/arduino/tools/arm-none-eabi-gcc/7-2017q4/bin/../lib/gcc/arm-none-eabi/7.2.1/../../../../arm-none-eabi/lib/thumb/v6-m\libnosys.a(sbrk.o)
 *(COMMON)
 COMMON         0x200007dc        0x4 d:/documents/arduinodata/packages/arduino/tools/arm-none-eabi-gcc/7-2017q4/bin/../lib/gcc/arm-none-eabi/7.2.1/../../../../arm-none-eabi/lib/thumb/v6-m\libc_nano.a(lib_a-reent.o)
                0x200007dc                errno
                0x200007e0                . = ALIGN (0x4)
                0x200007e0                __bss_end__ = .

.heap           0x200007e0        0x0
                0x200007e0                __end__ = .
                0x200007e0                PROVIDE (end, .)
 *(.heap*)
                0x200007e0                __HeapLimit = .

.stack_dummy    0x200007e0        0x0
 *(.stack*)
                0x20008000                __StackTop = (ORIGIN (RAM) + LENGTH (RAM))
                0x20008000                __StackLimit = (__StackTop - SIZEOF (.stack_dummy))
                0x20008000                PROVIDE (__stack, __StackTop)
                0x20007fff                __ram_end__ = ((ORIGIN (RAM) + LENGTH (RAM)) - 0x1)
                0x00000001                ASSERT ((__StackLimit >= __HeapLimit), region RAM overflowed with stack)
OUTPUT(C:\Users\User\AppData\Local\Temp\arduino_build_389120/vending_machine.ino.elf elf32-littlearm)

.ARM.attributes
                0x00000000       0x28
 .ARM.attributes
                0x00000000       0x1e d:/documents/arduinodata/packages/arduino/tools/arm-none-eabi-gcc/7-2017q4/bin/../lib/gcc/arm-none-eabi/7.2.1/thumb/v6-m/crti.o
 .ARM.attributes
                0x0000001e       0x2c d:/documents/arduinodata/packages/arduino/tools/arm-none-eabi-gcc/7-2017q4/bin/../lib/gcc/arm-none-eabi/7.2.1/thumb/v6-m/crtbegin.o
 .ARM.attributes
                0x0000004a       0x32 C:\Users\User\AppData\Local\Temp\arduino_build_389120\sketch\vending_machine.ino.cpp.o
 .ARM.attributes
                0x0000007c       0x32 C:\Users\User\AppData\Local\Temp\arduino_build_389120\core\variant.cpp.o
 .ARM.attributes
                0x000000ae       0x32 C:\Users\User\AppData\Local\Temp\arduino_build_389120/core\core.a(cortex_handlers.c.o)
 .ARM.attributes
                0x000000e0       0x32 C:\Users\User\AppData\Local\Temp\arduino_build_389120/core\core.a(delay.c.o)
 .ARM.attributes
                0x00000112       0x32 C:\Users\User\AppData\Local\Temp\arduino_build_389120/core\core.a(hooks.c.o)
 .ARM.attributes
                0x00000144       0x32 C:\Users\User\AppData\Local\Temp\arduino_build_389120/core\core.a(startup.c.o)
 .ARM.attributes
                0x00000176       0x32 C:\Users\User\AppData\Local\Temp\arduino_build_389120/core\core.a(wiring.c.o)
 .ARM.attributes
                0x000001a8       0x32 C:\Users\User\AppData\Local\Temp\arduino_build_389120/core\core.a(wiring_analog.c.o)
 .ARM.attributes
                0x000001da       0x32 C:\Users\User\AppData\Local\Temp\arduino_build_389120/core\core.a(wiring_digital.c.o)
 .ARM.attributes
                0x0000020c       0x32 C:\Users\User\AppData\Local\Temp\arduino_build_389120/core\core.a(wiring_private.c.o)
 .ARM.attributes
                0x0000023e       0x32 C:\Users\User\AppData\Local\Temp\arduino_build_389120/core\core.a(Reset.cpp.o)
 .ARM.attributes
                0x00000270       0x32 C:\Users\User\AppData\Local\Temp\arduino_build_389120/core\core.a(SERCOM.cpp.o)
 .ARM.attributes
                0x000002a2       0x32 C:\Users\User\AppData\Local\Temp\arduino_build_389120/core\core.a(Uart.cpp.o)
 .ARM.attributes
                0x000002d4       0x32 C:\Users\User\AppData\Local\Temp\arduino_build_389120/core\core.a(abi.cpp.o)
 .ARM.attributes
                0x00000306       0x32 C:\Users\User\AppData\Local\Temp\arduino_build_389120/core\core.a(Print.cpp.o)
 .ARM.attributes
                0x00000338       0x32 C:\Users\User\AppData\Local\Temp\arduino_build_389120/core\core.a(main.cpp.o)
 .ARM.attributes
                0x0000036a       0x32 C:\Users\User\AppData\Local\Temp\arduino_build_389120/core\core.a(USBCore.cpp.o)
 .ARM.attributes
                0x0000039c       0x32 C:\Users\User\AppData\Local\Temp\arduino_build_389120/core\core.a(PluggableUSB.cpp.o)
 .ARM.attributes
                0x000003ce       0x32 C:\Users\User\AppData\Local\Temp\arduino_build_389120/core\core.a(new.cpp.o)
 .ARM.attributes
                0x00000400       0x32 C:\Users\User\AppData\Local\Temp\arduino_build_389120/core\core.a(CDC.cpp.o)
 .ARM.attributes
                0x00000432       0x1e d:/documents/arduinodata/packages/arduino/tools/arm-none-eabi-gcc/7-2017q4/bin/../lib/gcc/arm-none-eabi/7.2.1/thumb/v6-m\libgcc.a(_udivsi3.o)
 .ARM.attributes
                0x00000450       0x1e d:/documents/arduinodata/packages/arduino/tools/arm-none-eabi-gcc/7-2017q4/bin/../lib/gcc/arm-none-eabi/7.2.1/thumb/v6-m\libgcc.a(_dvmd_tls.o)
 .ARM.attributes
                0x0000046e       0x2c d:/documents/arduinodata/packages/arduino/tools/arm-none-eabi-gcc/7-2017q4/bin/../lib/gcc/arm-none-eabi/7.2.1/../../../../arm-none-eabi/lib/thumb/v6-m\libc_nano.a(lib_a-impure.o)
 .ARM.attributes
                0x0000049a       0x2c d:/documents/arduinodata/packages/arduino/tools/arm-none-eabi-gcc/7-2017q4/bin/../lib/gcc/arm-none-eabi/7.2.1/../../../../arm-none-eabi/lib/thumb/v6-m\libc_nano.a(lib_a-init.o)
 .ARM.attributes
                0x000004c6       0x2c d:/documents/arduinodata/packages/arduino/tools/arm-none-eabi-gcc/7-2017q4/bin/../lib/gcc/arm-none-eabi/7.2.1/../../../../arm-none-eabi/lib/thumb/v6-m\libc_nano.a(lib_a-malloc.o)
 .ARM.attributes
                0x000004f2       0x2c d:/documents/arduinodata/packages/arduino/tools/arm-none-eabi-gcc/7-2017q4/bin/../lib/gcc/arm-none-eabi/7.2.1/../../../../arm-none-eabi/lib/thumb/v6-m\libc_nano.a(lib_a-memcpy-stub.o)
 .ARM.attributes
                0x0000051e       0x2c d:/documents/arduinodata/packages/arduino/tools/arm-none-eabi-gcc/7-2017q4/bin/../lib/gcc/arm-none-eabi/7.2.1/../../../../arm-none-eabi/lib/thumb/v6-m\libc_nano.a(lib_a-memset.o)
 .ARM.attributes
                0x0000054a       0x2c d:/documents/arduinodata/packages/arduino/tools/arm-none-eabi-gcc/7-2017q4/bin/../lib/gcc/arm-none-eabi/7.2.1/../../../../arm-none-eabi/lib/thumb/v6-m\libc_nano.a(lib_a-nano-freer.o)
 .ARM.attributes
                0x00000576       0x2c d:/documents/arduinodata/packages/arduino/tools/arm-none-eabi-gcc/7-2017q4/bin/../lib/gcc/arm-none-eabi/7.2.1/../../../../arm-none-eabi/lib/thumb/v6-m\libc_nano.a(lib_a-nano-mallocr.o)
 .ARM.attributes
                0x000005a2       0x2c d:/documents/arduinodata/packages/arduino/tools/arm-none-eabi-gcc/7-2017q4/bin/../lib/gcc/arm-none-eabi/7.2.1/../../../../arm-none-eabi/lib/thumb/v6-m\libc_nano.a(lib_a-sbrkr.o)
 .ARM.attributes
                0x000005ce       0x1c d:/documents/arduinodata/packages/arduino/tools/arm-none-eabi-gcc/7-2017q4/bin/../lib/gcc/arm-none-eabi/7.2.1/../../../../arm-none-eabi/lib/thumb/v6-m\libc_nano.a(lib_a-strlen.o)
 .ARM.attributes
                0x000005ea       0x2c d:/documents/arduinodata/packages/arduino/tools/arm-none-eabi-gcc/7-2017q4/bin/../lib/gcc/arm-none-eabi/7.2.1/../../../../arm-none-eabi/lib/thumb/v6-m\libc_nano.a(lib_a-mlock.o)
 .ARM.attributes
                0x00000616       0x2c d:/documents/arduinodata/packages/arduino/tools/arm-none-eabi-gcc/7-2017q4/bin/../lib/gcc/arm-none-eabi/7.2.1/../../../../arm-none-eabi/lib/thumb/v6-m\libc_nano.a(lib_a-reent.o)
 .ARM.attributes
                0x00000642       0x2c d:/documents/arduinodata/packages/arduino/tools/arm-none-eabi-gcc/7-2017q4/bin/../lib/gcc/arm-none-eabi/7.2.1/../../../../arm-none-eabi/lib/thumb/v6-m\libnosys.a(sbrk.o)
 .ARM.attributes
                0x0000066e       0x2c d:/documents/arduinodata/packages/arduino/tools/arm-none-eabi-gcc/7-2017q4/bin/../lib/gcc/arm-none-eabi/7.2.1/thumb/v6-m/crtend.o
 .ARM.attributes
                0x0000069a       0x1e d:/documents/arduinodata/packages/arduino/tools/arm-none-eabi-gcc/7-2017q4/bin/../lib/gcc/arm-none-eabi/7.2.1/thumb/v6-m/crtn.o

.comment        0x00000000       0x7e
 .comment       0x00000000       0x7e C:\Users\User\AppData\Local\Temp\arduino_build_389120\sketch\vending_machine.ino.cpp.o
                                 0x7f (size before relaxing)
 .comment       0x0000007e       0x7f C:\Users\User\AppData\Local\Temp\arduino_build_389120\core\variant.cpp.o
 .comment       0x0000007e       0x7f C:\Users\User\AppData\Local\Temp\arduino_build_389120/core\core.a(cortex_handlers.c.o)
 .comment       0x0000007e       0x7f C:\Users\User\AppData\Local\Temp\arduino_build_389120/core\core.a(delay.c.o)
 .comment       0x0000007e       0x7f C:\Users\User\AppData\Local\Temp\arduino_build_389120/core\core.a(hooks.c.o)
 .comment       0x0000007e       0x7f C:\Users\User\AppData\Local\Temp\arduino_build_389120/core\core.a(startup.c.o)
 .comment       0x0000007e       0x7f C:\Users\User\AppData\Local\Temp\arduino_build_389120/core\core.a(wiring.c.o)
 .comment       0x0000007e       0x7f C:\Users\User\AppData\Local\Temp\arduino_build_389120/core\core.a(wiring_analog.c.o)
 .comment       0x0000007e       0x7f C:\Users\User\AppData\Local\Temp\arduino_build_389120/core\core.a(wiring_digital.c.o)
 .comment       0x0000007e       0x7f C:\Users\User\AppData\Local\Temp\arduino_build_389120/core\core.a(wiring_private.c.o)
 .comment       0x0000007e       0x7f C:\Users\User\AppData\Local\Temp\arduino_build_389120/core\core.a(Reset.cpp.o)
 .comment       0x0000007e       0x7f C:\Users\User\AppData\Local\Temp\arduino_build_389120/core\core.a(SERCOM.cpp.o)
 .comment       0x0000007e       0x7f C:\Users\User\AppData\Local\Temp\arduino_build_389120/core\core.a(Uart.cpp.o)
 .comment       0x0000007e       0x7f C:\Users\User\AppData\Local\Temp\arduino_build_389120/core\core.a(abi.cpp.o)
 .comment       0x0000007e       0x7f C:\Users\User\AppData\Local\Temp\arduino_build_389120/core\core.a(Print.cpp.o)
 .comment       0x0000007e       0x7f C:\Users\User\AppData\Local\Temp\arduino_build_389120/core\core.a(main.cpp.o)
 .comment       0x0000007e       0x7f C:\Users\User\AppData\Local\Temp\arduino_build_389120/core\core.a(USBCore.cpp.o)
 .comment       0x0000007e       0x7f C:\Users\User\AppData\Local\Temp\arduino_build_389120/core\core.a(PluggableUSB.cpp.o)
 .comment       0x0000007e       0x7f C:\Users\User\AppData\Local\Temp\arduino_build_389120/core\core.a(new.cpp.o)
 .comment       0x0000007e       0x7f C:\Users\User\AppData\Local\Temp\arduino_build_389120/core\core.a(CDC.cpp.o)

.debug_info     0x00000000    0x4c3b9
 .debug_info    0x00000000     0x4ce1 C:\Users\User\AppData\Local\Temp\arduino_build_389120\sketch\vending_machine.ino.cpp.o
 .debug_info    0x00004ce1     0x62d5 C:\Users\User\AppData\Local\Temp\arduino_build_389120\core\variant.cpp.o
 .debug_info    0x0000afb6     0x1105 C:\Users\User\AppData\Local\Temp\arduino_build_389120/core\core.a(cortex_handlers.c.o)
 .debug_info    0x0000c0bb     0x13d8 C:\Users\User\AppData\Local\Temp\arduino_build_389120/core\core.a(delay.c.o)
 .debug_info    0x0000d493       0x64 C:\Users\User\AppData\Local\Temp\arduino_build_389120/core\core.a(hooks.c.o)
 .debug_info    0x0000d4f7     0x351f C:\Users\User\AppData\Local\Temp\arduino_build_389120/core\core.a(startup.c.o)
 .debug_info    0x00010a16     0x2d25 C:\Users\User\AppData\Local\Temp\arduino_build_389120/core\core.a(wiring.c.o)
 .debug_info    0x0001373b     0x4eb6 C:\Users\User\AppData\Local\Temp\arduino_build_389120/core\core.a(wiring_analog.c.o)
 .debug_info    0x000185f1     0x18ba C:\Users\User\AppData\Local\Temp\arduino_build_389120/core\core.a(wiring_digital.c.o)
 .debug_info    0x00019eab     0x1821 C:\Users\User\AppData\Local\Temp\arduino_build_389120/core\core.a(wiring_private.c.o)
 .debug_info    0x0001b6cc     0x50c5 C:\Users\User\AppData\Local\Temp\arduino_build_389120/core\core.a(Reset.cpp.o)
 .debug_info    0x00020791     0x5c26 C:\Users\User\AppData\Local\Temp\arduino_build_389120/core\core.a(SERCOM.cpp.o)
 .debug_info    0x000263b7     0x7922 C:\Users\User\AppData\Local\Temp\arduino_build_389120/core\core.a(Uart.cpp.o)
 .debug_info    0x0002dcd9      0xe6d C:\Users\User\AppData\Local\Temp\arduino_build_389120/core\core.a(abi.cpp.o)
 .debug_info    0x0002eb46     0x3616 C:\Users\User\AppData\Local\Temp\arduino_build_389120/core\core.a(Print.cpp.o)
 .debug_info    0x0003215c     0x4a71 C:\Users\User\AppData\Local\Temp\arduino_build_389120/core\core.a(main.cpp.o)
 .debug_info    0x00036bcd     0xaeed C:\Users\User\AppData\Local\Temp\arduino_build_389120/core\core.a(USBCore.cpp.o)
 .debug_info    0x00041aba      0x5e4 C:\Users\User\AppData\Local\Temp\arduino_build_389120/core\core.a(PluggableUSB.cpp.o)
 .debug_info    0x0004209e      0xeef C:\Users\User\AppData\Local\Temp\arduino_build_389120/core\core.a(new.cpp.o)
 .debug_info    0x00042f8d     0x942c C:\Users\User\AppData\Local\Temp\arduino_build_389120/core\core.a(CDC.cpp.o)

.debug_abbrev   0x00000000     0x57ee
 .debug_abbrev  0x00000000      0x582 C:\Users\User\AppData\Local\Temp\arduino_build_389120\sketch\vending_machine.ino.cpp.o
 .debug_abbrev  0x00000582      0x4a1 C:\Users\User\AppData\Local\Temp\arduino_build_389120\core\variant.cpp.o