1… Elaps… Ti… Analysis (Stage 1) | 505 funcs, 9309 blocks | 4/4 IJs | 214.13 MB …
[timing]   _set_function_graph took 2.461944 milliseconds.
[timing]   _remove_alignment_blocks took 0.203836 milliseconds.
[timing]   _recover_calling_conventions took 56.407171 milliseconds.
[timing]   _convert_all took 97.536577 milliseconds.
[timing]   _make_ailgraph took 2.110001 milliseconds.
[timing]     SwitchDefaultCaseDuplicator took 0.028163 milliseconds.
[timing]     SwitchReusedEntryRewriter took 0.015249 milliseconds.
[timing]   _run_simplification_passes took 0.195765 milliseconds.
[timing]   _replace_single_target_indirect_transitions took 0.126982 milliseconds.
[timing]   _replace_tail_jumps_with_calls took 0.092068 milliseconds.
[timing]   _fix_special_call_calling_conventions took 0.050527 milliseconds.
[timing]   _run_simplification_passes took 0.099862 milliseconds.
[timing]   _make_argument_list took 0.034160 milliseconds.
[timing]   _create_function_argument_vvars took 0.012037 milliseconds.
[timing]   _transform_to_ssa_level0 took 55.093537 milliseconds.
[timing]       _compute_propagation took 196.852058 milliseconds.
[timing]     _simplify_function_once took 296.557832 milliseconds.
[timing]   _simplify_function took 296.573695 milliseconds.
[timing]   _track_stack_pointers took 51.138250 milliseconds.
[timing]   _simplify_blocks took 766.987703 milliseconds.
[timing]     RegisterSaveAreaSimplifier took 0.148985 milliseconds.
[timing]     ConstantDereferencesSimplifier took 1.990970 milliseconds.
[timing]       _find_const_conditions took 0.243095 milliseconds.
[timing]       _analyze took 19.984438 milliseconds.
[timing]     ConditionConstantPropagation took 20.538768 milliseconds.
[timing]   _run_simplification_passes took 22.856586 milliseconds.
[timing]       _compute_propagation took 22.793706 milliseconds.
[timing]         _remove_dead_assignments took 54.354142 milliseconds.
[timing]         _remove_dead_assignments took 21.912980 milliseconds.
[timing]         _remove_dead_assignments took 20.137505 milliseconds.
[timing]         _remove_dead_assignments took 19.426477 milliseconds.
[timing]       _iteratively_remove_dead_assignments took 119.220357 milliseconds.
[timing]         _remove_dead_assignments took 1.014001 milliseconds.
[timing]       _iteratively_remove_dead_assignments took 1.020013 milliseconds.
[timing]     _simplify_function_once took 320.828357 milliseconds.
[timing]       _compute_propagation took 10.059981 milliseconds.
[timing]         _remove_dead_assignments took 3.627839 milliseconds.
[timing]         _remove_dead_assignments took 18.123041 milliseconds.
[timing]       _iteratively_remove_dead_assignments took 23.330798 milliseconds.
[timing]         _remove_dead_assignments took 0.870500 milliseconds.
[timing]       _iteratively_remove_dead_assignments took 0.875988 milliseconds.
[timing]     _simplify_function_once took 59.971231 milliseconds.
[timing]       _compute_propagation took 7.344733 milliseconds.
[timing]         _remove_dead_assignments took 1.764324 milliseconds.
[timing]         _remove_dead_assignments took 17.806854 milliseconds.
[timing]       _iteratively_remove_dead_assignments took 19.988994 milliseconds.
[timing]         _remove_dead_assignments took 0.857168 milliseconds.
[timing]       _iteratively_remove_dead_assignments took 0.863863 milliseconds.
[timing]     _simplify_function_once took 48.455145 milliseconds.
[timing]       _compute_propagation took 6.620563 milliseconds.
[timing]         _remove_dead_assignments took 1.214898 milliseconds.
[timing]         _remove_dead_assignments took 17.584217 milliseconds.
[timing]       _iteratively_remove_dead_assignments took 18.932407 milliseconds.
[timing]         _remove_dead_assignments took 1.047237 milliseconds.
[timing]       _iteratively_remove_dead_assignments took 1.052526 milliseconds.
[timing]     _simplify_function_once took 45.019707 milliseconds.
[timing]       _compute_propagation took 6.631608 milliseconds.
[timing]         _remove_dead_assignments took 0.883367 milliseconds.
[timing]       _iteratively_remove_dead_assignments took 0.891158 milliseconds.
[timing]         _remove_dead_assignments took 0.844205 milliseconds.
[timing]       _iteratively_remove_dead_assignments took 0.848928 milliseconds.
[timing]     _simplify_function_once took 26.442772 milliseconds.
[timing]   _simplify_function took 500.754019 milliseconds.
[timing]   _simplify_blocks took 80.087169 milliseconds.
[timing]   _run_simplification_passes took 0.207066 milliseconds.
[timing]   _transform_to_ssa_level1 took 26.800828 milliseconds.
[timing]     RegisterSaveAreaSimplifierAdvanced took 11.187212 milliseconds.
[timing]   _run_simplification_passes took 11.392850 milliseconds.
[timing]   _make_callsites took 21.251160 milliseconds.
[timing]     CallStatementRewriter took 0.168079 milliseconds.
[timing]   _run_simplification_passes took 0.284720 milliseconds.
[timing]         _remove_dead_assignments took 14.156607 milliseconds.
[timing]         _remove_dead_assignments took 11.837950 milliseconds.
[timing]         _remove_dead_assignments took 9.967624 milliseconds.
[timing]         _remove_dead_assignments took 9.511775 milliseconds.
[timing]       _iteratively_remove_dead_assignments took 46.298949 milliseconds.
[timing]       _narrow_exprs took 3.202047 milliseconds.
[timing]       _compute_propagation took 6.454744 milliseconds.
[timing]         _remove_dead_assignments took 1.746376 milliseconds.
[timing]         _remove_dead_assignments took 7.049688 milliseconds.
[timing]       _iteratively_remove_dead_assignments took 9.208438 milliseconds.
[timing]         _remove_dead_assignments took 0.780149 milliseconds.
[timing]       _iteratively_remove_dead_assignments took 0.785647 milliseconds.
[timing]         _compute_equivalence took 0.875806 milliseconds.
[timing]       _unify_local_variables took 1.470552 milliseconds.
[timing]         _compute_equivalence took 0.428648 milliseconds.
[timing]       _fold_call_exprs took 0.478665 milliseconds.
[timing]         _remove_dead_assignments took 0.756565 milliseconds.
[timing]       _iteratively_remove_dead_assignments took 0.760775 milliseconds.
[timing]     _simplify_function_once took 80.074584 milliseconds.
[timing]       _compute_propagation took 5.500659 milliseconds.
[timing]         _remove_dead_assignments took 1.083261 milliseconds.
[timing]         _remove_dead_assignments took 6.777427 milliseconds.
[timing]       _iteratively_remove_dead_assignments took 8.052757 milliseconds.
[timing]         _remove_dead_assignments took 0.699410 milliseconds.
[timing]       _iteratively_remove_dead_assignments took 0.704016 milliseconds.
[timing]         _compute_equivalence took 0.554129 milliseconds.
[timing]       _unify_local_variables took 1.027194 milliseconds.
[timing]         _compute_equivalence took 0.412233 milliseconds.
[timing]       _fold_call_exprs took 0.455630 milliseconds.
[timing]         _remove_dead_assignments took 0.715435 milliseconds.
[timing]       _iteratively_remove_dead_assignments took 0.720980 milliseconds.
[timing]     _simplify_function_once took 24.205272 milliseconds.
[timing]       _compute_propagation took 5.427989 milliseconds.
[timing]         _remove_dead_assignments took 0.806969 milliseconds.
[timing]       _iteratively_remove_dead_assignments took 0.814041 milliseconds.
[timing]         _remove_dead_assignments took 0.713557 milliseconds.
[timing]       _iteratively_remove_dead_assignments took 0.718434 milliseconds.
[timing]         _compute_equivalence took 0.426935 milliseconds.
[timing]       _unify_local_variables took 0.887580 milliseconds.
[timing]         _compute_equivalence took 0.414060 milliseconds.
[timing]       _fold_call_exprs took 0.456045 milliseconds.
[timing]         _remove_dead_assignments took 0.692537 milliseconds.
[timing]       _iteratively_remove_dead_assignments took 0.696708 milliseconds.
[timing]     _simplify_function_once took 15.752458 milliseconds.
[timing]   _simplify_function took 120.046409 milliseconds.
[timing]   _simplify_blocks took 60.105553 milliseconds.
[timing]     BasePointerSaveSimplifier took 0.088123 milliseconds.
[timing]     RetAddrSaveSimplifier took 0.035409 milliseconds.
[timing]     ITERegionConverter took 3.853165 milliseconds.
[timing]     ReturnDuplicatorHigh took 44.228600 milliseconds.
[timing]     InlinedStringTransformationSimplifier took 0.203862 milliseconds.
[timing]     InlinedStrlenSimplifier took 0.272182 milliseconds.
[timing]     DetermineLoadSizes took 0.213480 milliseconds.
[timing]   _run_simplification_passes took 50.750328 milliseconds.
[timing]         _remove_dead_assignments took 7.563229 milliseconds.
[timing]       _iteratively_remove_dead_assignments took 7.570770 milliseconds.
[timing]       _narrow_exprs took 0.942345 milliseconds.
[timing]       _compute_propagation took 4.684155 milliseconds.
[timing]         _remove_dead_assignments took 0.784320 milliseconds.
[timing]       _iteratively_remove_dead_assignments took 0.789891 milliseconds.
[timing]         _remove_dead_assignments took 0.717926 milliseconds.
[timing]       _iteratively_remove_dead_assignments took 0.722504 milliseconds.
[timing]         _compute_equivalence took 0.418528 milliseconds.
[timing]       _unify_local_variables took 0.937362 milliseconds.
[timing]         _compute_equivalence took 0.407516 milliseconds.
[timing]       _fold_call_exprs took 0.443352 milliseconds.
[timing]         _remove_dead_assignments took 0.723431 milliseconds.
[timing]       _iteratively_remove_dead_assignments took 0.727217 milliseconds.
[timing]     _simplify_function_once took 17.630421 milliseconds.
[timing]   _simplify_function took 17.636504 milliseconds.
[timing]   _simplify_blocks took 58.252308 milliseconds.
[timing]         _remove_dead_assignments took 7.573548 milliseconds.
[timing]       _iteratively_remove_dead_assignments took 7.582332 milliseconds.
[timing]       _narrow_exprs took 0.869304 milliseconds.
[timing]       _compute_propagation took 4.906640 milliseconds.
[timing]         _remove_dead_assignments took 0.829126 milliseconds.
[timing]       _iteratively_remove_dead_assignments took 0.835072 milliseconds.
[timing]         _remove_dead_assignments took 0.704228 milliseconds.
[timing]       _iteratively_remove_dead_assignments took 0.708969 milliseconds.
[timing]         _compute_equivalence took 0.445934 milliseconds.
[timing]       _unify_local_variables took 0.950797 milliseconds.
[timing]         _compute_equivalence took 0.402914 milliseconds.
[timing]       _fold_call_exprs took 0.437515 milliseconds.
[timing]         _remove_dead_assignments took 0.728192 milliseconds.
[timing]       _iteratively_remove_dead_assignments took 0.732365 milliseconds.
[timing]     _simplify_function_once took 17.797919 milliseconds.
[timing]   _simplify_function took 17.803827 milliseconds.
[timing]     EagerStdStringConcatenationPass took 0.040808 milliseconds.
[timing]   _run_simplification_passes took 0.154985 milliseconds.
[timing]   _collect_dephi_vvar_mapping_and_rewrite_blocks took 50.235413 milliseconds.
[timing]   _recover_and_link_variables took 575.311219 milliseconds.
[timing]   _run_simplification_passes took 0.094117 milliseconds.
[timing]   _make_function_prototype took 0.017416 milliseconds.
[timing]   remove_empty_nodes took 0.026681 milliseconds.
[timing]     DeadblockRemover took 0.012752 milliseconds.
[timing]   _run_graph_simplification_passes took 0.123694 milliseconds.
[timing]     ITEExprConverter took 0.011606 milliseconds.
[timing]     LoweredSwitchSimplifier took 4.167314 milliseconds.
[timing]     ReturnDuplicatorLow took 178.324879 milliseconds.
[timing]     ReturnDeduplicator took 4.565781 milliseconds.
[timing]   _run_region_simplification_passes took 221.902733 milliseconds.
[timing]     ExprOpSwapper took 0.006232 milliseconds.
[timing]     FlipBooleanCmp took 0.327281 milliseconds.
[timing]     PostStructuringPeepholeOptimizationPass took 41.770604 milliseconds.
[timing]   _run_post_structuring_simplification_passes took 42.162606 milliseconds.
[timing] _decompile took 3.606532 seconds (3606.531953 milliseconds).
typedef struct struct_0 {
    char field_0;
    char padding_1[7];
    unsigned int field_8;
    unsigned int field_c;
} struct_0;

extern char RES0__INSTANCE0;
extern unsigned int __CURRENT_TIME;
extern char __DEBUG;
extern unsigned int __stack_chk_guard;
extern unsigned short g_450226;
extern unsigned short g_450228;
extern char g_45022a;
extern unsigned int g_45022c;
extern unsigned int g_450230;
extern char g_450234;
extern char g_450235;
extern char g_450238;
extern char g_450239;
extern char g_45023a;
extern char g_450248;
extern char g_450249;
extern char g_45024a;
extern unsigned int g_45024c;
extern unsigned int g_450250;
extern char g_450258;
extern char g_450259;
extern char g_45025a;
extern unsigned int g_45025c;
extern unsigned int g_450260;
extern char g_450268;
extern char g_450269;
extern char g_45026a;
extern unsigned int g_45026c;
extern unsigned int g_450270;
extern char g_450278;
extern char g_450279;
extern char g_45027a;
extern unsigned int g_45027c;
extern unsigned int g_450280;
extern unsigned short g_450288;
extern char g_45028f[4];
extern char g_450290[4];
extern char g_4502a7;
extern char g_4502a8;
extern char g_4502bf;
extern char g_4502c0;
extern char g_4502d7;
extern char g_4502d8;
extern char g_4502ef;
extern char g_4502f0;
extern char g_450307;
extern char g_450308;
extern unsigned short g_45031c;
extern char g_45031e;
extern char g_45031f;
extern char g_450320;
extern char g_450321;
extern char g_450322;
extern char g_450323;
extern char g_450324;
extern char g_450325;
extern char g_450326;
extern char g_450327;
extern char g_450328;
extern char g_450329;
extern char g_45032a;
extern char g_45032b;
extern char g_45032c;
extern char g_45032d;
extern char g_45032e;
extern char g_45032f;
extern char g_450330;
extern char g_450331;
extern unsigned short g_450332;
extern unsigned int g_450334;
extern unsigned int g_450338;
extern unsigned int g_450344;

void LAMP_body__(unsigned int a0)
{
    unsigned int v0;  // [bp-0x80]
    unsigned int v1;  // [bp-0x78]
    unsigned long long v2;  // [bp-0x74]
    unsigned int v3;  // [bp-0x6c]
    char v4;  // [bp-0x65]
    char v5;  // [bp-0x64]
    char v6;  // [bp-0x63]
    char v7;  // [bp-0x62]
    char v8;  // [bp-0x61]
    char v9;  // [bp-0x60]
    char v10;  // [bp-0x5f]
    char v11;  // [bp-0x5e]
    char v12;  // [bp-0x5d]
    char v13;  // [bp-0x5c]
    char v14;  // [bp-0x5b]
    char v15;  // [bp-0x5a]
    char v16;  // [bp-0x59]
    char v17;  // [bp-0x58]
    char v18;  // [bp-0x57]
    unsigned short v19;  // [bp-0x56]
    char v20;  // [bp-0x54], Other Possible Types: unsigned int
    unsigned int v21;  // [bp-0x50]
    unsigned int v22;  // [bp-0x4c]
    unsigned int v23;  // [bp-0x48]
    void* v24;  // [bp-0x44]
    void* v25;  // [bp-0x40]
    void* v26;  // [bp-0x3c]
    void* v27;  // [bp-0x38]
    void* v28;  // [bp-0x34]
    void* v29;  // [bp-0x30]
    void* v30;  // [sp-0x2c], Other Possible Types: unsigned int
    void* v31;  // [sp-0x28]
    void* v32;  // [sp-0x24], Other Possible Types: unsigned int
    void* v33;  // [sp-0x20]
    void* v34;  // [sp-0x1c], Other Possible Types: unsigned int
    void* v35;  // [sp-0x18]
    unsigned int v36;  // [bp-0x14]
    struct_0 *v37;  // s0
    struct_0 *v38;  // v0
    unsigned int v39;  // v0
    unsigned int v40;  // v0
    struct_0 *v41;  // s0
    unsigned int v42;  // v0
    unsigned int v43;  // v0
    unsigned int v44;  // v1
    unsigned int v45;  // v0
    struct_0 *v46;  // s0
    unsigned int v47;  // v0
    unsigned int v48;  // v0
    unsigned int v49;  // v1
    char v50;  // v0
    char v51;  // v0
    char v52;  // v0
    char v53;  // v0
    char v54;  // v0
    char v55;  // v0
    char v56;  // v0
    char v57;  // v0
    char v58;  // v0
    char v59;  // v0
    unsigned int v60;  // v1
    unsigned int v61;  // v1

    v0 = 268764 + vvar_219{r108|4b};
    v3 = a0;
    v36 = __stack_chk_guard;
    v22 = __CURRENT_TIME;
    v23 = g_450344;
    ::0x40b804::__time_sub(&v20, v22, v23, g_450334);
    g_450334 = v22;
    g_450338 = v23;
    if (__DEBUG)
    {
        for (v19 = 0; v19 < g_450332; v19 += 1)
        {
            *((short *)(250 + (char *)&RES0__INSTANCE0 + 2 * v19)) = *((short *)(260 + (char *)&RES0__INSTANCE0 + 2 * v19));
        }
    }
    for (v19 = 0; v19 < g_450288; v19 += 1)
    {
        *((char *)&(&RES0__INSTANCE0)[5 + 4 * v19] + 2) = (&RES0__INSTANCE0)[5 + 4 * v19];
        if ((char)(&RES0__INSTANCE0)[5 + 4 * v19])
        {
            v37 = &(&RES0__INSTANCE0)[4 + 4 * v19];
            v38 = &(&RES0__INSTANCE0)[4 + 4 * v19];
            ::0x40b734::__time_add(&v1, v38->field_8, v38->field_c, v20, v21);
            v39 = v2;
            v37->field_8 = v1;
            v37->field_c = v39;
        }
    }
    for (v19 = 0; v19 < g_45031c; v19 += 1)
    {
        if (!(*((char *)&(&RES0__INSTANCE0)[26 + 6 * v19] + 2) & 2))
            *((char *)&(&RES0__INSTANCE0)[26 + 6 * v19] + 1) = 0;
        *((char *)&(&RES0__INSTANCE0)[26 + 6 * v19] + 3) = 0;
        *((char *)&(&RES0__INSTANCE0)[27 + 6 * v19]) = 0;
        v24 = 0;
        v25 = 0;
        if (v24 == (&RES0__INSTANCE0)[28 + 6 * v19])
        {
            v26 = 0;
            v27 = 0;
            v40 = 0 < (&RES0__INSTANCE0)[29 + 6 * v19] - v27;
        }
        else
        {
            v28 = 0;
            v29 = 0;
            v40 = 0 < (&RES0__INSTANCE0)[28 + 6 * v19] - v28;
        }
        if (v40)
        {
            v41 = &(&RES0__INSTANCE0)[6 * v19];
            ::0x40b804::__time_sub(&v1, (&RES0__INSTANCE0)[28 + 6 * v19], (&RES0__INSTANCE0)[29 + 6 * v19], v20, v21);
            v42 = v2;
            *((unsigned int *)&v41[7].field_0) = v1;
            *((unsigned int *)&v41[7].padding_1[3]) = v42;
            v30 = 0;
            v31 = 0;
            if (v30 == (&RES0__INSTANCE0)[28 + 6 * v19])
            {
                v32 = 0;
                v33 = 0;
                v43 = (&RES0__INSTANCE0)[29 + 6 * v19] - v33 < 1;
            }
            else
            {
                v34 = 0;
                v35 = 0;
                v43 = (&RES0__INSTANCE0)[28 + 6 * v19] - v34 < 1;
            }
            if (v43)
            {
                v44 = v19;
                (&RES0__INSTANCE0)[28 + 6 * v44] = 0;
                (&RES0__INSTANCE0)[29 + 6 * v44] = 0;
                *((char *)&(&RES0__INSTANCE0)[26 + 6 * v19] + 3) = 1;
            }
        }
        v24 = 0;
        v25 = 0;
        if (v24 == (&RES0__INSTANCE0)[30 + 6 * v19])
        {
            v26 = 0;
            v27 = 0;
            v45 = 0 < (&RES0__INSTANCE0)[31 + 6 * v19] - v27;
        }
        else
        {
            v28 = 0;
            v29 = 0;
            v45 = 0 < (&RES0__INSTANCE0)[30 + 6 * v19] - v28;
        }
        if (v45)
        {
            v46 = &(&RES0__INSTANCE0)[6 * v19];
            ::0x40b804::__time_sub(&v1, (&RES0__INSTANCE0)[30 + 6 * v19], (&RES0__INSTANCE0)[31 + 6 * v19], v20, v21);
            v47 = v2;
            v46[7].field_8 = v1;
            v46[7].field_c = v47;
            v30 = 0;
            v31 = 0;
            if (v30 == (&RES0__INSTANCE0)[30 + 6 * v19])
            {
                v32 = 0;
                v33 = 0;
                v48 = (&RES0__INSTANCE0)[31 + 6 * v19] - v33 < 1;
            }
            else
            {
                v34 = 0;
                v35 = 0;
                v48 = (&RES0__INSTANCE0)[30 + 6 * v19] - v34 < 1;
            }
            if (v48)
            {
                v49 = v19;
                (&RES0__INSTANCE0)[30 + 6 * v49] = 0;
                (&RES0__INSTANCE0)[31 + 6 * v49] = 0;
                *((char *)&(&RES0__INSTANCE0)[27 + 6 * v19]) = 1;
            }
        }
    }
    if (g_450238)
    {
        if (!(g_45031f & 2))
            g_45031e = RES0__INSTANCE0;
        if (__DEBUG && !(g_450329 & 2))
            g_450328 = g_45031e;
    }
    else
    {
        if (__DEBUG && !(g_450329 & 2))
            g_450328 = RES0__INSTANCE0;
        if (!(g_45031f & 2))
            g_45031e = 0;
    }
    if (g_450248)
    {
        if (!(g_450321 & 2))
            g_450320 = g_45022a;
        if (__DEBUG && !(g_45032b & 2))
            g_45032a = g_450320;
    }
    else
    {
        if (__DEBUG && !(g_45032b & 2))
            g_45032a = g_45022a;
        if (!(g_450321 & 2))
            g_450320 = 0;
    }
    if (g_450258)
    {
        if (!(g_450323 & 2))
            g_450322 = g_45022c;
        if (__DEBUG && !(g_45032d & 2))
            g_45032c = g_450322;
    }
    else
    {
        if (__DEBUG && !(g_45032d & 2))
            g_45032c = g_45022c;
        if (!(g_450323 & 2))
            g_450322 = 0;
    }
    if (g_450268)
    {
        if (!(g_450325 & 2))
            g_450324 = g_450234;
        if (__DEBUG && !(g_45032f & 2))
            g_45032e = g_450324;
    }
    else
    {
        if (__DEBUG && !(g_45032f & 2))
            g_45032e = g_450234;
        if (!(g_450325 & 2))
            g_450324 = 0;
    }
    if (g_450278)
    {
        if (!(g_450327 & 2))
            g_450326 = RES0__INSTANCE0;
        if (__DEBUG && !(g_450331 & 2))
            g_450330 = g_450326;
    }
    else
    {
        if (__DEBUG && !(g_450331 & 2))
            g_450330 = RES0__INSTANCE0;
        if (!(g_450327 & 2))
            g_450326 = 0;
    }
    if (g_45031e && !(g_450239 & 2))
        g_450238 = 0;
    if (g_450320 && !(g_450249 & 2))
        g_450248 = 0;
    if (g_450322 && !(g_450259 & 2))
        g_450258 = 0;
    if (g_450324 && !(g_450269 & 2))
        g_450268 = 0;
    if (g_450326 && !(g_450279 & 2))
        g_450278 = 0;
    if (g_45031e)
    {
        if (!(g_450249 & 2))
            g_450248 = 1;
        g_45024c = 0;
        g_450250 = 0;
    }
    if (g_450320)
    {
        if (!(g_450259 & 2))
            g_450258 = 1;
        g_45025c = 0;
        g_450260 = 0;
    }
    if (g_450322)
    {
        if (!(g_450269 & 2))
            g_450268 = 1;
        g_45026c = 0;
        g_450270 = 0;
    }
    if (g_450324)
    {
        if (!(g_450279 & 2))
            g_450278 = 1;
        g_45027c = 0;
        g_450280 = 0;
    }
    if (g_450326)
    {
        if (!(g_450249 & 2))
            g_450248 = 1;
        g_45024c = 0;
        g_450250 = 0;
    }
    v4 = g_450238;
    if (v4 && !g_45023a)
        v50 = 1;
    else
        v50 = 0;
    v5 = v50;
    if (!v4 && g_45023a)
        v51 = 1;
    else
        v51 = 0;
    v6 = v51;
    if (v4 && !((char)g_450226 & 2))
        *((char *)&g_450226) = 1;
    if (v6 && !((char)g_450226 & 2))
        *((char *)&g_450226) = 0;
    if (v4)
        g_4502a8 = 1;
    if (v4)
        g_4502c0 = 1;
    if (v4)
        g_4502d8 = 1;
    v7 = g_450248;
    if (v7 && !g_45024a)
        v52 = 1;
    else
        v52 = 0;
    v8 = v52;
    if (!v7 && g_45024a)
        v53 = 1;
    else
        v53 = 0;
    v9 = v53;
    if (v7 && !((char)g_450228 & 2))
        *((char *)&g_450228) = 1;
    if (v9 && !((char)g_450228 & 2))
        *((char *)&g_450228) = 0;
    if (v7)
        g_450290[0] = 1;
    if (v7 && !((char)g_45022c & 2))
        *((char *)&g_45022c) = 1;
    if (v9 && !((char)g_45022c & 2))
        *((char *)&g_45022c) = 0;
    v10 = g_450258;
    if (v10 && !g_45025a)
        v54 = 1;
    else
        v54 = 0;
    v11 = v54;
    if (!v10 && g_45025a)
        v55 = 1;
    else
        v55 = 0;
    v12 = v55;
    if (v10)
        g_4502a8 = 1;
    if (v10)
        g_4502d8 = 1;
    if (v10 && !((char)g_450226 & 2))
        *((char *)&g_450226) = 1;
    if (v12 && !((char)g_450226 & 2))
        *((char *)&g_450226) = 0;
    v13 = g_450268;
    if (v13 && !g_45026a)
        v56 = 1;
    else
        v56 = 0;
    v14 = v56;
    if (!v13 && g_45026a)
        v57 = 1;
    else
        v57 = 0;
    v15 = v57;
    if (v13 && !((char)g_450230 & 2))
        *((char *)&g_450230) = 1;
    if (v15 && !((char)g_450230 & 2))
        *((char *)&g_450230) = 0;
    if (v13 && !((char)g_450230 & 2))
        *((char *)&g_450230) = 1;
    if (v15 && !((char)g_450230 & 2))
        *((char *)&g_450230) = 0;
    if (v13)
    {
        v30 = 25;
        v31 = 0;
        if (v30 == g_45026c)
        {
            v32 = 25;
            v33 = 0;
            if (!(g_450270 - v33 & 0x80000000))
                goto LABEL_417808;
        }
        else
        {
            v34 = 25;
            v35 = 0;
            if ((g_45026c - v34 & 0x80000000) != 0x80000000)
            {
LABEL_417808:
                if (!(g_450235 & 2))
                {
                    g_450234 = 1;
                    goto LABEL_417858;
                }
            }
        }
    }
    if (v15 && !(g_450235 & 2))
        g_450234 = 0;
LABEL_417858:
    v16 = g_450278;
    if (v16 && !g_45027a)
        v58 = 1;
    else
        v58 = 0;
    v17 = v58;
    if (!v16 && g_45027a)
        v59 = 1;
    else
        v59 = 0;
    v18 = v59;
    if (v16)
        g_4502f0 = 1;
    if (v16)
        g_4502c0 = 1;
    for (v19 = 0; v19 < g_45031c; v19 += 1)
    {
        if (*((char *)&(&RES0__INSTANCE0)[26 + 6 * v19] + 3))
        {
            v60 = v19;
            (&RES0__INSTANCE0)[28 + 6 * v60] = 0;
            (&RES0__INSTANCE0)[29 + 6 * v60] = 0;
            *((char *)&(&RES0__INSTANCE0)[26 + 6 * v19]) = 1;
        }
        if ((char)(&RES0__INSTANCE0)[27 + 6 * v19])
        {
            v61 = v19;
            (&RES0__INSTANCE0)[30 + 6 * v61] = 0;
            (&RES0__INSTANCE0)[31 + 6 * v61] = 0;
            *((char *)&(&RES0__INSTANCE0)[26 + 6 * v19]) = 0;
        }
        if (!(*((char *)&(&RES0__INSTANCE0)[26 + 6 * v19] + 2) & 2))
            *((char *)&(&RES0__INSTANCE0)[26 + 6 * v19] + 1) = *((char *)&(&RES0__INSTANCE0)[26 + 6 * v19] + 1) | (char)(&RES0__INSTANCE0)[26 + 6 * v19];
    }
    if ((char)g_450290)
    {
        if (!((char)g_450226 & 2))
            *((char *)&g_450226) = 0;
    }
    else
    {
        if ((char)g_45028f && !((char)g_450226 & 2))
            *((char *)&g_450226) = 1;
    }
    if (g_4502a8)
    {
        if (!((char)g_450228 & 2))
            *((char *)&g_450228) = 0;
    }
    else
    {
        if (g_4502a7 && !((char)g_450228 & 2))
            *((char *)&g_450228) = 1;
    }
    if (g_4502c0)
    {
        if (!((char)g_450230 & 2))
            *((char *)&g_450230) = 0;
    }
    else
    {
        if (g_4502bf && !((char)g_450230 & 2))
            *((char *)&g_450230) = 1;
    }
    if (g_4502d8)
    {
        if (!((char)g_45022c & 2))
            *((char *)&g_45022c) = 0;
    }
    else
    {
        if (g_4502d7 && !((char)g_45022c & 2))
            *((char *)&g_45022c) = 1;
    }
    if (g_4502f0)
    {
        if (!((char)g_450230 & 2))
            *((char *)&g_450230) = 0;
    }
    else
    {
        if (g_4502ef && !((char)g_450230 & 2))
            *((char *)&g_450230) = 1;
    }
    if (g_450308)
    {
        if (!(g_450235 & 2))
            g_450234 = 0;
    }
    else
    {
        if (g_450307 && !(g_450235 & 2))
            g_450234 = 1;
    }
    if (v36 == __stack_chk_guard)
        return;
    __stack_chk_fail(); /* do not return */
}

[CmpEQ(Load(addr=0x450348<32>, size=1, endness=Iend_LE), 0x0<8>), CmpNE((Conv(16I->s32I, vvar_1428{s-86|2b}) <s Conv(16I->32I, Load(addr=0x450332<32>, size=2, endness=Iend_LE))), 0x0<1>), CmpNE((Conv(16I->s32I, vvar_1460{s-86|2b}) <s Conv(16I->32I, Load(addr=0x450288<32>, size=2, endness=Iend_LE))), 0x0<1>), CmpEQ(Load(addr=((0x450224<32> + (Conv(16I->s32I, (vvar_1460{s-86|2b} + 0x1<16>)) * 0x10<32>)) + 0x4<32>), size=1, endness=Iend_LE), 0x0<8>), CmpNE((Conv(16I->s32I, vvar_1431{s-86|2b}) <s Conv(16I->32I, Load(addr=0x45031c<32>, size=2, endness=Iend_LE))), 0x0<1>), CmpNE((Load(addr=((0x450224<32> + (Conv(16I->s32I, vvar_1431{s-86|2b}) * 0x18<32>)) + 0x6a<32>), size=1, endness=Iend_LE) & 0x2<8>), 0x0<8>), CmpNE(vvar_1502{s-68|4b}, Load(addr=((0x450224<32> + (Conv(16I->s32I, vvar_1431{s-86|2b}) * 0x18<32>)) + 0x70<32>), size=4, endness=Iend_LE)), CmpEQ(vvar_46{r16|4b}, 0x0<32>), CmpNE(vvar_1509{s-44|4b}, Load(addr=((0x450224<32> + (Conv(16I->s32I, vvar_1431{s-86|2b}) * 0x18<32>)) + 0x70<32>), size=4, endness=Iend_LE)), CmpEQ(vvar_82{r16|4b}, 0x0<32>), CmpNE(vvar_1515{s-68|4b}, Load(addr=((0x450224<32> + (Conv(16I->s32I, vvar_1431{s-86|2b}) * 0x18<32>)) + 0x78<32>), size=4, endness=Iend_LE)), CmpEQ(vvar_66{r16|4b}, 0x0<32>), CmpNE(vvar_1522{s-44|4b}, Load(addr=((0x450224<32> + (Conv(16I->s32I, vvar_1431{s-86|2b}) * 0x18<32>)) + 0x78<32>), size=4, endness=Iend_LE)), CmpEQ(vvar_91{r16|4b}, 0x0<32>), CmpEQ(Load(addr=0x450238<32>, size=1, endness=Iend_LE), 0x0<8>), CmpNE((Load(addr=0x45031f<32>, size=1, endness=Iend_LE) & 0x2<8>), 0x0<8>), CmpEQ(Load(addr=0x450348<32>, size=1, endness=Iend_LE), 0x0<8>), CmpNE((Load(addr=0x450329<32>, size=1, endness=Iend_LE) & 0x2<8>), 0x0<8>), CmpEQ(Load(addr=0x450348<32>, size=1, endness=Iend_LE), 0x0<8>), CmpNE((Load(addr=0x450329<32>, size=1, endness=Iend_LE) & 0x2<8>), 0x0<8>), CmpNE((Load(addr=0x45031f<32>, size=1, endness=Iend_LE) & 0x2<8>), 0x0<8>), CmpEQ(Load(addr=0x450248<32>, size=1, endness=Iend_LE), 0x0<8>), CmpNE((Load(addr=0x450321<32>, size=1, endness=Iend_LE) & 0x2<8>), 0x0<8>), CmpEQ(Load(addr=0x450348<32>, size=1, endness=Iend_LE), 0x0<8>), CmpNE((Load(addr=0x45032b<32>, size=1, endness=Iend_LE) & 0x2<8>), 0x0<8>), CmpEQ(Load(addr=0x450348<32>, size=1, endness=Iend_LE), 0x0<8>), CmpNE((Load(addr=0x45032b<32>, size=1, endness=Iend_LE) & 0x2<8>), 0x0<8>), CmpNE((Load(addr=0x450321<32>, size=1, endness=Iend_LE) & 0x2<8>), 0x0<8>), CmpEQ(Load(addr=0x450258<32>, size=1, endness=Iend_LE), 0x0<8>), CmpNE((Load(addr=0x450323<32>, size=1, endness=Iend_LE) & 0x2<8>), 0x0<8>), CmpEQ(Load(addr=0x450348<32>, size=1, endness=Iend_LE), 0x0<8>), CmpNE((Load(addr=0x45032d<32>, size=1, endness=Iend_LE) & 0x2<8>), 0x0<8>), CmpEQ(Load(addr=0x450348<32>, size=1, endness=Iend_LE), 0x0<8>), CmpNE((Load(addr=0x45032d<32>, size=1, endness=Iend_LE) & 0x2<8>), 0x0<8>), CmpNE((Load(addr=0x450323<32>, size=1, endness=Iend_LE) & 0x2<8>), 0x0<8>), CmpEQ(Load(addr=0x450268<32>, size=1, endness=Iend_LE), 0x0<8>), CmpNE((Load(addr=0x450325<32>, size=1, endness=Iend_LE) & 0x2<8>), 0x0<8>), CmpEQ(Load(addr=0x450348<32>, size=1, endness=Iend_LE), 0x0<8>), CmpNE((Load(addr=0x45032f<32>, size=1, endness=Iend_LE) & 0x2<8>), 0x0<8>), CmpEQ(Load(addr=0x450348<32>, size=1, endness=Iend_LE), 0x0<8>), CmpNE((Load(addr=0x45032f<32>, size=1, endness=Iend_LE) & 0x2<8>), 0x0<8>), CmpNE((Load(addr=0x450325<32>, size=1, endness=Iend_LE) & 0x2<8>), 0x0<8>), CmpEQ(Load(addr=0x450278<32>, size=1, endness=Iend_LE), 0x0<8>), CmpNE((Load(addr=0x450327<32>, size=1, endness=Iend_LE) & 0x2<8>), 0x0<8>), CmpEQ(Load(addr=0x450348<32>, size=1, endness=Iend_LE), 0x0<8>), CmpNE((Load(addr=0x450331<32>, size=1, endness=Iend_LE) & 0x2<8>), 0x0<8>), CmpEQ(Load(addr=0x450348<32>, size=1, endness=Iend_LE), 0x0<8>), CmpNE((Load(addr=0x450331<32>, size=1, endness=Iend_LE) & 0x2<8>), 0x0<8>), CmpNE((Load(addr=0x450327<32>, size=1, endness=Iend_LE) & 0x2<8>), 0x0<8>), CmpEQ(Load(addr=0x45031e<32>, size=1, endness=Iend_LE), 0x0<8>), CmpNE((Load(addr=0x450239<32>, size=1, endness=Iend_LE) & 0x2<8>), 0x0<8>), CmpEQ(Load(addr=0x450320<32>, size=1, endness=Iend_LE), 0x0<8>), CmpNE((Load(addr=0x450249<32>, size=1, endness=Iend_LE) & 0x2<8>), 0x0<8>), CmpEQ(Load(addr=0x450322<32>, size=1, endness=Iend_LE), 0x0<8>), CmpNE((Load(addr=0x450259<32>, size=1, endness=Iend_LE) & 0x2<8>), 0x0<8>), CmpEQ(Load(addr=0x450324<32>, size=1, endness=Iend_LE), 0x0<8>), CmpNE((Load(addr=0x450269<32>, size=1, endness=Iend_LE) & 0x2<8>), 0x0<8>), CmpEQ(Load(addr=0x450326<32>, size=1, endness=Iend_LE), 0x0<8>), CmpNE((Load(addr=0x450279<32>, size=1, endness=Iend_LE) & 0x2<8>), 0x0<8>), CmpEQ(Load(addr=0x45031e<32>, size=1, endness=Iend_LE), 0x0<8>), CmpNE((Load(addr=0x450249<32>, size=1, endness=Iend_LE) & 0x2<8>), 0x0<8>), CmpEQ(Load(addr=0x450320<32>, size=1, endness=Iend_LE), 0x0<8>), CmpNE((Load(addr=0x450259<32>, size=1, endness=Iend_LE) & 0x2<8>), 0x0<8>), CmpEQ(Load(addr=0x450322<32>, size=1, endness=Iend_LE), 0x0<8>), CmpNE((Load(addr=0x450269<32>, size=1, endness=Iend_LE) & 0x2<8>), 0x0<8>), CmpEQ(Load(addr=0x450324<32>, size=1, endness=Iend_LE), 0x0<8>), CmpNE((Load(addr=0x450279<32>, size=1, endness=Iend_LE) & 0x2<8>), 0x0<8>), CmpEQ(Load(addr=0x450326<32>, size=1, endness=Iend_LE), 0x0<8>), CmpNE((Load(addr=0x450249<32>, size=1, endness=Iend_LE) & 0x2<8>), 0x0<8>), CmpEQ(vvar_1529{s-101|1b}, 0x0<8>), CmpNE(Load(addr=0x45023a<32>, size=1, endness=Iend_LE), 0x0<8>), CmpNE(vvar_1529{s-101|1b}, 0x0<8>), CmpEQ(Load(addr=0x45023a<32>, size=1, endness=Iend_LE), 0x0<8>), CmpEQ(vvar_1529{s-101|1b}, 0x0<8>), CmpNE((Load(addr=0x450227<32>, size=1, endness=Iend_LE) & 0x2<8>), 0x0<8>), CmpEQ(vvar_1531{s-99|1b}, 0x0<8>), CmpNE((Load(addr=0x450227<32>, size=1, endness=Iend_LE) & 0x2<8>), 0x0<8>), CmpEQ(vvar_1529{s-101|1b}, 0x0<8>), CmpEQ(vvar_1529{s-101|1b}, 0x0<8>), CmpEQ(vvar_1529{s-101|1b}, 0x0<8>), CmpEQ(vvar_1532{s-98|1b}, 0x0<8>), CmpNE(Load(addr=0x45024a<32>, size=1, endness=Iend_LE), 0x0<8>), CmpNE(vvar_1532{s-98|1b}, 0x0<8>), CmpEQ(Load(addr=0x45024a<32>, size=1, endness=Iend_LE), 0x0<8>), CmpEQ(vvar_1532{s-98|1b}, 0x0<8>), CmpNE((Load(addr=0x450229<32>, size=1, endness=Iend_LE) & 0x2<8>), 0x0<8>), CmpEQ(vvar_1534{s-96|1b}, 0x0<8>), CmpNE((Load(addr=0x450229<32>, size=1, endness=Iend_LE) & 0x2<8>), 0x0<8>), CmpEQ(vvar_1532{s-98|1b}, 0x0<8>), CmpEQ(vvar_1532{s-98|1b}, 0x0<8>), CmpNE((Load(addr=0x45022f<32>, size=1, endness=Iend_LE) & 0x2<8>), 0x0<8>), CmpEQ(vvar_1534{s-96|1b}, 0x0<8>), CmpNE((Load(addr=0x45022f<32>, size=1, endness=Iend_LE) & 0x2<8>), 0x0<8>), CmpEQ(vvar_1535{s-95|1b}, 0x0<8>), CmpNE(Load(addr=0x45025a<32>, size=1, endness=Iend_LE), 0x0<8>), CmpNE(vvar_1535{s-95|1b}, 0x0<8>), CmpEQ(Load(addr=0x45025a<32>, size=1, endness=Iend_LE), 0x0<8>), CmpEQ(vvar_1535{s-95|1b}, 0x0<8>), CmpEQ(vvar_1535{s-95|1b}, 0x0<8>), CmpEQ(vvar_1535{s-95|1b}, 0x0<8>), CmpNE((Load(addr=0x450227<32>, size=1, endness=Iend_LE) & 0x2<8>), 0x0<8>), CmpEQ(vvar_1537{s-93|1b}, 0x0<8>), CmpNE((Load(addr=0x450227<32>, size=1, endness=Iend_LE) & 0x2<8>), 0x0<8>), CmpEQ(vvar_1538{s-92|1b}, 0x0<8>), CmpNE(Load(addr=0x45026a<32>, size=1, endness=Iend_LE), 0x0<8>), CmpNE(vvar_1538{s-92|1b}, 0x0<8>), CmpEQ(Load(addr=0x45026a<32>, size=1, endness=Iend_LE), 0x0<8>), CmpEQ(vvar_1538{s-92|1b}, 0x0<8>), CmpNE((Load(addr=0x450233<32>, size=1, endness=Iend_LE) & 0x2<8>), 0x0<8>), CmpEQ(vvar_1540{s-90|1b}, 0x0<8>), CmpNE((Load(addr=0x450233<32>, size=1, endness=Iend_LE) & 0x2<8>), 0x0<8>), CmpEQ(vvar_1538{s-92|1b}, 0x0<8>), CmpNE((Load(addr=0x450231<32>, size=1, endness=Iend_LE) & 0x2<8>), 0x0<8>), CmpEQ(vvar_1540{s-90|1b}, 0x0<8>), CmpNE((Load(addr=0x450231<32>, size=1, endness=Iend_LE) & 0x2<8>), 0x0<8>), CmpEQ(vvar_1538{s-92|1b}, 0x0<8>), CmpNE(vvar_1541{s-44|4b}, Load(addr=0x45026c<32>, size=4, endness=Iend_LE)), CmpEQ(((Load(addr=0x450270<32>, size=4, endness=Iend_LE) - vvar_1544{s-32|4b}) & 0x80000000<32>), 0x0<32>), CmpEQ(((Load(addr=0x45026c<32>, size=4, endness=Iend_LE) - vvar_1545{s-28|4b}) & 0x80000000<32>), 0x80000000<32>), CmpNE((Load(addr=0x450235<32>, size=1, endness=Iend_LE) & 0x2<8>), 0x0<8>), CmpEQ(vvar_1540{s-90|1b}, 0x0<8>), CmpNE((Load(addr=0x450235<32>, size=1, endness=Iend_LE) & 0x2<8>), 0x0<8>), CmpEQ(vvar_1547{s-89|1b}, 0x0<8>), CmpNE(Load(addr=0x45027a<32>, size=1, endness=Iend_LE), 0x0<8>), CmpNE(vvar_1547{s-89|1b}, 0x0<8>), CmpEQ(Load(addr=0x45027a<32>, size=1, endness=Iend_LE), 0x0<8>), CmpEQ(vvar_1547{s-89|1b}, 0x0<8>), CmpEQ(vvar_1547{s-89|1b}, 0x0<8>), CmpNE((Conv(16I->s32I, vvar_1457{s-86|2b}) <s Conv(16I->32I, Load(addr=0x45031c<32>, size=2, endness=Iend_LE))), 0x0<1>), CmpEQ(Load(addr=((0x450224<32> + (Conv(16I->s32I, vvar_1457{s-86|2b}) * 0x18<32>)) + 0x6b<32>), size=1, endness=Iend_LE), 0x0<8>), CmpEQ(Load(addr=((0x450224<32> + (Conv(16I->s32I, vvar_1457{s-86|2b}) * 0x18<32>)) + 0x6c<32>), size=1, endness=Iend_LE), 0x0<8>), CmpNE((Load(addr=((0x450224<32> + (Conv(16I->s32I, vvar_1457{s-86|2b}) * 0x18<32>)) + 0x6a<32>), size=1, endness=Iend_LE) & 0x2<8>), 0x0<8>), CmpEQ(Load(addr=0x450290<32>, size=1, endness=Iend_LE), 0x0<8>), CmpNE((Load(addr=0x450227<32>, size=1, endness=Iend_LE) & 0x2<8>), 0x0<8>), CmpEQ(Load(addr=0x45028f<32>, size=1, endness=Iend_LE), 0x0<8>), CmpNE((Load(addr=0x450227<32>, size=1, endness=Iend_LE) & 0x2<8>), 0x0<8>), CmpEQ(Load(addr=0x4502a8<32>, size=1, endness=Iend_LE), 0x0<8>), CmpNE((Load(addr=0x450229<32>, size=1, endness=Iend_LE) & 0x2<8>), 0x0<8>), CmpEQ(Load(addr=0x4502a7<32>, size=1, endness=Iend_LE), 0x0<8>), CmpNE((Load(addr=0x450229<32>, size=1, endness=Iend_LE) & 0x2<8>), 0x0<8>), CmpEQ(Load(addr=0x4502c0<32>, size=1, endness=Iend_LE), 0x0<8>), CmpNE((Load(addr=0x450231<32>, size=1, endness=Iend_LE) & 0x2<8>), 0x0<8>), CmpEQ(Load(addr=0x4502bf<32>, size=1, endness=Iend_LE), 0x0<8>), CmpNE((Load(addr=0x450231<32>, size=1, endness=Iend_LE) & 0x2<8>), 0x0<8>), CmpEQ(Load(addr=0x4502d8<32>, size=1, endness=Iend_LE), 0x0<8>), CmpNE((Load(addr=0x45022f<32>, size=1, endness=Iend_LE) & 0x2<8>), 0x0<8>), CmpEQ(Load(addr=0x4502d7<32>, size=1, endness=Iend_LE), 0x0<8>), CmpNE((Load(addr=0x45022f<32>, size=1, endness=Iend_LE) & 0x2<8>), 0x0<8>), CmpEQ(Load(addr=0x4502f0<32>, size=1, endness=Iend_LE), 0x0<8>), CmpNE((Load(addr=0x450233<32>, size=1, endness=Iend_LE) & 0x2<8>), 0x0<8>), CmpEQ(Load(addr=0x4502ef<32>, size=1, endness=Iend_LE), 0x0<8>), CmpNE((Load(addr=0x450233<32>, size=1, endness=Iend_LE) & 0x2<8>), 0x0<8>), CmpEQ(Load(addr=0x450308<32>, size=1, endness=Iend_LE), 0x0<8>), CmpNE((Load(addr=0x450235<32>, size=1, endness=Iend_LE) & 0x2<8>), 0x0<8>), CmpEQ(Load(addr=0x450307<32>, size=1, endness=Iend_LE), 0x0<8>), CmpNE((Load(addr=0x450235<32>, size=1, endness=Iend_LE) & 0x2<8>), 0x0<8>), CmpEQ(vvar_1491{s-20|4b}, Load(addr=0x500090<32>, size=4, endness=Iend_LE))]
defaultdict(<class 'list'>,
            {<Global 0x45024c:4 bytes>: [('write', 4289096),
                                         ('write', 4289352)],
             <Global 0x450232:1 bytes>: [('write', 4290316),
                                         ('write', 4290356),
                                         ('write', 4291716),
                                         ('write', 4291772)],
             <Global 0x45022e:1 bytes>: [('write', 4289884),
                                         ('write', 4289924),
                                         ('write', 4291616),
                                         ('write', 4291672)],
             <Global 0x450229:1 bytes>: [('read', 4289764),
                                         ('read', 4289808),
                                         ('read', 4291408),
                                         ('read', 4291460)],
             <Global 0x450235:1 bytes>: [('read', 4290584),
                                         ('read', 4290636),
                                         ('read', 4291808),
                                         ('read', 4291860)],
             <Global 0x4502a8:1 bytes>: [('write', 4289576),
                                         ('write', 4290056),
                                         ('read', 4291388)],
             <Global 0x4502f0:1 bytes>: [('write', 4290776), ('read', 4291688)],
             <Global 0x45026a:1 bytes>: [('read', 4290204), ('read', 4290252)],
             <Global 0x450230:1 bytes>: [('write', 4290400),
                                         ('write', 4290440),
                                         ('write', 4291516),
                                         ('write', 4291572)],
             <Global 0x45028f:1 bytes>: [('read', 4291340)],
             <Global 0x450228:1 bytes>: [('write', 4289776),
                                         ('write', 4289816),
                                         ('write', 4291416),
                                         ('write', 4291472)],
             <Global 0x45022f:1 bytes>: [('read', 4289872),
                                         ('read', 4289916),
                                         ('read', 4291608),
                                         ('read', 4291660)],
             <Global 0x450290:1 bytes>: [('write', 4289840), ('read', 4291288)],
             <Global 0x450227:1 bytes>: [('read', 4289500),
                                         ('read', 4289544),
                                         ('read', 4290112),
                                         ('read', 4290156),
                                         ('read', 4291308),
                                         ('read', 4291360)],
             <Global 0x4502bf:1 bytes>: [('read', 4291540)],
             <Global 0x450270:4 bytes>: [('write', 4289232), ('read', 4290520)],
             <Global 0x4502a7:1 bytes>: [('read', 4291440)],
             <Global 0x450231:1 bytes>: [('read', 4290388),
                                         ('read', 4290432),
                                         ('read', 4291508),
                                         ('read', 4291560)],
             <Global 0x500090:4 bytes>: [('read', 4291900), ('read', 4291900)],
             <Global 0x450226:1 bytes>: [('write', 4289512),
                                         ('write', 4289552),
                                         ('write', 4290124),
                                         ('write', 4290164),
                                         ('write', 4291316),
                                         ('write', 4291372)],
             <Global 0x450233:1 bytes>: [('read', 4290304),
                                         ('read', 4290348),
                                         ('read', 4291708),
                                         ('read', 4291760)],
             <Global 0x450324:1 bytes>: [('write', 4288488),
                                         ('write', 4288628)],
             <Global 0x450320:1 bytes>: [('write', 4288104),
                                         ('write', 4288244)],
             <Global 0x4502c0:1 bytes>: [('write', 4289600),
                                         ('write', 4290800),
                                         ('read', 4291488)],
             <Global 0x450307:1 bytes>: [('read', 4291840)],
             <Global 0x45031c:2 bytes>: [('read', 4287860), ('read', 4291272)],
             <Global 0x450249:1 bytes>: [('read', 4288900),
                                         ('read', 4289076),
                                         ('read', 4289332)],
             <Global 0x450268:1 bytes>: [('read', 4288452),
                                         ('write', 4288996),
                                         ('write', 4289216),
                                         ('read', 4290188),
                                         ('read', 4290236),
                                         ('read', 4290284),
                                         ('read', 4290368),
                                         ('read', 4290452)],
             <Global 0x450332:2 bytes>: [('read', 4286264)],
             <Global 0x450248:1 bytes>: [('read', 4288068),
                                         ('write', 4288908),
                                         ('write', 4289088),
                                         ('write', 4289344),
                                         ('read', 4289648),
                                         ('read', 4289696),
                                         ('read', 4289744),
                                         ('read', 4289828),
                                         ('read', 4289852)],
             <Global 0x450334:4 bytes>: [('write', 4286140)],
             <Global 0x450321:1 bytes>: [('read', 4288088), ('read', 4288236)],
             <Global 0x45032f:1 bytes>: [('read', 4288524), ('read', 4288584)],
             <Global 0x450288:2 bytes>: [('read', 4286504)],
             <Global 0x450338:4 bytes>: [('write', 4286144)],
             <Global 0x450348:1 bytes>: [('read', 4286160),
                                         ('read', 4287928),
                                         ('read', 4287988),
                                         ('read', 4288120),
                                         ('read', 4288180),
                                         ('read', 4288312),
                                         ('read', 4288372),
                                         ('read', 4288504),
                                         ('read', 4288564),
                                         ('read', 4288696),
                                         ('read', 4288756)],
             <Global 0x45032a:1 bytes>: [('write', 4288156),
                                         ('write', 4288216)],
             <Global 0x45025a:1 bytes>: [('read', 4289964), ('read', 4290012)],
             <Global 0x45022a:1 bytes>: [('read', 4288880), ('read', 4289120)],
             <Global 0x450258:1 bytes>: [('read', 4288260),
                                         ('write', 4288952),
                                         ('write', 4289152),
                                         ('read', 4289948),
                                         ('read', 4289996),
                                         ('read', 4290044),
                                         ('read', 4290068),
                                         ('read', 4290092)],
             <Global 0x450328:1 bytes>: [('write', 4287964),
                                         ('write', 4288024)],
             <Global 0x45032b:1 bytes>: [('read', 4288140), ('read', 4288200)],
             <Global 0x450325:1 bytes>: [('read', 4288472), ('read', 4288620)],
             <Global 0x450238:1 bytes>: [('read', 4287876),
                                         ('write', 4288864),
                                         ('read', 4289384),
                                         ('read', 4289432),
                                         ('read', 4289480),
                                         ('read', 4289564),
                                         ('read', 4289588),
                                         ('read', 4289612)],
             <Global 0x450278:1 bytes>: [('read', 4288644),
                                         ('write', 4289040),
                                         ('write', 4289280),
                                         ('read', 4290668),
                                         ('read', 4290716),
                                         ('read', 4290764),
                                         ('read', 4290788)],
             <Global 0x450234:1 bytes>: [('read', 4288968),
                                         ('read', 4289248),
                                         ('write', 4290596),
                                         ('write', 4290644),
                                         ('write', 4291816),
                                         ('write', 4291872)],
             <Global 0x450331:1 bytes>: [('read', 4288716), ('read', 4288776)],
             <Global 0x450329:1 bytes>: [('read', 4287948), ('read', 4288008)],
             <Global 0x45024a:1 bytes>: [('read', 4289664), ('read', 4289712)],
             <Global 0x45022c:1 bytes>: [('read', 4288924), ('read', 4289184)],
             <Global 0x450322:1 bytes>: [('write', 4288296),
                                         ('write', 4288436)],
             <Global 0x450326:1 bytes>: [('write', 4288680),
                                         ('write', 4288820)],
             <Global 0x45031e:1 bytes>: [('write', 4287912),
                                         ('write', 4288052)],
             <Global 0x450308:1 bytes>: [('read', 4291788)],
             <Global 0x450330:1 bytes>: [('write', 4288732),
                                         ('write', 4288792)],
             <Global 0x450224:1 bytes>: [('read', 4288836),
                                         ('read', 4289012),
                                         ('read', 4289056),
                                         ('read', 4289312)],
             <Global 0x45031f:1 bytes>: [('read', 4287896), ('read', 4288044)],
             <Global 0x4502d8:1 bytes>: [('write', 4289624),
                                         ('write', 4290080),
                                         ('read', 4291588)],
             <Global 0x450269:1 bytes>: [('read', 4288988), ('read', 4289204)],
             <Global 0x450259:1 bytes>: [('read', 4288944), ('read', 4289140)],
             <Global 0x45032d:1 bytes>: [('read', 4288332), ('read', 4288392)],
             <Global 0x450280:4 bytes>: [('write', 4289296)],
             <Global 0x450323:1 bytes>: [('read', 4288280), ('read', 4288428)],
             <Global 0x450279:1 bytes>: [('read', 4289032), ('read', 4289268)],
             <Global 0x45032c:1 bytes>: [('write', 4288348),
                                         ('write', 4288408)],
             <Global 0x450327:1 bytes>: [('read', 4288664), ('read', 4288812)],
             <Global 0x4502ef:1 bytes>: [('read', 4291740)],
             <Global 0x450239:1 bytes>: [('read', 4288856)],
             <Global 0x45027c:4 bytes>: [('write', 4289288)],
             <Global 0x45032e:1 bytes>: [('write', 4288540),
                                         ('write', 4288600)],
             <Global 0x45026c:4 bytes>: [('write', 4289224),
                                         ('read', 4290484),
                                         ('read', 4290564)],
             <Global 0x45023a:1 bytes>: [('read', 4289400), ('read', 4289448)],
             <Global 0x450260:4 bytes>: [('write', 4289168)],
             <Global 0x45027a:1 bytes>: [('read', 4290684), ('read', 4290732)],
             <Global 0x4502d7:1 bytes>: [('read', 4291640)],
             <Global 0x45025c:4 bytes>: [('write', 4289160)],
             <Global 0x450250:4 bytes>: [('write', 4289104),
                                         ('write', 4289360)]})
----------------------------------------
State variable candidate <Global 0x450238:1 bytes>,  offset = 0x14
State variable candidate <Global 0x450248:1 bytes>,  offset = 0x24
State variable candidate <Global 0x450258:1 bytes>,  offset = 0x34
State variable candidate <Global 0x450268:1 bytes>,  offset = 0x44
State variable candidate <Global 0x450278:1 bytes>,  offset = 0x54
State variable candidate <Global 0x450234:1 bytes>,  offset = 0x10
