1… Elaps… Ti… Analysis (Stage 1) | 513 funcs, 9398 blocks | 0/88 IJs | 189.47 MB…
[timing]   _set_function_graph took 2.110691 milliseconds.
[timing]   _remove_alignment_blocks took 0.214758 milliseconds.
[timing]   _recover_calling_conventions took 89.420146 milliseconds.
[timing]   _convert_all took 223.545174 milliseconds.
[timing]   _make_ailgraph took 2.130114 milliseconds.
[timing]     SwitchDefaultCaseDuplicator took 0.027004 milliseconds.
[timing]     SwitchReusedEntryRewriter took 0.014088 milliseconds.
[timing]   _run_simplification_passes took 0.225598 milliseconds.
[timing]   _replace_single_target_indirect_transitions took 0.101965 milliseconds.
[timing]   _replace_tail_jumps_with_calls took 0.108560 milliseconds.
[timing]   _fix_special_call_calling_conventions took 0.050813 milliseconds.
[timing]   _make_returns took 0.000708 milliseconds.
[timing]   _run_simplification_passes took 0.086043 milliseconds.
[timing]   _make_argument_list took 0.000746 milliseconds.
[timing]   _create_function_argument_vvars took 0.000581 milliseconds.
[timing]   _transform_to_ssa_level0 took 78.613950 milliseconds.
[timing]       _compute_propagation took 185.022851 milliseconds.
[timing]     _simplify_function_once took 280.193313 milliseconds.
[timing]   _simplify_function took 280.211777 milliseconds.
[timing]   _track_stack_pointers took 29.215163 milliseconds.
[timing]   _simplify_blocks took 956.756117 milliseconds.
[timing]     RegisterSaveAreaSimplifier took 0.207855 milliseconds.
[timing]     ConstantDereferencesSimplifier took 2.682206 milliseconds.
[timing]       _find_const_conditions took 0.173753 milliseconds.
[timing]     ConditionConstantPropagation took 0.186849 milliseconds.
[timing]   _run_simplification_passes took 3.239803 milliseconds.
[timing]       _compute_propagation took 30.176111 milliseconds.
[timing]         _remove_dead_assignments took 105.883450 milliseconds.
[timing]         _remove_dead_assignments took 34.261654 milliseconds.
[timing]         _remove_dead_assignments took 33.811704 milliseconds.
[timing]         _remove_dead_assignments took 32.224804 milliseconds.
[timing]       _iteratively_remove_dead_assignments took 209.896133 milliseconds.
[timing]         _remove_dead_assignments took 1.402012 milliseconds.
[timing]       _iteratively_remove_dead_assignments took 1.408365 milliseconds.
[timing]     _simplify_function_once took 399.518348 milliseconds.
[timing]       _compute_propagation took 12.581837 milliseconds.
[timing]         _remove_dead_assignments took 4.204531 milliseconds.
[timing]         _remove_dead_assignments took 29.811479 milliseconds.
[timing]       _iteratively_remove_dead_assignments took 36.314281 milliseconds.
[timing]         _remove_dead_assignments took 1.200689 milliseconds.
[timing]       _iteratively_remove_dead_assignments took 1.205699 milliseconds.
[timing]     _simplify_function_once took 92.881193 milliseconds.
[timing]       _compute_propagation took 8.992714 milliseconds.
[timing]         _remove_dead_assignments took 2.214043 milliseconds.
[timing]         _remove_dead_assignments took 28.194089 milliseconds.
[timing]       _iteratively_remove_dead_assignments took 31.595047 milliseconds.
[timing]         _remove_dead_assignments took 1.090132 milliseconds.
[timing]       _iteratively_remove_dead_assignments took 1.096403 milliseconds.
[timing]     _simplify_function_once took 76.451382 milliseconds.
[timing]       _compute_propagation took 7.143890 milliseconds.
[timing]         _remove_dead_assignments took 1.317215 milliseconds.
[timing]         _remove_dead_assignments took 28.422897 milliseconds.
[timing]       _iteratively_remove_dead_assignments took 29.910496 milliseconds.
[timing]         _remove_dead_assignments took 1.096488 milliseconds.
[timing]       _iteratively_remove_dead_assignments took 1.101571 milliseconds.
[timing]     _simplify_function_once took 67.541410 milliseconds.
[timing]       _compute_propagation took 7.138572 milliseconds.
[timing]         _remove_dead_assignments took 1.216624 milliseconds.
[timing]       _iteratively_remove_dead_assignments took 1.224725 milliseconds.
[timing]         _remove_dead_assignments took 1.099421 milliseconds.
[timing]       _iteratively_remove_dead_assignments took 1.104276 milliseconds.
[timing]     _simplify_function_once took 37.917567 milliseconds.
[timing]   _simplify_function took 674.337540 milliseconds.
[timing]   _simplify_blocks took 119.954473 milliseconds.
[timing]   _run_simplification_passes took 0.218704 milliseconds.
[timing]   _transform_to_ssa_level1 took 28.627879 milliseconds.
[timing]     RegisterSaveAreaSimplifierAdvanced took 15.994806 milliseconds.
[timing]   _run_simplification_passes took 16.197026 milliseconds.
[timing]   _make_callsites took 26.424790 milliseconds.
[timing]     CallStatementRewriter took 0.211572 milliseconds.
[timing]   _run_simplification_passes took 0.317593 milliseconds.
[timing]         _remove_dead_assignments took 19.380858 milliseconds.
[timing]         _remove_dead_assignments took 11.637859 milliseconds.
[timing]         _remove_dead_assignments took 9.709694 milliseconds.
[timing]       _iteratively_remove_dead_assignments took 41.542577 milliseconds.
[timing]       _narrow_exprs took 3.356911 milliseconds.
[timing]       _compute_propagation took 6.325036 milliseconds.
[timing]         _remove_dead_assignments took 1.190395 milliseconds.
[timing]         _remove_dead_assignments took 6.711706 milliseconds.
[timing]       _iteratively_remove_dead_assignments took 8.148308 milliseconds.
[timing]         _remove_dead_assignments took 0.666195 milliseconds.
[timing]       _iteratively_remove_dead_assignments took 0.670987 milliseconds.
[timing]         _compute_equivalence took 0.807138 milliseconds.
[timing]       _unify_local_variables took 1.558150 milliseconds.
[timing]         _compute_equivalence took 0.451759 milliseconds.
[timing]       _fold_call_exprs took 0.499014 milliseconds.
[timing]         _remove_dead_assignments took 0.674068 milliseconds.
[timing]       _iteratively_remove_dead_assignments took 0.678240 milliseconds.
[timing]     _simplify_function_once took 72.620388 milliseconds.
[timing]       _compute_propagation took 5.372081 milliseconds.
[timing]         _remove_dead_assignments took 0.925710 milliseconds.
[timing]         _remove_dead_assignments took 6.766892 milliseconds.
[timing]       _iteratively_remove_dead_assignments took 7.817730 milliseconds.
[timing]         _remove_dead_assignments took 0.655695 milliseconds.
[timing]       _iteratively_remove_dead_assignments took 0.659825 milliseconds.
[timing]         _compute_equivalence took 0.583513 milliseconds.
[timing]       _unify_local_variables took 1.262600 milliseconds.
[timing]         _compute_equivalence took 0.444342 milliseconds.
[timing]       _fold_call_exprs took 0.490599 milliseconds.
[timing]         _remove_dead_assignments took 0.662063 milliseconds.
[timing]       _iteratively_remove_dead_assignments took 0.665701 milliseconds.
[timing]     _simplify_function_once took 23.111429 milliseconds.
[timing]       _compute_propagation took 5.444101 milliseconds.
[timing]         _remove_dead_assignments took 0.733144 milliseconds.
[timing]       _iteratively_remove_dead_assignments took 0.738873 milliseconds.
[timing]         _remove_dead_assignments took 0.642570 milliseconds.
[timing]       _iteratively_remove_dead_assignments took 0.646471 milliseconds.
[timing]         _compute_equivalence took 0.461788 milliseconds.
[timing]       _unify_local_variables took 1.154436 milliseconds.
[timing]         _compute_equivalence took 0.442480 milliseconds.
[timing]       _fold_call_exprs took 0.485954 milliseconds.
[timing]         _remove_dead_assignments took 0.660597 milliseconds.
[timing]       _iteratively_remove_dead_assignments took 0.664820 milliseconds.
[timing]     _simplify_function_once took 15.603785 milliseconds.
[timing]   _simplify_function took 111.348353 milliseconds.
[timing]   _simplify_blocks took 70.888391 milliseconds.
[timing]     ReturnDuplicatorHigh took 41.698927 milliseconds.
[timing]     InlinedStringTransformationSimplifier took 0.155136 milliseconds.
[timing]     InlinedStrlenSimplifier took 0.256798 milliseconds.
[timing]     DetermineLoadSizes took 0.216719 milliseconds.
[timing]   _run_simplification_passes took 43.874284 milliseconds.
[timing]         _remove_dead_assignments took 7.339847 milliseconds.
[timing]       _iteratively_remove_dead_assignments took 7.346485 milliseconds.
[timing]       _narrow_exprs took 1.313494 milliseconds.
[timing]       _compute_propagation took 5.006565 milliseconds.
[timing]         _remove_dead_assignments took 0.690489 milliseconds.
[timing]       _iteratively_remove_dead_assignments took 0.696323 milliseconds.
[timing]         _remove_dead_assignments took 0.672489 milliseconds.
[timing]       _iteratively_remove_dead_assignments took 0.677762 milliseconds.
[timing]         _compute_equivalence took 0.444120 milliseconds.
[timing]       _unify_local_variables took 1.181181 milliseconds.
[timing]         _compute_equivalence took 0.430101 milliseconds.
[timing]       _fold_call_exprs took 0.468168 milliseconds.
[timing]         _remove_dead_assignments took 0.681780 milliseconds.
[timing]       _iteratively_remove_dead_assignments took 0.687035 milliseconds.
[timing]     _simplify_function_once took 18.105564 milliseconds.
[timing]   _simplify_function took 18.111081 milliseconds.
[timing]   _simplify_blocks took 68.625947 milliseconds.
[timing]         _remove_dead_assignments took 7.075670 milliseconds.
[timing]       _iteratively_remove_dead_assignments took 7.082223 milliseconds.
[timing]       _narrow_exprs took 1.048987 milliseconds.
[timing]       _compute_propagation took 5.124599 milliseconds.
[timing]         _remove_dead_assignments took 0.690847 milliseconds.
[timing]       _iteratively_remove_dead_assignments took 0.696426 milliseconds.
[timing]         _remove_dead_assignments took 0.685334 milliseconds.
[timing]       _iteratively_remove_dead_assignments took 0.689748 milliseconds.
[timing]         _compute_equivalence took 0.435957 milliseconds.
[timing]       _unify_local_variables took 1.173051 milliseconds.
[timing]         _compute_equivalence took 0.432694 milliseconds.
[timing]       _fold_call_exprs took 0.468684 milliseconds.
[timing]         _remove_dead_assignments took 0.670987 milliseconds.
[timing]       _iteratively_remove_dead_assignments took 0.675420 milliseconds.
[timing]     _simplify_function_once took 17.655286 milliseconds.
[timing]   _simplify_function took 17.660468 milliseconds.
[timing]     EagerStdStringConcatenationPass took 0.036316 milliseconds.
[timing]   _run_simplification_passes took 0.145281 milliseconds.
[timing]   _collect_dephi_vvar_mapping_and_rewrite_blocks took 49.882727 milliseconds.
[timing]   _recover_and_link_variables took 680.645800 milliseconds.
[timing]   _run_simplification_passes took 0.089444 milliseconds.
[timing]   _make_function_prototype took 0.020339 milliseconds.
[timing]   remove_empty_nodes took 0.022452 milliseconds.
[timing]     DeadblockRemover took 0.011981 milliseconds.
[timing]   _run_graph_simplification_passes took 0.123337 milliseconds.
[timing]     LoweredSwitchSimplifier took 3.403390 milliseconds.
[timing]     ReturnDuplicatorLow took 229.186021 milliseconds.
[timing]   _run_region_simplification_passes took 265.270951 milliseconds.
[timing]     FlipBooleanCmp took 0.333520 milliseconds.
[timing]     PostStructuringPeepholeOptimizationPass took 44.759561 milliseconds.
[timing]   _run_post_structuring_simplification_passes took 45.140894 milliseconds.
[timing] _decompile took 4.208380 seconds (4208.379949 milliseconds).
typedef struct struct_0 {
    char field_0;
    char padding_1[7];
    unsigned int field_8;
    unsigned int field_c;
} struct_0;

extern char RES0__INSTANCE0;
extern unsigned int __CURRENT_TIME;
extern char __DEBUG;
extern unsigned int g_450154;
extern char g_45017e;
extern char g_45017f;
extern unsigned short g_450180;
extern char g_450182;
extern unsigned int g_450184;
extern unsigned short g_450186;
extern unsigned int g_450188;
extern char g_45018c;
extern char g_45018d;
extern char g_450190;
extern char g_450191;
extern char g_450192;
extern char g_4501a0;
extern char g_4501a1;
extern char g_4501a2;
extern unsigned int g_4501a4;
extern unsigned int g_4501a8;
extern char g_4501b0;
extern char g_4501b1;
extern char g_4501b2;
extern unsigned int g_4501b4;
extern unsigned int g_4501b8;
extern char g_4501c0;
extern char g_4501c1;
extern char g_4501c2;
extern unsigned int g_4501c4;
extern unsigned int g_4501c8;
extern char g_4501d0;
extern char g_4501d1;
extern char g_4501d2;
extern unsigned int g_4501d4;
extern unsigned int g_4501d8;
extern unsigned short g_4501e0;
extern char g_4501e7;
extern char g_4501e8;
extern char g_4501ff;
extern char g_450200;
extern char g_450217;
extern char g_450218;
extern char g_45022f;
extern char g_450230;
extern char g_450247;
extern char g_450248;
extern char g_45025f;
extern char g_450260;
extern unsigned short g_450274;
extern char g_450276;
extern char g_450277;
extern char g_450278;
extern char g_450279;
extern char g_45027a;
extern char g_45027b;
extern char g_45027c;
extern char g_45027d;
extern char g_45027e;
extern char g_45027f;
extern char g_450280;
extern char g_450281;
extern char g_450282;
extern char g_450283;
extern char g_450284;
extern char g_450285;
extern char g_450286;
extern char g_450287;
extern char g_450288;
extern char g_450289;
extern unsigned short g_45028a;
extern unsigned int g_45028c;
extern unsigned int g_450290;

int LAMP_body__()
{
    char *v0;  // [bp-0xf0]
    unsigned int v1;  // [bp-0xe0]
    void* v2;  // [bp-0xdc]
    unsigned int v3;  // [bp-0xd8]
    void* v4;  // [bp-0xd4]
    void* v5;  // [bp-0xd0]
    void* v6;  // [bp-0xcc]
    void* v7;  // [bp-0xc8]
    void* v8;  // [bp-0xc4]
    void* v9;  // [bp-0xc0]
    void* v10;  // [bp-0xbc]
    void* v11;  // [bp-0xb8]
    void* v12;  // [bp-0xb4]
    void* v13;  // [bp-0xb0]
    void* v14;  // [bp-0xac]
    void* v15;  // [bp-0xa8]
    void* v16;  // [bp-0xa4]
    unsigned int v17;  // [bp-0xa0]
    unsigned int v18;  // [bp-0x9c]
    unsigned int v19;  // [bp-0x98]
    unsigned int v20;  // [bp-0x94]
    unsigned int v21;  // [bp-0x90]
    unsigned int v22;  // [bp-0x8c]
    unsigned int v23;  // [bp-0x84]
    char v24;  // [bp-0x75]
    char v25;  // [bp-0x74]
    char v26;  // [bp-0x73]
    char v27;  // [bp-0x72]
    char v28;  // [bp-0x71]
    char v29;  // [bp-0x70]
    char v30;  // [bp-0x6f]
    char v31;  // [bp-0x6e]
    char v32;  // [bp-0x6d]
    char v33;  // [bp-0x6c]
    char v34;  // [bp-0x6b]
    char v35;  // [bp-0x6a]
    char v36;  // [bp-0x69]
    char v37;  // [bp-0x68]
    char v38;  // [bp-0x67]
    unsigned short v39;  // [bp-0x66]
    char v40;  // [bp-0x64], Other Possible Types: unsigned int
    unsigned int v41;  // [bp-0x60]
    unsigned int v42;  // [bp-0x5c]
    unsigned int v43;  // [bp-0x58]
    unsigned int v44;  // [bp-0x54]
    char *v45;  // [bp-0x4]
    char v46;  // [bp+0x0]
    unsigned int v47;  // [bp+0x4]
    unsigned int v48;  // lr
    unsigned int v49;  // gpr3
    void* v50;  // gpr2
    struct_0 *v51;  // gpr29
    struct_0 *v52;  // gpr9
    unsigned int v53;  // gpr9
    char v54;  // gpr9
    unsigned int v55;  // gpr9
    unsigned int v56[30];  // gpr29
    unsigned int v57[30];  // gpr9
    char v58;  // gpr9
    unsigned int v59;  // gpr9
    unsigned int v60;  // gpr9
    char v61;  // gpr9
    unsigned int v62;  // gpr9
    unsigned int v63[32];  // gpr29
    unsigned int v64[32];  // gpr9
    char v65;  // gpr9
    unsigned int v66;  // gpr9
    char v67;  // gpr9
    char v68;  // gpr9
    char v69;  // gpr9
    char v70;  // gpr9
    char v71;  // gpr9
    char v72;  // gpr9
    char v73;  // gpr9
    char v74;  // gpr9
    char v75;  // gpr9
    char v76;  // gpr9
    unsigned int v77;  // gpr9
    unsigned int v78;  // gpr9

    v0 = &v46;
    v47 = v48;
    v45 = &v46;
    v23 = v49;
    v44 = (int)v50[28680];
    v42 = __CURRENT_TIME;
    v43 = g_450154;
    v21 = v42;
    v22 = v43;
    v19 = g_45028c;
    v20 = g_450290;
    ::0x40bf54::__time_sub(&v40, &v21, &v19);
    g_45028c = v42;
    g_450290 = v43;
    if (!(CmpORD(__DEBUG, 0) & 2))
    {
        for (v39 = 0; (CmpORD(v39, g_45028a) & 8); v39 += 1)
        {
            *((short *)(250 + (char *)&RES0__INSTANCE0 + 2 * v39)) = *((short *)(260 + (char *)&RES0__INSTANCE0 + 2 * v39));
        }
    }
    for (v39 = 0; (CmpORD(v39, g_4501e0) & 8); v39 += 1)
    {
        *((char *)&(&RES0__INSTANCE0)[5 + 4 * v39] + 2) = (&RES0__INSTANCE0)[5 + 4 * v39];
        if (!(CmpORD((char)(&RES0__INSTANCE0)[5 + 4 * v39], 0) & 2))
        {
            v51 = &(&RES0__INSTANCE0)[4 + 4 * v39];
            v52 = &(&RES0__INSTANCE0)[4 + 4 * v39];
            v21 = v52->field_8;
            v22 = v52->field_c;
            v17 = v40;
            v18 = v41;
            ::0x40be8c::__time_add(&v19, &v21, &v17);
            v51->field_8 = v19;
            v51->field_c = v20;
        }
    }
    for (v39 = 0; (CmpORD(v39, g_450274) & 8); v39 += 1)
    {
        if ((CmpORD(*(106 + (char *)&RES0__INSTANCE0 + v39 * 24) & 2, 0) & 2))
            *(105 + (char *)&RES0__INSTANCE0 + v39 * 24) = 0;
        *(107 + (char *)&RES0__INSTANCE0 + v39 * 24) = 0;
        *(108 + (char *)&RES0__INSTANCE0 + v39 * 24) = 0;
        if ((CmpORD(0, *((int *)(112 + (char *)&RES0__INSTANCE0 + v39 * 24))) & 2))
        {
            v53 = *((int *)(116 + (char *)&RES0__INSTANCE0 + v39 * 24)) - 0;
            v54 = ~(v53 | v53 - 1) >> 31;
        }
        else
        {
            v55 = *((int *)(112 + (char *)&RES0__INSTANCE0 + v39 * 24)) - 0;
            v54 = ~(v55 | v55 - 1) >> 31;
        }
        if (!(CmpORD(v54, 0) & 2))
        {
            v56 = 96 + (char *)&RES0__INSTANCE0 + v39 * 24;
            v57 = 96 + (char *)&RES0__INSTANCE0 + v39 * 24;
            v17 = v57[4];
            v18 = v57[5];
            v21 = v40;
            v22 = v41;
            ::0x40bf54::__time_sub(&v19, &v17, &v21);
            v56[4] = v19;
            v56[5] = v20;
            v15 = 0;
            v16 = 0;
            if ((CmpORD(v15, *((int *)(112 + (char *)&RES0__INSTANCE0 + v39 * 24))) & 2))
            {
                v13 = 0;
                v14 = 0;
                v58 = (*((int *)(116 + (char *)&RES0__INSTANCE0 + v39 * 24)) - v14 | *((int *)(116 + (char *)&RES0__INSTANCE0 + v39 * 24)) - v14 - 1) >> 31;
            }
            else
            {
                v11 = 0;
                v12 = 0;
                v58 = (*((int *)(112 + (char *)&RES0__INSTANCE0 + v39 * 24)) - v11 | *((int *)(112 + (char *)&RES0__INSTANCE0 + v39 * 24)) - v11 - 1) >> 31;
            }
            if (!(CmpORD(v58, 0) & 2))
            {
                v59 = v39;
                *((unsigned int *)(112 + (char *)&RES0__INSTANCE0 + v59 * 24)) = 0;
                *((unsigned int *)(116 + (char *)&RES0__INSTANCE0 + v59 * 24)) = 0;
                *(107 + (char *)&RES0__INSTANCE0 + v39 * 24) = 1;
            }
        }
        if ((CmpORD(0, *((int *)(120 + (char *)&RES0__INSTANCE0 + v39 * 24))) & 2))
        {
            v60 = *((int *)(124 + (char *)&RES0__INSTANCE0 + v39 * 24)) - 0;
            v61 = ~(v60 | v60 - 1) >> 31;
        }
        else
        {
            v62 = *((int *)(120 + (char *)&RES0__INSTANCE0 + v39 * 24)) - 0;
            v61 = ~(v62 | v62 - 1) >> 31;
        }
        if (!(CmpORD(v61, 0) & 2))
        {
            v63 = 112 + (char *)&RES0__INSTANCE0 + v39 * 24;
            v64 = 112 + (char *)&RES0__INSTANCE0 + v39 * 24;
            v17 = v64[2];
            v18 = v64[3];
            v21 = v40;
            v22 = v41;
            ::0x40bf54::__time_sub(&v19, &v17, &v21);
            v63[2] = v19;
            v63[3] = v20;
            v9 = 0;
            v10 = 0;
            if ((CmpORD(v9, *((int *)(120 + (char *)&RES0__INSTANCE0 + v39 * 24))) & 2))
            {
                v7 = 0;
                v8 = 0;
                v65 = (*((int *)(124 + (char *)&RES0__INSTANCE0 + v39 * 24)) - v8 | *((int *)(124 + (char *)&RES0__INSTANCE0 + v39 * 24)) - v8 - 1) >> 31;
            }
            else
            {
                v5 = 0;
                v6 = 0;
                v65 = (*((int *)(120 + (char *)&RES0__INSTANCE0 + v39 * 24)) - v5 | *((int *)(120 + (char *)&RES0__INSTANCE0 + v39 * 24)) - v5 - 1) >> 31;
            }
            if (!(CmpORD(v65, 0) & 2))
            {
                v66 = v39;
                *((unsigned int *)(120 + (char *)&RES0__INSTANCE0 + v66 * 24)) = 0;
                *((unsigned int *)(124 + (char *)&RES0__INSTANCE0 + v66 * 24)) = 0;
                *(108 + (char *)&RES0__INSTANCE0 + v39 * 24) = 1;
            }
        }
    }
    if (!(CmpORD(g_450190, 0) & 2))
    {
        if ((CmpORD(g_450277 & 2, 0) & 2))
            g_450276 = RES0__INSTANCE0;
        if (!(CmpORD(__DEBUG, 0) & 2) && (CmpORD(g_450281 & 2, 0) & 2))
            g_450280 = g_450276;
    }
    else
    {
        if (!(CmpORD(__DEBUG, 0) & 2) && (CmpORD(g_450281 & 2, 0) & 2))
            g_450280 = RES0__INSTANCE0;
        if ((CmpORD(g_450277 & 2, 0) & 2))
            g_450276 = 0;
    }
    if (!(CmpORD(g_4501a0, 0) & 2))
    {
        if ((CmpORD(g_450279 & 2, 0) & 2))
            g_450278 = g_450182;
        if (!(CmpORD(__DEBUG, 0) & 2) && (CmpORD(g_450283 & 2, 0) & 2))
            g_450282 = g_450278;
    }
    else
    {
        if (!(CmpORD(__DEBUG, 0) & 2) && (CmpORD(g_450283 & 2, 0) & 2))
            g_450282 = g_450182;
        if ((CmpORD(g_450279 & 2, 0) & 2))
            g_450278 = 0;
    }
    if (!(CmpORD(g_4501b0, 0) & 2))
    {
        if ((CmpORD(g_45027b & 2, 0) & 2))
            g_45027a = g_450184;
        if (!(CmpORD(__DEBUG, 0) & 2) && (CmpORD(g_450285 & 2, 0) & 2))
            g_450284 = g_45027a;
    }
    else
    {
        if (!(CmpORD(__DEBUG, 0) & 2) && (CmpORD(g_450285 & 2, 0) & 2))
            g_450284 = g_450184;
        if ((CmpORD(g_45027b & 2, 0) & 2))
            g_45027a = 0;
    }
    if (!(CmpORD(g_4501c0, 0) & 2))
    {
        if ((CmpORD(g_45027d & 2, 0) & 2))
            g_45027c = g_45018c;
        if (!(CmpORD(__DEBUG, 0) & 2) && (CmpORD(g_450287 & 2, 0) & 2))
            g_450286 = g_45027c;
    }
    else
    {
        if (!(CmpORD(__DEBUG, 0) & 2) && (CmpORD(g_450287 & 2, 0) & 2))
            g_450286 = g_45018c;
        if ((CmpORD(g_45027d & 2, 0) & 2))
            g_45027c = 0;
    }
    if (!(CmpORD(g_4501d0, 0) & 2))
    {
        if ((CmpORD(g_45027f & 2, 0) & 2))
            g_45027e = RES0__INSTANCE0;
        if (!(CmpORD(__DEBUG, 0) & 2) && (CmpORD(g_450289 & 2, 0) & 2))
            g_450288 = g_45027e;
    }
    else
    {
        if (!(CmpORD(__DEBUG, 0) & 2) && (CmpORD(g_450289 & 2, 0) & 2))
            g_450288 = RES0__INSTANCE0;
        if ((CmpORD(g_45027f & 2, 0) & 2))
            g_45027e = 0;
    }
    if (!(CmpORD(g_450276, 0) & 2) && (CmpORD(g_450191 & 2, 0) & 2))
        g_450190 = 0;
    if (!(CmpORD(g_450278, 0) & 2) && (CmpORD(g_4501a1 & 2, 0) & 2))
        g_4501a0 = 0;
    if (!(CmpORD(g_45027a, 0) & 2) && (CmpORD(g_4501b1 & 2, 0) & 2))
        g_4501b0 = 0;
    if (!(CmpORD(g_45027c, 0) & 2) && (CmpORD(g_4501c1 & 2, 0) & 2))
        g_4501c0 = 0;
    if (!(CmpORD(g_45027e, 0) & 2) && (CmpORD(g_4501d1 & 2, 0) & 2))
        g_4501d0 = 0;
    if (!(CmpORD(g_450276, 0) & 2))
    {
        if ((CmpORD(g_4501a1 & 2, 0) & 2))
            g_4501a0 = 1;
        g_4501a4 = 0;
        g_4501a8 = 0;
    }
    if (!(CmpORD(g_450278, 0) & 2))
    {
        if ((CmpORD(g_4501b1 & 2, 0) & 2))
            g_4501b0 = 1;
        g_4501b4 = 0;
        g_4501b8 = 0;
    }
    if (!(CmpORD(g_45027a, 0) & 2))
    {
        if ((CmpORD(g_4501c1 & 2, 0) & 2))
            g_4501c0 = 1;
        g_4501c4 = 0;
        g_4501c8 = 0;
    }
    if (!(CmpORD(g_45027c, 0) & 2))
    {
        if ((CmpORD(g_4501d1 & 2, 0) & 2))
            g_4501d0 = 1;
        g_4501d4 = 0;
        g_4501d8 = 0;
    }
    if (!(CmpORD(g_45027e, 0) & 2))
    {
        if ((CmpORD(g_4501a1 & 2, 0) & 2))
            g_4501a0 = 1;
        g_4501a4 = 0;
        g_4501a8 = 0;
    }
    v24 = g_450190;
    if (!(CmpORD(v24, 0) & 2) && (CmpORD(g_450192, 0) & 2))
        v67 = 1;
    else
        v67 = 0;
    v25 = v67;
    if ((CmpORD(v24, 0) & 2) && !(CmpORD(g_450192, 0) & 2))
        v68 = 1;
    else
        v68 = 0;
    v26 = v68;
    if (!(CmpORD(v24, 0) & 2) && (CmpORD(g_45017f & 2, 0) & 2))
        g_45017e = 1;
    if (!(CmpORD(v26, 0) & 2) && (CmpORD(g_45017f & 2, 0) & 2))
        g_45017e = 0;
    if (!(CmpORD(v24, 0) & 2))
        g_450200 = 1;
    if (!(CmpORD(v24, 0) & 2))
        g_450218 = 1;
    if (!(CmpORD(v24, 0) & 2))
        g_450230 = 1;
    v27 = g_4501a0;
    if (!(CmpORD(v27, 0) & 2) && (CmpORD(g_4501a2, 0) & 2))
        v69 = 1;
    else
        v69 = 0;
    v28 = v69;
    if ((CmpORD(v27, 0) & 2) && !(CmpORD(g_4501a2, 0) & 2))
        v70 = 1;
    else
        v70 = 0;
    v29 = v70;
    if (!(CmpORD(v27, 0) & 2) && (CmpORD((char)g_450180 & 2, 0) & 2))
        *((char *)&g_450180) = 1;
    if (!(CmpORD(v29, 0) & 2) && (CmpORD((char)g_450180 & 2, 0) & 2))
        *((char *)&g_450180) = 0;
    if (!(CmpORD(v27, 0) & 2))
        g_4501e8 = 1;
    if (!(CmpORD(v27, 0) & 2) && (CmpORD((char)g_450186 & 2, 0) & 2))
        *((char *)&g_450186) = 1;
    if (!(CmpORD(v29, 0) & 2) && (CmpORD((char)g_450186 & 2, 0) & 2))
        *((char *)&g_450186) = 0;
    v30 = g_4501b0;
    if (!(CmpORD(v30, 0) & 2) && (CmpORD(g_4501b2, 0) & 2))
        v71 = 1;
    else
        v71 = 0;
    v31 = v71;
    if ((CmpORD(v30, 0) & 2) && !(CmpORD(g_4501b2, 0) & 2))
        v72 = 1;
    else
        v72 = 0;
    v32 = v72;
    if (!(CmpORD(v30, 0) & 2))
        g_450200 = 1;
    if (!(CmpORD(v30, 0) & 2))
        g_450230 = 1;
    if (!(CmpORD(v30, 0) & 2) && (CmpORD(g_45017f & 2, 0) & 2))
        g_45017e = 1;
    if (!(CmpORD(v32, 0) & 2) && (CmpORD(g_45017f & 2, 0) & 2))
        g_45017e = 0;
    v33 = g_4501c0;
    if (!(CmpORD(v33, 0) & 2) && (CmpORD(g_4501c2, 0) & 2))
        v73 = 1;
    else
        v73 = 0;
    v34 = v73;
    if ((CmpORD(v33, 0) & 2) && !(CmpORD(g_4501c2, 0) & 2))
        v74 = 1;
    else
        v74 = 0;
    v35 = v74;
    if (!(CmpORD(v33, 0) & 2) && (CmpORD((char)g_450188 & 2, 0) & 2))
        *((char *)&g_450188) = 1;
    if (!(CmpORD(v35, 0) & 2) && (CmpORD((char)g_450188 & 2, 0) & 2))
        *((char *)&g_450188) = 0;
    if (!(CmpORD(v33, 0) & 2) && (CmpORD((char)g_450188 & 2, 0) & 2))
        *((char *)&g_450188) = 1;
    if (!(CmpORD(v35, 0) & 2) && (CmpORD((char)g_450188 & 2, 0) & 2))
        *((char *)&g_450188) = 0;
    if (!(CmpORD(v33, 0) & 2))
    {
        v3 = 25;
        v4 = 0;
        if ((CmpORD(v3, g_4501c4) & 2))
        {
            v1 = 25;
            v2 = 0;
            if ((CmpORD(g_4501c8 - v2, 0) & 255 & 8 ^ 8))
                goto LABEL_417c4c;
        }
        else if (!(CmpORD(g_4501c4 - 25, 0) & 8))
        {
LABEL_417c4c:
            if ((CmpORD(g_45018d & 2, 0) & 2))
            {
                g_45018c = 1;
                goto LABEL_417ca4;
            }
        }
    }
    if (!(CmpORD(v35, 0) & 2) && (CmpORD(g_45018d & 2, 0) & 2))
        g_45018c = 0;
LABEL_417ca4:
    v36 = g_4501d0;
    if (!(CmpORD(v36, 0) & 2) && (CmpORD(g_4501d2, 0) & 2))
        v75 = 1;
    else
        v75 = 0;
    v37 = v75;
    if ((CmpORD(v36, 0) & 2) && !(CmpORD(g_4501d2, 0) & 2))
        v76 = 1;
    else
        v76 = 0;
    v38 = v76;
    if (!(CmpORD(v36, 0) & 2))
        g_450248 = 1;
    if (!(CmpORD(v36, 0) & 2))
        g_450218 = 1;
    for (v39 = 0; (CmpORD(v39, g_450274) & 8); v39 += 1)
    {
        if (!(CmpORD(*(107 + (char *)&RES0__INSTANCE0 + v39 * 24), 0) & 2))
        {
            v77 = v39;
            *((unsigned int *)(112 + (char *)&RES0__INSTANCE0 + v77 * 24)) = 0;
            *((unsigned int *)(116 + (char *)&RES0__INSTANCE0 + v77 * 24)) = 0;
            *(104 + (char *)&RES0__INSTANCE0 + v39 * 24) = 1;
        }
        if (!(CmpORD(*(108 + (char *)&RES0__INSTANCE0 + v39 * 24), 0) & 2))
        {
            v78 = v39;
            *((unsigned int *)(120 + (char *)&RES0__INSTANCE0 + v78 * 24)) = 0;
            *((unsigned int *)(124 + (char *)&RES0__INSTANCE0 + v78 * 24)) = 0;
            *(104 + (char *)&RES0__INSTANCE0 + v39 * 24) = 0;
        }
        if ((CmpORD(*(106 + (char *)&RES0__INSTANCE0 + v39 * 24) & 2, 0) & 2))
            *(105 + (char *)&RES0__INSTANCE0 + v39 * 24) = *(105 + (char *)&RES0__INSTANCE0 + v39 * 24) | *(104 + (char *)&RES0__INSTANCE0 + v39 * 24);
    }
    if (!(CmpORD(g_4501e8, 0) & 2))
    {
        if ((CmpORD(g_45017f & 2, 0) & 2))
            g_45017e = 0;
    }
    else
    {
        if (!(CmpORD(g_4501e7, 0) & 2) && (CmpORD(g_45017f & 2, 0) & 2))
            g_45017e = 1;
    }
    if (!(CmpORD(g_450200, 0) & 2))
    {
        if ((CmpORD((char)g_450180 & 2, 0) & 2))
            *((char *)&g_450180) = 0;
    }
    else
    {
        if (!(CmpORD(g_4501ff, 0) & 2) && (CmpORD((char)g_450180 & 2, 0) & 2))
            *((char *)&g_450180) = 1;
    }
    if (!(CmpORD(g_450218, 0) & 2))
    {
        if ((CmpORD((char)g_450188 & 2, 0) & 2))
            *((char *)&g_450188) = 0;
    }
    else
    {
        if (!(CmpORD(g_450217, 0) & 2) && (CmpORD((char)g_450188 & 2, 0) & 2))
            *((char *)&g_450188) = 1;
    }
    if (!(CmpORD(g_450230, 0) & 2))
    {
        if ((CmpORD((char)g_450186 & 2, 0) & 2))
            *((char *)&g_450186) = 0;
    }
    else
    {
        if (!(CmpORD(g_45022f, 0) & 2) && (CmpORD((char)g_450186 & 2, 0) & 2))
            *((char *)&g_450186) = 1;
    }
    if (!(CmpORD(g_450248, 0) & 2))
    {
        if ((CmpORD((char)g_450188 & 2, 0) & 2))
            *((char *)&g_450188) = 0;
    }
    else
    {
        if (!(CmpORD(g_450247, 0) & 2) && (CmpORD((char)g_450188 & 2, 0) & 2))
            *((char *)&g_450188) = 1;
    }
    if (!(CmpORD(g_450260, 0) & 2))
    {
        if ((CmpORD(g_45018d & 2, 0) & 2))
            g_45018c = 0;
    }
    else
    {
        if (!(CmpORD(g_45025f, 0) & 2) && (CmpORD(g_45018d & 2, 0) & 2))
            g_45018c = 1;
    }
    if (!(CmpORD(v44 ^ (int)v50[28680], 0) & 2))
        __stack_chk_fail_local();
    return;
}

[CmpNE((Conv(32I->8I, (Conv(8I->32I, Load(addr=0x450158<32>, size=1, endness=Iend_BE)) CmpORD 0x0<32>)) & 0x2<8>), 0x0<8>), CmpNE((Conv(32I->8I, (Conv(16I->32I, vvar_2097{s-102|2b}) CmpORD Conv(16I->32I, Load(addr=0x45028a<32>, size=2, endness=Iend_BE)))) & 0x8<8>), 0x0<8>), CmpNE((Conv(32I->8I, (Conv(16I->32I, vvar_2135{s-102|2b}) CmpORD Conv(16I->32I, Load(addr=0x4501e0<32>, size=2, endness=Iend_BE)))) & 0x8<8>), 0x0<8>), CmpNE((Conv(32I->8I, (Conv(8I->32I, Load(addr=((0x45017c<32> + (Conv(16I->32I, (vvar_2135{s-102|2b} + 0x1<16>)) * 0x10<32>)) + 0x4<32>), size=1, endness=Iend_BE)) CmpORD 0x0<32>)) & 0x2<8>), 0x0<8>), CmpNE((Conv(32I->8I, (Conv(16I->32I, vvar_2101{s-102|2b}) CmpORD Conv(16I->32I, Load(addr=0x450274<32>, size=2, endness=Iend_BE)))) & 0x8<8>), 0x0<8>), CmpNE(((((Conv(8I->32I, (Load(addr=((0x45017c<32> + Conv(64I->32I, (Conv(16I->32I, vvar_2101{s-102|2b}) Mull (signed) 0x18<32>))) + 0x6a<32>), size=1, endness=Iend_BE) & 0x2<8>)) CmpORD 0x0<32>) & 0xff<32>) & 0x2<32>) ^ 0x2<32>), 0x0<32>), CmpNE(((((0x0<32> CmpORD Load(addr=((0x45017c<32> + Conv(64I->32I, (Conv(16I->32I, vvar_2101{s-102|2b}) Mull (signed) 0x18<32>))) + 0x70<32>), size=4, endness=Iend_BE)) & 0xff<32>) & 0x2<32>) ^ 0x2<32>), 0x0<32>), CmpNE((Conv(32I->8I, (Conv(8I->32I, vvar_71{r52|1b}) CmpORD 0x0<32>)) & 0x2<8>), 0x0<8>), CmpNE(((((vvar_2185{s-168|4b} CmpORD Load(addr=((0x45017c<32> + Conv(64I->32I, (Conv(16I->32I, vvar_2101{s-102|2b}) Mull (signed) 0x18<32>))) + 0x70<32>), size=4, endness=Iend_BE)) & 0xff<32>) & 0x2<32>) ^ 0x2<32>), 0x0<32>), CmpNE((Conv(32I->8I, (Conv(8I->32I, vvar_117{r52|1b}) CmpORD 0x0<32>)) & 0x2<8>), 0x0<8>), CmpNE(((((0x0<32> CmpORD Load(addr=((0x45017c<32> + Conv(64I->32I, (Conv(16I->32I, vvar_2101{s-102|2b}) Mull (signed) 0x18<32>))) + 0x78<32>), size=4, endness=Iend_BE)) & 0xff<32>) & 0x2<32>) ^ 0x2<32>), 0x0<32>), CmpNE((Conv(32I->8I, (Conv(8I->32I, vvar_99{r52|1b}) CmpORD 0x0<32>)) & 0x2<8>), 0x0<8>), CmpNE(((((vvar_2195{s-192|4b} CmpORD Load(addr=((0x45017c<32> + Conv(64I->32I, (Conv(16I->32I, vvar_2101{s-102|2b}) Mull (signed) 0x18<32>))) + 0x78<32>), size=4, endness=Iend_BE)) & 0xff<32>) & 0x2<32>) ^ 0x2<32>), 0x0<32>), CmpNE((Conv(32I->8I, (Conv(8I->32I, vvar_129{r52|1b}) CmpORD 0x0<32>)) & 0x2<8>), 0x0<8>), CmpNE((Conv(32I->8I, (Conv(8I->32I, Load(addr=0x450190<32>, size=1, endness=Iend_BE)) CmpORD 0x0<32>)) & 0x2<8>), 0x0<8>), CmpNE(((((Conv(8I->32I, (Load(addr=0x450277<32>, size=1, endness=Iend_BE) & 0x2<8>)) CmpORD 0x0<32>) & 0xff<32>) & 0x2<32>) ^ 0x2<32>), 0x0<32>), CmpNE((Conv(32I->8I, (Conv(8I->32I, Load(addr=0x450158<32>, size=1, endness=Iend_BE)) CmpORD 0x0<32>)) & 0x2<8>), 0x0<8>), CmpNE(((((Conv(8I->32I, (Load(addr=0x450281<32>, size=1, endness=Iend_BE) & 0x2<8>)) CmpORD 0x0<32>) & 0xff<32>) & 0x2<32>) ^ 0x2<32>), 0x0<32>), CmpNE((Conv(32I->8I, (Conv(8I->32I, Load(addr=0x450158<32>, size=1, endness=Iend_BE)) CmpORD 0x0<32>)) & 0x2<8>), 0x0<8>), CmpNE(((((Conv(8I->32I, (Load(addr=0x450281<32>, size=1, endness=Iend_BE) & 0x2<8>)) CmpORD 0x0<32>) & 0xff<32>) & 0x2<32>) ^ 0x2<32>), 0x0<32>), CmpNE(((((Conv(8I->32I, (Load(addr=0x450277<32>, size=1, endness=Iend_BE) & 0x2<8>)) CmpORD 0x0<32>) & 0xff<32>) & 0x2<32>) ^ 0x2<32>), 0x0<32>), CmpNE((Conv(32I->8I, (Conv(8I->32I, Load(addr=0x4501a0<32>, size=1, endness=Iend_BE)) CmpORD 0x0<32>)) & 0x2<8>), 0x0<8>), CmpNE(((((Conv(8I->32I, (Load(addr=0x450279<32>, size=1, endness=Iend_BE) & 0x2<8>)) CmpORD 0x0<32>) & 0xff<32>) & 0x2<32>) ^ 0x2<32>), 0x0<32>), CmpNE((Conv(32I->8I, (Conv(8I->32I, Load(addr=0x450158<32>, size=1, endness=Iend_BE)) CmpORD 0x0<32>)) & 0x2<8>), 0x0<8>), CmpNE(((((Conv(8I->32I, (Load(addr=0x450283<32>, size=1, endness=Iend_BE) & 0x2<8>)) CmpORD 0x0<32>) & 0xff<32>) & 0x2<32>) ^ 0x2<32>), 0x0<32>), CmpNE((Conv(32I->8I, (Conv(8I->32I, Load(addr=0x450158<32>, size=1, endness=Iend_BE)) CmpORD 0x0<32>)) & 0x2<8>), 0x0<8>), CmpNE(((((Conv(8I->32I, (Load(addr=0x450283<32>, size=1, endness=Iend_BE) & 0x2<8>)) CmpORD 0x0<32>) & 0xff<32>) & 0x2<32>) ^ 0x2<32>), 0x0<32>), CmpNE(((((Conv(8I->32I, (Load(addr=0x450279<32>, size=1, endness=Iend_BE) & 0x2<8>)) CmpORD 0x0<32>) & 0xff<32>) & 0x2<32>) ^ 0x2<32>), 0x0<32>), CmpNE((Conv(32I->8I, (Conv(8I->32I, Load(addr=0x4501b0<32>, size=1, endness=Iend_BE)) CmpORD 0x0<32>)) & 0x2<8>), 0x0<8>), CmpNE(((((Conv(8I->32I, (Load(addr=0x45027b<32>, size=1, endness=Iend_BE) & 0x2<8>)) CmpORD 0x0<32>) & 0xff<32>) & 0x2<32>) ^ 0x2<32>), 0x0<32>), CmpNE((Conv(32I->8I, (Conv(8I->32I, Load(addr=0x450158<32>, size=1, endness=Iend_BE)) CmpORD 0x0<32>)) & 0x2<8>), 0x0<8>), CmpNE(((((Conv(8I->32I, (Load(addr=0x450285<32>, size=1, endness=Iend_BE) & 0x2<8>)) CmpORD 0x0<32>) & 0xff<32>) & 0x2<32>) ^ 0x2<32>), 0x0<32>), CmpNE((Conv(32I->8I, (Conv(8I->32I, Load(addr=0x450158<32>, size=1, endness=Iend_BE)) CmpORD 0x0<32>)) & 0x2<8>), 0x0<8>), CmpNE(((((Conv(8I->32I, (Load(addr=0x450285<32>, size=1, endness=Iend_BE) & 0x2<8>)) CmpORD 0x0<32>) & 0xff<32>) & 0x2<32>) ^ 0x2<32>), 0x0<32>), CmpNE(((((Conv(8I->32I, (Load(addr=0x45027b<32>, size=1, endness=Iend_BE) & 0x2<8>)) CmpORD 0x0<32>) & 0xff<32>) & 0x2<32>) ^ 0x2<32>), 0x0<32>), CmpNE((Conv(32I->8I, (Conv(8I->32I, Load(addr=0x4501c0<32>, size=1, endness=Iend_BE)) CmpORD 0x0<32>)) & 0x2<8>), 0x0<8>), CmpNE(((((Conv(8I->32I, (Load(addr=0x45027d<32>, size=1, endness=Iend_BE) & 0x2<8>)) CmpORD 0x0<32>) & 0xff<32>) & 0x2<32>) ^ 0x2<32>), 0x0<32>), CmpNE((Conv(32I->8I, (Conv(8I->32I, Load(addr=0x450158<32>, size=1, endness=Iend_BE)) CmpORD 0x0<32>)) & 0x2<8>), 0x0<8>), CmpNE(((((Conv(8I->32I, (Load(addr=0x450287<32>, size=1, endness=Iend_BE) & 0x2<8>)) CmpORD 0x0<32>) & 0xff<32>) & 0x2<32>) ^ 0x2<32>), 0x0<32>), CmpNE((Conv(32I->8I, (Conv(8I->32I, Load(addr=0x450158<32>, size=1, endness=Iend_BE)) CmpORD 0x0<32>)) & 0x2<8>), 0x0<8>), CmpNE(((((Conv(8I->32I, (Load(addr=0x450287<32>, size=1, endness=Iend_BE) & 0x2<8>)) CmpORD 0x0<32>) & 0xff<32>) & 0x2<32>) ^ 0x2<32>), 0x0<32>), CmpNE(((((Conv(8I->32I, (Load(addr=0x45027d<32>, size=1, endness=Iend_BE) & 0x2<8>)) CmpORD 0x0<32>) & 0xff<32>) & 0x2<32>) ^ 0x2<32>), 0x0<32>), CmpNE((Conv(32I->8I, (Conv(8I->32I, Load(addr=0x4501d0<32>, size=1, endness=Iend_BE)) CmpORD 0x0<32>)) & 0x2<8>), 0x0<8>), CmpNE(((((Conv(8I->32I, (Load(addr=0x45027f<32>, size=1, endness=Iend_BE) & 0x2<8>)) CmpORD 0x0<32>) & 0xff<32>) & 0x2<32>) ^ 0x2<32>), 0x0<32>), CmpNE((Conv(32I->8I, (Conv(8I->32I, Load(addr=0x450158<32>, size=1, endness=Iend_BE)) CmpORD 0x0<32>)) & 0x2<8>), 0x0<8>), CmpNE(((((Conv(8I->32I, (Load(addr=0x450289<32>, size=1, endness=Iend_BE) & 0x2<8>)) CmpORD 0x0<32>) & 0xff<32>) & 0x2<32>) ^ 0x2<32>), 0x0<32>), CmpNE((Conv(32I->8I, (Conv(8I->32I, Load(addr=0x450158<32>, size=1, endness=Iend_BE)) CmpORD 0x0<32>)) & 0x2<8>), 0x0<8>), CmpNE(((((Conv(8I->32I, (Load(addr=0x450289<32>, size=1, endness=Iend_BE) & 0x2<8>)) CmpORD 0x0<32>) & 0xff<32>) & 0x2<32>) ^ 0x2<32>), 0x0<32>), CmpNE(((((Conv(8I->32I, (Load(addr=0x45027f<32>, size=1, endness=Iend_BE) & 0x2<8>)) CmpORD 0x0<32>) & 0xff<32>) & 0x2<32>) ^ 0x2<32>), 0x0<32>), CmpNE((Conv(32I->8I, (Conv(8I->32I, Load(addr=0x450276<32>, size=1, endness=Iend_BE)) CmpORD 0x0<32>)) & 0x2<8>), 0x0<8>), CmpNE(((((Conv(8I->32I, (Load(addr=0x450191<32>, size=1, endness=Iend_BE) & 0x2<8>)) CmpORD 0x0<32>) & 0xff<32>) & 0x2<32>) ^ 0x2<32>), 0x0<32>), CmpNE((Conv(32I->8I, (Conv(8I->32I, Load(addr=0x450278<32>, size=1, endness=Iend_BE)) CmpORD 0x0<32>)) & 0x2<8>), 0x0<8>), CmpNE(((((Conv(8I->32I, (Load(addr=0x4501a1<32>, size=1, endness=Iend_BE) & 0x2<8>)) CmpORD 0x0<32>) & 0xff<32>) & 0x2<32>) ^ 0x2<32>), 0x0<32>), CmpNE((Conv(32I->8I, (Conv(8I->32I, Load(addr=0x45027a<32>, size=1, endness=Iend_BE)) CmpORD 0x0<32>)) & 0x2<8>), 0x0<8>), CmpNE(((((Conv(8I->32I, (Load(addr=0x4501b1<32>, size=1, endness=Iend_BE) & 0x2<8>)) CmpORD 0x0<32>) & 0xff<32>) & 0x2<32>) ^ 0x2<32>), 0x0<32>), CmpNE((Conv(32I->8I, (Conv(8I->32I, Load(addr=0x45027c<32>, size=1, endness=Iend_BE)) CmpORD 0x0<32>)) & 0x2<8>), 0x0<8>), CmpNE(((((Conv(8I->32I, (Load(addr=0x4501c1<32>, size=1, endness=Iend_BE) & 0x2<8>)) CmpORD 0x0<32>) & 0xff<32>) & 0x2<32>) ^ 0x2<32>), 0x0<32>), CmpNE((Conv(32I->8I, (Conv(8I->32I, Load(addr=0x45027e<32>, size=1, endness=Iend_BE)) CmpORD 0x0<32>)) & 0x2<8>), 0x0<8>), CmpNE(((((Conv(8I->32I, (Load(addr=0x4501d1<32>, size=1, endness=Iend_BE) & 0x2<8>)) CmpORD 0x0<32>) & 0xff<32>) & 0x2<32>) ^ 0x2<32>), 0x0<32>), CmpNE((Conv(32I->8I, (Conv(8I->32I, Load(addr=0x450276<32>, size=1, endness=Iend_BE)) CmpORD 0x0<32>)) & 0x2<8>), 0x0<8>), CmpNE(((((Conv(8I->32I, (Load(addr=0x4501a1<32>, size=1, endness=Iend_BE) & 0x2<8>)) CmpORD 0x0<32>) & 0xff<32>) & 0x2<32>) ^ 0x2<32>), 0x0<32>), CmpNE((Conv(32I->8I, (Conv(8I->32I, Load(addr=0x450278<32>, size=1, endness=Iend_BE)) CmpORD 0x0<32>)) & 0x2<8>), 0x0<8>), CmpNE(((((Conv(8I->32I, (Load(addr=0x4501b1<32>, size=1, endness=Iend_BE) & 0x2<8>)) CmpORD 0x0<32>) & 0xff<32>) & 0x2<32>) ^ 0x2<32>), 0x0<32>), CmpNE((Conv(32I->8I, (Conv(8I->32I, Load(addr=0x45027a<32>, size=1, endness=Iend_BE)) CmpORD 0x0<32>)) & 0x2<8>), 0x0<8>), CmpNE(((((Conv(8I->32I, (Load(addr=0x4501c1<32>, size=1, endness=Iend_BE) & 0x2<8>)) CmpORD 0x0<32>) & 0xff<32>) & 0x2<32>) ^ 0x2<32>), 0x0<32>), CmpNE((Conv(32I->8I, (Conv(8I->32I, Load(addr=0x45027c<32>, size=1, endness=Iend_BE)) CmpORD 0x0<32>)) & 0x2<8>), 0x0<8>), CmpNE(((((Conv(8I->32I, (Load(addr=0x4501d1<32>, size=1, endness=Iend_BE) & 0x2<8>)) CmpORD 0x0<32>) & 0xff<32>) & 0x2<32>) ^ 0x2<32>), 0x0<32>), CmpNE((Conv(32I->8I, (Conv(8I->32I, Load(addr=0x45027e<32>, size=1, endness=Iend_BE)) CmpORD 0x0<32>)) & 0x2<8>), 0x0<8>), CmpNE(((((Conv(8I->32I, (Load(addr=0x4501a1<32>, size=1, endness=Iend_BE) & 0x2<8>)) CmpORD 0x0<32>) & 0xff<32>) & 0x2<32>) ^ 0x2<32>), 0x0<32>), CmpNE((Conv(32I->8I, (Conv(8I->32I, vvar_2202{s-117|1b}) CmpORD 0x0<32>)) & 0x2<8>), 0x0<8>), CmpNE(((((Conv(8I->32I, Load(addr=0x450192<32>, size=1, endness=Iend_BE)) CmpORD 0x0<32>) & 0xff<32>) & 0x2<32>) ^ 0x2<32>), 0x0<32>), CmpNE(((((Conv(8I->32I, vvar_2202{s-117|1b}) CmpORD 0x0<32>) & 0xff<32>) & 0x2<32>) ^ 0x2<32>), 0x0<32>), CmpNE((Conv(32I->8I, (Conv(8I->32I, Load(addr=0x450192<32>, size=1, endness=Iend_BE)) CmpORD 0x0<32>)) & 0x2<8>), 0x0<8>), CmpNE((Conv(32I->8I, (Conv(8I->32I, vvar_2202{s-117|1b}) CmpORD 0x0<32>)) & 0x2<8>), 0x0<8>), CmpNE(((((Conv(8I->32I, (Load(addr=0x45017f<32>, size=1, endness=Iend_BE) & 0x2<8>)) CmpORD 0x0<32>) & 0xff<32>) & 0x2<32>) ^ 0x2<32>), 0x0<32>), CmpNE((Conv(32I->8I, (Conv(8I->32I, vvar_2204{s-115|1b}) CmpORD 0x0<32>)) & 0x2<8>), 0x0<8>), CmpNE(((((Conv(8I->32I, (Load(addr=0x45017f<32>, size=1, endness=Iend_BE) & 0x2<8>)) CmpORD 0x0<32>) & 0xff<32>) & 0x2<32>) ^ 0x2<32>), 0x0<32>), CmpNE((Conv(32I->8I, (Conv(8I->32I, vvar_2202{s-117|1b}) CmpORD 0x0<32>)) & 0x2<8>), 0x0<8>), CmpNE((Conv(32I->8I, (Conv(8I->32I, vvar_2202{s-117|1b}) CmpORD 0x0<32>)) & 0x2<8>), 0x0<8>), CmpNE((Conv(32I->8I, (Conv(8I->32I, vvar_2202{s-117|1b}) CmpORD 0x0<32>)) & 0x2<8>), 0x0<8>), CmpNE((Conv(32I->8I, (Conv(8I->32I, vvar_2205{s-114|1b}) CmpORD 0x0<32>)) & 0x2<8>), 0x0<8>), CmpNE(((((Conv(8I->32I, Load(addr=0x4501a2<32>, size=1, endness=Iend_BE)) CmpORD 0x0<32>) & 0xff<32>) & 0x2<32>) ^ 0x2<32>), 0x0<32>), CmpNE(((((Conv(8I->32I, vvar_2205{s-114|1b}) CmpORD 0x0<32>) & 0xff<32>) & 0x2<32>) ^ 0x2<32>), 0x0<32>), CmpNE((Conv(32I->8I, (Conv(8I->32I, Load(addr=0x4501a2<32>, size=1, endness=Iend_BE)) CmpORD 0x0<32>)) & 0x2<8>), 0x0<8>), CmpNE((Conv(32I->8I, (Conv(8I->32I, vvar_2205{s-114|1b}) CmpORD 0x0<32>)) & 0x2<8>), 0x0<8>), CmpNE(((((Conv(8I->32I, (Load(addr=0x450181<32>, size=1, endness=Iend_BE) & 0x2<8>)) CmpORD 0x0<32>) & 0xff<32>) & 0x2<32>) ^ 0x2<32>), 0x0<32>), CmpNE((Conv(32I->8I, (Conv(8I->32I, vvar_2207{s-112|1b}) CmpORD 0x0<32>)) & 0x2<8>), 0x0<8>), CmpNE(((((Conv(8I->32I, (Load(addr=0x450181<32>, size=1, endness=Iend_BE) & 0x2<8>)) CmpORD 0x0<32>) & 0xff<32>) & 0x2<32>) ^ 0x2<32>), 0x0<32>), CmpNE((Conv(32I->8I, (Conv(8I->32I, vvar_2205{s-114|1b}) CmpORD 0x0<32>)) & 0x2<8>), 0x0<8>), CmpNE((Conv(32I->8I, (Conv(8I->32I, vvar_2205{s-114|1b}) CmpORD 0x0<32>)) & 0x2<8>), 0x0<8>), CmpNE(((((Conv(8I->32I, (Load(addr=0x450187<32>, size=1, endness=Iend_BE) & 0x2<8>)) CmpORD 0x0<32>) & 0xff<32>) & 0x2<32>) ^ 0x2<32>), 0x0<32>), CmpNE((Conv(32I->8I, (Conv(8I->32I, vvar_2207{s-112|1b}) CmpORD 0x0<32>)) & 0x2<8>), 0x0<8>), CmpNE(((((Conv(8I->32I, (Load(addr=0x450187<32>, size=1, endness=Iend_BE) & 0x2<8>)) CmpORD 0x0<32>) & 0xff<32>) & 0x2<32>) ^ 0x2<32>), 0x0<32>), CmpNE((Conv(32I->8I, (Conv(8I->32I, vvar_2208{s-111|1b}) CmpORD 0x0<32>)) & 0x2<8>), 0x0<8>), CmpNE(((((Conv(8I->32I, Load(addr=0x4501b2<32>, size=1, endness=Iend_BE)) CmpORD 0x0<32>) & 0xff<32>) & 0x2<32>) ^ 0x2<32>), 0x0<32>), CmpNE(((((Conv(8I->32I, vvar_2208{s-111|1b}) CmpORD 0x0<32>) & 0xff<32>) & 0x2<32>) ^ 0x2<32>), 0x0<32>), CmpNE((Conv(32I->8I, (Conv(8I->32I, Load(addr=0x4501b2<32>, size=1, endness=Iend_BE)) CmpORD 0x0<32>)) & 0x2<8>), 0x0<8>), CmpNE((Conv(32I->8I, (Conv(8I->32I, vvar_2208{s-111|1b}) CmpORD 0x0<32>)) & 0x2<8>), 0x0<8>), CmpNE((Conv(32I->8I, (Conv(8I->32I, vvar_2208{s-111|1b}) CmpORD 0x0<32>)) & 0x2<8>), 0x0<8>), CmpNE((Conv(32I->8I, (Conv(8I->32I, vvar_2208{s-111|1b}) CmpORD 0x0<32>)) & 0x2<8>), 0x0<8>), CmpNE(((((Conv(8I->32I, (Load(addr=0x45017f<32>, size=1, endness=Iend_BE) & 0x2<8>)) CmpORD 0x0<32>) & 0xff<32>) & 0x2<32>) ^ 0x2<32>), 0x0<32>), CmpNE((Conv(32I->8I, (Conv(8I->32I, vvar_2210{s-109|1b}) CmpORD 0x0<32>)) & 0x2<8>), 0x0<8>), CmpNE(((((Conv(8I->32I, (Load(addr=0x45017f<32>, size=1, endness=Iend_BE) & 0x2<8>)) CmpORD 0x0<32>) & 0xff<32>) & 0x2<32>) ^ 0x2<32>), 0x0<32>), CmpNE((Conv(32I->8I, (Conv(8I->32I, vvar_2211{s-108|1b}) CmpORD 0x0<32>)) & 0x2<8>), 0x0<8>), CmpNE(((((Conv(8I->32I, Load(addr=0x4501c2<32>, size=1, endness=Iend_BE)) CmpORD 0x0<32>) & 0xff<32>) & 0x2<32>) ^ 0x2<32>), 0x0<32>), CmpNE(((((Conv(8I->32I, vvar_2211{s-108|1b}) CmpORD 0x0<32>) & 0xff<32>) & 0x2<32>) ^ 0x2<32>), 0x0<32>), CmpNE((Conv(32I->8I, (Conv(8I->32I, Load(addr=0x4501c2<32>, size=1, endness=Iend_BE)) CmpORD 0x0<32>)) & 0x2<8>), 0x0<8>), CmpNE((Conv(32I->8I, (Conv(8I->32I, vvar_2211{s-108|1b}) CmpORD 0x0<32>)) & 0x2<8>), 0x0<8>), CmpNE(((((Conv(8I->32I, (Load(addr=0x45018b<32>, size=1, endness=Iend_BE) & 0x2<8>)) CmpORD 0x0<32>) & 0xff<32>) & 0x2<32>) ^ 0x2<32>), 0x0<32>), CmpNE((Conv(32I->8I, (Conv(8I->32I, vvar_2213{s-106|1b}) CmpORD 0x0<32>)) & 0x2<8>), 0x0<8>), CmpNE(((((Conv(8I->32I, (Load(addr=0x45018b<32>, size=1, endness=Iend_BE) & 0x2<8>)) CmpORD 0x0<32>) & 0xff<32>) & 0x2<32>) ^ 0x2<32>), 0x0<32>), CmpNE((Conv(32I->8I, (Conv(8I->32I, vvar_2211{s-108|1b}) CmpORD 0x0<32>)) & 0x2<8>), 0x0<8>), CmpNE(((((Conv(8I->32I, (Load(addr=0x450189<32>, size=1, endness=Iend_BE) & 0x2<8>)) CmpORD 0x0<32>) & 0xff<32>) & 0x2<32>) ^ 0x2<32>), 0x0<32>), CmpNE((Conv(32I->8I, (Conv(8I->32I, vvar_2213{s-106|1b}) CmpORD 0x0<32>)) & 0x2<8>), 0x0<8>), CmpNE(((((Conv(8I->32I, (Load(addr=0x450189<32>, size=1, endness=Iend_BE) & 0x2<8>)) CmpORD 0x0<32>) & 0xff<32>) & 0x2<32>) ^ 0x2<32>), 0x0<32>), CmpNE((Conv(32I->8I, (Conv(8I->32I, vvar_2211{s-108|1b}) CmpORD 0x0<32>)) & 0x2<8>), 0x0<8>), CmpNE(((((vvar_2214{s-216|4b} CmpORD Load(addr=0x4501c4<32>, size=4, endness=Iend_BE)) & 0xff<32>) & 0x2<32>) ^ 0x2<32>), 0x0<32>), CmpNE((((((Load(addr=0x4501c8<32>, size=4, endness=Iend_BE) - vvar_2217{s-220|4b}) CmpORD 0x0<32>) & 0xff<32>) & 0x8<32>) ^ 0x8<32>), 0x0<32>), CmpNE((Conv(32I->8I, ((Load(addr=0x4501c4<32>, size=4, endness=Iend_BE) - 0x19<32>) CmpORD 0x0<32>)) & 0x8<8>), 0x0<8>), CmpNE(((((Conv(8I->32I, (Load(addr=0x45018d<32>, size=1, endness=Iend_BE) & 0x2<8>)) CmpORD 0x0<32>) & 0xff<32>) & 0x2<32>) ^ 0x2<32>), 0x0<32>), CmpNE((Conv(32I->8I, (Conv(8I->32I, vvar_2213{s-106|1b}) CmpORD 0x0<32>)) & 0x2<8>), 0x0<8>), CmpNE(((((Conv(8I->32I, (Load(addr=0x45018d<32>, size=1, endness=Iend_BE) & 0x2<8>)) CmpORD 0x0<32>) & 0xff<32>) & 0x2<32>) ^ 0x2<32>), 0x0<32>), CmpNE((Conv(32I->8I, (Conv(8I->32I, vvar_2218{s-105|1b}) CmpORD 0x0<32>)) & 0x2<8>), 0x0<8>), CmpNE(((((Conv(8I->32I, Load(addr=0x4501d2<32>, size=1, endness=Iend_BE)) CmpORD 0x0<32>) & 0xff<32>) & 0x2<32>) ^ 0x2<32>), 0x0<32>), CmpNE(((((Conv(8I->32I, vvar_2218{s-105|1b}) CmpORD 0x0<32>) & 0xff<32>) & 0x2<32>) ^ 0x2<32>), 0x0<32>), CmpNE((Conv(32I->8I, (Conv(8I->32I, Load(addr=0x4501d2<32>, size=1, endness=Iend_BE)) CmpORD 0x0<32>)) & 0x2<8>), 0x0<8>), CmpNE((Conv(32I->8I, (Conv(8I->32I, vvar_2218{s-105|1b}) CmpORD 0x0<32>)) & 0x2<8>), 0x0<8>), CmpNE((Conv(32I->8I, (Conv(8I->32I, vvar_2218{s-105|1b}) CmpORD 0x0<32>)) & 0x2<8>), 0x0<8>), CmpNE((Conv(32I->8I, (Conv(16I->32I, vvar_2131{s-102|2b}) CmpORD Conv(16I->32I, Load(addr=0x450274<32>, size=2, endness=Iend_BE)))) & 0x8<8>), 0x0<8>), CmpNE((Conv(32I->8I, (Conv(8I->32I, Load(addr=((0x45017c<32> + Conv(64I->32I, (Conv(16I->32I, vvar_2131{s-102|2b}) Mull (signed) 0x18<32>))) + 0x6b<32>), size=1, endness=Iend_BE)) CmpORD 0x0<32>)) & 0x2<8>), 0x0<8>), CmpNE((Conv(32I->8I, (Conv(8I->32I, Load(addr=((0x45017c<32> + Conv(64I->32I, (Conv(16I->32I, vvar_2131{s-102|2b}) Mull (signed) 0x18<32>))) + 0x6c<32>), size=1, endness=Iend_BE)) CmpORD 0x0<32>)) & 0x2<8>), 0x0<8>), CmpNE(((((Conv(8I->32I, (Load(addr=((0x45017c<32> + Conv(64I->32I, (Conv(16I->32I, vvar_2131{s-102|2b}) Mull (signed) 0x18<32>))) + 0x6a<32>), size=1, endness=Iend_BE) & 0x2<8>)) CmpORD 0x0<32>) & 0xff<32>) & 0x2<32>) ^ 0x2<32>), 0x0<32>), CmpNE((Conv(32I->8I, (Conv(8I->32I, Load(addr=0x4501e8<32>, size=1, endness=Iend_BE)) CmpORD 0x0<32>)) & 0x2<8>), 0x0<8>), CmpNE(((((Conv(8I->32I, (Load(addr=0x45017f<32>, size=1, endness=Iend_BE) & 0x2<8>)) CmpORD 0x0<32>) & 0xff<32>) & 0x2<32>) ^ 0x2<32>), 0x0<32>), CmpNE((Conv(32I->8I, (Conv(8I->32I, Load(addr=0x4501e7<32>, size=1, endness=Iend_BE)) CmpORD 0x0<32>)) & 0x2<8>), 0x0<8>), CmpNE(((((Conv(8I->32I, (Load(addr=0x45017f<32>, size=1, endness=Iend_BE) & 0x2<8>)) CmpORD 0x0<32>) & 0xff<32>) & 0x2<32>) ^ 0x2<32>), 0x0<32>), CmpNE((Conv(32I->8I, (Conv(8I->32I, Load(addr=0x450200<32>, size=1, endness=Iend_BE)) CmpORD 0x0<32>)) & 0x2<8>), 0x0<8>), CmpNE(((((Conv(8I->32I, (Load(addr=0x450181<32>, size=1, endness=Iend_BE) & 0x2<8>)) CmpORD 0x0<32>) & 0xff<32>) & 0x2<32>) ^ 0x2<32>), 0x0<32>), CmpNE((Conv(32I->8I, (Conv(8I->32I, Load(addr=0x4501ff<32>, size=1, endness=Iend_BE)) CmpORD 0x0<32>)) & 0x2<8>), 0x0<8>), CmpNE(((((Conv(8I->32I, (Load(addr=0x450181<32>, size=1, endness=Iend_BE) & 0x2<8>)) CmpORD 0x0<32>) & 0xff<32>) & 0x2<32>) ^ 0x2<32>), 0x0<32>), CmpNE((Conv(32I->8I, (Conv(8I->32I, Load(addr=0x450218<32>, size=1, endness=Iend_BE)) CmpORD 0x0<32>)) & 0x2<8>), 0x0<8>), CmpNE(((((Conv(8I->32I, (Load(addr=0x450189<32>, size=1, endness=Iend_BE) & 0x2<8>)) CmpORD 0x0<32>) & 0xff<32>) & 0x2<32>) ^ 0x2<32>), 0x0<32>), CmpNE((Conv(32I->8I, (Conv(8I->32I, Load(addr=0x450217<32>, size=1, endness=Iend_BE)) CmpORD 0x0<32>)) & 0x2<8>), 0x0<8>), CmpNE(((((Conv(8I->32I, (Load(addr=0x450189<32>, size=1, endness=Iend_BE) & 0x2<8>)) CmpORD 0x0<32>) & 0xff<32>) & 0x2<32>) ^ 0x2<32>), 0x0<32>), CmpNE((Conv(32I->8I, (Conv(8I->32I, Load(addr=0x450230<32>, size=1, endness=Iend_BE)) CmpORD 0x0<32>)) & 0x2<8>), 0x0<8>), CmpNE(((((Conv(8I->32I, (Load(addr=0x450187<32>, size=1, endness=Iend_BE) & 0x2<8>)) CmpORD 0x0<32>) & 0xff<32>) & 0x2<32>) ^ 0x2<32>), 0x0<32>), CmpNE((Conv(32I->8I, (Conv(8I->32I, Load(addr=0x45022f<32>, size=1, endness=Iend_BE)) CmpORD 0x0<32>)) & 0x2<8>), 0x0<8>), CmpNE(((((Conv(8I->32I, (Load(addr=0x450187<32>, size=1, endness=Iend_BE) & 0x2<8>)) CmpORD 0x0<32>) & 0xff<32>) & 0x2<32>) ^ 0x2<32>), 0x0<32>), CmpNE((Conv(32I->8I, (Conv(8I->32I, Load(addr=0x450248<32>, size=1, endness=Iend_BE)) CmpORD 0x0<32>)) & 0x2<8>), 0x0<8>), CmpNE(((((Conv(8I->32I, (Load(addr=0x45018b<32>, size=1, endness=Iend_BE) & 0x2<8>)) CmpORD 0x0<32>) & 0xff<32>) & 0x2<32>) ^ 0x2<32>), 0x0<32>), CmpNE((Conv(32I->8I, (Conv(8I->32I, Load(addr=0x450247<32>, size=1, endness=Iend_BE)) CmpORD 0x0<32>)) & 0x2<8>), 0x0<8>), CmpNE(((((Conv(8I->32I, (Load(addr=0x45018b<32>, size=1, endness=Iend_BE) & 0x2<8>)) CmpORD 0x0<32>) & 0xff<32>) & 0x2<32>) ^ 0x2<32>), 0x0<32>), CmpNE((Conv(32I->8I, (Conv(8I->32I, Load(addr=0x450260<32>, size=1, endness=Iend_BE)) CmpORD 0x0<32>)) & 0x2<8>), 0x0<8>), CmpNE(((((Conv(8I->32I, (Load(addr=0x45018d<32>, size=1, endness=Iend_BE) & 0x2<8>)) CmpORD 0x0<32>) & 0xff<32>) & 0x2<32>) ^ 0x2<32>), 0x0<32>), CmpNE((Conv(32I->8I, (Conv(8I->32I, Load(addr=0x45025f<32>, size=1, endness=Iend_BE)) CmpORD 0x0<32>)) & 0x2<8>), 0x0<8>), CmpNE(((((Conv(8I->32I, (Load(addr=0x45018d<32>, size=1, endness=Iend_BE) & 0x2<8>)) CmpORD 0x0<32>) & 0xff<32>) & 0x2<32>) ^ 0x2<32>), 0x0<32>), CmpNE((Conv(32I->8I, ((vvar_2164{s-84|4b} ^ Load(addr=(vvar_414{r24|4b} - 0x7008<32>), size=4, endness=Iend_BE)) CmpORD 0x0<32>)) & 0x2<8>), 0x0<8>)]
> [32m/home/bonnie/SMCheck/statevars/analysis.py[39m([92m278[39m)[36mtrace_global_vars[39m[34m()[39m
[32m    277[39m                 global_vars = cond_parser.load_vars
[32m--> 278[39m                 [38;5;28;01mfor[39;00m expr [38;5;28;01min[39;00m global_vars:
[32m    279[39m                     [38;5;28;01mif[39;00m isinstance(expr, VirtualVariable):

ipdb> defaultdict(<class 'list'>,
            {<Global 0x45022f:1 bytes>: [('read', 4292772)],
             <Global 0x45025f:1 bytes>: [('read', 4293004)],
             <Global 0x450217:1 bytes>: [('read', 4292656)],
             <Global 0x45018d:1 bytes>: [('read', 4291680),
                                         ('read', 4291732),
                                         ('read', 4292968),
                                         ('read', 4293028)],
             <Global 0x45018b:1 bytes>: [('read', 4291384),
                                         ('read', 4291432),
                                         ('read', 4292852),
                                         ('read', 4292912)],
             <Global 0x4501ff:1 bytes>: [('read', 4292540)],
             <Global 0x4501e7:1 bytes>: [('read', 4292424)],
             <Global 0x450247:1 bytes>: [('read', 4292888)],
             <Global 0x450260:1 bytes>: [('read', 4292944)],
             <Global 0x450186:1 bytes>: [('write', 4290940),
                                         ('write', 4290988),
                                         ('write', 4292748),
                                         ('write', 4292808)],
             <Global 0x450187:1 bytes>: [('read', 4290928),
                                         ('read', 4290976),
                                         ('read', 4292736),
                                         ('read', 4292796)],
             <Global 0x450248:1 bytes>: [('write', 4291876), ('read', 4292828)],
             <Global 0x4501e8:1 bytes>: [('write', 4290892), ('read', 4292364)],
             <Global 0x450218:1 bytes>: [('write', 4290640),
                                         ('write', 4291900),
                                         ('read', 4292596)],
             <Global 0x450200:1 bytes>: [('write', 4290616),
                                         ('write', 4291120),
                                         ('read', 4292480)],
             <Global 0x4501c2:1 bytes>: [('read', 4291284), ('read', 4291332)],
             <Global 0x450189:1 bytes>: [('read', 4291480),
                                         ('read', 4291528),
                                         ('read', 4292620),
                                         ('read', 4292680)],
             <Global 0x450181:1 bytes>: [('read', 4290808),
                                         ('read', 4290856),
                                         ('read', 4292504),
                                         ('read', 4292564)],
             <Global 0x4501b4:4 bytes>: [('write', 4290136)],
             <Global 0x4501c0:1 bytes>: [('read', 4289288),
                                         ('write', 4289932),
                                         ('write', 4290204),
                                         ('read', 4291264),
                                         ('read', 4291312),
                                         ('read', 4291360),
                                         ('read', 4291456),
                                         ('read', 4291552)],
             <Global 0x4501b8:4 bytes>: [('write', 4290148)],
             <Global 0x450285:1 bytes>: [('read', 4289152), ('read', 4289216)],
             <Global 0x45017e:1 bytes>: [('write', 4290544),
                                         ('write', 4290592),
                                         ('write', 4291192),
                                         ('write', 4291240),
                                         ('write', 4292400),
                                         ('write', 4292460)],
             <Global 0x450284:1 bytes>: [('write', 4289168),
                                         ('write', 4289232)],
             <Global 0x450280:1 bytes>: [('write', 4288728),
                                         ('write', 4288792)],
             <Global 0x45027a:1 bytes>: [('write', 4289108),
                                         ('write', 4289268)],
             <Global 0x45017f:1 bytes>: [('read', 4290532),
                                         ('read', 4290580),
                                         ('read', 4291180),
                                         ('read', 4291228),
                                         ('read', 4292388),
                                         ('read', 4292448)],
             <Global 0x450281:1 bytes>: [('read', 4288712), ('read', 4288776)],
             <Global 0x4501c8:4 bytes>: [('write', 4290228), ('read', 4291620)],
             <Global 0x450276:1 bytes>: [('write', 4288668),
                                         ('write', 4288828)],
             <Global 0x45027b:1 bytes>: [('read', 4289092), ('read', 4289256)],
             <Global 0x450180:1 bytes>: [('write', 4290820),
                                         ('write', 4290868),
                                         ('write', 4292516),
                                         ('write', 4292576)],
             <Global 0x450277:1 bytes>: [('read', 4288652), ('read', 4288816)],
             <Global 0x450190:1 bytes>: [('read', 4288628),
                                         ('write', 4289764),
                                         ('read', 4290412),
                                         ('read', 4290460),
                                         ('read', 4290508),
                                         ('read', 4290604),
                                         ('read', 4290628),
                                         ('read', 4290652)],
             <Global 0x4501b0:1 bytes>: [('read', 4289068),
                                         ('write', 4289876),
                                         ('write', 4290124),
                                         ('read', 4291012),
                                         ('read', 4291060),
                                         ('read', 4291108),
                                         ('read', 4291132),
                                         ('read', 4291156)],
             <Global 0x4501e0:2 bytes>: [('read', 4287256)],
             <Global 0x45028a:2 bytes>: [('read', 4286972)],
             <Global 0x4501c4:4 bytes>: [('write', 4290216),
                                         ('read', 4291588),
                                         ('read', 4291656)],
             <Global 0x450188:1 bytes>: [('write', 4291492),
                                         ('write', 4291540),
                                         ('write', 4292632),
                                         ('write', 4292692)],
             <Global 0x450290:4 bytes>: [('write', 4286836)],
             <Global 0x4501a4:4 bytes>: [('write', 4290056),
                                         ('write', 4290376)],
             <Global 0x4501a8:4 bytes>: [('write', 4290068),
                                         ('write', 4290388)],
             <Global 0x4501a1:1 bytes>: [('read', 4289808),
                                         ('read', 4290032),
                                         ('read', 4290352)],
             <Global 0x450182:1 bytes>: [('read', 4289784), ('read', 4290088)],
             <Global 0x450191:1 bytes>: [('read', 4289752)],
             <Global 0x45017c:1 bytes>: [('read', 4289728),
                                         ('read', 4289952),
                                         ('read', 4290008),
                                         ('read', 4290328)],
             <Global 0x450184:1 bytes>: [('read', 4289840), ('read', 4290168)],
             <Global 0x4501a0:1 bytes>: [('read', 4288848),
                                         ('write', 4289820),
                                         ('write', 4290044),
                                         ('write', 4290364),
                                         ('read', 4290688),
                                         ('read', 4290736),
                                         ('read', 4290784),
                                         ('read', 4290880),
                                         ('read', 4290904)],
             <Global 0x4501d0:1 bytes>: [('read', 4289508),
                                         ('write', 4289988),
                                         ('write', 4290284),
                                         ('read', 4291768),
                                         ('read', 4291816),
                                         ('read', 4291864),
                                         ('read', 4291888)],
             <Global 0x450283:1 bytes>: [('read', 4288932), ('read', 4288996)],
             <Global 0x4501c1:1 bytes>: [('read', 4289920), ('read', 4290192)],
             <Global 0x45018a:1 bytes>: [('write', 4291396),
                                         ('write', 4291444),
                                         ('write', 4292864),
                                         ('write', 4292924)],
             <Global 0x450230:1 bytes>: [('write', 4290664),
                                         ('write', 4291144),
                                         ('read', 4292712)],
             <Global 0x45018c:1 bytes>: [('read', 4289896),
                                         ('read', 4290248),
                                         ('write', 4291692),
                                         ('write', 4291744),
                                         ('write', 4292980),
                                         ('write', 4293040)],
             <Global 0x45027f:1 bytes>: [('read', 4289532), ('read', 4289696)],
             <Global 0x450274:2 bytes>: [('read', 4288608), ('read', 4292344)],
             <Global 0x450158:1 bytes>: [('read', 4286856),
                                         ('read', 4288688),
                                         ('read', 4288752),
                                         ('read', 4288908),
                                         ('read', 4288972),
                                         ('read', 4289128),
                                         ('read', 4289192),
                                         ('read', 4289348),
                                         ('read', 4289412),
                                         ('read', 4289568),
                                         ('read', 4289632)],
             <Global 0x45027e:1 bytes>: [('write', 4289548),
                                         ('write', 4289708)],
             <Global 0x450279:1 bytes>: [('read', 4288872), ('read', 4289036)],
             <Global 0x450282:1 bytes>: [('write', 4288948),
                                         ('write', 4289012)],
             <Global 0x4501d1:1 bytes>: [('read', 4289976), ('read', 4290272)],
             <Global 0x450278:1 bytes>: [('write', 4288888),
                                         ('write', 4289048)],
             <Global 0x4501d4:4 bytes>: [('write', 4290296)],
             <Global 0x4501d2:1 bytes>: [('read', 4291788), ('read', 4291836)],
             <Global 0x4501b2:1 bytes>: [('read', 4291032), ('read', 4291080)],
             <Global 0x450289:1 bytes>: [('read', 4289592), ('read', 4289656)],
             <Global 0x450288:1 bytes>: [('write', 4289608),
                                         ('write', 4289672)],
             <Global 0x45028c:4 bytes>: [('write', 4286832)],
             <Global 0x4501b1:1 bytes>: [('read', 4289864), ('read', 4290112)],
             <Global 0x450192:1 bytes>: [('read', 4290432), ('read', 4290480)],
             <Global 0x45027d:1 bytes>: [('read', 4289312), ('read', 4289476)],
             <Global 0x4501d8:4 bytes>: [('write', 4290308)],
             <Global 0x4501a2:1 bytes>: [('read', 4290708), ('read', 4290756)],
             <Global 0x450286:1 bytes>: [('write', 4289388),
                                         ('write', 4289452)],
             <Global 0x450287:1 bytes>: [('read', 4289372), ('read', 4289436)],
             <Global 0x45027c:1 bytes>: [('write', 4289328),
                                         ('write', 4289488)]})
----------------------------------------
State variable candidate <Global 0x450190:1 bytes>,  offset = 0x14
State variable candidate <Global 0x4501a0:1 bytes>,  offset = 0x24
State variable candidate <Global 0x4501b0:1 bytes>,  offset = 0x34
State variable candidate <Global 0x4501c0:1 bytes>,  offset = 0x44
State variable candidate <Global 0x4501d0:1 bytes>,  offset = 0x54
State variable candidate <Global 0x45018c:1 bytes>,  offset = 0x10
