… Elap… Ti… Analysis (Stage 1) | 970 funcs, 23522 blocks | 0/309 IJs | 423.14 MB…
[timing]   _set_function_graph took 2.116679 milliseconds.
[timing]   _remove_alignment_blocks took 0.199120 milliseconds.
[timing]   _recover_calling_conventions took 60.529996 milliseconds.
[timing]   _convert_all took 134.383354 milliseconds.
[timing]   _make_ailgraph took 2.139145 milliseconds.
[timing]     SwitchDefaultCaseDuplicator took 0.038008 milliseconds.
[timing]     SwitchReusedEntryRewriter took 0.020575 milliseconds.
[timing]   _run_simplification_passes took 0.246384 milliseconds.
[timing]   _replace_single_target_indirect_transitions took 0.098305 milliseconds.
[timing]   _replace_tail_jumps_with_calls took 0.096078 milliseconds.
[timing]   _fix_special_call_calling_conventions took 0.048076 milliseconds.
[timing]   _run_simplification_passes took 0.091804 milliseconds.
[timing]   _make_argument_list took 0.036392 milliseconds.
[timing]   _create_function_argument_vvars took 0.013550 milliseconds.
[timing]   _transform_to_ssa_level0 took 75.277610 milliseconds.
[timing]       _compute_propagation took 83.200923 milliseconds.
[timing]     _simplify_function_once took 169.196791 milliseconds.
[timing]   _simplify_function took 169.212386 milliseconds.
[timing]   _track_stack_pointers took 418.853810 milliseconds.
[timing]   _simplify_blocks took 1.103376 seconds (1103.375953 milliseconds).
[timing]     RegisterSaveAreaSimplifier took 0.181846 milliseconds.
[timing]     ConstantDereferencesSimplifier took 2.588341 milliseconds.
[timing]       _find_const_conditions took 0.197506 milliseconds.
[timing]       _analyze took 23.384060 milliseconds.
[timing]     ConditionConstantPropagation took 23.632650 milliseconds.
[timing]   _run_simplification_passes took 26.563865 milliseconds.
[timing]       _compute_propagation took 31.880825 milliseconds.
[timing]         _remove_dead_assignments took 40.386064 milliseconds.
[timing]         _remove_dead_assignments took 22.187948 milliseconds.
[timing]         _remove_dead_assignments took 21.294058 milliseconds.
[timing]         _remove_dead_assignments took 19.615844 milliseconds.
[timing]       _iteratively_remove_dead_assignments took 107.141280 milliseconds.
[timing]         _remove_dead_assignments took 19.801062 milliseconds.
[timing]         _remove_dead_assignments took 19.044653 milliseconds.
[timing]       _iteratively_remove_dead_assignments took 38.985826 milliseconds.
[timing]     _simplify_function_once took 266.783861 milliseconds.
[timing]       _compute_propagation took 9.909468 milliseconds.
[timing]         _remove_dead_assignments took 3.940144 milliseconds.
[timing]         _remove_dead_assignments took 17.884270 milliseconds.
[timing]       _iteratively_remove_dead_assignments took 22.962369 milliseconds.
[timing]         _remove_dead_assignments took 0.704212 milliseconds.
[timing]       _iteratively_remove_dead_assignments took 0.710562 milliseconds.
[timing]     _simplify_function_once took 60.850421 milliseconds.
[timing]       _compute_propagation took 7.885344 milliseconds.
[timing]         _remove_dead_assignments took 2.230764 milliseconds.
[timing]         _remove_dead_assignments took 17.282623 milliseconds.
[timing]       _iteratively_remove_dead_assignments took 20.575471 milliseconds.
[timing]         _remove_dead_assignments took 0.624248 milliseconds.
[timing]       _iteratively_remove_dead_assignments took 0.630175 milliseconds.
[timing]     _simplify_function_once took 53.571059 milliseconds.
[timing]       _compute_propagation took 6.288835 milliseconds.
[timing]         _remove_dead_assignments took 0.972749 milliseconds.
[timing]         _remove_dead_assignments took 17.285493 milliseconds.
[timing]       _iteratively_remove_dead_assignments took 18.455557 milliseconds.
[timing]         _remove_dead_assignments took 0.610632 milliseconds.
[timing]       _iteratively_remove_dead_assignments took 0.616950 milliseconds.
[timing]     _simplify_function_once took 45.470433 milliseconds.
[timing]       _compute_propagation took 5.652953 milliseconds.
[timing]         _remove_dead_assignments took 0.613242 milliseconds.
[timing]       _iteratively_remove_dead_assignments took 0.619378 milliseconds.
[timing]         _remove_dead_assignments took 0.602984 milliseconds.
[timing]       _iteratively_remove_dead_assignments took 0.607932 milliseconds.
[timing]     _simplify_function_once took 25.468566 milliseconds.
[timing]   _simplify_function took 452.169534 milliseconds.
[timing]   _simplify_blocks took 92.205231 milliseconds.
[timing]   _run_simplification_passes took 0.095462 milliseconds.
[timing]   _transform_to_ssa_level1 took 26.237664 milliseconds.
[timing]     RegisterSaveAreaSimplifierAdvanced took 10.778231 milliseconds.
[timing]   _run_simplification_passes took 10.965214 milliseconds.
[timing]   _make_callsites took 19.614694 milliseconds.
[timing]     CallStatementRewriter took 0.262044 milliseconds.
[timing]   _run_simplification_passes took 0.370326 milliseconds.
[timing]         _remove_dead_assignments took 12.648854 milliseconds.
[timing]         _remove_dead_assignments took 9.843508 milliseconds.
[timing]         _remove_dead_assignments took 8.858319 milliseconds.
[timing]       _iteratively_remove_dead_assignments took 31.826468 milliseconds.
[timing]       _narrow_exprs took 3.383681 milliseconds.
[timing]       _compute_propagation took 6.247554 milliseconds.
[timing]         _remove_dead_assignments took 1.335131 milliseconds.
[timing]         _remove_dead_assignments took 7.285990 milliseconds.
[timing]       _iteratively_remove_dead_assignments took 9.043553 milliseconds.
[timing]         _remove_dead_assignments took 0.677408 milliseconds.
[timing]       _iteratively_remove_dead_assignments took 0.683088 milliseconds.
[timing]         _compute_equivalence took 0.860378 milliseconds.
[timing]       _unify_local_variables took 1.848283 milliseconds.
[timing]         _compute_equivalence took 0.509990 milliseconds.
[timing]       _fold_call_exprs took 7.569888 milliseconds.
[timing]         _remove_dead_assignments took 7.501759 milliseconds.
[timing]         _remove_dead_assignments took 6.940833 milliseconds.
[timing]       _iteratively_remove_dead_assignments took 14.643813 milliseconds.
[timing]     _simplify_function_once took 87.556992 milliseconds.
[timing]       _compute_propagation took 5.381519 milliseconds.
[timing]         _remove_dead_assignments took 0.979247 milliseconds.
[timing]         _remove_dead_assignments took 6.805486 milliseconds.
[timing]       _iteratively_remove_dead_assignments took 8.035912 milliseconds.
[timing]         _remove_dead_assignments took 0.636157 milliseconds.
[timing]       _iteratively_remove_dead_assignments took 0.641990 milliseconds.
[timing]         _compute_equivalence took 0.553351 milliseconds.
[timing]       _unify_local_variables took 0.991791 milliseconds.
[timing]         _compute_equivalence took 0.409931 milliseconds.
[timing]       _fold_call_exprs took 0.452709 milliseconds.
[timing]         _remove_dead_assignments took 0.631355 milliseconds.
[timing]       _iteratively_remove_dead_assignments took 0.635054 milliseconds.
[timing]     _simplify_function_once took 24.816931 milliseconds.
[timing]       _compute_propagation took 5.185788 milliseconds.
[timing]         _remove_dead_assignments took 0.696399 milliseconds.
[timing]       _iteratively_remove_dead_assignments took 0.702345 milliseconds.
[timing]         _remove_dead_assignments took 0.641980 milliseconds.
[timing]       _iteratively_remove_dead_assignments took 0.647679 milliseconds.
[timing]         _compute_equivalence took 0.435972 milliseconds.
[timing]       _unify_local_variables took 0.858145 milliseconds.
[timing]         _compute_equivalence took 0.422037 milliseconds.
[timing]       _fold_call_exprs took 0.464860 milliseconds.
[timing]         _remove_dead_assignments took 0.637920 milliseconds.
[timing]       _iteratively_remove_dead_assignments took 0.641609 milliseconds.
[timing]     _simplify_function_once took 16.143385 milliseconds.
[timing]   _simplify_function took 128.529348 milliseconds.
[timing]   _simplify_blocks took 57.503723 milliseconds.
[timing]     StackCanarySimplifier took 0.034694 milliseconds.
[timing]     BasePointerSaveSimplifier took 0.071800 milliseconds.
[timing]     ITERegionConverter took 4.235169 milliseconds.
[timing]     ReturnDuplicatorHigh took 40.959870 milliseconds.
[timing]     InlinedStringTransformationSimplifier took 0.195936 milliseconds.
[timing]     InlinedStrlenSimplifier took 0.267348 milliseconds.
[timing]     DetermineLoadSizes took 0.221919 milliseconds.
[timing]   _run_simplification_passes took 47.482124 milliseconds.
[timing]         _remove_dead_assignments took 7.490342 milliseconds.
[timing]         _remove_dead_assignments took 6.714033 milliseconds.
[timing]         _remove_dead_assignments took 6.573011 milliseconds.
[timing]       _iteratively_remove_dead_assignments took 20.996228 milliseconds.
[timing]       _narrow_exprs took 0.917176 milliseconds.
[timing]       _compute_propagation took 4.637445 milliseconds.
[timing]         _remove_dead_assignments took 0.593981 milliseconds.
[timing]       _iteratively_remove_dead_assignments took 0.599187 milliseconds.
[timing]         _remove_dead_assignments took 0.582444 milliseconds.
[timing]       _iteratively_remove_dead_assignments took 0.590807 milliseconds.
[timing]         _compute_equivalence took 0.418791 milliseconds.
[timing]       _unify_local_variables took 1.393493 milliseconds.
[timing]         _compute_equivalence took 0.402594 milliseconds.
[timing]       _fold_call_exprs took 0.444002 milliseconds.
[timing]         _remove_dead_assignments took 6.687411 milliseconds.
[timing]         _remove_dead_assignments took 6.754929 milliseconds.
[timing]       _iteratively_remove_dead_assignments took 13.567951 milliseconds.
[timing]     _simplify_function_once took 45.093110 milliseconds.
[timing]       _compute_propagation took 4.348666 milliseconds.
[timing]         _remove_dead_assignments took 0.581222 milliseconds.
[timing]       _iteratively_remove_dead_assignments took 0.587117 milliseconds.
[timing]         _remove_dead_assignments took 0.660394 milliseconds.
[timing]       _iteratively_remove_dead_assignments took 0.665767 milliseconds.
[timing]         _compute_equivalence took 0.409618 milliseconds.
[timing]       _unify_local_variables took 0.834263 milliseconds.
[timing]         _compute_equivalence took 0.398416 milliseconds.
[timing]       _fold_call_exprs took 0.432381 milliseconds.
[timing]         _remove_dead_assignments took 0.571564 milliseconds.
[timing]       _iteratively_remove_dead_assignments took 0.575270 milliseconds.
[timing]     _simplify_function_once took 15.254308 milliseconds.
[timing]   _simplify_function took 60.356844 milliseconds.
[timing]   _simplify_blocks took 55.446364 milliseconds.
[timing]         _remove_dead_assignments took 6.850489 milliseconds.
[timing]       _iteratively_remove_dead_assignments took 6.857428 milliseconds.
[timing]       _narrow_exprs took 0.795690 milliseconds.
[timing]       _compute_propagation took 4.621917 milliseconds.
[timing]         _remove_dead_assignments took 0.585163 milliseconds.
[timing]       _iteratively_remove_dead_assignments took 0.591031 milliseconds.
[timing]         _remove_dead_assignments took 0.564342 milliseconds.
[timing]       _iteratively_remove_dead_assignments took 0.570304 milliseconds.
[timing]         _compute_equivalence took 0.408510 milliseconds.
[timing]       _unify_local_variables took 0.833604 milliseconds.
[timing]         _compute_equivalence took 0.396101 milliseconds.
[timing]       _fold_call_exprs took 0.429270 milliseconds.
[timing]         _remove_dead_assignments took 0.576375 milliseconds.
[timing]       _iteratively_remove_dead_assignments took 0.580071 milliseconds.
[timing]     _simplify_function_once took 17.026165 milliseconds.
[timing]   _simplify_function took 17.032154 milliseconds.
[timing]     EagerStdStringConcatenationPass took 0.041631 milliseconds.
[timing]   _run_simplification_passes took 0.152991 milliseconds.
[timing]   _collect_dephi_vvar_mapping_and_rewrite_blocks took 36.301128 milliseconds.
[timing]   _recover_and_link_variables took 524.496238 milliseconds.
[timing]   _run_simplification_passes took 0.087667 milliseconds.
[timing]   _make_function_prototype took 0.016230 milliseconds.
[timing]   remove_empty_nodes took 0.022735 milliseconds.
[timing]     DeadblockRemover took 0.012457 milliseconds.
[timing]   _run_graph_simplification_passes took 0.119491 milliseconds.
[timing]     ITEExprConverter took 0.010489 milliseconds.
[timing]     LoweredSwitchSimplifier took 3.869467 milliseconds.
[timing]     ReturnDuplicatorLow took 165.565204 milliseconds.
[timing]     ReturnDeduplicator took 4.483946 milliseconds.
[timing]   _run_region_simplification_passes took 205.508577 milliseconds.
[timing]     ExprOpSwapper took 0.006000 milliseconds.
[timing]     FlipBooleanCmp took 0.308558 milliseconds.
[timing]     PostStructuringPeepholeOptimizationPass took 38.969450 milliseconds.
[timing]   _run_post_structuring_simplification_passes took 39.341598 milliseconds.
[timing] _decompile took 4.327019 seconds (4327.018627 milliseconds).
extern char RES0__INSTANCE0;
extern unsigned long long __CURRENT_TIME;
extern char __DEBUG;
extern unsigned long long g_42b328;
extern unsigned short g_43b5c2;
extern char g_43b5c4;
extern char g_43b5c5;
extern char g_43b5c6;
extern char g_43b5c8;
extern char g_43b5ca;
extern char g_43b5cb;
extern unsigned short g_43b5cc;
extern char g_43b5ce;
extern char g_43b5cf;
extern char g_43b5d0;
extern char g_43b5d1;
extern char g_43b5d8[4];
extern char g_43b5d9;
extern struct_0 *g_43b5da;
extern unsigned long long g_43b5e0[4];
extern unsigned long long g_43b5e8[4];
extern char g_43b5f8;
extern char g_43b5f9;
extern char g_43b5fa;
extern unsigned long long g_43b600;
extern unsigned long long g_43b608;
extern char g_43b618;
extern char g_43b619;
extern char g_43b61a;
extern unsigned long long g_43b620;
extern unsigned long long g_43b628;
extern char g_43b638;
extern char g_43b639;
extern char g_43b63a;
extern unsigned long long g_43b640;
extern unsigned long long g_43b648;
extern char g_43b658;
extern char g_43b659;
extern char g_43b65a;
extern unsigned long long g_43b660;
extern unsigned long long g_43b668;
extern unsigned short g_43b678;
extern char g_43b680[4];
extern char g_43b681[4];
extern char g_43b682[4];
extern char g_43b683[4];
extern char g_43b684[4];
extern unsigned long long g_43b688[4];
extern unsigned long long g_43b690[4];
extern unsigned long long g_43b698[4];
extern unsigned long long g_43b6a0[4];
extern char g_43b6ab;
extern char g_43b6ac;
extern char g_43b6d3;
extern char g_43b6d4;
extern char g_43b6fb;
extern char g_43b6fc;
extern char g_43b723;
extern char g_43b724;
extern char g_43b74b;
extern char g_43b74c;
extern unsigned short g_43b770;
extern char g_43b772;
extern char g_43b773;
extern char g_43b774;
extern char g_43b775;
extern char g_43b776;
extern char g_43b777;
extern char g_43b778;
extern char g_43b779;
extern char g_43b77a;
extern char g_43b77b;
extern char g_43b77c;
extern char g_43b77d;
extern char g_43b77e;
extern char g_43b77f;
extern char g_43b780;
extern char g_43b781;
extern char g_43b782;
extern char g_43b783;
extern char g_43b784;
extern char g_43b785;
extern unsigned short g_43b786;
extern unsigned long long g_43b788;
extern unsigned long long g_43b790;

void LAMP_body__(unsigned long long a0)
{
    unsigned long long v0;  // [bp-0x158]
    void* v1;  // [bp-0x150]
    unsigned long long v2;  // [bp-0x148]
    void* v3;  // [bp-0x140]
    unsigned long long v4;  // [bp-0x138]
    void* v5;  // [bp-0x130]
    void* v6;  // [bp-0x128]
    void* v7;  // [bp-0x120]
    void* v8;  // [bp-0x118]
    void* v9;  // [bp-0x110]
    void* v10;  // [bp-0x108]
    void* v11;  // [bp-0x100]
    void* v12;  // [bp-0xf8]
    void* v13;  // [bp-0xf0]
    void* v14;  // [bp-0xe8]
    void* v15;  // [bp-0xe0]
    void* v16;  // [bp-0xd8]
    void* v17;  // [bp-0xd0]
    void* v18;  // [bp-0xc8]
    void* v19;  // [bp-0xc0]
    void* v20;  // [bp-0xb8]
    void* v21;  // [bp-0xb0]
    void* v22;  // [bp-0xa8]
    void* v23;  // [bp-0xa0]
    void* v24;  // [bp-0x98]
    void* v25;  // [bp-0x90]
    void* v26;  // [bp-0x88]
    void* v27;  // [bp-0x80]
    unsigned long long v28;  // [bp-0x70]
    char v29;  // [bp-0x59]
    char v30;  // [bp-0x58]
    char v31;  // [bp-0x57]
    char v32;  // [bp-0x56]
    char v33;  // [bp-0x55]
    char v34;  // [bp-0x54]
    char v35;  // [bp-0x53]
    char v36;  // [bp-0x52]
    char v37;  // [bp-0x51]
    char v38;  // [bp-0x50]
    char v39;  // [bp-0x4f]
    char v40;  // [bp-0x4e]
    char v41;  // [bp-0x4d]
    char v42;  // [bp-0x4c]
    char v43;  // [bp-0x4b]
    unsigned short v44;  // [bp-0x4a]
    unsigned long long v45;  // [bp-0x48]
    unsigned long v46;  // [bp-0x38]
    unsigned long v47;  // [bp-0x30]
    unsigned long v49;  // r12
    unsigned long v50;  // rdx
    char v51;  // al
    unsigned long v52;  // r12
    char v53;  // al
    char v54;  // al
    unsigned long v55;  // r12
    char v56;  // al
    char v57;  // al
    char v58;  // al
    char v59;  // al
    char v60;  // al
    char v61;  // al
    char v62;  // al
    char v63;  // al
    char v64;  // al
    char v65;  // al
    char v66;  // al

    v28 = a0;
    v46 = __CURRENT_TIME;
    v47 = g_42b328;
    v45 = ::0x41b3f4::__time_sub(v46, v47, g_43b788, g_43b790);
    g_43b788 = v46;
    g_43b790 = v47;
    if (__DEBUG)
    {
        for (v44 = 0; v44 < g_43b786; v44 += 1)
        {
            *((short *)&(&RES0__INSTANCE0)[434 + 2 * v44]) = *((short *)&(&RES0__INSTANCE0)[444 + 2 * v44]);
        }
    }
    for (v44 = 0; v44 < g_43b678; v44 += 1)
    {
        *((char *)&(&g_43b5da)[4 * v44]) = g_43b5d8[32 * v44];
        if (g_43b5d8[32 * v44])
        {
            v49 = &(&g_43b5d0)[32 * v44];
            *((unsigned long long *)(v49 + 16)) = ::0x41b376::__time_add(g_43b5e0[4 * v44], g_43b5e8[4 * v44], v45, v50);
            *((unsigned long *)(v49 + 24)) = v50;
        }
    }
    for (v44 = 0; v44 < g_43b770; v44 += 1)
    {
        if (!(g_43b682[40 * v44] & 2))
            g_43b681[40 * v44] = 0;
        g_43b683[40 * v44] = 0;
        g_43b684[40 * v44] = 0;
        if (!g_43b688[5 * v44])
        {
            v26 = 0;
            v27 = 0;
            v51 = g_43b690[5 * v44] - v27 > 0;
        }
        else
        {
            v24 = 0;
            v25 = 0;
            v51 = g_43b688[5 * v44] - v24 > 0;
        }
        if (v51)
        {
            v52 = &g_43b680[40 * v44];
            *((unsigned long long *)(v52 + 8)) = ::0x41b3f4::__time_sub(g_43b688[5 * v44], g_43b690[5 * v44], v45, v50);
            *((unsigned long *)(v52 + 16)) = v50;
            v22 = 0;
            v23 = 0;
            if (v22 == g_43b688[5 * v44])
            {
                v20 = 0;
                v21 = 0;
                v53 = g_43b690[5 * v44] - v21 <= 0;
            }
            else
            {
                v18 = 0;
                v19 = 0;
                v53 = g_43b688[5 * v44] - v18 <= 0;
            }
            if (v53)
            {
                g_43b688[5 * v44] = 0;
                g_43b690[5 * v44] = 0;
                g_43b683[40 * v44] = 1;
            }
        }
        v16 = 0;
        v17 = 0;
        if (v16 == g_43b698[5 * v44])
        {
            v14 = 0;
            v15 = 0;
            v54 = g_43b6a0[5 * v44] - v15 > 0;
        }
        else
        {
            v12 = 0;
            v13 = 0;
            v54 = g_43b698[5 * v44] - v12 > 0;
        }
        if (v54)
        {
            v55 = &g_43b690[5 * v44];
            *((unsigned long long *)(v55 + 8)) = ::0x41b3f4::__time_sub(g_43b698[5 * v44], g_43b6a0[5 * v44], v45, v50);
            *((unsigned long *)(v55 + 16)) = v50;
            v10 = 0;
            v11 = 0;
            if (v10 == g_43b698[5 * v44])
            {
                v8 = 0;
                v9 = 0;
                v56 = g_43b6a0[5 * v44] - v9 <= 0;
            }
            else
            {
                v6 = 0;
                v7 = 0;
                v56 = g_43b698[5 * v44] - v6 <= 0;
            }
            if (v56)
            {
                g_43b698[5 * v44] = 0;
                g_43b6a0[5 * v44] = 0;
                g_43b684[40 * v44] = 1;
            }
        }
    }
    if ((char)g_43b5d8)
    {
        if (!(g_43b773 & 2))
            g_43b772 = RES0__INSTANCE0;
        if (__DEBUG && !(g_43b77d & 2))
            g_43b77c = g_43b772;
    }
    else
    {
        if (__DEBUG && !(g_43b77d & 2))
            g_43b77c = RES0__INSTANCE0;
        if (!(g_43b773 & 2))
            g_43b772 = 0;
    }
    if (g_43b5f8)
    {
        if (!(g_43b775 & 2))
            g_43b774 = g_43b5c6;
        if (__DEBUG && !(g_43b77f & 2))
            g_43b77e = g_43b774;
    }
    else
    {
        if (__DEBUG && !(g_43b77f & 2))
            g_43b77e = g_43b5c6;
        if (!(g_43b775 & 2))
            g_43b774 = 0;
    }
    if (g_43b618)
    {
        if (!(g_43b777 & 2))
            g_43b776 = g_43b5c8;
        if (__DEBUG && !(g_43b781 & 2))
            g_43b780 = g_43b776;
    }
    else
    {
        if (__DEBUG && !(g_43b781 & 2))
            g_43b780 = g_43b5c8;
        if (!(g_43b777 & 2))
            g_43b776 = 0;
    }
    if (g_43b638)
    {
        if (!(g_43b779 & 2))
            g_43b778 = g_43b5d0;
        if (__DEBUG && !(g_43b783 & 2))
            g_43b782 = g_43b778;
    }
    else
    {
        if (__DEBUG && !(g_43b783 & 2))
            g_43b782 = g_43b5d0;
        if (!(g_43b779 & 2))
            g_43b778 = 0;
    }
    if (g_43b658)
    {
        if (!(g_43b77b & 2))
            g_43b77a = RES0__INSTANCE0;
        if (__DEBUG && !(g_43b785 & 2))
            g_43b784 = g_43b77a;
    }
    else
    {
        if (__DEBUG && !(g_43b785 & 2))
            g_43b784 = RES0__INSTANCE0;
        if (!(g_43b77b & 2))
            g_43b77a = 0;
    }
    if (g_43b772 && !(g_43b5d9 & 2))
        g_43b5d8[0] = 0;
    if (g_43b774 && !(g_43b5f9 & 2))
        g_43b5f8 = 0;
    if (g_43b776 && !(g_43b619 & 2))
        g_43b618 = 0;
    if (g_43b778 && !(g_43b639 & 2))
        g_43b638 = 0;
    if (g_43b77a && !(g_43b659 & 2))
        g_43b658 = 0;
    if (g_43b772)
    {
        if (!(g_43b5f9 & 2))
            g_43b5f8 = 1;
        g_43b600 = 0;
        g_43b608 = 0;
    }
    if (g_43b774)
    {
        if (!(g_43b619 & 2))
            g_43b618 = 1;
        g_43b620 = 0;
        g_43b628 = 0;
    }
    if (g_43b776)
    {
        if (!(g_43b639 & 2))
            g_43b638 = 1;
        g_43b640 = 0;
        g_43b648 = 0;
    }
    if (g_43b778)
    {
        if (!(g_43b659 & 2))
            g_43b658 = 1;
        g_43b660 = 0;
        g_43b668 = 0;
    }
    if (g_43b77a)
    {
        if (!(g_43b5f9 & 2))
            g_43b5f8 = 1;
        g_43b600 = 0;
        g_43b608 = 0;
    }
    v29 = (char)g_43b5d8;
    if (v29 && !(char)g_43b5da)
        v57 = 1;
    else
        v57 = 0;
    v30 = v57;
    if (!v29 && (char)g_43b5da)
        v58 = 1;
    else
        v58 = 0;
    v31 = v58;
    if (v29 && !((char)g_43b5c2 & 2))
        *((char *)&g_43b5c2) = 1;
    if (v31 && !((char)g_43b5c2 & 2))
        *((char *)&g_43b5c2) = 0;
    if (v29)
        g_43b6ac = 1;
    if (v29)
        g_43b6d4 = 1;
    if (v29)
        g_43b6fc = 1;
    v32 = g_43b5f8;
    if (v32 && !g_43b5fa)
        v59 = 1;
    else
        v59 = 0;
    v33 = v59;
    if (!v32 && g_43b5fa)
        v60 = 1;
    else
        v60 = 0;
    v34 = v60;
    if (v32 && !(g_43b5c5 & 2))
        g_43b5c4 = 1;
    if (v34 && !(g_43b5c5 & 2))
        g_43b5c4 = 0;
    if (v32)
        g_43b684[0] = 1;
    if (v32 && !(g_43b5cb & 2))
        g_43b5ca = 1;
    if (v34 && !(g_43b5cb & 2))
        g_43b5ca = 0;
    v35 = g_43b618;
    if (v35 && !g_43b61a)
        v61 = 1;
    else
        v61 = 0;
    v36 = v61;
    if (!v35 && g_43b61a)
        v62 = 1;
    else
        v62 = 0;
    v37 = v62;
    if (v35)
        g_43b6ac = 1;
    if (v35)
        g_43b6fc = 1;
    if (v35 && !((char)g_43b5c2 & 2))
        *((char *)&g_43b5c2) = 1;
    if (v37 && !((char)g_43b5c2 & 2))
        *((char *)&g_43b5c2) = 0;
    v38 = g_43b638;
    if (v38 && !g_43b63a)
        v63 = 1;
    else
        v63 = 0;
    v39 = v63;
    if (!v38 && g_43b63a)
        v64 = 1;
    else
        v64 = 0;
    v40 = v64;
    if (v38 && !(g_43b5cf & 2))
        g_43b5ce = 1;
    if (v40 && !(g_43b5cf & 2))
        g_43b5ce = 0;
    if (v38 && !((char)g_43b5cc & 2))
        *((char *)&g_43b5cc) = 1;
    if (v40 && !((char)g_43b5cc & 2))
        *((char *)&g_43b5cc) = 0;
    if (v38)
    {
        v4 = 25;
        v5 = 0;
        if (v4 == g_43b640)
        {
            v2 = 25;
            v3 = 0;
            if (g_43b648 - v3 >= 0)
                goto LABEL_424833;
        }
        else
        {
            v0 = 25;
            v1 = 0;
            if (g_43b640 - v0 >= 0)
            {
LABEL_424833:
                if (!(g_43b5d1 & 2))
                {
                    g_43b5d0 = 1;
                    goto LABEL_42486f;
                }
            }
        }
    }
    if (v40 && !(g_43b5d1 & 2))
        g_43b5d0 = 0;
LABEL_42486f:
    v41 = g_43b658;
    if (v41 && !g_43b65a)
        v65 = 1;
    else
        v65 = 0;
    v42 = v65;
    if (!v41 && g_43b65a)
        v66 = 1;
    else
        v66 = 0;
    v43 = v66;
    if (v41)
        g_43b724 = 1;
    if (v41)
        g_43b6d4 = 1;
    for (v44 = 0; v44 < g_43b770; v44 += 1)
    {
        if (g_43b683[40 * v44])
        {
            g_43b688[5 * v44] = 0;
            g_43b690[5 * v44] = 0;
            g_43b680[40 * v44] = 1;
        }
        if (g_43b684[40 * v44])
        {
            g_43b698[5 * v44] = 0;
            g_43b6a0[5 * v44] = 0;
            g_43b680[40 * v44] = 0;
        }
        if (!(g_43b682[40 * v44] & 2))
            g_43b681[40 * v44] = g_43b681[40 * v44] | g_43b680[40 * v44];
    }
    if ((char)g_43b684)
    {
        if (!((char)g_43b5c2 & 2))
            *((char *)&g_43b5c2) = 0;
    }
    else
    {
        if ((char)g_43b683 && !((char)g_43b5c2 & 2))
            *((char *)&g_43b5c2) = 1;
    }
    if (g_43b6ac)
    {
        if (!(g_43b5c5 & 2))
            g_43b5c4 = 0;
    }
    else
    {
        if (g_43b6ab && !(g_43b5c5 & 2))
            g_43b5c4 = 1;
    }
    if (g_43b6d4)
    {
        if (!((char)g_43b5cc & 2))
            *((char *)&g_43b5cc) = 0;
    }
    else
    {
        if (g_43b6d3 && !((char)g_43b5cc & 2))
            *((char *)&g_43b5cc) = 1;
    }
    if (g_43b6fc)
    {
        if (!(g_43b5cb & 2))
            g_43b5ca = 0;
    }
    else
    {
        if (g_43b6fb && !(g_43b5cb & 2))
            g_43b5ca = 1;
    }
    if (g_43b724)
    {
        if (!(g_43b5cf & 2))
            g_43b5ce = 0;
    }
    else
    {
        if (g_43b723 && !(g_43b5cf & 2))
            g_43b5ce = 1;
    }
    if (g_43b74c)
    {
        if (!(g_43b5d1 & 2))
            g_43b5d0 = 0;
    }
    else
    {
        if (g_43b74b && !(g_43b5d1 & 2))
            g_43b5d0 = 1;
    }
    return;
}

[CmpEQ(Load(addr=0x42b330<64>, size=1, endness=Iend_LE), 0x0<8>), CmpLT (signed)(Conv(16I->32I, vvar_2240{s-74|2b}), Conv(16I->32I, Load(addr=0x43b786<64>, size=2, endness=Iend_LE))), CmpLT (signed)(Conv(16I->32I, vvar_2239{s-74|2b}), Conv(16I->32I, Load(addr=0x43b678<64>, size=2, endness=Iend_LE))), CmpEQ(Load(addr=((Conv(16I->64I, vvar_2239{s-74|2b}) * 0x20<64>) + 0x43b5d8<64>), size=1, endness=Iend_LE), 0x0<8>), CmpLT (signed)(Conv(16I->32I, vvar_2242{s-74|2b}), Conv(16I->32I, Load(addr=0x43b770<64>, size=2, endness=Iend_LE))), CmpEQ((Load(addr=((Conv(16I->64I, vvar_2242{s-74|2b}) * 0x28<64>) + 0x43b682<64>), size=1, endness=Iend_LE) & 0x2<8>), 0x0<8>), CmpEQ(0x0<64>, Load(addr=((Conv(16I->64I, vvar_2242{s-74|2b}) * 0x28<64>) + 0x43b688<64>), size=8, endness=Iend_LE)), CmpEQ(vvar_75{r16|1b}, 0x0<8>), CmpEQ(vvar_2303{s-168|8b}, Load(addr=((Conv(16I->64I, vvar_2242{s-74|2b}) * 0x28<64>) + 0x43b688<64>), size=8, endness=Iend_LE)), CmpEQ(vvar_130{r16|1b}, 0x0<8>), CmpEQ(vvar_2309{s-216|8b}, Load(addr=((Conv(16I->64I, vvar_2242{s-74|2b}) * 0x28<64>) + 0x43b698<64>), size=8, endness=Iend_LE)), CmpEQ(vvar_106{r16|1b}, 0x0<8>), CmpEQ(vvar_2316{s-264|8b}, Load(addr=((Conv(16I->64I, vvar_2242{s-74|2b}) * 0x28<64>) + 0x43b698<64>), size=8, endness=Iend_LE)), CmpEQ(vvar_149{r16|1b}, 0x0<8>), CmpEQ(Load(addr=0x43b5d8<64>, size=1, endness=Iend_LE), 0x0<8>), CmpEQ((Load(addr=0x43b773<64>, size=1, endness=Iend_LE) & 0x2<8>), 0x0<8>), CmpEQ(Load(addr=0x42b330<64>, size=1, endness=Iend_LE), 0x0<8>), CmpEQ((Load(addr=0x43b77d<64>, size=1, endness=Iend_LE) & 0x2<8>), 0x0<8>), CmpEQ(Load(addr=0x42b330<64>, size=1, endness=Iend_LE), 0x0<8>), CmpEQ((Load(addr=0x43b77d<64>, size=1, endness=Iend_LE) & 0x2<8>), 0x0<8>), CmpEQ((Load(addr=0x43b773<64>, size=1, endness=Iend_LE) & 0x2<8>), 0x0<8>), CmpEQ(Load(addr=0x43b5f8<64>, size=1, endness=Iend_LE), 0x0<8>), CmpEQ((Load(addr=0x43b775<64>, size=1, endness=Iend_LE) & 0x2<8>), 0x0<8>), CmpEQ(Load(addr=0x42b330<64>, size=1, endness=Iend_LE), 0x0<8>), CmpEQ((Load(addr=0x43b77f<64>, size=1, endness=Iend_LE) & 0x2<8>), 0x0<8>), CmpEQ(Load(addr=0x42b330<64>, size=1, endness=Iend_LE), 0x0<8>), CmpEQ((Load(addr=0x43b77f<64>, size=1, endness=Iend_LE) & 0x2<8>), 0x0<8>), CmpEQ((Load(addr=0x43b775<64>, size=1, endness=Iend_LE) & 0x2<8>), 0x0<8>), CmpEQ(Load(addr=0x43b618<64>, size=1, endness=Iend_LE), 0x0<8>), CmpEQ((Load(addr=0x43b777<64>, size=1, endness=Iend_LE) & 0x2<8>), 0x0<8>), CmpEQ(Load(addr=0x42b330<64>, size=1, endness=Iend_LE), 0x0<8>), CmpEQ((Load(addr=0x43b781<64>, size=1, endness=Iend_LE) & 0x2<8>), 0x0<8>), CmpEQ(Load(addr=0x42b330<64>, size=1, endness=Iend_LE), 0x0<8>), CmpEQ((Load(addr=0x43b781<64>, size=1, endness=Iend_LE) & 0x2<8>), 0x0<8>), CmpEQ((Load(addr=0x43b777<64>, size=1, endness=Iend_LE) & 0x2<8>), 0x0<8>), CmpEQ(Load(addr=0x43b638<64>, size=1, endness=Iend_LE), 0x0<8>), CmpEQ((Load(addr=0x43b779<64>, size=1, endness=Iend_LE) & 0x2<8>), 0x0<8>), CmpEQ(Load(addr=0x42b330<64>, size=1, endness=Iend_LE), 0x0<8>), CmpEQ((Load(addr=0x43b783<64>, size=1, endness=Iend_LE) & 0x2<8>), 0x0<8>), CmpEQ(Load(addr=0x42b330<64>, size=1, endness=Iend_LE), 0x0<8>), CmpEQ((Load(addr=0x43b783<64>, size=1, endness=Iend_LE) & 0x2<8>), 0x0<8>), CmpEQ((Load(addr=0x43b779<64>, size=1, endness=Iend_LE) & 0x2<8>), 0x0<8>), CmpEQ(Load(addr=0x43b658<64>, size=1, endness=Iend_LE), 0x0<8>), CmpEQ((Load(addr=0x43b77b<64>, size=1, endness=Iend_LE) & 0x2<8>), 0x0<8>), CmpEQ(Load(addr=0x42b330<64>, size=1, endness=Iend_LE), 0x0<8>), CmpEQ((Load(addr=0x43b785<64>, size=1, endness=Iend_LE) & 0x2<8>), 0x0<8>), CmpEQ(Load(addr=0x42b330<64>, size=1, endness=Iend_LE), 0x0<8>), CmpEQ((Load(addr=0x43b785<64>, size=1, endness=Iend_LE) & 0x2<8>), 0x0<8>), CmpEQ((Load(addr=0x43b77b<64>, size=1, endness=Iend_LE) & 0x2<8>), 0x0<8>), CmpEQ(Load(addr=0x43b772<64>, size=1, endness=Iend_LE), 0x0<8>), CmpEQ((Load(addr=0x43b5d9<64>, size=1, endness=Iend_LE) & 0x2<8>), 0x0<8>), CmpEQ(Load(addr=0x43b774<64>, size=1, endness=Iend_LE), 0x0<8>), CmpEQ((Load(addr=0x43b5f9<64>, size=1, endness=Iend_LE) & 0x2<8>), 0x0<8>), CmpEQ(Load(addr=0x43b776<64>, size=1, endness=Iend_LE), 0x0<8>), CmpEQ((Load(addr=0x43b619<64>, size=1, endness=Iend_LE) & 0x2<8>), 0x0<8>), CmpEQ(Load(addr=0x43b778<64>, size=1, endness=Iend_LE), 0x0<8>), CmpEQ((Load(addr=0x43b639<64>, size=1, endness=Iend_LE) & 0x2<8>), 0x0<8>), CmpEQ(Load(addr=0x43b77a<64>, size=1, endness=Iend_LE), 0x0<8>), CmpEQ((Load(addr=0x43b659<64>, size=1, endness=Iend_LE) & 0x2<8>), 0x0<8>), CmpEQ(Load(addr=0x43b772<64>, size=1, endness=Iend_LE), 0x0<8>), CmpEQ((Load(addr=0x43b5f9<64>, size=1, endness=Iend_LE) & 0x2<8>), 0x0<8>), CmpEQ(Load(addr=0x43b774<64>, size=1, endness=Iend_LE), 0x0<8>), CmpEQ((Load(addr=0x43b619<64>, size=1, endness=Iend_LE) & 0x2<8>), 0x0<8>), CmpEQ(Load(addr=0x43b776<64>, size=1, endness=Iend_LE), 0x0<8>), CmpEQ((Load(addr=0x43b639<64>, size=1, endness=Iend_LE) & 0x2<8>), 0x0<8>), CmpEQ(Load(addr=0x43b778<64>, size=1, endness=Iend_LE), 0x0<8>), CmpEQ((Load(addr=0x43b659<64>, size=1, endness=Iend_LE) & 0x2<8>), 0x0<8>), CmpEQ(Load(addr=0x43b77a<64>, size=1, endness=Iend_LE), 0x0<8>), CmpEQ((Load(addr=0x43b5f9<64>, size=1, endness=Iend_LE) & 0x2<8>), 0x0<8>), CmpEQ(vvar_2323{s-89|1b}, 0x0<8>), CmpEQ(Load(addr=0x43b5da<64>, size=1, endness=Iend_LE), 0x0<8>), CmpEQ(vvar_2323{s-89|1b}, 0x0<8>), CmpEQ(Load(addr=0x43b5da<64>, size=1, endness=Iend_LE), 0x0<8>), CmpEQ(vvar_2323{s-89|1b}, 0x0<8>), CmpEQ((Load(addr=0x43b5c3<64>, size=1, endness=Iend_LE) & 0x2<8>), 0x0<8>), CmpEQ(vvar_2325{s-87|1b}, 0x0<8>), CmpEQ((Load(addr=0x43b5c3<64>, size=1, endness=Iend_LE) & 0x2<8>), 0x0<8>), CmpEQ(vvar_2323{s-89|1b}, 0x0<8>), CmpEQ(vvar_2323{s-89|1b}, 0x0<8>), CmpEQ(vvar_2323{s-89|1b}, 0x0<8>), CmpEQ(vvar_2326{s-86|1b}, 0x0<8>), CmpEQ(Load(addr=0x43b5fa<64>, size=1, endness=Iend_LE), 0x0<8>), CmpEQ(vvar_2326{s-86|1b}, 0x0<8>), CmpEQ(Load(addr=0x43b5fa<64>, size=1, endness=Iend_LE), 0x0<8>), CmpEQ(vvar_2326{s-86|1b}, 0x0<8>), CmpEQ((Load(addr=0x43b5c5<64>, size=1, endness=Iend_LE) & 0x2<8>), 0x0<8>), CmpEQ(vvar_2328{s-84|1b}, 0x0<8>), CmpEQ((Load(addr=0x43b5c5<64>, size=1, endness=Iend_LE) & 0x2<8>), 0x0<8>), CmpEQ(vvar_2326{s-86|1b}, 0x0<8>), CmpEQ(vvar_2326{s-86|1b}, 0x0<8>), CmpEQ((Load(addr=0x43b5cb<64>, size=1, endness=Iend_LE) & 0x2<8>), 0x0<8>), CmpEQ(vvar_2328{s-84|1b}, 0x0<8>), CmpEQ((Load(addr=0x43b5cb<64>, size=1, endness=Iend_LE) & 0x2<8>), 0x0<8>), CmpEQ(vvar_2329{s-83|1b}, 0x0<8>), CmpEQ(Load(addr=0x43b61a<64>, size=1, endness=Iend_LE), 0x0<8>), CmpEQ(vvar_2329{s-83|1b}, 0x0<8>), CmpEQ(Load(addr=0x43b61a<64>, size=1, endness=Iend_LE), 0x0<8>), CmpEQ(vvar_2329{s-83|1b}, 0x0<8>), CmpEQ(vvar_2329{s-83|1b}, 0x0<8>), CmpEQ(vvar_2329{s-83|1b}, 0x0<8>), CmpEQ((Load(addr=0x43b5c3<64>, size=1, endness=Iend_LE) & 0x2<8>), 0x0<8>), CmpEQ(vvar_2331{s-81|1b}, 0x0<8>), CmpEQ((Load(addr=0x43b5c3<64>, size=1, endness=Iend_LE) & 0x2<8>), 0x0<8>), CmpEQ(vvar_2332{s-80|1b}, 0x0<8>), CmpEQ(Load(addr=0x43b63a<64>, size=1, endness=Iend_LE), 0x0<8>), CmpEQ(vvar_2332{s-80|1b}, 0x0<8>), CmpEQ(Load(addr=0x43b63a<64>, size=1, endness=Iend_LE), 0x0<8>), CmpEQ(vvar_2332{s-80|1b}, 0x0<8>), CmpEQ((Load(addr=0x43b5cf<64>, size=1, endness=Iend_LE) & 0x2<8>), 0x0<8>), CmpEQ(vvar_2334{s-78|1b}, 0x0<8>), CmpEQ((Load(addr=0x43b5cf<64>, size=1, endness=Iend_LE) & 0x2<8>), 0x0<8>), CmpEQ(vvar_2332{s-80|1b}, 0x0<8>), CmpEQ((Load(addr=0x43b5cd<64>, size=1, endness=Iend_LE) & 0x2<8>), 0x0<8>), CmpEQ(vvar_2334{s-78|1b}, 0x0<8>), CmpEQ((Load(addr=0x43b5cd<64>, size=1, endness=Iend_LE) & 0x2<8>), 0x0<8>), CmpEQ(vvar_2332{s-80|1b}, 0x0<8>), CmpEQ(vvar_2335{s-312|8b}, Load(addr=0x43b640<64>, size=8, endness=Iend_LE)), CmpLT (signed)((Load(addr=0x43b648<64>, size=8, endness=Iend_LE) - vvar_2338{s-320|8b}), 0x0<64>), CmpLT (signed)((Load(addr=0x43b640<64>, size=8, endness=Iend_LE) - vvar_2339{s-344|8b}), 0x0<64>), CmpEQ((Load(addr=0x43b5d1<64>, size=1, endness=Iend_LE) & 0x2<8>), 0x0<8>), CmpEQ(vvar_2334{s-78|1b}, 0x0<8>), CmpEQ((Load(addr=0x43b5d1<64>, size=1, endness=Iend_LE) & 0x2<8>), 0x0<8>), CmpEQ(vvar_2341{s-77|1b}, 0x0<8>), CmpEQ(Load(addr=0x43b65a<64>, size=1, endness=Iend_LE), 0x0<8>), CmpEQ(vvar_2341{s-77|1b}, 0x0<8>), CmpEQ(Load(addr=0x43b65a<64>, size=1, endness=Iend_LE), 0x0<8>), CmpEQ(vvar_2341{s-77|1b}, 0x0<8>), CmpEQ(vvar_2341{s-77|1b}, 0x0<8>), CmpLT (signed)(Conv(16I->32I, vvar_2237{s-74|2b}), Conv(16I->32I, Load(addr=0x43b770<64>, size=2, endness=Iend_LE))), CmpEQ(Load(addr=((Conv(16I->64I, vvar_2237{s-74|2b}) * 0x28<64>) + 0x43b683<64>), size=1, endness=Iend_LE), 0x0<8>), CmpEQ(Load(addr=((Conv(16I->64I, vvar_2237{s-74|2b}) * 0x28<64>) + 0x43b684<64>), size=1, endness=Iend_LE), 0x0<8>), CmpEQ((Load(addr=((Conv(16I->64I, vvar_2237{s-74|2b}) * 0x28<64>) + 0x43b682<64>), size=1, endness=Iend_LE) & 0x2<8>), 0x0<8>), CmpEQ(Load(addr=0x43b684<64>, size=1, endness=Iend_LE), 0x0<8>), CmpEQ((Load(addr=0x43b5c3<64>, size=1, endness=Iend_LE) & 0x2<8>), 0x0<8>), CmpEQ(Load(addr=0x43b683<64>, size=1, endness=Iend_LE), 0x0<8>), CmpEQ((Load(addr=0x43b5c3<64>, size=1, endness=Iend_LE) & 0x2<8>), 0x0<8>), CmpEQ(Load(addr=0x43b6ac<64>, size=1, endness=Iend_LE), 0x0<8>), CmpEQ((Load(addr=0x43b5c5<64>, size=1, endness=Iend_LE) & 0x2<8>), 0x0<8>), CmpEQ(Load(addr=0x43b6ab<64>, size=1, endness=Iend_LE), 0x0<8>), CmpEQ((Load(addr=0x43b5c5<64>, size=1, endness=Iend_LE) & 0x2<8>), 0x0<8>), CmpEQ(Load(addr=0x43b6d4<64>, size=1, endness=Iend_LE), 0x0<8>), CmpEQ((Load(addr=0x43b5cd<64>, size=1, endness=Iend_LE) & 0x2<8>), 0x0<8>), CmpEQ(Load(addr=0x43b6d3<64>, size=1, endness=Iend_LE), 0x0<8>), CmpEQ((Load(addr=0x43b5cd<64>, size=1, endness=Iend_LE) & 0x2<8>), 0x0<8>), CmpEQ(Load(addr=0x43b6fc<64>, size=1, endness=Iend_LE), 0x0<8>), CmpEQ((Load(addr=0x43b5cb<64>, size=1, endness=Iend_LE) & 0x2<8>), 0x0<8>), CmpEQ(Load(addr=0x43b6fb<64>, size=1, endness=Iend_LE), 0x0<8>), CmpEQ((Load(addr=0x43b5cb<64>, size=1, endness=Iend_LE) & 0x2<8>), 0x0<8>), CmpEQ(Load(addr=0x43b724<64>, size=1, endness=Iend_LE), 0x0<8>), CmpEQ((Load(addr=0x43b5cf<64>, size=1, endness=Iend_LE) & 0x2<8>), 0x0<8>), CmpEQ(Load(addr=0x43b723<64>, size=1, endness=Iend_LE), 0x0<8>), CmpEQ((Load(addr=0x43b5cf<64>, size=1, endness=Iend_LE) & 0x2<8>), 0x0<8>), CmpEQ(Load(addr=0x43b74c<64>, size=1, endness=Iend_LE), 0x0<8>), CmpEQ((Load(addr=0x43b5d1<64>, size=1, endness=Iend_LE) & 0x2<8>), 0x0<8>), CmpEQ(Load(addr=0x43b74b<64>, size=1, endness=Iend_LE), 0x0<8>), CmpEQ((Load(addr=0x43b5d1<64>, size=1, endness=Iend_LE) & 0x2<8>), 0x0<8>)]
defaultdict(<class 'list'>,
            {<Global 0x43b61a:1 bytes>: [('read', 4343353), ('read', 4343386)],
             <Global 0x43b6d3:1 bytes>: [('read', 4344782)],
             <Global 0x43b660:8 bytes>: [('write', 4342821)],
             <Global 0x43b6fc:1 bytes>: [('write', 4343097),
                                         ('write', 4343430),
                                         ('read', 4344823)],
             <Global 0x43b668:8 bytes>: [('write', 4342836)],
             <Global 0x43b6ac:1 bytes>: [('write', 4343063),
                                         ('write', 4343413),
                                         ('read', 4344655)],
             <Global 0x43b6fb:1 bytes>: [('read', 4344866)],
             <Global 0x43b6d4:1 bytes>: [('write', 4343080),
                                         ('write', 4344032),
                                         ('read', 4344739)],
             <Global 0x43b5cf:1 bytes>: [('read', 4343600),
                                         ('read', 4343632),
                                         ('read', 4344925),
                                         ('read', 4344968)],
             <Global 0x43b5ce:1 bytes>: [('write', 4343606),
                                         ('write', 4343638),
                                         ('write', 4344931),
                                         ('write', 4344974)],
             <Global 0x43b773:1 bytes>: [('read', 4341400), ('read', 4341552)],
             <Global 0x43b628:8 bytes>: [('write', 4342691)],
             <Global 0x43b77c:1 bytes>: [('write', 4341473),
                                         ('write', 4341527)],
             <Global 0x43b770:2 bytes>: [('read', 4341363), ('read', 4344552)],
             <Global 0x43b772:1 bytes>: [('write', 4341413),
                                         ('write', 4341558)],
             <Global 0x43b777:1 bytes>: [('read', 4341794), ('read', 4341948)],
             <Global 0x43b608:8 bytes>: [('write', 4342626),
                                         ('write', 4342904)],
             <Global 0x43b5ca:1 bytes>: [('write', 4343290),
                                         ('write', 4343322),
                                         ('write', 4344847),
                                         ('write', 4344890)],
             <Global 0x43b5c6:1 bytes>: [('read', 4342412), ('read', 4342647)],
             <Global 0x43b63a:1 bytes>: [('read', 4343528), ('read', 4343561)],
             <Global 0x43b5d8:1 bytes>: [('read', 4341379),
                                         ('write', 4342395),
                                         ('read', 4342927),
                                         ('read', 4342960),
                                         ('read', 4342993),
                                         ('read', 4343057),
                                         ('read', 4343074),
                                         ('read', 4343091)],
             <Global 0x43b779:1 bytes>: [('read', 4341992), ('read', 4342146)],
             <Global 0x43b786:2 bytes>: [('read', 4339604)],
             <Global 0x43b5c4:1 bytes>: [('write', 4343209),
                                         ('write', 4343241),
                                         ('write', 4344679),
                                         ('write', 4344722)],
             <Global 0x43b781:1 bytes>: [('read', 4341851), ('read', 4341909)],
             <Global 0x43b659:1 bytes>: [('read', 4342556), ('read', 4342804)],
             <Global 0x43b724:1 bytes>: [('write', 4344015), ('read', 4344907)],
             <Global 0x43b77a:1 bytes>: [('write', 4342206),
                                         ('write', 4342351)],
             <Global 0x43b5c3:1 bytes>: [('read', 4343011),
                                         ('read', 4343043),
                                         ('read', 4343459),
                                         ('read', 4343491),
                                         ('read', 4344589),
                                         ('read', 4344632)],
             <Global 0x43b618:1 bytes>: [('read', 4341773),
                                         ('write', 4342477),
                                         ('write', 4342671),
                                         ('read', 4343341),
                                         ('read', 4343374),
                                         ('read', 4343407),
                                         ('read', 4343424),
                                         ('read', 4343441)],
             <Global 0x43b776:1 bytes>: [('write', 4341808),
                                         ('write', 4341954)],
             <Global 0x43b684:1 bytes>: [('write', 4343255), ('read', 4344571)],
             <Global 0x43b74b:1 bytes>: [('read', 4345034)],
             <Global 0x43b778:1 bytes>: [('write', 4342006),
                                         ('write', 4342152)],
             <Global 0x43b619:1 bytes>: [('read', 4342471), ('read', 4342665)],
             <Global 0x43b640:8 bytes>: [('write', 4342744),
                                         ('read', 4343759),
                                         ('read', 4343857)],
             <Global 0x43b658:1 bytes>: [('read', 4342172),
                                         ('write', 4342562),
                                         ('write', 4342810),
                                         ('read', 4343937),
                                         ('read', 4343973),
                                         ('read', 4344009),
                                         ('read', 4344026)],
             <Global 0x43b5c2:1 bytes>: [('write', 4343017),
                                         ('write', 4343049),
                                         ('write', 4343465),
                                         ('write', 4343497),
                                         ('write', 4344595),
                                         ('write', 4344638)],
             <Global 0x43b74c:1 bytes>: [('read', 4344991)],
             <Global 0x43b785:1 bytes>: [('read', 4342249), ('read', 4342307)],
             <Global 0x43b6ab:1 bytes>: [('read', 4344698)],
             <Global 0x43b5c5:1 bytes>: [('read', 4343203),
                                         ('read', 4343235),
                                         ('read', 4344673),
                                         ('read', 4344716)],
             <Global 0x43b5c8:1 bytes>: [('read', 4342453), ('read', 4342712)],
             <Global 0x43b648:8 bytes>: [('write', 4342759), ('read', 4343807)],
             <Global 0x43b5cb:1 bytes>: [('read', 4343284),
                                         ('read', 4343316),
                                         ('read', 4344841),
                                         ('read', 4344884)],
             <Global 0x43b77d:1 bytes>: [('read', 4341456), ('read', 4341514)],
             <Global 0x43b5f9:1 bytes>: [('read', 4342430),
                                         ('read', 4342600),
                                         ('read', 4342878)],
             <Global 0x43b784:1 bytes>: [('write', 4342266),
                                         ('write', 4342320)],
             <Global 0x43b5fa:1 bytes>: [('read', 4343131), ('read', 4343164)],
             <Global 0x43b77b:1 bytes>: [('read', 4342193), ('read', 4342345)],
             <Global 0x43b600:8 bytes>: [('write', 4342614),
                                         ('write', 4342892)],
             <Global 0x43b678:2 bytes>: [('read', 4339810)],
             <Global 0x43b5d9:1 bytes>: [('read', 4342389)],
             <Global 0x43b620:8 bytes>: [('write', 4342679)],
             <Global 0x43b5da:1 bytes>: [('read', 4342939), ('read', 4342972)],
             <Global 0x43b638:1 bytes>: [('read', 4341971),
                                         ('write', 4342518),
                                         ('write', 4342736),
                                         ('read', 4343516),
                                         ('read', 4343549),
                                         ('read', 4343582),
                                         ('read', 4343646),
                                         ('read', 4343710)],
             <Global 0x43b5c0:1 bytes>: [('read', 4342371),
                                         ('read', 4342535),
                                         ('read', 4342582),
                                         ('read', 4342860)],
             <Global 0x43b5cc:1 bytes>: [('write', 4343670),
                                         ('write', 4343702),
                                         ('write', 4344763),
                                         ('write', 4344806)],
             <Global 0x43b5cd:1 bytes>: [('read', 4343664),
                                         ('read', 4343696),
                                         ('read', 4344757),
                                         ('read', 4344800)],
             <Global 0x43b780:1 bytes>: [('write', 4341868),
                                         ('write', 4341923)],
             <Global 0x43b775:1 bytes>: [('read', 4341596), ('read', 4341750)],
             <Global 0x43b788:8 bytes>: [('write', 4339493)],
             <Global 0x43b683:1 bytes>: [('read', 4344614)],
             <Global 0x43b77f:1 bytes>: [('read', 4341653), ('read', 4341711)],
             <Global 0x43b5f8:1 bytes>: [('read', 4341575),
                                         ('write', 4342436),
                                         ('write', 4342606),
                                         ('write', 4342884),
                                         ('read', 4343119),
                                         ('read', 4343152),
                                         ('read', 4343185),
                                         ('read', 4343249),
                                         ('read', 4343266)],
             <Global 0x43b790:8 bytes>: [('write', 4339500)],
             <Global 0x43b782:1 bytes>: [('write', 4342066),
                                         ('write', 4342121)],
             <Global 0x43b5d0:1 bytes>: [('read', 4342494),
                                         ('read', 4342783),
                                         ('write', 4343881),
                                         ('write', 4343915),
                                         ('write', 4345015),
                                         ('write', 4345058)],
             <Global 0x43b65a:1 bytes>: [('read', 4343952), ('read', 4343988)],
             <Global 0x43b783:1 bytes>: [('read', 4342049), ('read', 4342107)],
             <Global 0x43b639:1 bytes>: [('read', 4342512), ('read', 4342730)],
             <Global 0x42b330:1 bytes>: [('read', 4339519),
                                         ('read', 4341431),
                                         ('read', 4341493),
                                         ('read', 4341628),
                                         ('read', 4341690),
                                         ('read', 4341826),
                                         ('read', 4341888),
                                         ('read', 4342024),
                                         ('read', 4342086),
                                         ('read', 4342224),
                                         ('read', 4342286)],
             <Global 0x43b77e:1 bytes>: [('write', 4341670),
                                         ('write', 4341725)],
             <Global 0x43b774:1 bytes>: [('write', 4341610),
                                         ('write', 4341756)],
             <Global 0x43b5d1:1 bytes>: [('read', 4343875),
                                         ('read', 4343909),
                                         ('read', 4345009),
                                         ('read', 4345052)],
             <Global 0x43b723:1 bytes>: [('read', 4344950)]})
----------------------------------------
State variable candidate <Global 0x43b5d8:1 bytes>,  offset = 0x18
State variable candidate <Global 0x43b5f8:1 bytes>,  offset = 0x38
State variable candidate <Global 0x43b618:1 bytes>,  offset = 0x58
State variable candidate <Global 0x43b638:1 bytes>,  offset = 0x78
State variable candidate <Global 0x43b658:1 bytes>,  offset = 0x98
State variable candidate <Global 0x43b5d0:1 bytes>,  offset = 0x10
