… Elap… Ti… Analysis (Stage 1) | 996 funcs, 24242 blocks | 0/309 IJs | 428.83 MB…
[timing]   _set_function_graph took 4.257090 milliseconds.
[timing]   _remove_alignment_blocks took 0.251702 milliseconds.
[timing]   _recover_calling_conventions took 100.733739 milliseconds.
[timing]   _convert_all took 231.980134 milliseconds.
[timing]   _make_ailgraph took 3.463133 milliseconds.
[timing]     SwitchDefaultCaseDuplicator took 0.040107 milliseconds.
[timing]     SwitchReusedEntryRewriter took 0.020596 milliseconds.
[timing]   _run_simplification_passes took 0.326832 milliseconds.
[timing]   _replace_single_target_indirect_transitions took 0.172901 milliseconds.
[timing]   _replace_tail_jumps_with_calls took 0.165933 milliseconds.
[timing]   _fix_special_call_calling_conventions took 0.088968 milliseconds.
[timing]   _run_simplification_passes took 0.147569 milliseconds.
[timing]   _make_argument_list took 0.036467 milliseconds.
[timing]   _create_function_argument_vvars took 0.013117 milliseconds.
[timing]   _transform_to_ssa_level0 took 135.184311 milliseconds.
[timing]       _compute_propagation took 488.305455 milliseconds.
[timing]     _simplify_function_once took 646.992140 milliseconds.
[timing]   _simplify_function took 647.009023 milliseconds.
[timing]   _track_stack_pointers took 154.495018 milliseconds.
[timing]   _simplify_blocks took 2.250571 seconds (2250.570671 milliseconds).
[timing]     RegisterSaveAreaSimplifier took 0.192541 milliseconds.
[timing]     ConstantDereferencesSimplifier took 4.603883 milliseconds.
[timing]       _find_const_conditions took 0.354186 milliseconds.
[timing]       _analyze took 40.038967 milliseconds.
[timing]     ConditionConstantPropagation took 40.449512 milliseconds.
[timing]   _run_simplification_passes took 45.481281 milliseconds.
[timing]       _compute_propagation took 55.982048 milliseconds.
[timing]         _remove_dead_assignments took 115.569782 milliseconds.
[timing]         _remove_dead_assignments took 37.273970 milliseconds.
[timing]         _remove_dead_assignments took 36.171586 milliseconds.
[timing]         _remove_dead_assignments took 34.189117 milliseconds.
[timing]       _iteratively_remove_dead_assignments took 229.567879 milliseconds.
[timing]         _remove_dead_assignments took 35.240626 milliseconds.
[timing]         _remove_dead_assignments took 32.525385 milliseconds.
[timing]       _iteratively_remove_dead_assignments took 68.035824 milliseconds.
[timing]     _simplify_function_once took 510.221384 milliseconds.
[timing]       _compute_propagation took 16.642142 milliseconds.
[timing]         _remove_dead_assignments took 5.870973 milliseconds.
[timing]         _remove_dead_assignments took 31.521824 milliseconds.
[timing]       _iteratively_remove_dead_assignments took 39.607238 milliseconds.
[timing]         _remove_dead_assignments took 1.367713 milliseconds.
[timing]       _iteratively_remove_dead_assignments took 1.374174 milliseconds.
[timing]     _simplify_function_once took 104.523390 milliseconds.
[timing]       _compute_propagation took 12.896728 milliseconds.
[timing]         _remove_dead_assignments took 3.364384 milliseconds.
[timing]         _remove_dead_assignments took 30.331882 milliseconds.
[timing]       _iteratively_remove_dead_assignments took 35.645069 milliseconds.
[timing]         _remove_dead_assignments took 1.185399 milliseconds.
[timing]       _iteratively_remove_dead_assignments took 1.191714 milliseconds.
[timing]     _simplify_function_once took 92.640110 milliseconds.
[timing]       _compute_propagation took 10.049004 milliseconds.
[timing]         _remove_dead_assignments took 1.611885 milliseconds.
[timing]         _remove_dead_assignments took 31.219983 milliseconds.
[timing]       _iteratively_remove_dead_assignments took 33.088867 milliseconds.
[timing]         _remove_dead_assignments took 1.214955 milliseconds.
[timing]       _iteratively_remove_dead_assignments took 1.225099 milliseconds.
[timing]     _simplify_function_once took 79.043791 milliseconds.
[timing]       _compute_propagation took 10.020634 milliseconds.
[timing]         _remove_dead_assignments took 1.312378 milliseconds.
[timing]       _iteratively_remove_dead_assignments took 1.324225 milliseconds.
[timing]         _remove_dead_assignments took 1.200884 milliseconds.
[timing]       _iteratively_remove_dead_assignments took 1.207625 milliseconds.
[timing]     _simplify_function_once took 46.505156 milliseconds.
[timing]   _simplify_function took 832.966311 milliseconds.
[timing]   _simplify_blocks took 160.589349 milliseconds.
[timing]   _run_simplification_passes took 0.313762 milliseconds.
[timing]   _transform_to_ssa_level1 took 52.820096 milliseconds.
[timing]     RegisterSaveAreaSimplifierAdvanced took 18.582183 milliseconds.
[timing]   _run_simplification_passes took 18.986540 milliseconds.
[timing]   _make_callsites took 38.430604 milliseconds.
[timing]     CallStatementRewriter took 0.314491 milliseconds.
[timing]   _run_simplification_passes took 0.494074 milliseconds.
[timing]         _remove_dead_assignments took 24.115785 milliseconds.
[timing]         _remove_dead_assignments took 16.555753 milliseconds.
[timing]         _remove_dead_assignments took 14.253421 milliseconds.
[timing]       _iteratively_remove_dead_assignments took 56.157001 milliseconds.
[timing]       _narrow_exprs took 4.105476 milliseconds.
[timing]       _compute_propagation took 9.905887 milliseconds.
[timing]         _remove_dead_assignments took 1.822854 milliseconds.
[timing]         _remove_dead_assignments took 11.097087 milliseconds.
[timing]       _iteratively_remove_dead_assignments took 13.489333 milliseconds.
[timing]         _remove_dead_assignments took 0.912560 milliseconds.
[timing]       _iteratively_remove_dead_assignments took 0.919355 milliseconds.
[timing]         _compute_equivalence took 1.303900 milliseconds.
[timing]       _unify_local_variables took 2.566611 milliseconds.
[timing]         _compute_equivalence took 0.764432 milliseconds.
[timing]       _fold_call_exprs took 11.592795 milliseconds.
[timing]         _remove_dead_assignments took 11.436879 milliseconds.
[timing]         _remove_dead_assignments took 10.778726 milliseconds.
[timing]       _iteratively_remove_dead_assignments took 22.479649 milliseconds.
[timing]     _simplify_function_once took 141.052641 milliseconds.
[timing]       _compute_propagation took 7.807524 milliseconds.
[timing]         _remove_dead_assignments took 1.238547 milliseconds.
[timing]         _remove_dead_assignments took 10.543088 milliseconds.
[timing]       _iteratively_remove_dead_assignments took 12.081775 milliseconds.
[timing]         _remove_dead_assignments took 0.884460 milliseconds.
[timing]       _iteratively_remove_dead_assignments took 0.893615 milliseconds.
[timing]         _compute_equivalence took 0.849502 milliseconds.
[timing]       _unify_local_variables took 1.472752 milliseconds.
[timing]         _compute_equivalence took 0.729168 milliseconds.
[timing]       _fold_call_exprs took 0.797587 milliseconds.
[timing]         _remove_dead_assignments took 0.863044 milliseconds.
[timing]       _iteratively_remove_dead_assignments took 0.867249 milliseconds.
[timing]     _simplify_function_once took 37.296848 milliseconds.
[timing]       _compute_propagation took 7.732500 milliseconds.
[timing]         _remove_dead_assignments took 0.851146 milliseconds.
[timing]       _iteratively_remove_dead_assignments took 0.858198 milliseconds.
[timing]         _remove_dead_assignments took 1.175031 milliseconds.
[timing]       _iteratively_remove_dead_assignments took 1.180541 milliseconds.
[timing]         _compute_equivalence took 0.721941 milliseconds.
[timing]       _unify_local_variables took 1.335537 milliseconds.
[timing]         _compute_equivalence took 0.721471 milliseconds.
[timing]       _fold_call_exprs took 0.787103 milliseconds.
[timing]         _remove_dead_assignments took 0.859216 milliseconds.
[timing]       _iteratively_remove_dead_assignments took 0.863277 milliseconds.
[timing]     _simplify_function_once took 24.844071 milliseconds.
[timing]   _simplify_function took 203.208902 milliseconds.
[timing]   _simplify_blocks took 100.194454 milliseconds.
[timing]     StackCanarySimplifier took 0.029336 milliseconds.
[timing]     BasePointerSaveSimplifier took 0.065787 milliseconds.
[timing]     ITERegionConverter took 8.515085 milliseconds.
[timing]       _compute_propagation took 6.823959 milliseconds.
[timing]         _remove_dead_assignments took 0.869984 milliseconds.
[timing]         _remove_dead_assignments took 10.131389 milliseconds.
[timing]         _remove_dead_assignments took 10.031749 milliseconds.
[timing]       _iteratively_remove_dead_assignments took 21.301672 milliseconds.
[timing]         _remove_dead_assignments took 0.753105 milliseconds.
[timing]       _iteratively_remove_dead_assignments took 0.759729 milliseconds.
[timing]     ReturnDuplicatorHigh took 238.045137 milliseconds.
[timing]     InlinedStringTransformationSimplifier took 0.266994 milliseconds.
[timing]     InlinedStrlenSimplifier took 0.406254 milliseconds.
[timing]     DetermineLoadSizes took 0.335562 milliseconds.
[timing]   _run_simplification_passes took 250.330457 milliseconds.
[timing]         _remove_dead_assignments took 10.464686 milliseconds.
[timing]       _iteratively_remove_dead_assignments took 10.471199 milliseconds.
[timing]       _narrow_exprs took 1.060287 milliseconds.
[timing]       _compute_propagation took 6.979145 milliseconds.
[timing]         _remove_dead_assignments took 0.845443 milliseconds.
[timing]       _iteratively_remove_dead_assignments took 0.851036 milliseconds.
[timing]         _remove_dead_assignments took 0.790815 milliseconds.
[timing]       _iteratively_remove_dead_assignments took 0.795885 milliseconds.
[timing]         _compute_equivalence took 0.716314 milliseconds.
[timing]       _unify_local_variables took 1.947126 milliseconds.
[timing]         _compute_equivalence took 0.692973 milliseconds.
[timing]       _fold_call_exprs took 0.753183 milliseconds.
[timing]         _remove_dead_assignments took 10.544568 milliseconds.
[timing]         _remove_dead_assignments took 10.265066 milliseconds.
[timing]       _iteratively_remove_dead_assignments took 20.959297 milliseconds.
[timing]     _simplify_function_once took 46.680547 milliseconds.
[timing]       _compute_propagation took 6.959348 milliseconds.
[timing]         _remove_dead_assignments took 0.775524 milliseconds.
[timing]       _iteratively_remove_dead_assignments took 0.783382 milliseconds.
[timing]         _remove_dead_assignments took 0.757052 milliseconds.
[timing]       _iteratively_remove_dead_assignments took 0.762161 milliseconds.
[timing]         _compute_equivalence took 0.686685 milliseconds.
[timing]       _unify_local_variables took 1.298837 milliseconds.
[timing]         _compute_equivalence took 0.687691 milliseconds.
[timing]       _fold_call_exprs took 0.741756 milliseconds.
[timing]         _remove_dead_assignments took 0.770961 milliseconds.
[timing]       _iteratively_remove_dead_assignments took 0.774733 milliseconds.
[timing]     _simplify_function_once took 23.348401 milliseconds.
[timing]   _simplify_function took 70.038818 milliseconds.
[timing]   _simplify_blocks took 95.795048 milliseconds.
[timing]         _remove_dead_assignments took 10.788754 milliseconds.
[timing]       _iteratively_remove_dead_assignments took 10.796980 milliseconds.
[timing]       _narrow_exprs took 0.873414 milliseconds.
[timing]       _compute_propagation took 7.231987 milliseconds.
[timing]         _remove_dead_assignments took 0.854597 milliseconds.
[timing]       _iteratively_remove_dead_assignments took 0.860347 milliseconds.
[timing]         _remove_dead_assignments took 0.791123 milliseconds.
[timing]       _iteratively_remove_dead_assignments took 0.797951 milliseconds.
[timing]         _compute_equivalence took 0.689467 milliseconds.
[timing]       _unify_local_variables took 1.319455 milliseconds.
[timing]         _compute_equivalence took 0.687471 milliseconds.
[timing]       _fold_call_exprs took 0.742242 milliseconds.
[timing]         _remove_dead_assignments took 0.782306 milliseconds.
[timing]       _iteratively_remove_dead_assignments took 0.786215 milliseconds.
[timing]     _simplify_function_once took 26.147608 milliseconds.
[timing]   _simplify_function took 26.153540 milliseconds.
[timing]     EagerStdStringConcatenationPass took 0.047390 milliseconds.
[timing]   _run_simplification_passes took 0.221460 milliseconds.
[timing]   _collect_dephi_vvar_mapping_and_rewrite_blocks took 64.339793 milliseconds.
[timing]   _recover_and_link_variables took 850.079688 milliseconds.
[timing]   _run_simplification_passes took 0.147455 milliseconds.
[timing]   _make_function_prototype took 0.018664 milliseconds.
[timing]   remove_empty_nodes took 0.031359 milliseconds.
[timing]     DeadblockRemover took 0.013185 milliseconds.
[timing]   _run_graph_simplification_passes took 0.235273 milliseconds.
[timing]     ITEExprConverter took 0.011084 milliseconds.
[timing]     LoweredSwitchSimplifier took 6.353736 milliseconds.
[timing]     ReturnDuplicatorLow took 662.551588 milliseconds.
[timing]     ReturnDeduplicator took 10.693330 milliseconds.
[timing]   _run_region_simplification_passes took 741.992032 milliseconds.
[timing]     ExprOpSwapper took 0.006027 milliseconds.
[timing]     FlipBooleanCmp took 0.666502 milliseconds.
[timing]     PostStructuringPeepholeOptimizationPass took 65.131163 milliseconds.
[timing]   _run_post_structuring_simplification_passes took 65.864688 milliseconds.
[timing] _decompile took 7.514468 seconds (7514.467636 milliseconds).
extern void RESOURCE1__MAIN_INSTANCE;
extern unsigned long long __CURRENT_TIME;
extern char __DEBUG;
extern unsigned long long g_448638;
extern char g_44bf02;
extern char g_44bf03;
extern char g_44bf04;
extern char g_44bf06;
extern char g_44bf08;
extern char g_44bf09;
extern unsigned short g_44bf0a;
extern char g_44bf0c;
extern char g_44bf0d;
extern char g_44bf0e;
extern char g_44bf0f;
extern char g_44bf10;
extern char g_44bf11;
extern unsigned long long g_44bf18;
extern char g_44bf1c;
extern char g_44bf1d;
extern unsigned long long g_44bf20;
extern unsigned long long g_44bf28;
extern char g_44bf30;
extern char g_44bf38;
extern unsigned long long g_44bf90;
extern char g_44bf94;
extern char g_44bf95;
extern unsigned long long g_44bf98;
extern unsigned long long g_44bfa0;
extern char g_44bfa8;
extern char g_44bfb0;
extern char g_44c008;
extern char g_44c009;
extern char g_44c00a;
extern char g_44c00b;
extern char g_44c00c;
extern char g_44c00d;
extern char g_44c00e;
extern char g_44c00f;
extern char g_44c010;
extern char g_44c011;
extern unsigned long long g_44c018;
extern char g_44c01c;
extern char g_44c01d;
extern unsigned long long g_44c020;
extern unsigned long long g_44c028;
extern char g_44c030;
extern char g_44c038;
extern unsigned long long g_44c090;
extern char g_44c094;
extern char g_44c095;
extern char g_44c096;
extern unsigned long long g_44c09a;
extern char g_44c09e;
extern char g_44c09f;
extern char g_44c0a0;
extern unsigned long long g_44c0a4;
extern char g_44c0a8;
extern char g_44c0a9;
extern char g_44c0aa;
extern char g_44c0ab;
extern char g_44c0ac;
extern char g_44c0ae;
extern char g_44c0af;
extern char g_44c0b0;
extern char g_44c0b1;
extern char g_44c0b8[4];
extern char g_44c0b9;
extern struct_0 *g_44c0ba;
extern unsigned long long g_44c0c0[4];
extern unsigned long long g_44c0c8[4];
extern char g_44c0d8;
extern char g_44c0d9;
extern char g_44c0da;
extern unsigned long long g_44c0e0;
extern unsigned long long g_44c0e8;
extern char g_44c0f8;
extern char g_44c0f9;
extern char g_44c0fa;
extern unsigned long long g_44c100;
extern unsigned long long g_44c108;
extern char g_44c118;
extern char g_44c119;
extern char g_44c11a;
extern unsigned long long g_44c120;
extern unsigned long long g_44c128;
extern char g_44c138;
extern char g_44c139;
extern char g_44c13a;
extern unsigned long long g_44c140;
extern unsigned long long g_44c148;
extern char g_44c158;
extern char g_44c159;
extern char g_44c15a;
extern unsigned long long g_44c160;
extern unsigned long long g_44c168;
extern unsigned short g_44c178;
extern char g_44c180[4];
extern char g_44c181[4];
extern char g_44c182[4];
extern char g_44c183[4];
extern char g_44c184[4];
extern unsigned long long g_44c188[4];
extern unsigned long long g_44c190[4];
extern unsigned long long g_44c198[4];
extern unsigned long long g_44c1a0[4];
extern char g_44c1a9;
extern char g_44c1aa;
extern char g_44c1d1;
extern char g_44c1d3;
extern char g_44c1fb;
extern char g_44c1fc;
extern char g_44c223;
extern char g_44c224;
extern char g_44c24b;
extern char g_44c24c;
extern char g_44c273;
extern char g_44c274;
extern char g_44c29b;
extern char g_44c29c;
extern char g_44c2c3;
extern char g_44c2c4;
extern char g_44c2eb;
extern char g_44c2ec;
extern char g_44c313;
extern char g_44c314;
extern char g_44c33b;
extern char g_44c33c;
extern char g_44c363;
extern char g_44c364;
extern unsigned short g_44c388;
extern char g_44c38a;
extern char g_44c38b;
extern char g_44c38c;
extern char g_44c38d;
extern char g_44c38e;
extern char g_44c38f;
extern char g_44c390;
extern char g_44c391;
extern char g_44c392;
extern char g_44c393;
extern char g_44c394;
extern char g_44c395;
extern char g_44c396;
extern char g_44c397;
extern char g_44c398;
extern char g_44c399;
extern char g_44c39a;
extern char g_44c39b;
extern char g_44c39c;
extern char g_44c39d;
extern char g_44c39e;
extern char g_44c39f;
extern char g_44c3a0;
extern char g_44c3a1;
extern char g_44c3a2;
extern char g_44c3a3;
extern char g_44c3a4;
extern char g_44c3a5;
extern char g_44c3a6;
extern char g_44c3a7;
extern char g_44c3a8;
extern char g_44c3a9;
extern char g_44c3aa;
extern char g_44c3ab;
extern char g_44c3ac;
extern char g_44c3ad;
extern char g_44c3ae;
extern char g_44c3af;
extern char g_44c3b0;
extern char g_44c3b1;
extern char g_44c3b2;
extern char g_44c3b3;
extern char g_44c3b4;
extern char g_44c3b5;
extern unsigned short g_44c3b6;
extern unsigned long long g_44c3b8;
extern unsigned long long g_44c3c0;

void TRAFFIC_LIGHT_SEQUENCE_body__(unsigned long long a0)
{
    unsigned long long v0;  // [bp-0x218]
    void* v1;  // [bp-0x210]
    unsigned long long v2;  // [bp-0x208]
    void* v3;  // [bp-0x200]
    unsigned long long v4;  // [bp-0x1f8]
    void* v5;  // [bp-0x1f0]
    unsigned long long v6;  // [bp-0x1e8]
    void* v7;  // [bp-0x1e0]
    unsigned long long v8;  // [bp-0x1d8]
    void* v9;  // [bp-0x1d0]
    unsigned long long v10;  // [bp-0x1c8]
    void* v11;  // [bp-0x1c0]
    unsigned long long v12;  // [bp-0x1b8]
    void* v13;  // [bp-0x1b0]
    unsigned long long v14;  // [bp-0x1a8]
    void* v15;  // [bp-0x1a0]
    unsigned long long v16;  // [bp-0x198]
    void* v17;  // [bp-0x190]
    unsigned long long v18;  // [bp-0x188]
    void* v19;  // [bp-0x180]
    unsigned long long v20;  // [bp-0x178]
    void* v21;  // [bp-0x170]
    unsigned long long v22;  // [bp-0x168]
    void* v23;  // [bp-0x160]
    void* v24;  // [bp-0x158]
    void* v25;  // [bp-0x150]
    void* v26;  // [bp-0x148]
    void* v27;  // [bp-0x140]
    void* v28;  // [bp-0x138]
    void* v29;  // [bp-0x130]
    void* v30;  // [bp-0x128]
    void* v31;  // [bp-0x120]
    void* v32;  // [bp-0x118]
    void* v33;  // [bp-0x110]
    void* v34;  // [bp-0x108]
    void* v35;  // [bp-0x100]
    void* v36;  // [bp-0xf8]
    void* v37;  // [bp-0xf0]
    void* v38;  // [bp-0xe8]
    void* v39;  // [bp-0xe0]
    void* v40;  // [bp-0xd8]
    void* v41;  // [bp-0xd0]
    void* v42;  // [bp-0xc8]
    void* v43;  // [bp-0xc0]
    void* v44;  // [bp-0xb8]
    void* v45;  // [bp-0xb0]
    void* v46;  // [bp-0xa8]
    void* v47;  // [bp-0xa0]
    void* v48;  // [bp-0x98]
    void* v49;  // [bp-0x90]
    void* v50;  // [bp-0x88]
    void* v51;  // [bp-0x80]
    unsigned long long v52;  // [bp-0x70]
    char v53;  // [bp-0x5c]
    char v54;  // [bp-0x5b]
    char v55;  // [bp-0x5a]
    char v56;  // [bp-0x59]
    char v57;  // [bp-0x58]
    char v58;  // [bp-0x57]
    char v59;  // [bp-0x56]
    char v60;  // [bp-0x55]
    char v61;  // [bp-0x54]
    char v62;  // [bp-0x53]
    char v63;  // [bp-0x52]
    char v64;  // [bp-0x51]
    char v65;  // [bp-0x50]
    char v66;  // [bp-0x4f]
    char v67;  // [bp-0x4e]
    char v68;  // [bp-0x4d]
    char v69;  // [bp-0x4c]
    char v70;  // [bp-0x4b]
    unsigned short v71;  // [bp-0x4a]
    unsigned long long v72;  // [bp-0x48]
    unsigned long v73;  // [bp-0x38]
    unsigned long v74;  // [bp-0x30]
    unsigned long v76;  // r12
    unsigned long v77;  // rdx
    char v78;  // al
    unsigned long v79;  // r12
    char v80;  // al
    char v81;  // al
    unsigned long v82;  // r12
    char v83;  // al
    char v84;  // al
    char v85;  // al
    char v86;  // al
    char v87;  // al
    char v88;  // al
    char v89;  // al
    char v90;  // al
    char v91;  // al
    char v92;  // al
    char v93;  // al
    char v94;  // al
    char v95;  // al

    v52 = a0;
    if (!RESOURCE1__MAIN_INSTANCE)
    {
        if ((g_44bf03 & 2))
            return;
        g_44bf02 = 0;
        return;
    }
    else
    {
        if (!(g_44bf03 & 2))
            g_44bf02 = 1;
        v73 = __CURRENT_TIME;
        v74 = g_448638;
        v72 = ::0x41d43a::__time_sub(v73, v74, g_44c3b8, g_44c3c0);
        g_44c3b8 = v73;
        g_44c3c0 = v74;
        if (__DEBUG)
        {
            for (v71 = 0; v71 < g_44c3b6; v71 += 1)
            {
                *((short *)&(&RESOURCE1__MAIN_INSTANCE)[1162 + 2 * v71]) = *((short *)&(&RESOURCE1__MAIN_INSTANCE)[1184 + 2 * v71]);
            }
        }
        for (v71 = 0; v71 < g_44c178; v71 += 1)
        {
            *((char *)&(&g_44c0ba)[4 * v71]) = g_44c0b8[32 * v71];
            if (g_44c0b8[32 * v71])
            {
                v76 = &(&g_44c0b0)[32 * v71];
                *((unsigned long long *)(v76 + 16)) = ::0x41d3bc::__time_add(g_44c0c0[4 * v71], g_44c0c8[4 * v71], v72, v77);
                *((unsigned long *)(v76 + 24)) = v77;
            }
        }
        for (v71 = 0; v71 < g_44c388; v71 += 1)
        {
            if (!(g_44c182[40 * v71] & 2))
                g_44c181[40 * v71] = 0;
            g_44c183[40 * v71] = 0;
            g_44c184[40 * v71] = 0;
            if (!g_44c188[5 * v71])
            {
                v50 = 0;
                v51 = 0;
                v78 = g_44c190[5 * v71] - v51 > 0;
            }
            else
            {
                v48 = 0;
                v49 = 0;
                v78 = g_44c188[5 * v71] - v48 > 0;
            }
            if (v78)
            {
                v79 = &g_44c180[40 * v71];
                *((unsigned long long *)(v79 + 8)) = ::0x41d43a::__time_sub(g_44c188[5 * v71], g_44c190[5 * v71], v72, v77);
                *((unsigned long *)(v79 + 16)) = v77;
                v46 = 0;
                v47 = 0;
                if (v46 == g_44c188[5 * v71])
                {
                    v44 = 0;
                    v45 = 0;
                    v80 = g_44c190[5 * v71] - v45 <= 0;
                }
                else
                {
                    v42 = 0;
                    v43 = 0;
                    v80 = g_44c188[5 * v71] - v42 <= 0;
                }
                if (v80)
                {
                    g_44c188[5 * v71] = 0;
                    g_44c190[5 * v71] = 0;
                    g_44c183[40 * v71] = 1;
                }
            }
            v40 = 0;
            v41 = 0;
            if (v40 == g_44c198[5 * v71])
            {
                v38 = 0;
                v39 = 0;
                v81 = g_44c1a0[5 * v71] - v39 > 0;
            }
            else
            {
                v36 = 0;
                v37 = 0;
                v81 = g_44c198[5 * v71] - v36 > 0;
            }
            if (v81)
            {
                v82 = &g_44c190[5 * v71];
                *((unsigned long long *)(v82 + 8)) = ::0x41d43a::__time_sub(g_44c198[5 * v71], g_44c1a0[5 * v71], v72, v77);
                *((unsigned long *)(v82 + 16)) = v77;
                v34 = 0;
                v35 = 0;
                if (v34 == g_44c198[5 * v71])
                {
                    v32 = 0;
                    v33 = 0;
                    v83 = g_44c1a0[5 * v71] - v33 <= 0;
                }
                else
                {
                    v30 = 0;
                    v31 = 0;
                    v83 = g_44c198[5 * v71] - v30 <= 0;
                }
                if (v83)
                {
                    g_44c198[5 * v71] = 0;
                    g_44c1a0[5 * v71] = 0;
                    g_44c184[40 * v71] = 1;
                }
            }
        }
        if ((char)g_44c0b8)
        {
            if (!(g_44c38b & 2))
                g_44c38a = g_44bf04;
            if (__DEBUG && !(g_44c3a1 & 2))
                g_44c3a0 = g_44c38a;
        }
        else
        {
            if (__DEBUG && !(g_44c3a1 & 2))
                g_44c3a0 = g_44bf04;
            if (!(g_44c38b & 2))
                g_44c38a = 0;
        }
        if (g_44c0d8)
        {
            if (!(g_44c38d & 2))
                g_44c38c = g_44c00c;
            if (__DEBUG && !(g_44c3a3 & 2))
                g_44c3a2 = g_44c38c;
        }
        else
        {
            if (__DEBUG && !(g_44c3a3 & 2))
                g_44c3a2 = g_44c00c;
            if (!(g_44c38d & 2))
                g_44c38c = 0;
        }
        if (g_44c0f8)
        {
            if (!(g_44c38f & 2))
                g_44c38e = g_44c00e;
            if (__DEBUG && !(g_44c3a5 & 2))
                g_44c3a4 = g_44c38e;
        }
        else
        {
            if (__DEBUG && !(g_44c3a5 & 2))
                g_44c3a4 = g_44c00e;
            if (!(g_44c38f & 2))
                g_44c38e = 0;
        }
        if (g_44c118)
        {
            if (!(g_44c391 & 2))
                g_44c390 = g_44c010;
            if (__DEBUG && !(g_44c3a7 & 2))
                g_44c3a6 = g_44c390;
        }
        else
        {
            if (__DEBUG && !(g_44c3a7 & 2))
                g_44c3a6 = g_44c010;
            if (!(g_44c391 & 2))
                g_44c390 = 0;
        }
        if (g_44c138)
        {
            if (!(g_44c393 & 2))
                g_44c392 = g_44c008;
            if (__DEBUG && !(g_44c3a9 & 2))
                g_44c3a8 = g_44c392;
        }
        else
        {
            if (__DEBUG && !(g_44c3a9 & 2))
                g_44c3a8 = g_44c008;
            if (!(g_44c393 & 2))
                g_44c392 = 0;
        }
        if (g_44c158)
        {
            if (!(g_44c395 & 2))
                g_44c394 = !g_44bf04;
            if (__DEBUG && !(g_44c3ab & 2))
                g_44c3aa = g_44c394;
        }
        else
        {
            if (__DEBUG && !(g_44c3ab & 2))
                g_44c3aa = !g_44bf04;
            if (!(g_44c395 & 2))
                g_44c394 = 0;
        }
        if (g_44c158)
        {
            if (!(g_44c397 & 2))
                g_44c396 = g_44c0b0;
            if (__DEBUG && !(g_44c3ad & 2))
                g_44c3ac = g_44c396;
        }
        else
        {
            if (__DEBUG && !(g_44c3ad & 2))
                g_44c3ac = g_44c0b0;
            if (!(g_44c397 & 2))
                g_44c396 = 0;
        }
        if (g_44c138)
        {
            if (!(g_44c399 & 2))
                g_44c398 = !g_44bf04;
            if (__DEBUG && !(g_44c3af & 2))
                g_44c3ae = g_44c398;
        }
        else
        {
            if (__DEBUG && !(g_44c3af & 2))
                g_44c3ae = !g_44bf04;
            if (!(g_44c399 & 2))
                g_44c398 = 0;
        }
        if (g_44c118)
        {
            if (!(g_44c39b & 2))
                g_44c39a = !g_44bf04;
            if (__DEBUG && !(g_44c3b1 & 2))
                g_44c3b0 = g_44c39a;
        }
        else
        {
            if (__DEBUG && !(g_44c3b1 & 2))
                g_44c3b0 = !g_44bf04;
            if (!(g_44c39b & 2))
                g_44c39a = 0;
        }
        if (g_44c0f8)
        {
            if (!(g_44c39d & 2))
                g_44c39c = g_44c0ae;
            if (__DEBUG && !(g_44c3b3 & 2))
                g_44c3b2 = g_44c39c;
        }
        else
        {
            if (__DEBUG && !(g_44c3b3 & 2))
                g_44c3b2 = g_44c0ae;
            if (!(g_44c39d & 2))
                g_44c39c = 0;
        }
        if (g_44c0d8)
        {
            if (!(g_44c39f & 2))
                g_44c39e = g_44c0ae;
            if (__DEBUG && !(g_44c3b5 & 2))
                g_44c3b4 = g_44c39e;
        }
        else
        {
            if (__DEBUG && !(g_44c3b5 & 2))
                g_44c3b4 = g_44c0ae;
            if (!(g_44c39f & 2))
                g_44c39e = 0;
        }
        if (g_44c38a && !(g_44c0b9 & 2))
            g_44c0b8[0] = 0;
        if (g_44c38c && !(g_44c0d9 & 2))
            g_44c0d8 = 0;
        if (g_44c38e && !(g_44c0f9 & 2))
            g_44c0f8 = 0;
        if (g_44c390 && !(g_44c119 & 2))
            g_44c118 = 0;
        if (g_44c392 && !(g_44c139 & 2))
            g_44c138 = 0;
        if (g_44c394 && !(g_44c159 & 2))
            g_44c158 = 0;
        if (g_44c396 && !(g_44c159 & 2))
            g_44c158 = 0;
        if (g_44c398 && !(g_44c139 & 2))
            g_44c138 = 0;
        if (g_44c39a && !(g_44c119 & 2))
            g_44c118 = 0;
        if (g_44c39c && !(g_44c0f9 & 2))
            g_44c0f8 = 0;
        if (g_44c39e && !(g_44c0d9 & 2))
            g_44c0d8 = 0;
        if (g_44c38a)
        {
            if (!(g_44c0d9 & 2))
                g_44c0d8 = 1;
            g_44c0e0 = 0;
            g_44c0e8 = 0;
        }
        if (g_44c38c)
        {
            if (!(g_44c0f9 & 2))
                g_44c0f8 = 1;
            g_44c100 = 0;
            g_44c108 = 0;
        }
        if (g_44c38e)
        {
            if (!(g_44c119 & 2))
                g_44c118 = 1;
            g_44c120 = 0;
            g_44c128 = 0;
        }
        if (g_44c390)
        {
            if (!(g_44c139 & 2))
                g_44c138 = 1;
            g_44c140 = 0;
            g_44c148 = 0;
        }
        if (g_44c392)
        {
            if (!(g_44c159 & 2))
                g_44c158 = 1;
            g_44c160 = 0;
            g_44c168 = 0;
        }
        if (g_44c394)
        {
            if (!(g_44c0b9 & 2))
                g_44c0b8[0] = 1;
            g_44c0c0[0] = 0;
            g_44c0c8[0] = 0;
        }
        if (g_44c396)
        {
            if (!(g_44c0d9 & 2))
                g_44c0d8 = 1;
            g_44c0e0 = 0;
            g_44c0e8 = 0;
        }
        if (g_44c398)
        {
            if (!(g_44c0b9 & 2))
                g_44c0b8[0] = 1;
            g_44c0c0[0] = 0;
            g_44c0c8[0] = 0;
        }
        if (g_44c39a)
        {
            if (!(g_44c0b9 & 2))
                g_44c0b8[0] = 1;
            g_44c0c0[0] = 0;
            g_44c0c8[0] = 0;
        }
        if (g_44c39c)
        {
            if (!(g_44c0b9 & 2))
                g_44c0b8[0] = 1;
            g_44c0c0[0] = 0;
            g_44c0c8[0] = 0;
        }
        if (g_44c39e)
        {
            if (!(g_44c0b9 & 2))
                g_44c0b8[0] = 1;
            g_44c0c0[0] = 0;
            g_44c0c8[0] = 0;
        }
        v53 = (char)g_44c0b8;
        if (v53 && !(char)g_44c0ba)
            v84 = 1;
        else
            v84 = 0;
        v54 = v84;
        if (!v53 && (char)g_44c0ba)
            v85 = 1;
        else
            v85 = 0;
        v55 = v85;
        if (v54)
        {
            if (!((char)g_44c182 & 2))
                g_44c181[0] = 1;
        }
        else
        {
            if (!((char)g_44c182 & 2))
                g_44c181[0] = 0;
        }
        if (v53 && !(g_44c1aa & 2))
            g_44c1a9 = 1;
        if (v55 && !(g_44c1aa & 2))
            g_44c1a9 = 0;
        if (v53)
            g_44c1fc = 1;
        if (v53)
            g_44c224 = 1;
        if (v53)
            g_44c24c = 1;
        if (v53)
            g_44c274 = 1;
        if (v53)
            g_44c1d3 = 1;
        v56 = g_44c0d8;
        if (v56 && !g_44c0da)
            v86 = 1;
        else
            v86 = 0;
        v57 = v86;
        if (!v56 && g_44c0da)
            v87 = 1;
        else
            v87 = 0;
        v58 = v87;
        if (v56)
            g_44c274 = 1;
        if (v56)
            g_44c29b = 1;
        if (v56)
            g_44c1fb = 1;
        if (v56)
        {
            v28 = 0;
            v29 = 0;
            if (v28 == g_44c0e0)
            {
                v26 = 0;
                v27 = 0;
                if (g_44c0e8 - v27 >= 0)
                    goto LABEL_42d828;
            }
            else
            {
                v24 = 0;
                v25 = 0;
                if (g_44c0e0 - v24 >= 0)
                {
LABEL_42d828:
                    if (!(g_44c00d & 2))
                    {
                        g_44c00c = 1;
                        goto LABEL_42d870;
                    }
                }
            }
        }
        if (v58 && !(g_44c00d & 2))
            g_44c00c = 0;
LABEL_42d870:
        v59 = g_44c0f8;
        if (v59 && !g_44c0fa)
            v88 = 1;
        else
            v88 = 0;
        v60 = v88;
        if (!v59 && g_44c0fa)
            v89 = 1;
        else
            v89 = 0;
        v61 = v89;
        if (v59)
            g_44c29c = 1;
        if (v59)
            g_44c24b = 1;
        if (v59)
        {
            v22 = 2;
            v23 = 0;
            if (v22 == g_44c100)
            {
                v20 = 2;
                v21 = 0;
                if (g_44c108 - v21 >= 0)
                    goto LABEL_42d987;
            }
            else
            {
                v18 = 2;
                v19 = 0;
                if (g_44c100 - v18 >= 0)
                {
LABEL_42d987:
                    if (!(g_44c00f & 2))
                    {
                        g_44c00e = 1;
                        goto LABEL_42d9cf;
                    }
                }
            }
        }
        if (v61 && !(g_44c00f & 2))
            g_44c00e = 0;
LABEL_42d9cf:
        v62 = g_44c118;
        if (v62 && !g_44c11a)
            v90 = 1;
        else
            v90 = 0;
        v63 = v90;
        if (!v62 && g_44c11a)
            v91 = 1;
        else
            v91 = 0;
        v64 = v91;
        if (v62)
            g_44c223 = 1;
        if (v62)
            g_44c1fc = 1;
        if (v62)
        {
            v16 = 10;
            v17 = 0;
            if (v16 == g_44c120)
            {
                v14 = 10;
                v15 = 0;
                if (g_44c128 - v15 >= 0)
                    goto LABEL_42dae6;
            }
            else
            {
                v12 = 10;
                v13 = 0;
                if (g_44c120 - v12 >= 0)
                {
LABEL_42dae6:
                    if (!(g_44c011 & 2))
                    {
                        g_44c010 = 1;
                        goto LABEL_42db2e;
                    }
                }
            }
        }
        if (v64 && !(g_44c011 & 2))
            g_44c010 = 0;
LABEL_42db2e:
        v65 = g_44c138;
        if (v65 && !g_44c13a)
            v92 = 1;
        else
            v92 = 0;
        v66 = v92;
        if (!v65 && g_44c13a)
            v93 = 1;
        else
            v93 = 0;
        v67 = v93;
        if (v65)
            g_44c1fb = 1;
        if (v65)
            g_44c224 = 1;
        if (v65)
        {
            v10 = 2;
            v11 = 0;
            if (v10 == g_44c140)
            {
                v8 = 2;
                v9 = 0;
                if (g_44c148 - v9 >= 0)
                    goto LABEL_42dc3f;
            }
            else
            {
                v6 = 2;
                v7 = 0;
                if (g_44c140 - v6 >= 0)
                {
LABEL_42dc3f:
                    if (!(g_44c009 & 2))
                    {
                        g_44c008 = 1;
                        goto LABEL_42dc87;
                    }
                }
            }
        }
        if (v67 && !(g_44c009 & 2))
            g_44c008 = 0;
LABEL_42dc87:
        v68 = g_44c158;
        if (v68 && !g_44c15a)
            v94 = 1;
        else
            v94 = 0;
        v69 = v94;
        if (!v68 && g_44c15a)
            v95 = 1;
        else
            v95 = 0;
        v70 = v95;
        if (v68)
            g_44c273 = 1;
        if (v68)
            g_44c24c = 1;
        if (v68)
        {
            v4 = 20;
            v5 = 0;
            if (v4 == g_44c160)
            {
                v2 = 20;
                v3 = 0;
                if (g_44c168 - v3 >= 0)
                    goto LABEL_42dd98;
            }
            else
            {
                v0 = 20;
                v1 = 0;
                if (g_44c160 - v0 >= 0)
                {
LABEL_42dd98:
                    if (!(g_44c00b & 2))
                    {
                        g_44c00a = 1;
                        goto LABEL_42dde0;
                    }
                }
            }
        }
        if (v70 && !(g_44c00b & 2))
            g_44c00a = 0;
LABEL_42dde0:
        for (v71 = 0; v71 < g_44c388; v71 += 1)
        {
            if (g_44c183[40 * v71])
            {
                g_44c188[5 * v71] = 0;
                g_44c190[5 * v71] = 0;
                g_44c180[40 * v71] = 1;
            }
            if (g_44c184[40 * v71])
            {
                g_44c198[5 * v71] = 0;
                g_44c1a0[5 * v71] = 0;
                g_44c180[40 * v71] = 0;
            }
            if (!(g_44c182[40 * v71] & 2))
                g_44c181[40 * v71] = g_44c181[40 * v71] | g_44c180[40 * v71];
        }
        if (g_44c1fc)
        {
            if (!(g_44bf0f & 2))
                g_44bf0e = 0;
        }
        else
        {
            if (g_44c1fb && !(g_44bf0f & 2))
                g_44bf0e = 1;
        }
        if (g_44c224)
        {
            if (!(g_44bf11 & 2))
                g_44bf10 = 0;
        }
        else
        {
            if (g_44c223 && !(g_44bf11 & 2))
                g_44bf10 = 1;
        }
        if (g_44c24c)
        {
            if (!(g_44bf09 & 2))
                g_44bf08 = 0;
        }
        else
        {
            if (g_44c24b && !(g_44bf09 & 2))
                g_44bf08 = 1;
        }
        if (g_44c274)
        {
            if (!(g_44bf0d & 2))
                g_44bf0c = 0;
        }
        else
        {
            if (g_44c273 && !(g_44bf0d & 2))
                g_44bf0c = 1;
        }
        if (g_44c29c)
        {
            if (!((char)g_44bf0a & 2))
                *((char *)&g_44bf0a) = 0;
        }
        else
        {
            if (g_44c29b && !((char)g_44bf0a & 2))
                *((char *)&g_44bf0a) = 1;
        }
        if (g_44c2c4)
        {
            if (!(g_44c00d & 2))
                g_44c00c = 0;
        }
        else
        {
            if (g_44c2c3 && !(g_44c00d & 2))
                g_44c00c = 1;
        }
        if (g_44c2ec)
        {
            if (!(g_44c00f & 2))
                g_44c00e = 0;
        }
        else
        {
            if (g_44c2eb && !(g_44c00f & 2))
                g_44c00e = 1;
        }
        if (g_44c314)
        {
            if (!(g_44c011 & 2))
                g_44c010 = 0;
        }
        else
        {
            if (g_44c313 && !(g_44c011 & 2))
                g_44c010 = 1;
        }
        if (g_44c33c)
        {
            if (!(g_44c009 & 2))
                g_44c008 = 0;
        }
        else
        {
            if (g_44c33b && !(g_44c009 & 2))
                g_44c008 = 1;
        }
        if (g_44c364)
        {
            if (!(g_44c00b & 2))
                g_44c00a = 0;
        }
        else
        {
            if (g_44c363 && !(g_44c00b & 2))
                g_44c00a = 1;
        }
        if ((char)g_44c181 && !((char)g_44bf0a & 2))
            *((char *)&g_44bf0a) = 1;
        if (g_44c1a9)
        {
            if (!(g_44bf1d & 2))
                g_44bf1c = !(char)g_44bf0a;
            if (!(g_44bf30 & 2))
            {
                g_44bf20 = 0;
                g_44bf28 = 0x1dcd6500;
            }
            ::0x422565::TON_body__(&g_44bf18);
            if (!(g_44c09f & 2))
                g_44c09e = g_44bf38;
            ::0x41e9ca::R_TRIG_body__(&g_44c09a);
            if (g_44c0a0 && !((char)g_44bf0a & 2))
                *((char *)&g_44bf0a) = 1;
            if (!(g_44bf95 & 2))
                g_44bf94 = g_44bf0a;
            if (!(g_44bfa8 & 2))
            {
                g_44bf98 = 0;
                g_44bfa0 = 0x1dcd6500;
            }
            ::0x422565::TON_body__(&g_44bf90);
            if (!(g_44c095 & 2))
                g_44c094 = g_44bfb0;
            ::0x41e9ca::R_TRIG_body__(&g_44c090);
            if (g_44c096 && !((char)g_44bf0a & 2))
                *((char *)&g_44bf0a) = 0;
        }
        if (!g_44c1d1)
            return;
        if (!(g_44c0af & 2))
            g_44c0ae = !g_44bf04;
        if (!(g_44c0a9 & 2))
            g_44c0a8 = g_44bf06;
        if (!(g_44c0ab & 2))
            g_44c0aa = g_44c038;
        ::0x41ed1b::SR_body__(&g_44c0a4);
        if (!(g_44c01d & 2))
            g_44c01c = g_44c0ac;
        if (!(g_44c030 & 2))
        {
            g_44c020 = 2;
            g_44c028 = 0;
        }
        ::0x422565::TON_body__(&g_44c018);
        if (!(g_44c0b1 & 2))
            g_44c0b0 = OR__BOOL__BOOL(1, 0, 2, g_44c038, g_44c00a);
        return;
    }
}

[CmpEQ(Load(addr=0x44bf00<64>, size=1, endness=Iend_LE), 0x0<8>), CmpEQ((Load(addr=0x44bf03<64>, size=1, endness=Iend_LE) & 0x2<8>), 0x0<8>), CmpEQ((Load(addr=0x44bf03<64>, size=1, endness=Iend_LE) & 0x2<8>), 0x0<8>), CmpEQ(Load(addr=0x438380<64>, size=1, endness=Iend_LE), 0x0<8>), CmpLT (signed)(Conv(16I->32I, vvar_3899{s-74|2b}), Conv(16I->32I, Load(addr=0x44c3b6<64>, size=2, endness=Iend_LE))), CmpLT (signed)(Conv(16I->32I, vvar_3898{s-74|2b}), Conv(16I->32I, Load(addr=0x44c178<64>, size=2, endness=Iend_LE))), CmpEQ(Load(addr=((Conv(16I->64I, vvar_3898{s-74|2b}) * 0x20<64>) + 0x44c0b8<64>), size=1, endness=Iend_LE), 0x0<8>), CmpLT (signed)(Conv(16I->32I, vvar_3901{s-74|2b}), Conv(16I->32I, Load(addr=0x44c388<64>, size=2, endness=Iend_LE))), CmpEQ((Load(addr=((Conv(16I->64I, vvar_3901{s-74|2b}) * 0x28<64>) + 0x44c182<64>), size=1, endness=Iend_LE) & 0x2<8>), 0x0<8>), CmpEQ(0x0<64>, Load(addr=((Conv(16I->64I, vvar_3901{s-74|2b}) * 0x28<64>) + 0x44c188<64>), size=8, endness=Iend_LE)), CmpEQ(vvar_93{r16|1b}, 0x0<8>), CmpEQ(vvar_3978{s-168|8b}, Load(addr=((Conv(16I->64I, vvar_3901{s-74|2b}) * 0x28<64>) + 0x44c188<64>), size=8, endness=Iend_LE)), CmpEQ(vvar_148{r16|1b}, 0x0<8>), CmpEQ(vvar_3984{s-216|8b}, Load(addr=((Conv(16I->64I, vvar_3901{s-74|2b}) * 0x28<64>) + 0x44c198<64>), size=8, endness=Iend_LE)), CmpEQ(vvar_124{r16|1b}, 0x0<8>), CmpEQ(vvar_3991{s-264|8b}, Load(addr=((Conv(16I->64I, vvar_3901{s-74|2b}) * 0x28<64>) + 0x44c198<64>), size=8, endness=Iend_LE)), CmpEQ(vvar_167{r16|1b}, 0x0<8>), CmpEQ(Load(addr=0x44c0b8<64>, size=1, endness=Iend_LE), 0x0<8>), CmpEQ((Load(addr=0x44c38b<64>, size=1, endness=Iend_LE) & 0x2<8>), 0x0<8>), CmpEQ(Load(addr=0x438380<64>, size=1, endness=Iend_LE), 0x0<8>), CmpEQ((Load(addr=0x44c3a1<64>, size=1, endness=Iend_LE) & 0x2<8>), 0x0<8>), CmpEQ(Load(addr=0x438380<64>, size=1, endness=Iend_LE), 0x0<8>), CmpEQ((Load(addr=0x44c3a1<64>, size=1, endness=Iend_LE) & 0x2<8>), 0x0<8>), CmpEQ((Load(addr=0x44c38b<64>, size=1, endness=Iend_LE) & 0x2<8>), 0x0<8>), CmpEQ(Load(addr=0x44c0d8<64>, size=1, endness=Iend_LE), 0x0<8>), CmpEQ((Load(addr=0x44c38d<64>, size=1, endness=Iend_LE) & 0x2<8>), 0x0<8>), CmpEQ(Load(addr=0x438380<64>, size=1, endness=Iend_LE), 0x0<8>), CmpEQ((Load(addr=0x44c3a3<64>, size=1, endness=Iend_LE) & 0x2<8>), 0x0<8>), CmpEQ(Load(addr=0x438380<64>, size=1, endness=Iend_LE), 0x0<8>), CmpEQ((Load(addr=0x44c3a3<64>, size=1, endness=Iend_LE) & 0x2<8>), 0x0<8>), CmpEQ((Load(addr=0x44c38d<64>, size=1, endness=Iend_LE) & 0x2<8>), 0x0<8>), CmpEQ(Load(addr=0x44c0f8<64>, size=1, endness=Iend_LE), 0x0<8>), CmpEQ((Load(addr=0x44c38f<64>, size=1, endness=Iend_LE) & 0x2<8>), 0x0<8>), CmpEQ(Load(addr=0x438380<64>, size=1, endness=Iend_LE), 0x0<8>), CmpEQ((Load(addr=0x44c3a5<64>, size=1, endness=Iend_LE) & 0x2<8>), 0x0<8>), CmpEQ(Load(addr=0x438380<64>, size=1, endness=Iend_LE), 0x0<8>), CmpEQ((Load(addr=0x44c3a5<64>, size=1, endness=Iend_LE) & 0x2<8>), 0x0<8>), CmpEQ((Load(addr=0x44c38f<64>, size=1, endness=Iend_LE) & 0x2<8>), 0x0<8>), CmpEQ(Load(addr=0x44c118<64>, size=1, endness=Iend_LE), 0x0<8>), CmpEQ((Load(addr=0x44c391<64>, size=1, endness=Iend_LE) & 0x2<8>), 0x0<8>), CmpEQ(Load(addr=0x438380<64>, size=1, endness=Iend_LE), 0x0<8>), CmpEQ((Load(addr=0x44c3a7<64>, size=1, endness=Iend_LE) & 0x2<8>), 0x0<8>), CmpEQ(Load(addr=0x438380<64>, size=1, endness=Iend_LE), 0x0<8>), CmpEQ((Load(addr=0x44c3a7<64>, size=1, endness=Iend_LE) & 0x2<8>), 0x0<8>), CmpEQ((Load(addr=0x44c391<64>, size=1, endness=Iend_LE) & 0x2<8>), 0x0<8>), CmpEQ(Load(addr=0x44c138<64>, size=1, endness=Iend_LE), 0x0<8>), CmpEQ((Load(addr=0x44c393<64>, size=1, endness=Iend_LE) & 0x2<8>), 0x0<8>), CmpEQ(Load(addr=0x438380<64>, size=1, endness=Iend_LE), 0x0<8>), CmpEQ((Load(addr=0x44c3a9<64>, size=1, endness=Iend_LE) & 0x2<8>), 0x0<8>), CmpEQ(Load(addr=0x438380<64>, size=1, endness=Iend_LE), 0x0<8>), CmpEQ((Load(addr=0x44c3a9<64>, size=1, endness=Iend_LE) & 0x2<8>), 0x0<8>), CmpEQ((Load(addr=0x44c393<64>, size=1, endness=Iend_LE) & 0x2<8>), 0x0<8>), CmpEQ(Load(addr=0x44c158<64>, size=1, endness=Iend_LE), 0x0<8>), CmpEQ((Load(addr=0x44c395<64>, size=1, endness=Iend_LE) & 0x2<8>), 0x0<8>), CmpEQ(Load(addr=0x438380<64>, size=1, endness=Iend_LE), 0x0<8>), CmpEQ((Load(addr=0x44c3ab<64>, size=1, endness=Iend_LE) & 0x2<8>), 0x0<8>), CmpEQ(Load(addr=0x438380<64>, size=1, endness=Iend_LE), 0x0<8>), CmpEQ((Load(addr=0x44c3ab<64>, size=1, endness=Iend_LE) & 0x2<8>), 0x0<8>), CmpEQ((Load(addr=0x44c395<64>, size=1, endness=Iend_LE) & 0x2<8>), 0x0<8>), CmpEQ(Load(addr=0x44c158<64>, size=1, endness=Iend_LE), 0x0<8>), CmpEQ((Load(addr=0x44c397<64>, size=1, endness=Iend_LE) & 0x2<8>), 0x0<8>), CmpEQ(Load(addr=0x438380<64>, size=1, endness=Iend_LE), 0x0<8>), CmpEQ((Load(addr=0x44c3ad<64>, size=1, endness=Iend_LE) & 0x2<8>), 0x0<8>), CmpEQ(Load(addr=0x438380<64>, size=1, endness=Iend_LE), 0x0<8>), CmpEQ((Load(addr=0x44c3ad<64>, size=1, endness=Iend_LE) & 0x2<8>), 0x0<8>), CmpEQ((Load(addr=0x44c397<64>, size=1, endness=Iend_LE) & 0x2<8>), 0x0<8>), CmpEQ(Load(addr=0x44c138<64>, size=1, endness=Iend_LE), 0x0<8>), CmpEQ((Load(addr=0x44c399<64>, size=1, endness=Iend_LE) & 0x2<8>), 0x0<8>), CmpEQ(Load(addr=0x438380<64>, size=1, endness=Iend_LE), 0x0<8>), CmpEQ((Load(addr=0x44c3af<64>, size=1, endness=Iend_LE) & 0x2<8>), 0x0<8>), CmpEQ(Load(addr=0x438380<64>, size=1, endness=Iend_LE), 0x0<8>), CmpEQ((Load(addr=0x44c3af<64>, size=1, endness=Iend_LE) & 0x2<8>), 0x0<8>), CmpEQ((Load(addr=0x44c399<64>, size=1, endness=Iend_LE) & 0x2<8>), 0x0<8>), CmpEQ(Load(addr=0x44c118<64>, size=1, endness=Iend_LE), 0x0<8>), CmpEQ((Load(addr=0x44c39b<64>, size=1, endness=Iend_LE) & 0x2<8>), 0x0<8>), CmpEQ(Load(addr=0x438380<64>, size=1, endness=Iend_LE), 0x0<8>), CmpEQ((Load(addr=0x44c3b1<64>, size=1, endness=Iend_LE) & 0x2<8>), 0x0<8>), CmpEQ(Load(addr=0x438380<64>, size=1, endness=Iend_LE), 0x0<8>), CmpEQ((Load(addr=0x44c3b1<64>, size=1, endness=Iend_LE) & 0x2<8>), 0x0<8>), CmpEQ((Load(addr=0x44c39b<64>, size=1, endness=Iend_LE) & 0x2<8>), 0x0<8>), CmpEQ(Load(addr=0x44c0f8<64>, size=1, endness=Iend_LE), 0x0<8>), CmpEQ((Load(addr=0x44c39d<64>, size=1, endness=Iend_LE) & 0x2<8>), 0x0<8>), CmpEQ(Load(addr=0x438380<64>, size=1, endness=Iend_LE), 0x0<8>), CmpEQ((Load(addr=0x44c3b3<64>, size=1, endness=Iend_LE) & 0x2<8>), 0x0<8>), CmpEQ(Load(addr=0x438380<64>, size=1, endness=Iend_LE), 0x0<8>), CmpEQ((Load(addr=0x44c3b3<64>, size=1, endness=Iend_LE) & 0x2<8>), 0x0<8>), CmpEQ((Load(addr=0x44c39d<64>, size=1, endness=Iend_LE) & 0x2<8>), 0x0<8>), CmpEQ(Load(addr=0x44c0d8<64>, size=1, endness=Iend_LE), 0x0<8>), CmpEQ((Load(addr=0x44c39f<64>, size=1, endness=Iend_LE) & 0x2<8>), 0x0<8>), CmpEQ(Load(addr=0x438380<64>, size=1, endness=Iend_LE), 0x0<8>), CmpEQ((Load(addr=0x44c3b5<64>, size=1, endness=Iend_LE) & 0x2<8>), 0x0<8>), CmpEQ(Load(addr=0x438380<64>, size=1, endness=Iend_LE), 0x0<8>), CmpEQ((Load(addr=0x44c3b5<64>, size=1, endness=Iend_LE) & 0x2<8>), 0x0<8>), CmpEQ((Load(addr=0x44c39f<64>, size=1, endness=Iend_LE) & 0x2<8>), 0x0<8>), CmpEQ(Load(addr=0x44c38a<64>, size=1, endness=Iend_LE), 0x0<8>), CmpEQ((Load(addr=0x44c0b9<64>, size=1, endness=Iend_LE) & 0x2<8>), 0x0<8>), CmpEQ(Load(addr=0x44c38c<64>, size=1, endness=Iend_LE), 0x0<8>), CmpEQ((Load(addr=0x44c0d9<64>, size=1, endness=Iend_LE) & 0x2<8>), 0x0<8>), CmpEQ(Load(addr=0x44c38e<64>, size=1, endness=Iend_LE), 0x0<8>), CmpEQ((Load(addr=0x44c0f9<64>, size=1, endness=Iend_LE) & 0x2<8>), 0x0<8>), CmpEQ(Load(addr=0x44c390<64>, size=1, endness=Iend_LE), 0x0<8>), CmpEQ((Load(addr=0x44c119<64>, size=1, endness=Iend_LE) & 0x2<8>), 0x0<8>), CmpEQ(Load(addr=0x44c392<64>, size=1, endness=Iend_LE), 0x0<8>), CmpEQ((Load(addr=0x44c139<64>, size=1, endness=Iend_LE) & 0x2<8>), 0x0<8>), CmpEQ(Load(addr=0x44c394<64>, size=1, endness=Iend_LE), 0x0<8>), CmpEQ((Load(addr=0x44c159<64>, size=1, endness=Iend_LE) & 0x2<8>), 0x0<8>), CmpEQ(Load(addr=0x44c396<64>, size=1, endness=Iend_LE), 0x0<8>), CmpEQ((Load(addr=0x44c159<64>, size=1, endness=Iend_LE) & 0x2<8>), 0x0<8>), CmpEQ(Load(addr=0x44c398<64>, size=1, endness=Iend_LE), 0x0<8>), CmpEQ((Load(addr=0x44c139<64>, size=1, endness=Iend_LE) & 0x2<8>), 0x0<8>), CmpEQ(Load(addr=0x44c39a<64>, size=1, endness=Iend_LE), 0x0<8>), CmpEQ((Load(addr=0x44c119<64>, size=1, endness=Iend_LE) & 0x2<8>), 0x0<8>), CmpEQ(Load(addr=0x44c39c<64>, size=1, endness=Iend_LE), 0x0<8>), CmpEQ((Load(addr=0x44c0f9<64>, size=1, endness=Iend_LE) & 0x2<8>), 0x0<8>), CmpEQ(Load(addr=0x44c39e<64>, size=1, endness=Iend_LE), 0x0<8>), CmpEQ((Load(addr=0x44c0d9<64>, size=1, endness=Iend_LE) & 0x2<8>), 0x0<8>), CmpEQ(Load(addr=0x44c38a<64>, size=1, endness=Iend_LE), 0x0<8>), CmpEQ((Load(addr=0x44c0d9<64>, size=1, endness=Iend_LE) & 0x2<8>), 0x0<8>), CmpEQ(Load(addr=0x44c38c<64>, size=1, endness=Iend_LE), 0x0<8>), CmpEQ((Load(addr=0x44c0f9<64>, size=1, endness=Iend_LE) & 0x2<8>), 0x0<8>), CmpEQ(Load(addr=0x44c38e<64>, size=1, endness=Iend_LE), 0x0<8>), CmpEQ((Load(addr=0x44c119<64>, size=1, endness=Iend_LE) & 0x2<8>), 0x0<8>), CmpEQ(Load(addr=0x44c390<64>, size=1, endness=Iend_LE), 0x0<8>), CmpEQ((Load(addr=0x44c139<64>, size=1, endness=Iend_LE) & 0x2<8>), 0x0<8>), CmpEQ(Load(addr=0x44c392<64>, size=1, endness=Iend_LE), 0x0<8>), CmpEQ((Load(addr=0x44c159<64>, size=1, endness=Iend_LE) & 0x2<8>), 0x0<8>), CmpEQ(Load(addr=0x44c394<64>, size=1, endness=Iend_LE), 0x0<8>), CmpEQ((Load(addr=0x44c0b9<64>, size=1, endness=Iend_LE) & 0x2<8>), 0x0<8>), CmpEQ(Load(addr=0x44c396<64>, size=1, endness=Iend_LE), 0x0<8>), CmpEQ((Load(addr=0x44c0d9<64>, size=1, endness=Iend_LE) & 0x2<8>), 0x0<8>), CmpEQ(Load(addr=0x44c398<64>, size=1, endness=Iend_LE), 0x0<8>), CmpEQ((Load(addr=0x44c0b9<64>, size=1, endness=Iend_LE) & 0x2<8>), 0x0<8>), CmpEQ(Load(addr=0x44c39a<64>, size=1, endness=Iend_LE), 0x0<8>), CmpEQ((Load(addr=0x44c0b9<64>, size=1, endness=Iend_LE) & 0x2<8>), 0x0<8>), CmpEQ(Load(addr=0x44c39c<64>, size=1, endness=Iend_LE), 0x0<8>), CmpEQ((Load(addr=0x44c0b9<64>, size=1, endness=Iend_LE) & 0x2<8>), 0x0<8>), CmpEQ(Load(addr=0x44c39e<64>, size=1, endness=Iend_LE), 0x0<8>), CmpEQ((Load(addr=0x44c0b9<64>, size=1, endness=Iend_LE) & 0x2<8>), 0x0<8>), CmpEQ(vvar_3998{s-92|1b}, 0x0<8>), CmpEQ(Load(addr=0x44c0ba<64>, size=1, endness=Iend_LE), 0x0<8>), CmpEQ(vvar_3998{s-92|1b}, 0x0<8>), CmpEQ(Load(addr=0x44c0ba<64>, size=1, endness=Iend_LE), 0x0<8>), CmpEQ(vvar_3999{s-91|1b}, 0x0<8>), CmpEQ((Load(addr=0x44c182<64>, size=1, endness=Iend_LE) & 0x2<8>), 0x0<8>), CmpEQ((Load(addr=0x44c182<64>, size=1, endness=Iend_LE) & 0x2<8>), 0x0<8>), CmpEQ(vvar_3998{s-92|1b}, 0x0<8>), CmpEQ((Load(addr=0x44c1aa<64>, size=1, endness=Iend_LE) & 0x2<8>), 0x0<8>), CmpEQ(vvar_4000{s-90|1b}, 0x0<8>), CmpEQ((Load(addr=0x44c1aa<64>, size=1, endness=Iend_LE) & 0x2<8>), 0x0<8>), CmpEQ(vvar_3998{s-92|1b}, 0x0<8>), CmpEQ(vvar_3998{s-92|1b}, 0x0<8>), CmpEQ(vvar_3998{s-92|1b}, 0x0<8>), CmpEQ(vvar_3998{s-92|1b}, 0x0<8>), CmpEQ(vvar_3998{s-92|1b}, 0x0<8>), CmpEQ(vvar_4001{s-89|1b}, 0x0<8>), CmpEQ(Load(addr=0x44c0da<64>, size=1, endness=Iend_LE), 0x0<8>), CmpEQ(vvar_4001{s-89|1b}, 0x0<8>), CmpEQ(Load(addr=0x44c0da<64>, size=1, endness=Iend_LE), 0x0<8>), CmpEQ(vvar_4001{s-89|1b}, 0x0<8>), CmpEQ(vvar_4001{s-89|1b}, 0x0<8>), CmpEQ(vvar_4001{s-89|1b}, 0x0<8>), CmpEQ(vvar_4001{s-89|1b}, 0x0<8>), CmpEQ(vvar_4004{s-312|8b}, Load(addr=0x44c0e0<64>, size=8, endness=Iend_LE)), CmpLT (signed)((Load(addr=0x44c0e8<64>, size=8, endness=Iend_LE) - vvar_4007{s-320|8b}), 0x0<64>), CmpLT (signed)((Load(addr=0x44c0e0<64>, size=8, endness=Iend_LE) - vvar_4008{s-344|8b}), 0x0<64>), CmpEQ((Load(addr=0x44c00d<64>, size=1, endness=Iend_LE) & 0x2<8>), 0x0<8>), CmpEQ(vvar_4003{s-87|1b}, 0x0<8>), CmpEQ((Load(addr=0x44c00d<64>, size=1, endness=Iend_LE) & 0x2<8>), 0x0<8>), CmpEQ(vvar_4010{s-86|1b}, 0x0<8>), CmpEQ(Load(addr=0x44c0fa<64>, size=1, endness=Iend_LE), 0x0<8>), CmpEQ(vvar_4010{s-86|1b}, 0x0<8>), CmpEQ(Load(addr=0x44c0fa<64>, size=1, endness=Iend_LE), 0x0<8>), CmpEQ(vvar_4010{s-86|1b}, 0x0<8>), CmpEQ(vvar_4010{s-86|1b}, 0x0<8>), CmpEQ(vvar_4010{s-86|1b}, 0x0<8>), CmpEQ(vvar_4013{s-360|8b}, Load(addr=0x44c100<64>, size=8, endness=Iend_LE)), CmpLT (signed)((Load(addr=0x44c108<64>, size=8, endness=Iend_LE) - vvar_4016{s-368|8b}), 0x0<64>), CmpLT (signed)((Load(addr=0x44c100<64>, size=8, endness=Iend_LE) - vvar_4017{s-392|8b}), 0x0<64>), CmpEQ((Load(addr=0x44c00f<64>, size=1, endness=Iend_LE) & 0x2<8>), 0x0<8>), CmpEQ(vvar_4012{s-84|1b}, 0x0<8>), CmpEQ((Load(addr=0x44c00f<64>, size=1, endness=Iend_LE) & 0x2<8>), 0x0<8>), CmpEQ(vvar_4019{s-83|1b}, 0x0<8>), CmpEQ(Load(addr=0x44c11a<64>, size=1, endness=Iend_LE), 0x0<8>), CmpEQ(vvar_4019{s-83|1b}, 0x0<8>), CmpEQ(Load(addr=0x44c11a<64>, size=1, endness=Iend_LE), 0x0<8>), CmpEQ(vvar_4019{s-83|1b}, 0x0<8>), CmpEQ(vvar_4019{s-83|1b}, 0x0<8>), CmpEQ(vvar_4019{s-83|1b}, 0x0<8>), CmpEQ(vvar_4022{s-408|8b}, Load(addr=0x44c120<64>, size=8, endness=Iend_LE)), CmpLT (signed)((Load(addr=0x44c128<64>, size=8, endness=Iend_LE) - vvar_4025{s-416|8b}), 0x0<64>), CmpLT (signed)((Load(addr=0x44c120<64>, size=8, endness=Iend_LE) - vvar_4026{s-440|8b}), 0x0<64>), CmpEQ((Load(addr=0x44c011<64>, size=1, endness=Iend_LE) & 0x2<8>), 0x0<8>), CmpEQ(vvar_4021{s-81|1b}, 0x0<8>), CmpEQ((Load(addr=0x44c011<64>, size=1, endness=Iend_LE) & 0x2<8>), 0x0<8>), CmpEQ(vvar_4028{s-80|1b}, 0x0<8>), CmpEQ(Load(addr=0x44c13a<64>, size=1, endness=Iend_LE), 0x0<8>), CmpEQ(vvar_4028{s-80|1b}, 0x0<8>), CmpEQ(Load(addr=0x44c13a<64>, size=1, endness=Iend_LE), 0x0<8>), CmpEQ(vvar_4028{s-80|1b}, 0x0<8>), CmpEQ(vvar_4028{s-80|1b}, 0x0<8>), CmpEQ(vvar_4028{s-80|1b}, 0x0<8>), CmpEQ(vvar_4031{s-456|8b}, Load(addr=0x44c140<64>, size=8, endness=Iend_LE)), CmpLT (signed)((Load(addr=0x44c148<64>, size=8, endness=Iend_LE) - vvar_4034{s-464|8b}), 0x0<64>), CmpLT (signed)((Load(addr=0x44c140<64>, size=8, endness=Iend_LE) - vvar_4035{s-488|8b}), 0x0<64>), CmpEQ((Load(addr=0x44c009<64>, size=1, endness=Iend_LE) & 0x2<8>), 0x0<8>), CmpEQ(vvar_4030{s-78|1b}, 0x0<8>), CmpEQ((Load(addr=0x44c009<64>, size=1, endness=Iend_LE) & 0x2<8>), 0x0<8>), CmpEQ(vvar_4037{s-77|1b}, 0x0<8>), CmpEQ(Load(addr=0x44c15a<64>, size=1, endness=Iend_LE), 0x0<8>), CmpEQ(vvar_4037{s-77|1b}, 0x0<8>), CmpEQ(Load(addr=0x44c15a<64>, size=1, endness=Iend_LE), 0x0<8>), CmpEQ(vvar_4037{s-77|1b}, 0x0<8>), CmpEQ(vvar_4037{s-77|1b}, 0x0<8>), CmpEQ(vvar_4037{s-77|1b}, 0x0<8>), CmpEQ(vvar_4040{s-504|8b}, Load(addr=0x44c160<64>, size=8, endness=Iend_LE)), CmpLT (signed)((Load(addr=0x44c168<64>, size=8, endness=Iend_LE) - vvar_4043{s-512|8b}), 0x0<64>), CmpLT (signed)((Load(addr=0x44c160<64>, size=8, endness=Iend_LE) - vvar_4044{s-536|8b}), 0x0<64>), CmpEQ((Load(addr=0x44c00b<64>, size=1, endness=Iend_LE) & 0x2<8>), 0x0<8>), CmpEQ(vvar_4039{s-75|1b}, 0x0<8>), CmpEQ((Load(addr=0x44c00b<64>, size=1, endness=Iend_LE) & 0x2<8>), 0x0<8>), CmpLT (signed)(Conv(16I->32I, vvar_3896{s-74|2b}), Conv(16I->32I, Load(addr=0x44c388<64>, size=2, endness=Iend_LE))), CmpEQ(Load(addr=((Conv(16I->64I, vvar_3896{s-74|2b}) * 0x28<64>) + 0x44c183<64>), size=1, endness=Iend_LE), 0x0<8>), CmpEQ(Load(addr=((Conv(16I->64I, vvar_3896{s-74|2b}) * 0x28<64>) + 0x44c184<64>), size=1, endness=Iend_LE), 0x0<8>), CmpEQ((Load(addr=((Conv(16I->64I, vvar_3896{s-74|2b}) * 0x28<64>) + 0x44c182<64>), size=1, endness=Iend_LE) & 0x2<8>), 0x0<8>), CmpEQ(Load(addr=0x44c1fc<64>, size=1, endness=Iend_LE), 0x0<8>), CmpEQ((Load(addr=0x44bf0f<64>, size=1, endness=Iend_LE) & 0x2<8>), 0x0<8>), CmpEQ(Load(addr=0x44c1fb<64>, size=1, endness=Iend_LE), 0x0<8>), CmpEQ((Load(addr=0x44bf0f<64>, size=1, endness=Iend_LE) & 0x2<8>), 0x0<8>), CmpEQ(Load(addr=0x44c224<64>, size=1, endness=Iend_LE), 0x0<8>), CmpEQ((Load(addr=0x44bf11<64>, size=1, endness=Iend_LE) & 0x2<8>), 0x0<8>), CmpEQ(Load(addr=0x44c223<64>, size=1, endness=Iend_LE), 0x0<8>), CmpEQ((Load(addr=0x44bf11<64>, size=1, endness=Iend_LE) & 0x2<8>), 0x0<8>), CmpEQ(Load(addr=0x44c24c<64>, size=1, endness=Iend_LE), 0x0<8>), CmpEQ((Load(addr=0x44bf09<64>, size=1, endness=Iend_LE) & 0x2<8>), 0x0<8>), CmpEQ(Load(addr=0x44c24b<64>, size=1, endness=Iend_LE), 0x0<8>), CmpEQ((Load(addr=0x44bf09<64>, size=1, endness=Iend_LE) & 0x2<8>), 0x0<8>), CmpEQ(Load(addr=0x44c274<64>, size=1, endness=Iend_LE), 0x0<8>), CmpEQ((Load(addr=0x44bf0d<64>, size=1, endness=Iend_LE) & 0x2<8>), 0x0<8>), CmpEQ(Load(addr=0x44c273<64>, size=1, endness=Iend_LE), 0x0<8>), CmpEQ((Load(addr=0x44bf0d<64>, size=1, endness=Iend_LE) & 0x2<8>), 0x0<8>), CmpEQ(Load(addr=0x44c29c<64>, size=1, endness=Iend_LE), 0x0<8>), CmpEQ((Load(addr=0x44bf0b<64>, size=1, endness=Iend_LE) & 0x2<8>), 0x0<8>), CmpEQ(Load(addr=0x44c29b<64>, size=1, endness=Iend_LE), 0x0<8>), CmpEQ((Load(addr=0x44bf0b<64>, size=1, endness=Iend_LE) & 0x2<8>), 0x0<8>), CmpEQ(Load(addr=0x44c2c4<64>, size=1, endness=Iend_LE), 0x0<8>), CmpEQ((Load(addr=0x44c00d<64>, size=1, endness=Iend_LE) & 0x2<8>), 0x0<8>), CmpEQ(Load(addr=0x44c2c3<64>, size=1, endness=Iend_LE), 0x0<8>), CmpEQ((Load(addr=0x44c00d<64>, size=1, endness=Iend_LE) & 0x2<8>), 0x0<8>), CmpEQ(Load(addr=0x44c2ec<64>, size=1, endness=Iend_LE), 0x0<8>), CmpEQ((Load(addr=0x44c00f<64>, size=1, endness=Iend_LE) & 0x2<8>), 0x0<8>), CmpEQ(Load(addr=0x44c2eb<64>, size=1, endness=Iend_LE), 0x0<8>), CmpEQ((Load(addr=0x44c00f<64>, size=1, endness=Iend_LE) & 0x2<8>), 0x0<8>), CmpEQ(Load(addr=0x44c314<64>, size=1, endness=Iend_LE), 0x0<8>), CmpEQ((Load(addr=0x44c011<64>, size=1, endness=Iend_LE) & 0x2<8>), 0x0<8>), CmpEQ(Load(addr=0x44c313<64>, size=1, endness=Iend_LE), 0x0<8>), CmpEQ((Load(addr=0x44c011<64>, size=1, endness=Iend_LE) & 0x2<8>), 0x0<8>), CmpEQ(Load(addr=0x44c33c<64>, size=1, endness=Iend_LE), 0x0<8>), CmpEQ((Load(addr=0x44c009<64>, size=1, endness=Iend_LE) & 0x2<8>), 0x0<8>), CmpEQ(Load(addr=0x44c33b<64>, size=1, endness=Iend_LE), 0x0<8>), CmpEQ((Load(addr=0x44c009<64>, size=1, endness=Iend_LE) & 0x2<8>), 0x0<8>), CmpEQ(Load(addr=0x44c364<64>, size=1, endness=Iend_LE), 0x0<8>), CmpEQ((Load(addr=0x44c00b<64>, size=1, endness=Iend_LE) & 0x2<8>), 0x0<8>), CmpEQ(Load(addr=0x44c363<64>, size=1, endness=Iend_LE), 0x0<8>), CmpEQ((Load(addr=0x44c00b<64>, size=1, endness=Iend_LE) & 0x2<8>), 0x0<8>), CmpEQ(Load(addr=0x44c181<64>, size=1, endness=Iend_LE), 0x0<8>), CmpEQ((Load(addr=0x44bf0b<64>, size=1, endness=Iend_LE) & 0x2<8>), 0x0<8>), CmpEQ(Load(addr=0x44c1a9<64>, size=1, endness=Iend_LE), 0x0<8>), CmpEQ((Load(addr=0x44bf1d<64>, size=1, endness=Iend_LE) & 0x2<8>), 0x0<8>), CmpEQ((Load(addr=0x44bf30<64>, size=1, endness=Iend_LE) & 0x2<8>), 0x0<8>), CmpEQ((Load(addr=0x44c09f<64>, size=1, endness=Iend_LE) & 0x2<8>), 0x0<8>), CmpEQ(Load(addr=0x44c0a0<64>, size=1, endness=Iend_LE), 0x0<8>), CmpEQ((Load(addr=0x44bf0b<64>, size=1, endness=Iend_LE) & 0x2<8>), 0x0<8>), CmpEQ((Load(addr=0x44bf95<64>, size=1, endness=Iend_LE) & 0x2<8>), 0x0<8>), CmpEQ((Load(addr=0x44bfa8<64>, size=1, endness=Iend_LE) & 0x2<8>), 0x0<8>), CmpEQ((Load(addr=0x44c095<64>, size=1, endness=Iend_LE) & 0x2<8>), 0x0<8>), CmpEQ(Load(addr=0x44c096<64>, size=1, endness=Iend_LE), 0x0<8>), CmpEQ((Load(addr=0x44bf0b<64>, size=1, endness=Iend_LE) & 0x2<8>), 0x0<8>), CmpEQ(Load(addr=0x44c1d1<64>, size=1, endness=Iend_LE), 0x0<8>), CmpEQ((Load(addr=0x44c0af<64>, size=1, endness=Iend_LE) & 0x2<8>), 0x0<8>), CmpEQ((Load(addr=0x44c0a9<64>, size=1, endness=Iend_LE) & 0x2<8>), 0x0<8>), CmpEQ((Load(addr=0x44c0ab<64>, size=1, endness=Iend_LE) & 0x2<8>), 0x0<8>), CmpEQ((Load(addr=0x44c01d<64>, size=1, endness=Iend_LE) & 0x2<8>), 0x0<8>), CmpEQ((Load(addr=0x44c030<64>, size=1, endness=Iend_LE) & 0x2<8>), 0x0<8>), CmpEQ((Load(addr=0x44c0b1<64>, size=1, endness=Iend_LE) & 0x2<8>), 0x0<8>)]
defaultdict(<class 'list'>,
            {<Global 0x44c3b6:2 bytes>: [('read', 4374638)],
             <Global 0x44c38c:1 bytes>: [('write', 4376690),
                                         ('write', 4376839)],
             <Global 0x44c38a:1 bytes>: [('write', 4376486),
                                         ('write', 4376632)],
             <Global 0x44c3a3:1 bytes>: [('read', 4376733), ('read', 4376791)],
             <Global 0x44c392:1 bytes>: [('write', 4377311),
                                         ('write', 4377460)],
             <Global 0x44c178:2 bytes>: [('read', 4374855)],
             <Global 0x44c3a2:1 bytes>: [('write', 4376750),
                                         ('write', 4376808)],
             <Global 0x44c38b:1 bytes>: [('read', 4376472), ('read', 4376626)],
             <Global 0x44c0b9:1 bytes>: [('read', 4378767),
                                         ('read', 4379669),
                                         ('read', 4379823),
                                         ('read', 4379900),
                                         ('read', 4379977),
                                         ('read', 4380054)],
             <Global 0x44c1a9:1 bytes>: [('write', 4380286),
                                         ('write', 4380324),
                                         ('read', 4383650)],
             <Global 0x44c0b8:1 bytes>: [('read', 4376451),
                                         ('write', 4378773),
                                         ('write', 4379675),
                                         ('write', 4379829),
                                         ('write', 4379906),
                                         ('write', 4379983),
                                         ('write', 4380060),
                                         ('read', 4380115),
                                         ('read', 4380151),
                                         ('read', 4380259),
                                         ('read', 4380335),
                                         ('read', 4380352),
                                         ('read', 4380369),
                                         ('read', 4380386),
                                         ('read', 4380403)],
             <Global 0x44c3b8:8 bytes>: [('write', 4374528)],
             <Global 0x44c3c0:8 bytes>: [('write', 4374535)],
             <Global 0x44c1fb:1 bytes>: [('write', 4380546),
                                         ('write', 4381582),
                                         ('read', 4382752)],
             <Global 0x44c38d:1 bytes>: [('read', 4376673), ('read', 4376833)],
             <Global 0x44c0d8:1 bytes>: [('read', 4376652),
                                         ('read', 4378539),
                                         ('write', 4378820),
                                         ('write', 4379243),
                                         ('write', 4379290),
                                         ('write', 4379752),
                                         ('read', 4380434),
                                         ('read', 4380470),
                                         ('read', 4380506),
                                         ('read', 4380523),
                                         ('read', 4380540),
                                         ('read', 4380557)],
             <Global 0x44c120:8 bytes>: [('write', 4379455),
                                         ('read', 4381308),
                                         ('read', 4381412)],
             <Global 0x44c224:1 bytes>: [('write', 4380358),
                                         ('write', 4381599),
                                         ('read', 4382793)],
             <Global 0x44c00b:1 bytes>: [('read', 4382123),
                                         ('read', 4382163),
                                         ('read', 4383534),
                                         ('read', 4383583)],
             <Global 0x44c038:1 bytes>: [('read', 4379028), ('read', 4379725)],
             <Global 0x44c128:8 bytes>: [('write', 4379470), ('read', 4381359)],
             <Global 0x44bf0a:1 bytes>: [('write', 4383069),
                                         ('write', 4383112),
                                         ('write', 4383633),
                                         ('write', 4383848),
                                         ('write', 4384057)],
             <Global 0x44c011:1 bytes>: [('read', 4381433),
                                         ('read', 4381473),
                                         ('read', 4383342),
                                         ('read', 4383391)],
             <Global 0x44c0c8:8 bytes>: [('write', 4379701),
                                         ('write', 4379855),
                                         ('write', 4379932),
                                         ('write', 4380009),
                                         ('write', 4380086)],
             <Global 0x44c0ba:1 bytes>: [('read', 4380130), ('read', 4380166)],
             <Global 0x44c159:1 bytes>: [('read', 4379002),
                                         ('read', 4379049),
                                         ('read', 4379592)],
             <Global 0x44c0c0:8 bytes>: [('write', 4379686),
                                         ('write', 4379840),
                                         ('write', 4379917),
                                         ('write', 4379994),
                                         ('write', 4380071)],
             <Global 0x44c160:8 bytes>: [('write', 4379609),
                                         ('read', 4382004),
                                         ('read', 4382102)],
             <Global 0x44c00a:1 bytes>: [('read', 4379028),
                                         ('read', 4379725),
                                         ('write', 4382129),
                                         ('write', 4382169),
                                         ('write', 4383540),
                                         ('write', 4383589)],
             <Global 0x44c182:1 bytes>: [('read', 4380208), ('read', 4380242)],
             <Global 0x44c1fc:1 bytes>: [('write', 4380341),
                                         ('write', 4381248),
                                         ('read', 4382709)],
             <Global 0x44c0e0:8 bytes>: [('write', 4379301),
                                         ('write', 4379763),
                                         ('read', 4380606),
                                         ('read', 4380710)],
             <Global 0x44c00f:1 bytes>: [('read', 4381082),
                                         ('read', 4381122),
                                         ('read', 4383246),
                                         ('read', 4383295)],
             <Global 0x44c008:1 bytes>: [('read', 4378934),
                                         ('read', 4379571),
                                         ('write', 4381784),
                                         ('write', 4381824),
                                         ('write', 4383444),
                                         ('write', 4383493)],
             <Global 0x44c0d9:1 bytes>: [('read', 4378814),
                                         ('read', 4379237),
                                         ('read', 4379284),
                                         ('read', 4379746)],
             <Global 0x44c139:1 bytes>: [('read', 4378955),
                                         ('read', 4379096),
                                         ('read', 4379515)],
             <Global 0x44c0e8:8 bytes>: [('write', 4379316),
                                         ('write', 4379778),
                                         ('read', 4380657)],
             <Global 0x44c364:1 bytes>: [('read', 4383513)],
             <Global 0x44c00d:1 bytes>: [('read', 4380731),
                                         ('read', 4380771),
                                         ('read', 4383150),
                                         ('read', 4383199)],
             <Global 0x44c3b5:1 bytes>: [('read', 4378620), ('read', 4378678)],
             <Global 0x44c108:8 bytes>: [('write', 4379393), ('read', 4381008)],
             <Global 0x44c3b4:1 bytes>: [('write', 4378637),
                                         ('write', 4378695)],
             <Global 0x44c168:8 bytes>: [('write', 4379624), ('read', 4382052)],
             <Global 0x44c39e:1 bytes>: [('write', 4378577),
                                         ('write', 4378726)],
             <Global 0x44c00c:1 bytes>: [('read', 4378793),
                                         ('read', 4379340),
                                         ('write', 4380737),
                                         ('write', 4380777),
                                         ('write', 4383156),
                                         ('write', 4383205)],
             <Global 0x44c39f:1 bytes>: [('read', 4378560), ('read', 4378720)],
             <Global 0x44c119:1 bytes>: [('read', 4378908),
                                         ('read', 4379143),
                                         ('read', 4379438)],
             <Global 0x44c3b1:1 bytes>: [('read', 4378202), ('read', 4378260)],
             <Global 0x44c3ac:1 bytes>: [('write', 4377793),
                                         ('write', 4377851)],
             <Global 0x44c0f9:1 bytes>: [('read', 4378861),
                                         ('read', 4379190),
                                         ('read', 4379361)],
             <Global 0x44c009:1 bytes>: [('read', 4381778),
                                         ('read', 4381818),
                                         ('read', 4383438),
                                         ('read', 4383487)],
             <Global 0x44c39b:1 bytes>: [('read', 4378138), ('read', 4378306)],
             <Global 0x44c39a:1 bytes>: [('write', 4378159),
                                         ('write', 4378312)],
             <Global 0x44c24c:1 bytes>: [('write', 4380375),
                                         ('write', 4381944),
                                         ('read', 4382877)],
             <Global 0x44c3b3:1 bytes>: [('read', 4378413), ('read', 4378471)],
             <Global 0x44c3af:1 bytes>: [('read', 4377987), ('read', 4378045)],
             <Global 0x44c39d:1 bytes>: [('read', 4378353), ('read', 4378513)],
             <Global 0x44c3ae:1 bytes>: [('write', 4378004),
                                         ('write', 4378066)],
             <Global 0x44c010:1 bytes>: [('read', 4378887),
                                         ('read', 4379494),
                                         ('write', 4381439),
                                         ('write', 4381479),
                                         ('write', 4383348),
                                         ('write', 4383397)],
             <Global 0x44c39c:1 bytes>: [('write', 4378370),
                                         ('write', 4378519)],
             <Global 0x44c100:8 bytes>: [('write', 4379378),
                                         ('read', 4380957),
                                         ('read', 4381061)],
             <Global 0x44c274:1 bytes>: [('write', 4380392),
                                         ('write', 4380512),
                                         ('read', 4382961)],
             <Global 0x44c394:1 bytes>: [('write', 4377522),
                                         ('write', 4377675)],
             <Global 0x44c3aa:1 bytes>: [('write', 4377582),
                                         ('write', 4377644)],
             <Global 0x44c3ab:1 bytes>: [('read', 4377565), ('read', 4377623)],
             <Global 0x44c00e:1 bytes>: [('read', 4378840),
                                         ('read', 4379417),
                                         ('write', 4381088),
                                         ('write', 4381128),
                                         ('write', 4383252),
                                         ('write', 4383301)],
             <Global 0x44c395:1 bytes>: [('read', 4377501), ('read', 4377669)],
             <Global 0x44c181:1 bytes>: [('write', 4380214),
                                         ('write', 4380248),
                                         ('read', 4383609)],
             <Global 0x44c3b2:1 bytes>: [('write', 4378430),
                                         ('write', 4378488)],
             <Global 0x44c399:1 bytes>: [('read', 4377923), ('read', 4378091)],
             <Global 0x44c158:1 bytes>: [('read', 4377480),
                                         ('read', 4377695),
                                         ('write', 4379008),
                                         ('write', 4379055),
                                         ('write', 4379598),
                                         ('read', 4381849),
                                         ('read', 4381885),
                                         ('read', 4381921),
                                         ('read', 4381938),
                                         ('read', 4381955)],
             <Global 0x44c3a7:1 bytes>: [('read', 4377147), ('read', 4377205)],
             <Global 0x44c3a6:1 bytes>: [('write', 4377164),
                                         ('write', 4377222)],
             <Global 0x44c3a8:1 bytes>: [('write', 4377371),
                                         ('write', 4377429)],
             <Global 0x44c391:1 bytes>: [('read', 4377087), ('read', 4377247)],
             <Global 0x44c398:1 bytes>: [('write', 4377944),
                                         ('write', 4378097)],
             <Global 0x44c118:1 bytes>: [('read', 4377066),
                                         ('read', 4378117),
                                         ('write', 4378914),
                                         ('write', 4379149),
                                         ('write', 4379444),
                                         ('read', 4381153),
                                         ('read', 4381189),
                                         ('read', 4381225),
                                         ('read', 4381242),
                                         ('read', 4381259)],
             <Global 0x44c390:1 bytes>: [('write', 4377104),
                                         ('write', 4377253)],
             <Global 0x44bf95:1 bytes>: [('read', 4383871)],
             <Global 0x44c0a0:1 bytes>: [('read', 4383824)],
             <Global 0x44c09e:1 bytes>: [('write', 4383787)],
             <Global 0x44bf28:8 bytes>: [('write', 4383730)],
             <Global 0x44c09f:1 bytes>: [('read', 4383773)],
             <Global 0x44c094:1 bytes>: [('write', 4383996)],
             <Global 0x44bf20:8 bytes>: [('write', 4383718)],
             <Global 0x44c33b:1 bytes>: [('read', 4383466)],
             <Global 0x44c33c:1 bytes>: [('read', 4383417)],
             <Global 0x44c0a9:1 bytes>: [('read', 4384145)],
             <Global 0x44c0ae:1 bytes>: [('write', 4384120)],
             <Global 0x44c313:1 bytes>: [('read', 4383370)],
             <Global 0x44c363:1 bytes>: [('read', 4383562)],
             <Global 0x44bf0b:1 bytes>: [('read', 4383063),
                                         ('read', 4383106),
                                         ('read', 4383627),
                                         ('read', 4383842),
                                         ('read', 4384051)],
             <Global 0x44c314:1 bytes>: [('read', 4383321)],
             <Global 0x44bf30:1 bytes>: [('read', 4383712)],
             <Global 0x44bf0c:1 bytes>: [('write', 4382985),
                                         ('write', 4383028)],
             <Global 0x44bf1c:1 bytes>: [('write', 4383693)],
             <Global 0x44bf0d:1 bytes>: [('read', 4382979), ('read', 4383022)],
             <Global 0x44c2c4:1 bytes>: [('read', 4383129)],
             <Global 0x44c2c3:1 bytes>: [('read', 4383178)],
             <Global 0x44bf1d:1 bytes>: [('read', 4383672)],
             <Global 0x44bf08:1 bytes>: [('write', 4382901),
                                         ('write', 4382944)],
             <Global 0x44c1d1:1 bytes>: [('read', 4384074)],
             <Global 0x44bf0e:1 bytes>: [('write', 4382733),
                                         ('write', 4382776)],
             <Global 0x44bf09:1 bytes>: [('read', 4382895), ('read', 4382938)],
             <Global 0x44c0af:1 bytes>: [('read', 4384099)],
             <Global 0x44c2eb:1 bytes>: [('read', 4383274)],
             <Global 0x44c273:1 bytes>: [('write', 4381927), ('read', 4383004)],
             <Global 0x44c24b:1 bytes>: [('write', 4380897), ('read', 4382920)],
             <Global 0x44bf0f:1 bytes>: [('read', 4382727), ('read', 4382770)],
             <Global 0x44bf11:1 bytes>: [('read', 4382811), ('read', 4382854)],
             <Global 0x44c223:1 bytes>: [('write', 4381231), ('read', 4382836)],
             <Global 0x44c2ec:1 bytes>: [('read', 4383225)],
             <Global 0x44c29c:1 bytes>: [('write', 4380880), ('read', 4383045)],
             <Global 0x44bf10:1 bytes>: [('write', 4382817),
                                         ('write', 4382860)],
             <Global 0x44c096:1 bytes>: [('read', 4384033)],
             <Global 0x44c29b:1 bytes>: [('write', 4380529), ('read', 4383088)],
             <Global 0x44c13a:1 bytes>: [('read', 4381519), ('read', 4381555)],
             <Global 0x44c15a:1 bytes>: [('read', 4381864), ('read', 4381900)],
             <Global 0x44c0fa:1 bytes>: [('read', 4380817), ('read', 4380853)],
             <Global 0x44c11a:1 bytes>: [('read', 4381168), ('read', 4381204)],
             <Global 0x44c1d3:1 bytes>: [('write', 4380409)],
             <Global 0x44c0da:1 bytes>: [('read', 4380449), ('read', 4380485)],
             <Global 0x44c148:8 bytes>: [('write', 4379547), ('read', 4381707)],
             <Global 0x44c140:8 bytes>: [('write', 4379532),
                                         ('read', 4381659),
                                         ('read', 4381757)],
             <Global 0x44c0b0:1 bytes>: [('write', 4384419)],
             <Global 0x44c028:8 bytes>: [('write', 4384307)],
             <Global 0x44c020:8 bytes>: [('write', 4384292)],
             <Global 0x44c0b1:1 bytes>: [('read', 4384355)],
             <Global 0x44c030:1 bytes>: [('read', 4384286)],
             <Global 0x44c01c:1 bytes>: [('write', 4384261)],
             <Global 0x44c0ab:1 bytes>: [('read', 4384184)],
             <Global 0x44c01d:1 bytes>: [('read', 4384244)],
             <Global 0x44c0aa:1 bytes>: [('write', 4384201)],
             <Global 0x44c0a8:1 bytes>: [('write', 4384159)],
             <Global 0x44bfa0:8 bytes>: [('write', 4383931)],
             <Global 0x44bf98:8 bytes>: [('write', 4383916)],
             <Global 0x44bfa8:1 bytes>: [('read', 4383910)],
             <Global 0x44bf94:1 bytes>: [('write', 4383885)],
             <Global 0x44c3b0:1 bytes>: [('write', 4378219),
                                         ('write', 4378281)],
             <Global 0x438380:1 bytes>: [('read', 4374554),
                                         ('read', 4376504),
                                         ('read', 4376566),
                                         ('read', 4376708),
                                         ('read', 4376770),
                                         ('read', 4376915),
                                         ('read', 4376977),
                                         ('read', 4377122),
                                         ('read', 4377184),
                                         ('read', 4377329),
                                         ('read', 4377391),
                                         ('read', 4377540),
                                         ('read', 4377602),
                                         ('read', 4377751),
                                         ('read', 4377813),
                                         ('read', 4377962),
                                         ('read', 4378024),
                                         ('read', 4378177),
                                         ('read', 4378239),
                                         ('read', 4378388),
                                         ('read', 4378450),
                                         ('read', 4378595),
                                         ('read', 4378657)],
             <Global 0x44c3a1:1 bytes>: [('read', 4376529), ('read', 4376587)],
             <Global 0x44c095:1 bytes>: [('read', 4383979)],
             <Global 0x44c393:1 bytes>: [('read', 4377294), ('read', 4377454)],
             <Global 0x44c0f8:1 bytes>: [('read', 4376859),
                                         ('read', 4378332),
                                         ('write', 4378867),
                                         ('write', 4379196),
                                         ('write', 4379367),
                                         ('read', 4380802),
                                         ('read', 4380838),
                                         ('read', 4380874),
                                         ('read', 4380891),
                                         ('read', 4380908)],
             <Global 0x44c3a9:1 bytes>: [('read', 4377354), ('read', 4377412)],
             <Global 0x44c138:1 bytes>: [('read', 4377273),
                                         ('read', 4377902),
                                         ('write', 4378961),
                                         ('write', 4379102),
                                         ('write', 4379521),
                                         ('read', 4381504),
                                         ('read', 4381540),
                                         ('read', 4381576),
                                         ('read', 4381593),
                                         ('read', 4381610)],
             <Global 0x44c38f:1 bytes>: [('read', 4376880), ('read', 4377040)],
             <Global 0x44c3ad:1 bytes>: [('read', 4377776), ('read', 4377834)],
             <Global 0x44bf03:1 bytes>: [('read', 4374404), ('read', 4374439)],
             <Global 0x44c397:1 bytes>: [('read', 4377716), ('read', 4377876)],
             <Global 0x44c1aa:1 bytes>: [('read', 4380280), ('read', 4380318)],
             <Global 0x44bf02:1 bytes>: [('write', 4374414),
                                         ('write', 4374445)],
             <Global 0x44bf00:1 bytes>: [('read', 4374386)],
             <Global 0x44c396:1 bytes>: [('write', 4377733),
                                         ('write', 4377882)],
             <Global 0x44c3a5:1 bytes>: [('read', 4376940), ('read', 4376998)],
             <Global 0x44c3a4:1 bytes>: [('write', 4376957),
                                         ('write', 4377015)],
             <Global 0x44bf04:1 bytes>: [('read', 4378746),
                                         ('read', 4378981),
                                         ('read', 4379075),
                                         ('read', 4379122),
                                         ('read', 4379169),
                                         ('read', 4379216),
                                         ('read', 4379263),
                                         ('read', 4379648),
                                         ('read', 4379802),
                                         ('read', 4379879),
                                         ('read', 4379956),
                                         ('read', 4380033)],
             <Global 0x44c38e:1 bytes>: [('write', 4376897),
                                         ('write', 4377046)],
             <Global 0x44c3a0:1 bytes>: [('write', 4376546),
                                         ('write', 4376601)],
             <Global 0x44c388:2 bytes>: [('read', 4376432), ('read', 4382690)]})
----------------------------------------
State variable candidate <Global 0x44c0b8:1 bytes>,  offset = 0x1b8
State variable candidate <Global 0x44c0d8:1 bytes>,  offset = 0x1d8
State variable candidate <Global 0x44c0f8:1 bytes>,  offset = 0x1f8
State variable candidate <Global 0x44c118:1 bytes>,  offset = 0x218
State variable candidate <Global 0x44c138:1 bytes>,  offset = 0x238
State variable candidate <Global 0x44c158:1 bytes>,  offset = 0x258
State variable candidate <Global 0x44c00c:1 bytes>,  offset = 0x10c
State variable candidate <Global 0x44c00e:1 bytes>,  offset = 0x10e
State variable candidate <Global 0x44c010:1 bytes>,  offset = 0x110
State variable candidate <Global 0x44c008:1 bytes>,  offset = 0x108
State variable candidate <Global 0x44c00a:1 bytes>,  offset = 0x10a
