… Elap… Ti… Analysis (Stage 1) | 997 funcs, 24241 blocks | 0/309 IJs | 428.29 MB…
[timing]   _set_function_graph took 4.183809 milliseconds.
[timing]   _remove_alignment_blocks took 0.252605 milliseconds.
[timing]   _recover_calling_conventions took 101.291118 milliseconds.
[timing]   _convert_all took 236.646112 milliseconds.
[timing]   _make_ailgraph took 3.411318 milliseconds.
[timing]     SwitchDefaultCaseDuplicator took 0.040067 milliseconds.
[timing]     SwitchReusedEntryRewriter took 0.019903 milliseconds.
[timing]   _run_simplification_passes took 0.321286 milliseconds.
[timing]   _replace_single_target_indirect_transitions took 0.163441 milliseconds.
[timing]   _replace_tail_jumps_with_calls took 0.166176 milliseconds.
[timing]   _fix_special_call_calling_conventions took 0.090696 milliseconds.
[timing]   _run_simplification_passes took 0.148520 milliseconds.
[timing]   _make_argument_list took 0.038578 milliseconds.
[timing]   _create_function_argument_vvars took 0.013103 milliseconds.
[timing]   _transform_to_ssa_level0 took 133.959142 milliseconds.
[timing]       _compute_propagation took 493.363567 milliseconds.
[timing]     _simplify_function_once took 657.258562 milliseconds.
[timing]   _simplify_function took 657.276849 milliseconds.
[timing]   _track_stack_pointers took 155.182672 milliseconds.
[timing]   _simplify_blocks took 2.321254 seconds (2321.253828 milliseconds).
[timing]     RegisterSaveAreaSimplifier took 0.186942 milliseconds.
[timing]     ConstantDereferencesSimplifier took 4.492379 milliseconds.
[timing]       _find_const_conditions took 0.355532 milliseconds.
[timing]       _analyze took 41.408789 milliseconds.
[timing]     ConditionConstantPropagation took 41.820493 milliseconds.
[timing]   _run_simplification_passes took 46.760667 milliseconds.
[timing]       _compute_propagation took 58.679822 milliseconds.
[timing]         _remove_dead_assignments took 121.413027 milliseconds.
[timing]         _remove_dead_assignments took 37.394967 milliseconds.
[timing]         _remove_dead_assignments took 36.851583 milliseconds.
[timing]         _remove_dead_assignments took 35.099130 milliseconds.
[timing]       _iteratively_remove_dead_assignments took 237.077376 milliseconds.
[timing]         _remove_dead_assignments took 35.652716 milliseconds.
[timing]         _remove_dead_assignments took 33.416122 milliseconds.
[timing]       _iteratively_remove_dead_assignments took 69.354339 milliseconds.
[timing]     _simplify_function_once took 524.693187 milliseconds.
[timing]       _compute_propagation took 16.531911 milliseconds.
[timing]         _remove_dead_assignments took 6.036160 milliseconds.
[timing]         _remove_dead_assignments took 32.402549 milliseconds.
[timing]       _iteratively_remove_dead_assignments took 40.574189 milliseconds.
[timing]         _remove_dead_assignments took 1.376040 milliseconds.
[timing]       _iteratively_remove_dead_assignments took 1.382654 milliseconds.
[timing]     _simplify_function_once took 106.232137 milliseconds.
[timing]       _compute_propagation took 13.500613 milliseconds.
[timing]         _remove_dead_assignments took 3.393009 milliseconds.
[timing]         _remove_dead_assignments took 30.153369 milliseconds.
[timing]       _iteratively_remove_dead_assignments took 35.527191 milliseconds.
[timing]         _remove_dead_assignments took 1.203906 milliseconds.
[timing]       _iteratively_remove_dead_assignments took 1.210104 milliseconds.
[timing]     _simplify_function_once took 93.632704 milliseconds.
[timing]       _compute_propagation took 10.451835 milliseconds.
[timing]         _remove_dead_assignments took 1.673648 milliseconds.
[timing]         _remove_dead_assignments took 29.561431 milliseconds.
[timing]       _iteratively_remove_dead_assignments took 31.492449 milliseconds.
[timing]         _remove_dead_assignments took 1.202384 milliseconds.
[timing]       _iteratively_remove_dead_assignments took 1.211032 milliseconds.
[timing]     _simplify_function_once took 77.170160 milliseconds.
[timing]       _compute_propagation took 10.202636 milliseconds.
[timing]         _remove_dead_assignments took 1.218846 milliseconds.
[timing]       _iteratively_remove_dead_assignments took 1.228046 milliseconds.
[timing]         _remove_dead_assignments took 1.186644 milliseconds.
[timing]       _iteratively_remove_dead_assignments took 1.192433 milliseconds.
[timing]     _simplify_function_once took 45.158708 milliseconds.
[timing]   _simplify_function took 846.918195 milliseconds.
[timing]   _simplify_blocks took 159.266741 milliseconds.
[timing]   _run_simplification_passes took 0.296383 milliseconds.
[timing]   _transform_to_ssa_level1 took 50.292208 milliseconds.
[timing]     RegisterSaveAreaSimplifierAdvanced took 18.016610 milliseconds.
[timing]   _run_simplification_passes took 18.346246 milliseconds.
[timing]   _make_callsites took 37.313002 milliseconds.
[timing]     CallStatementRewriter took 0.315150 milliseconds.
[timing]   _run_simplification_passes took 0.490131 milliseconds.
[timing]         _remove_dead_assignments took 24.053389 milliseconds.
[timing]         _remove_dead_assignments took 16.372205 milliseconds.
[timing]         _remove_dead_assignments took 14.491292 milliseconds.
[timing]       _iteratively_remove_dead_assignments took 56.097588 milliseconds.
[timing]       _narrow_exprs took 4.213495 milliseconds.
[timing]       _compute_propagation took 9.106707 milliseconds.
[timing]         _remove_dead_assignments took 1.874953 milliseconds.
[timing]         _remove_dead_assignments took 11.309382 milliseconds.
[timing]       _iteratively_remove_dead_assignments took 13.745043 milliseconds.
[timing]         _remove_dead_assignments took 0.916434 milliseconds.
[timing]       _iteratively_remove_dead_assignments took 0.922055 milliseconds.
[timing]         _compute_equivalence took 1.358993 milliseconds.
[timing]       _unify_local_variables took 2.612267 milliseconds.
[timing]         _compute_equivalence took 0.781446 milliseconds.
[timing]       _fold_call_exprs took 11.380429 milliseconds.
[timing]         _remove_dead_assignments took 11.274291 milliseconds.
[timing]         _remove_dead_assignments took 10.613106 milliseconds.
[timing]       _iteratively_remove_dead_assignments took 22.144051 milliseconds.
[timing]     _simplify_function_once took 139.290303 milliseconds.
[timing]       _compute_propagation took 7.931751 milliseconds.
[timing]         _remove_dead_assignments took 1.230405 milliseconds.
[timing]         _remove_dead_assignments took 10.432770 milliseconds.
[timing]       _iteratively_remove_dead_assignments took 11.957686 milliseconds.
[timing]         _remove_dead_assignments took 0.851003 milliseconds.
[timing]       _iteratively_remove_dead_assignments took 0.857408 milliseconds.
[timing]         _compute_equivalence took 0.865252 milliseconds.
[timing]       _unify_local_variables took 1.490766 milliseconds.
[timing]         _compute_equivalence took 0.712572 milliseconds.
[timing]       _fold_call_exprs took 0.777194 milliseconds.
[timing]         _remove_dead_assignments took 0.864104 milliseconds.
[timing]       _iteratively_remove_dead_assignments took 0.868769 milliseconds.
[timing]     _simplify_function_once took 36.963021 milliseconds.
[timing]       _compute_propagation took 7.775790 milliseconds.
[timing]         _remove_dead_assignments took 0.860635 milliseconds.
[timing]       _iteratively_remove_dead_assignments took 0.866824 milliseconds.
[timing]         _remove_dead_assignments took 0.852587 milliseconds.
[timing]       _iteratively_remove_dead_assignments took 0.857826 milliseconds.
[timing]         _compute_equivalence took 0.739683 milliseconds.
[timing]       _unify_local_variables took 1.353417 milliseconds.
[timing]         _compute_equivalence took 0.726998 milliseconds.
[timing]       _fold_call_exprs took 0.792609 milliseconds.
[timing]         _remove_dead_assignments took 0.965406 milliseconds.
[timing]       _iteratively_remove_dead_assignments took 0.972709 milliseconds.
[timing]     _simplify_function_once took 24.698704 milliseconds.
[timing]   _simplify_function took 200.965490 milliseconds.
[timing]   _simplify_blocks took 100.001319 milliseconds.
[timing]     StackCanarySimplifier took 0.029359 milliseconds.
[timing]     BasePointerSaveSimplifier took 0.068942 milliseconds.
[timing]     ITERegionConverter took 8.965463 milliseconds.
[timing]       _compute_propagation took 6.817865 milliseconds.
[timing]         _remove_dead_assignments took 0.877448 milliseconds.
[timing]         _remove_dead_assignments took 10.160015 milliseconds.
[timing]         _remove_dead_assignments took 10.036581 milliseconds.
[timing]       _iteratively_remove_dead_assignments took 21.355551 milliseconds.
[timing]         _remove_dead_assignments took 0.758443 milliseconds.
[timing]       _iteratively_remove_dead_assignments took 0.765373 milliseconds.
[timing]     ReturnDuplicatorHigh took 237.896481 milliseconds.
[timing]     InlinedStringTransformationSimplifier took 0.277191 milliseconds.
[timing]     InlinedStrlenSimplifier took 0.405758 milliseconds.
[timing]     DetermineLoadSizes took 0.414410 milliseconds.
[timing]   _run_simplification_passes took 251.244090 milliseconds.
[timing]         _remove_dead_assignments took 10.695411 milliseconds.
[timing]       _iteratively_remove_dead_assignments took 10.701823 milliseconds.
[timing]       _narrow_exprs took 1.063337 milliseconds.
[timing]       _compute_propagation took 7.440157 milliseconds.
[timing]         _remove_dead_assignments took 0.883575 milliseconds.
[timing]       _iteratively_remove_dead_assignments took 0.889241 milliseconds.
[timing]         _remove_dead_assignments took 0.792738 milliseconds.
[timing]       _iteratively_remove_dead_assignments took 0.797882 milliseconds.
[timing]         _compute_equivalence took 0.743244 milliseconds.
[timing]       _unify_local_variables took 1.963397 milliseconds.
[timing]         _compute_equivalence took 0.718507 milliseconds.
[timing]       _fold_call_exprs took 0.778822 milliseconds.
[timing]         _remove_dead_assignments took 10.469088 milliseconds.
[timing]         _remove_dead_assignments took 10.244867 milliseconds.
[timing]       _iteratively_remove_dead_assignments took 20.865355 milliseconds.
[timing]     _simplify_function_once took 47.403220 milliseconds.
[timing]       _compute_propagation took 7.159241 milliseconds.
[timing]         _remove_dead_assignments took 0.793558 milliseconds.
[timing]       _iteratively_remove_dead_assignments took 0.800216 milliseconds.
[timing]         _remove_dead_assignments took 0.783024 milliseconds.
[timing]       _iteratively_remove_dead_assignments took 0.788684 milliseconds.
[timing]         _compute_equivalence took 0.708286 milliseconds.
[timing]       _unify_local_variables took 1.318329 milliseconds.
[timing]         _compute_equivalence took 0.679771 milliseconds.
[timing]       _fold_call_exprs took 0.732560 milliseconds.
[timing]         _remove_dead_assignments took 0.778135 milliseconds.
[timing]       _iteratively_remove_dead_assignments took 0.782280 milliseconds.
[timing]     _simplify_function_once took 23.782954 milliseconds.
[timing]   _simplify_function took 71.195860 milliseconds.
[timing]   _simplify_blocks took 96.300478 milliseconds.
[timing]         _remove_dead_assignments took 10.528961 milliseconds.
[timing]       _iteratively_remove_dead_assignments took 10.536474 milliseconds.
[timing]       _narrow_exprs took 1.126446 milliseconds.
[timing]       _compute_propagation took 7.117066 milliseconds.
[timing]         _remove_dead_assignments took 0.880628 milliseconds.
[timing]       _iteratively_remove_dead_assignments took 0.886776 milliseconds.
[timing]         _remove_dead_assignments took 0.795641 milliseconds.
[timing]       _iteratively_remove_dead_assignments took 0.801630 milliseconds.
[timing]         _compute_equivalence took 0.716459 milliseconds.
[timing]       _unify_local_variables took 1.338219 milliseconds.
[timing]         _compute_equivalence took 0.704500 milliseconds.
[timing]       _fold_call_exprs took 0.757256 milliseconds.
[timing]         _remove_dead_assignments took 0.783956 milliseconds.
[timing]       _iteratively_remove_dead_assignments took 0.787892 milliseconds.
[timing]     _simplify_function_once took 26.113255 milliseconds.
[timing]   _simplify_function took 26.118632 milliseconds.
[timing]     EagerStdStringConcatenationPass took 0.043606 milliseconds.
[timing]   _run_simplification_passes took 0.214896 milliseconds.
[timing]   _collect_dephi_vvar_mapping_and_rewrite_blocks took 65.300428 milliseconds.
[timing]   _recover_and_link_variables took 1.214978 seconds (1214.977614 milliseconds).
[timing]   _run_simplification_passes took 0.154020 milliseconds.
[timing]   _make_function_prototype took 0.018109 milliseconds.
[timing]   remove_empty_nodes took 0.032310 milliseconds.
[timing]     DeadblockRemover took 0.012700 milliseconds.
[timing]   _run_graph_simplification_passes took 0.253860 milliseconds.
[timing]     ITEExprConverter took 0.011509 milliseconds.
[timing]     LoweredSwitchSimplifier took 6.758483 milliseconds.
[timing]     ReturnDuplicatorLow took 291.052056 milliseconds.
[timing]     ReturnDeduplicator took 10.548191 milliseconds.
[timing]   _run_region_simplification_passes took 371.318665 milliseconds.
[timing]     ExprOpSwapper took 0.005943 milliseconds.
[timing]     FlipBooleanCmp took 0.649359 milliseconds.
[timing]     PostStructuringPeepholeOptimizationPass took 65.897542 milliseconds.
[timing]   _run_post_structuring_simplification_passes took 66.611906 milliseconds.
[timing] _decompile took 7.606323 seconds (7606.323267 milliseconds).
extern void RESOURCE1__MAIN_INSTANCE;
extern unsigned long long __CURRENT_TIME;
extern char __DEBUG;
extern unsigned long long g_438388;
extern char g_44c322;
extern char g_44c323;
extern char g_44c324;
extern char g_44c326;
extern char g_44c328;
extern char g_44c329;
extern unsigned short g_44c32a;
extern char g_44c32c;
extern char g_44c32d;
extern char g_44c32e;
extern char g_44c32f;
extern char g_44c330;
extern char g_44c331;
extern unsigned long long g_44c338;
extern char g_44c33c;
extern char g_44c33d;
extern unsigned long long g_44c340;
extern unsigned long long g_44c348;
extern char g_44c350;
extern char g_44c358;
extern unsigned long long g_44c3b0;
extern char g_44c3b4;
extern char g_44c3b5;
extern unsigned long long g_44c3b8;
extern unsigned long long g_44c3c0;
extern char g_44c3c8;
extern char g_44c3d0;
extern char g_44c428;
extern char g_44c429;
extern char g_44c42a;
extern char g_44c42b;
extern char g_44c42c;
extern char g_44c42d;
extern char g_44c42e;
extern char g_44c42f;
extern char g_44c430;
extern char g_44c431;
extern unsigned long long g_44c438;
extern char g_44c43c;
extern char g_44c43d;
extern unsigned long long g_44c440;
extern unsigned long long g_44c448;
extern char g_44c450;
extern char g_44c458;
extern unsigned long long g_44c4b0;
extern char g_44c4b4;
extern char g_44c4b5;
extern char g_44c4b6;
extern unsigned long long g_44c4ba;
extern char g_44c4be;
extern char g_44c4bf;
extern char g_44c4c0;
extern unsigned long long g_44c4c4;
extern char g_44c4c8;
extern char g_44c4c9;
extern char g_44c4ca;
extern char g_44c4cb;
extern char g_44c4cc;
extern char g_44c4ce;
extern char g_44c4cf;
extern char g_44c4d0;
extern char g_44c4d1;
extern char g_44c4d8[4];
extern char g_44c4d9;
extern struct_0 *g_44c4da;
extern unsigned long long g_44c4e0[4];
extern unsigned long long g_44c4e8[4];
extern char g_44c4f8;
extern char g_44c4f9;
extern char g_44c4fa;
extern unsigned long long g_44c500;
extern unsigned long long g_44c508;
extern char g_44c518;
extern char g_44c519;
extern char g_44c51a;
extern unsigned long long g_44c520;
extern unsigned long long g_44c528;
extern char g_44c538;
extern char g_44c539;
extern char g_44c53a;
extern unsigned long long g_44c540;
extern unsigned long long g_44c548;
extern char g_44c558;
extern char g_44c559;
extern char g_44c55a;
extern unsigned long long g_44c560;
extern unsigned long long g_44c568;
extern char g_44c578;
extern char g_44c579;
extern char g_44c57a;
extern unsigned long long g_44c580;
extern unsigned long long g_44c588;
extern unsigned short g_44c598;
extern char g_44c5a0[4];
extern char g_44c5a1[4];
extern char g_44c5a2[4];
extern char g_44c5a3[4];
extern char g_44c5a4[4];
extern unsigned long long g_44c5a8[4];
extern unsigned long long g_44c5b0[4];
extern unsigned long long g_44c5b8[4];
extern unsigned long long g_44c5c0[4];
extern char g_44c5c9;
extern char g_44c5ca;
extern char g_44c5f1;
extern char g_44c5f3;
extern char g_44c61b;
extern char g_44c61c;
extern char g_44c643;
extern char g_44c644;
extern char g_44c66b;
extern char g_44c66c;
extern char g_44c693;
extern char g_44c694;
extern char g_44c6bb;
extern char g_44c6bc;
extern char g_44c6e3;
extern char g_44c6e4;
extern char g_44c70b;
extern char g_44c70c;
extern char g_44c733;
extern char g_44c734;
extern char g_44c75b;
extern char g_44c75c;
extern char g_44c783;
extern char g_44c784;
extern unsigned short g_44c7a8;
extern char g_44c7aa;
extern char g_44c7ab;
extern char g_44c7ac;
extern char g_44c7ad;
extern char g_44c7ae;
extern char g_44c7af;
extern char g_44c7b0;
extern char g_44c7b1;
extern char g_44c7b2;
extern char g_44c7b3;
extern char g_44c7b4;
extern char g_44c7b5;
extern char g_44c7b6;
extern char g_44c7b7;
extern char g_44c7b8;
extern char g_44c7b9;
extern char g_44c7ba;
extern char g_44c7bb;
extern char g_44c7bc;
extern char g_44c7bd;
extern char g_44c7be;
extern char g_44c7bf;
extern char g_44c7c0;
extern char g_44c7c1;
extern char g_44c7c2;
extern char g_44c7c3;
extern char g_44c7c4;
extern char g_44c7c5;
extern char g_44c7c6;
extern char g_44c7c7;
extern char g_44c7c8;
extern char g_44c7c9;
extern char g_44c7ca;
extern char g_44c7cb;
extern char g_44c7cc;
extern char g_44c7cd;
extern char g_44c7ce;
extern char g_44c7cf;
extern char g_44c7d0;
extern char g_44c7d1;
extern char g_44c7d2;
extern char g_44c7d3;
extern char g_44c7d4;
extern char g_44c7d5;
extern unsigned short g_44c7d6;
extern unsigned long long g_44c7d8;
extern unsigned long long g_44c7e0;

void TRAFFIC_LIGHT_SEQUENCE_body__(unsigned long long a0)
{
    unsigned long long v0;  // [bp-0x218]
    void* v1;  // [bp-0x210]
    unsigned long long v2;  // [bp-0x208]
    void* v3;  // [bp-0x200]
    unsigned long long v4;  // [bp-0x1f8]
    void* v5;  // [bp-0x1f0]
    unsigned long long v6;  // [bp-0x1e8]
    void* v7;  // [bp-0x1e0]
    unsigned long long v8;  // [bp-0x1d8]
    void* v9;  // [bp-0x1d0]
    unsigned long long v10;  // [bp-0x1c8]
    void* v11;  // [bp-0x1c0]
    unsigned long long v12;  // [bp-0x1b8]
    void* v13;  // [bp-0x1b0]
    unsigned long long v14;  // [bp-0x1a8]
    void* v15;  // [bp-0x1a0]
    unsigned long long v16;  // [bp-0x198]
    void* v17;  // [bp-0x190]
    unsigned long long v18;  // [bp-0x188]
    void* v19;  // [bp-0x180]
    unsigned long long v20;  // [bp-0x178]
    void* v21;  // [bp-0x170]
    unsigned long long v22;  // [bp-0x168]
    void* v23;  // [bp-0x160]
    unsigned long long v24;  // [bp-0x158]
    void* v25;  // [bp-0x150]
    unsigned long long v26;  // [bp-0x148]
    void* v27;  // [bp-0x140]
    unsigned long long v28;  // [bp-0x138]
    void* v29;  // [bp-0x130]
    void* v30;  // [bp-0x128]
    void* v31;  // [bp-0x120]
    void* v32;  // [bp-0x118]
    void* v33;  // [bp-0x110]
    void* v34;  // [bp-0x108]
    void* v35;  // [bp-0x100]
    void* v36;  // [bp-0xf8]
    void* v37;  // [bp-0xf0]
    void* v38;  // [bp-0xe8]
    void* v39;  // [bp-0xe0]
    void* v40;  // [bp-0xd8]
    void* v41;  // [bp-0xd0]
    void* v42;  // [bp-0xc8]
    void* v43;  // [bp-0xc0]
    void* v44;  // [bp-0xb8]
    void* v45;  // [bp-0xb0]
    void* v46;  // [bp-0xa8]
    void* v47;  // [bp-0xa0]
    void* v48;  // [bp-0x98]
    void* v49;  // [bp-0x90]
    void* v50;  // [bp-0x88]
    void* v51;  // [bp-0x80]
    unsigned long long v52;  // [bp-0x70]
    char v53;  // [bp-0x5c]
    char v54;  // [bp-0x5b]
    char v55;  // [bp-0x5a]
    char v56;  // [bp-0x59]
    char v57;  // [bp-0x58]
    char v58;  // [bp-0x57]
    char v59;  // [bp-0x56]
    char v60;  // [bp-0x55]
    char v61;  // [bp-0x54]
    char v62;  // [bp-0x53]
    char v63;  // [bp-0x52]
    char v64;  // [bp-0x51]
    char v65;  // [bp-0x50]
    char v66;  // [bp-0x4f]
    char v67;  // [bp-0x4e]
    char v68;  // [bp-0x4d]
    char v69;  // [bp-0x4c]
    char v70;  // [bp-0x4b]
    unsigned short v71;  // [bp-0x4a]
    unsigned long long v72;  // [bp-0x48]
    unsigned long v73;  // [bp-0x38]
    unsigned long v74;  // [bp-0x30]
    unsigned long v76;  // r12
    unsigned long v77;  // rdx
    char v78;  // al
    unsigned long v79;  // r12
    char v80;  // al
    char v81;  // al
    unsigned long v82;  // r12
    char v83;  // al
    char v84;  // al
    char v85;  // al
    char v86;  // al
    char v87;  // al
    char v88;  // al
    char v89;  // al
    char v90;  // al
    char v91;  // al
    char v92;  // al
    char v93;  // al
    char v94;  // al
    char v95;  // al

    v52 = a0;
    if (!RESOURCE1__MAIN_INSTANCE)
    {
        if ((g_44c323 & 2))
            return;
        g_44c322 = 0;
        return;
    }
    else
    {
        if (!(g_44c323 & 2))
            g_44c322 = 1;
        v73 = __CURRENT_TIME;
        v74 = g_438388;
        v72 = ::0x41d50c::__time_sub(v73, v74, g_44c7d8, g_44c7e0);
        g_44c7d8 = v73;
        g_44c7e0 = v74;
        if (__DEBUG)
        {
            for (v71 = 0; v71 < g_44c7d6; v71 += 1)
            {
                *((short *)&(&RESOURCE1__MAIN_INSTANCE)[1162 + 2 * v71]) = *((short *)&(&RESOURCE1__MAIN_INSTANCE)[1184 + 2 * v71]);
            }
        }
        for (v71 = 0; v71 < g_44c598; v71 += 1)
        {
            *((char *)&(&g_44c4da)[4 * v71]) = g_44c4d8[32 * v71];
            if (g_44c4d8[32 * v71])
            {
                v76 = &(&g_44c4d0)[32 * v71];
                *((unsigned long long *)(v76 + 16)) = ::0x41d48e::__time_add(g_44c4e0[4 * v71], g_44c4e8[4 * v71], v72, v77);
                *((unsigned long *)(v76 + 24)) = v77;
            }
        }
        for (v71 = 0; v71 < g_44c7a8; v71 += 1)
        {
            if (!(g_44c5a2[40 * v71] & 2))
                g_44c5a1[40 * v71] = 0;
            g_44c5a3[40 * v71] = 0;
            g_44c5a4[40 * v71] = 0;
            if (!g_44c5a8[5 * v71])
            {
                v50 = 0;
                v51 = 0;
                v78 = g_44c5b0[5 * v71] - v51 > 0;
            }
            else
            {
                v48 = 0;
                v49 = 0;
                v78 = g_44c5a8[5 * v71] - v48 > 0;
            }
            if (v78)
            {
                v79 = &g_44c5a0[40 * v71];
                *((unsigned long long *)(v79 + 8)) = ::0x41d50c::__time_sub(g_44c5a8[5 * v71], g_44c5b0[5 * v71], v72, v77);
                *((unsigned long *)(v79 + 16)) = v77;
                v46 = 0;
                v47 = 0;
                if (v46 == g_44c5a8[5 * v71])
                {
                    v44 = 0;
                    v45 = 0;
                    v80 = g_44c5b0[5 * v71] - v45 <= 0;
                }
                else
                {
                    v42 = 0;
                    v43 = 0;
                    v80 = g_44c5a8[5 * v71] - v42 <= 0;
                }
                if (v80)
                {
                    g_44c5a8[5 * v71] = 0;
                    g_44c5b0[5 * v71] = 0;
                    g_44c5a3[40 * v71] = 1;
                }
            }
            v40 = 0;
            v41 = 0;
            if (v40 == g_44c5b8[5 * v71])
            {
                v38 = 0;
                v39 = 0;
                v81 = g_44c5c0[5 * v71] - v39 > 0;
            }
            else
            {
                v36 = 0;
                v37 = 0;
                v81 = g_44c5b8[5 * v71] - v36 > 0;
            }
            if (v81)
            {
                v82 = &g_44c5b0[5 * v71];
                *((unsigned long long *)(v82 + 8)) = ::0x41d50c::__time_sub(g_44c5b8[5 * v71], g_44c5c0[5 * v71], v72, v77);
                *((unsigned long *)(v82 + 16)) = v77;
                v34 = 0;
                v35 = 0;
                if (v34 == g_44c5b8[5 * v71])
                {
                    v32 = 0;
                    v33 = 0;
                    v83 = g_44c5c0[5 * v71] - v33 <= 0;
                }
                else
                {
                    v30 = 0;
                    v31 = 0;
                    v83 = g_44c5b8[5 * v71] - v30 <= 0;
                }
                if (v83)
                {
                    g_44c5b8[5 * v71] = 0;
                    g_44c5c0[5 * v71] = 0;
                    g_44c5a4[40 * v71] = 1;
                }
            }
        }
        if ((char)g_44c4d8)
        {
            if (!(g_44c7ab & 2))
                g_44c7aa = g_44c324;
            if (__DEBUG && !(g_44c7c1 & 2))
                g_44c7c0 = g_44c7aa;
        }
        else
        {
            if (__DEBUG && !(g_44c7c1 & 2))
                g_44c7c0 = g_44c324;
            if (!(g_44c7ab & 2))
                g_44c7aa = 0;
        }
        if (g_44c4f8)
        {
            if (!(g_44c7ad & 2))
                g_44c7ac = g_44c42c;
            if (__DEBUG && !(g_44c7c3 & 2))
                g_44c7c2 = g_44c7ac;
        }
        else
        {
            if (__DEBUG && !(g_44c7c3 & 2))
                g_44c7c2 = g_44c42c;
            if (!(g_44c7ad & 2))
                g_44c7ac = 0;
        }
        if (g_44c518)
        {
            if (!(g_44c7af & 2))
                g_44c7ae = g_44c42e;
            if (__DEBUG && !(g_44c7c5 & 2))
                g_44c7c4 = g_44c7ae;
        }
        else
        {
            if (__DEBUG && !(g_44c7c5 & 2))
                g_44c7c4 = g_44c42e;
            if (!(g_44c7af & 2))
                g_44c7ae = 0;
        }
        if (g_44c538)
        {
            if (!(g_44c7b1 & 2))
                g_44c7b0 = g_44c430;
            if (__DEBUG && !(g_44c7c7 & 2))
                g_44c7c6 = g_44c7b0;
        }
        else
        {
            if (__DEBUG && !(g_44c7c7 & 2))
                g_44c7c6 = g_44c430;
            if (!(g_44c7b1 & 2))
                g_44c7b0 = 0;
        }
        if (g_44c558)
        {
            if (!(g_44c7b3 & 2))
                g_44c7b2 = g_44c428;
            if (__DEBUG && !(g_44c7c9 & 2))
                g_44c7c8 = g_44c7b2;
        }
        else
        {
            if (__DEBUG && !(g_44c7c9 & 2))
                g_44c7c8 = g_44c428;
            if (!(g_44c7b3 & 2))
                g_44c7b2 = 0;
        }
        if (g_44c578)
        {
            if (!(g_44c7b5 & 2))
                g_44c7b4 = !g_44c324;
            if (__DEBUG && !(g_44c7cb & 2))
                g_44c7ca = g_44c7b4;
        }
        else
        {
            if (__DEBUG && !(g_44c7cb & 2))
                g_44c7ca = !g_44c324;
            if (!(g_44c7b5 & 2))
                g_44c7b4 = 0;
        }
        if (g_44c578)
        {
            if (!(g_44c7b7 & 2))
                g_44c7b6 = g_44c4d0;
            if (__DEBUG && !(g_44c7cd & 2))
                g_44c7cc = g_44c7b6;
        }
        else
        {
            if (__DEBUG && !(g_44c7cd & 2))
                g_44c7cc = g_44c4d0;
            if (!(g_44c7b7 & 2))
                g_44c7b6 = 0;
        }
        if (g_44c558)
        {
            if (!(g_44c7b9 & 2))
                g_44c7b8 = !g_44c324;
            if (__DEBUG && !(g_44c7cf & 2))
                g_44c7ce = g_44c7b8;
        }
        else
        {
            if (__DEBUG && !(g_44c7cf & 2))
                g_44c7ce = !g_44c324;
            if (!(g_44c7b9 & 2))
                g_44c7b8 = 0;
        }
        if (g_44c538)
        {
            if (!(g_44c7bb & 2))
                g_44c7ba = !g_44c324;
            if (__DEBUG && !(g_44c7d1 & 2))
                g_44c7d0 = g_44c7ba;
        }
        else
        {
            if (__DEBUG && !(g_44c7d1 & 2))
                g_44c7d0 = !g_44c324;
            if (!(g_44c7bb & 2))
                g_44c7ba = 0;
        }
        if (g_44c518)
        {
            if (!(g_44c7bd & 2))
                g_44c7bc = g_44c4ce;
            if (__DEBUG && !(g_44c7d3 & 2))
                g_44c7d2 = g_44c7bc;
        }
        else
        {
            if (__DEBUG && !(g_44c7d3 & 2))
                g_44c7d2 = g_44c4ce;
            if (!(g_44c7bd & 2))
                g_44c7bc = 0;
        }
        if (g_44c4f8)
        {
            if (!(g_44c7bf & 2))
                g_44c7be = g_44c4ce;
            if (__DEBUG && !(g_44c7d5 & 2))
                g_44c7d4 = g_44c7be;
        }
        else
        {
            if (__DEBUG && !(g_44c7d5 & 2))
                g_44c7d4 = g_44c4ce;
            if (!(g_44c7bf & 2))
                g_44c7be = 0;
        }
        if (g_44c7aa && !(g_44c4d9 & 2))
            g_44c4d8[0] = 0;
        if (g_44c7ac && !(g_44c4f9 & 2))
            g_44c4f8 = 0;
        if (g_44c7ae && !(g_44c519 & 2))
            g_44c518 = 0;
        if (g_44c7b0 && !(g_44c539 & 2))
            g_44c538 = 0;
        if (g_44c7b2 && !(g_44c559 & 2))
            g_44c558 = 0;
        if (g_44c7b4 && !(g_44c579 & 2))
            g_44c578 = 0;
        if (g_44c7b6 && !(g_44c579 & 2))
            g_44c578 = 0;
        if (g_44c7b8 && !(g_44c559 & 2))
            g_44c558 = 0;
        if (g_44c7ba && !(g_44c539 & 2))
            g_44c538 = 0;
        if (g_44c7bc && !(g_44c519 & 2))
            g_44c518 = 0;
        if (g_44c7be && !(g_44c4f9 & 2))
            g_44c4f8 = 0;
        if (g_44c7aa)
        {
            if (!(g_44c4f9 & 2))
                g_44c4f8 = 1;
            g_44c500 = 0;
            g_44c508 = 0;
        }
        if (g_44c7ac)
        {
            if (!(g_44c519 & 2))
                g_44c518 = 1;
            g_44c520 = 0;
            g_44c528 = 0;
        }
        if (g_44c7ae)
        {
            if (!(g_44c539 & 2))
                g_44c538 = 1;
            g_44c540 = 0;
            g_44c548 = 0;
        }
        if (g_44c7b0)
        {
            if (!(g_44c559 & 2))
                g_44c558 = 1;
            g_44c560 = 0;
            g_44c568 = 0;
        }
        if (g_44c7b2)
        {
            if (!(g_44c579 & 2))
                g_44c578 = 1;
            g_44c580 = 0;
            g_44c588 = 0;
        }
        if (g_44c7b4)
        {
            if (!(g_44c4d9 & 2))
                g_44c4d8[0] = 1;
            g_44c4e0[0] = 0;
            g_44c4e8[0] = 0;
        }
        if (g_44c7b6)
        {
            if (!(g_44c4f9 & 2))
                g_44c4f8 = 1;
            g_44c500 = 0;
            g_44c508 = 0;
        }
        if (g_44c7b8)
        {
            if (!(g_44c4d9 & 2))
                g_44c4d8[0] = 1;
            g_44c4e0[0] = 0;
            g_44c4e8[0] = 0;
        }
        if (g_44c7ba)
        {
            if (!(g_44c4d9 & 2))
                g_44c4d8[0] = 1;
            g_44c4e0[0] = 0;
            g_44c4e8[0] = 0;
        }
        if (g_44c7bc)
        {
            if (!(g_44c4d9 & 2))
                g_44c4d8[0] = 1;
            g_44c4e0[0] = 0;
            g_44c4e8[0] = 0;
        }
        if (g_44c7be)
        {
            if (!(g_44c4d9 & 2))
                g_44c4d8[0] = 1;
            g_44c4e0[0] = 0;
            g_44c4e8[0] = 0;
        }
        v53 = (char)g_44c4d8;
        if (v53 && !(char)g_44c4da)
            v84 = 1;
        else
            v84 = 0;
        v54 = v84;
        if (!v53 && (char)g_44c4da)
            v85 = 1;
        else
            v85 = 0;
        v55 = v85;
        if (v54)
        {
            if (!((char)g_44c5a2 & 2))
                g_44c5a1[0] = 1;
        }
        else
        {
            if (!((char)g_44c5a2 & 2))
                g_44c5a1[0] = 0;
        }
        if (v53 && !(g_44c5ca & 2))
            g_44c5c9 = 1;
        if (v55 && !(g_44c5ca & 2))
            g_44c5c9 = 0;
        if (v53)
            g_44c61c = 1;
        if (v53)
            g_44c644 = 1;
        if (v53)
            g_44c66c = 1;
        if (v53)
            g_44c694 = 1;
        if (v53)
            g_44c5f3 = 1;
        v56 = g_44c4f8;
        if (v56 && !g_44c4fa)
            v86 = 1;
        else
            v86 = 0;
        v57 = v86;
        if (!v56 && g_44c4fa)
            v87 = 1;
        else
            v87 = 0;
        v58 = v87;
        if (v56)
            g_44c694 = 1;
        if (v56)
            g_44c6bb = 1;
        if (v56)
            g_44c61b = 1;
        if (v56)
        {
            v28 = 2;
            v29 = 0;
            if (v28 == g_44c500)
            {
                v26 = 2;
                v27 = 0;
                if (g_44c508 - v27 >= 0)
                    goto LABEL_42d8eb;
            }
            else
            {
                v24 = 2;
                v25 = 0;
                if (g_44c500 - v24 >= 0)
                {
LABEL_42d8eb:
                    if (!(g_44c42d & 2))
                    {
                        g_44c42c = 1;
                        goto LABEL_42d933;
                    }
                }
            }
        }
        if (v58 && !(g_44c42d & 2))
            g_44c42c = 0;
LABEL_42d933:
        v59 = g_44c518;
        if (v59 && !g_44c51a)
            v88 = 1;
        else
            v88 = 0;
        v60 = v88;
        if (!v59 && g_44c51a)
            v89 = 1;
        else
            v89 = 0;
        v61 = v89;
        if (v59)
            g_44c6bc = 1;
        if (v59)
            g_44c66b = 1;
        if (v59)
        {
            v22 = 2;
            v23 = 0;
            if (v22 == g_44c520)
            {
                v20 = 2;
                v21 = 0;
                if (g_44c528 - v21 >= 0)
                    goto LABEL_42da44;
            }
            else
            {
                v18 = 2;
                v19 = 0;
                if (g_44c520 - v18 >= 0)
                {
LABEL_42da44:
                    if (!(g_44c42f & 2))
                    {
                        g_44c42e = 1;
                        goto LABEL_42da8c;
                    }
                }
            }
        }
        if (v61 && !(g_44c42f & 2))
            g_44c42e = 0;
LABEL_42da8c:
        v62 = g_44c538;
        if (v62 && !g_44c53a)
            v90 = 1;
        else
            v90 = 0;
        v63 = v90;
        if (!v62 && g_44c53a)
            v91 = 1;
        else
            v91 = 0;
        v64 = v91;
        if (v62)
            g_44c643 = 1;
        if (v62)
            g_44c61c = 1;
        if (v62)
        {
            v16 = 40;
            v17 = 0;
            if (v16 == g_44c540)
            {
                v14 = 40;
                v15 = 0;
                if (g_44c548 - v15 >= 0)
                    goto LABEL_42db9d;
            }
            else
            {
                v12 = 40;
                v13 = 0;
                if (g_44c540 - v12 >= 0)
                {
LABEL_42db9d:
                    if (!(g_44c431 & 2))
                    {
                        g_44c430 = 1;
                        goto LABEL_42dbe5;
                    }
                }
            }
        }
        if (v64 && !(g_44c431 & 2))
            g_44c430 = 0;
LABEL_42dbe5:
        v65 = g_44c558;
        if (v65 && !g_44c55a)
            v92 = 1;
        else
            v92 = 0;
        v66 = v92;
        if (!v65 && g_44c55a)
            v93 = 1;
        else
            v93 = 0;
        v67 = v93;
        if (v65)
            g_44c61b = 1;
        if (v65)
            g_44c644 = 1;
        if (v65)
        {
            v10 = 2;
            v11 = 0;
            if (v10 == g_44c560)
            {
                v8 = 2;
                v9 = 0;
                if (g_44c568 - v9 >= 0)
                    goto LABEL_42dcf6;
            }
            else
            {
                v6 = 2;
                v7 = 0;
                if (g_44c560 - v6 >= 0)
                {
LABEL_42dcf6:
                    if (!(g_44c429 & 2))
                    {
                        g_44c428 = 1;
                        goto LABEL_42dd3e;
                    }
                }
            }
        }
        if (v67 && !(g_44c429 & 2))
            g_44c428 = 0;
LABEL_42dd3e:
        v68 = g_44c578;
        if (v68 && !g_44c57a)
            v94 = 1;
        else
            v94 = 0;
        v69 = v94;
        if (!v68 && g_44c57a)
            v95 = 1;
        else
            v95 = 0;
        v70 = v95;
        if (v68)
            g_44c693 = 1;
        if (v68)
            g_44c66c = 1;
        if (v68)
        {
            v4 = 20;
            v5 = 0;
            if (v4 == g_44c580)
            {
                v2 = 20;
                v3 = 0;
                if (g_44c588 - v3 >= 0)
                    goto LABEL_42de4f;
            }
            else
            {
                v0 = 20;
                v1 = 0;
                if (g_44c580 - v0 >= 0)
                {
LABEL_42de4f:
                    if (!(g_44c42b & 2))
                    {
                        g_44c42a = 1;
                        goto LABEL_42de97;
                    }
                }
            }
        }
        if (v70 && !(g_44c42b & 2))
            g_44c42a = 0;
LABEL_42de97:
        for (v71 = 0; v71 < g_44c7a8; v71 += 1)
        {
            if (g_44c5a3[40 * v71])
            {
                g_44c5a8[5 * v71] = 0;
                g_44c5b0[5 * v71] = 0;
                g_44c5a0[40 * v71] = 1;
            }
            if (g_44c5a4[40 * v71])
            {
                g_44c5b8[5 * v71] = 0;
                g_44c5c0[5 * v71] = 0;
                g_44c5a0[40 * v71] = 0;
            }
            if (!(g_44c5a2[40 * v71] & 2))
                g_44c5a1[40 * v71] = g_44c5a1[40 * v71] | g_44c5a0[40 * v71];
        }
        if (g_44c61c)
        {
            if (!(g_44c32f & 2))
                g_44c32e = 0;
        }
        else
        {
            if (g_44c61b && !(g_44c32f & 2))
                g_44c32e = 1;
        }
        if (g_44c644)
        {
            if (!(g_44c331 & 2))
                g_44c330 = 0;
        }
        else
        {
            if (g_44c643 && !(g_44c331 & 2))
                g_44c330 = 1;
        }
        if (g_44c66c)
        {
            if (!(g_44c329 & 2))
                g_44c328 = 0;
        }
        else
        {
            if (g_44c66b && !(g_44c329 & 2))
                g_44c328 = 1;
        }
        if (g_44c694)
        {
            if (!(g_44c32d & 2))
                g_44c32c = 0;
        }
        else
        {
            if (g_44c693 && !(g_44c32d & 2))
                g_44c32c = 1;
        }
        if (g_44c6bc)
        {
            if (!((char)g_44c32a & 2))
                *((char *)&g_44c32a) = 0;
        }
        else
        {
            if (g_44c6bb && !((char)g_44c32a & 2))
                *((char *)&g_44c32a) = 1;
        }
        if (g_44c6e4)
        {
            if (!(g_44c42d & 2))
                g_44c42c = 0;
        }
        else
        {
            if (g_44c6e3 && !(g_44c42d & 2))
                g_44c42c = 1;
        }
        if (g_44c70c)
        {
            if (!(g_44c42f & 2))
                g_44c42e = 0;
        }
        else
        {
            if (g_44c70b && !(g_44c42f & 2))
                g_44c42e = 1;
        }
        if (g_44c734)
        {
            if (!(g_44c431 & 2))
                g_44c430 = 0;
        }
        else
        {
            if (g_44c733 && !(g_44c431 & 2))
                g_44c430 = 1;
        }
        if (g_44c75c)
        {
            if (!(g_44c429 & 2))
                g_44c428 = 0;
        }
        else
        {
            if (g_44c75b && !(g_44c429 & 2))
                g_44c428 = 1;
        }
        if (g_44c784)
        {
            if (!(g_44c42b & 2))
                g_44c42a = 0;
        }
        else
        {
            if (g_44c783 && !(g_44c42b & 2))
                g_44c42a = 1;
        }
        if ((char)g_44c5a1 && !((char)g_44c32a & 2))
            *((char *)&g_44c32a) = 1;
        if (g_44c5c9)
        {
            if (!(g_44c33d & 2))
                g_44c33c = !(char)g_44c32a;
            if (!(g_44c350 & 2))
            {
                g_44c340 = 0;
                g_44c348 = 0x1dcd6500;
            }
            ::0x422625::TON_body__(&g_44c338);
            if (!(g_44c4bf & 2))
                g_44c4be = g_44c358;
            ::0x41ea8a::R_TRIG_body__(&g_44c4ba);
            if (g_44c4c0 && !((char)g_44c32a & 2))
                *((char *)&g_44c32a) = 1;
            if (!(g_44c3b5 & 2))
                g_44c3b4 = g_44c32a;
            if (!(g_44c3c8 & 2))
            {
                g_44c3b8 = 0;
                g_44c3c0 = 0x1dcd6500;
            }
            ::0x422625::TON_body__(&g_44c3b0);
            if (!(g_44c4b5 & 2))
                g_44c4b4 = g_44c3d0;
            ::0x41ea8a::R_TRIG_body__(&g_44c4b0);
            if (g_44c4b6 && !((char)g_44c32a & 2))
                *((char *)&g_44c32a) = 0;
        }
        if (!g_44c5f1)
            return;
        if (!(g_44c4cf & 2))
            g_44c4ce = !g_44c324;
        if (!(g_44c4c9 & 2))
            g_44c4c8 = g_44c326;
        if (!(g_44c4cb & 2))
            g_44c4ca = g_44c458;
        ::0x41eddb::SR_body__(&g_44c4c4);
        if (!(g_44c43d & 2))
            g_44c43c = g_44c4cc;
        if (!(g_44c450 & 2))
        {
            g_44c440 = 2;
            g_44c448 = 0;
        }
        ::0x422625::TON_body__(&g_44c438);
        if (!(g_44c4d1 & 2))
            g_44c4d0 = OR__BOOL__BOOL(1, 0, 2, g_44c458, g_44c42a);
        return;
    }
}

[CmpEQ(Load(addr=0x44c320<64>, size=1, endness=Iend_LE), 0x0<8>), CmpEQ((Load(addr=0x44c323<64>, size=1, endness=Iend_LE) & 0x2<8>), 0x0<8>), CmpEQ((Load(addr=0x44c323<64>, size=1, endness=Iend_LE) & 0x2<8>), 0x0<8>), CmpEQ(Load(addr=0x438390<64>, size=1, endness=Iend_LE), 0x0<8>), CmpLT (signed)(Conv(16I->32I, vvar_3885{s-74|2b}), Conv(16I->32I, Load(addr=0x44c7d6<64>, size=2, endness=Iend_LE))), CmpLT (signed)(Conv(16I->32I, vvar_3884{s-74|2b}), Conv(16I->32I, Load(addr=0x44c598<64>, size=2, endness=Iend_LE))), CmpEQ(Load(addr=((Conv(16I->64I, vvar_3884{s-74|2b}) * 0x20<64>) + 0x44c4d8<64>), size=1, endness=Iend_LE), 0x0<8>), CmpLT (signed)(Conv(16I->32I, vvar_3887{s-74|2b}), Conv(16I->32I, Load(addr=0x44c7a8<64>, size=2, endness=Iend_LE))), CmpEQ((Load(addr=((Conv(16I->64I, vvar_3887{s-74|2b}) * 0x28<64>) + 0x44c5a2<64>), size=1, endness=Iend_LE) & 0x2<8>), 0x0<8>), CmpEQ(0x0<64>, Load(addr=((Conv(16I->64I, vvar_3887{s-74|2b}) * 0x28<64>) + 0x44c5a8<64>), size=8, endness=Iend_LE)), CmpEQ(vvar_93{r16|1b}, 0x0<8>), CmpEQ(vvar_3964{s-168|8b}, Load(addr=((Conv(16I->64I, vvar_3887{s-74|2b}) * 0x28<64>) + 0x44c5a8<64>), size=8, endness=Iend_LE)), CmpEQ(vvar_148{r16|1b}, 0x0<8>), CmpEQ(vvar_3970{s-216|8b}, Load(addr=((Conv(16I->64I, vvar_3887{s-74|2b}) * 0x28<64>) + 0x44c5b8<64>), size=8, endness=Iend_LE)), CmpEQ(vvar_124{r16|1b}, 0x0<8>), CmpEQ(vvar_3977{s-264|8b}, Load(addr=((Conv(16I->64I, vvar_3887{s-74|2b}) * 0x28<64>) + 0x44c5b8<64>), size=8, endness=Iend_LE)), CmpEQ(vvar_167{r16|1b}, 0x0<8>), CmpEQ(Load(addr=0x44c4d8<64>, size=1, endness=Iend_LE), 0x0<8>), CmpEQ((Load(addr=0x44c7ab<64>, size=1, endness=Iend_LE) & 0x2<8>), 0x0<8>), CmpEQ(Load(addr=0x438390<64>, size=1, endness=Iend_LE), 0x0<8>), CmpEQ((Load(addr=0x44c7c1<64>, size=1, endness=Iend_LE) & 0x2<8>), 0x0<8>), CmpEQ(Load(addr=0x438390<64>, size=1, endness=Iend_LE), 0x0<8>), CmpEQ((Load(addr=0x44c7c1<64>, size=1, endness=Iend_LE) & 0x2<8>), 0x0<8>), CmpEQ((Load(addr=0x44c7ab<64>, size=1, endness=Iend_LE) & 0x2<8>), 0x0<8>), CmpEQ(Load(addr=0x44c4f8<64>, size=1, endness=Iend_LE), 0x0<8>), CmpEQ((Load(addr=0x44c7ad<64>, size=1, endness=Iend_LE) & 0x2<8>), 0x0<8>), CmpEQ(Load(addr=0x438390<64>, size=1, endness=Iend_LE), 0x0<8>), CmpEQ((Load(addr=0x44c7c3<64>, size=1, endness=Iend_LE) & 0x2<8>), 0x0<8>), CmpEQ(Load(addr=0x438390<64>, size=1, endness=Iend_LE), 0x0<8>), CmpEQ((Load(addr=0x44c7c3<64>, size=1, endness=Iend_LE) & 0x2<8>), 0x0<8>), CmpEQ((Load(addr=0x44c7ad<64>, size=1, endness=Iend_LE) & 0x2<8>), 0x0<8>), CmpEQ(Load(addr=0x44c518<64>, size=1, endness=Iend_LE), 0x0<8>), CmpEQ((Load(addr=0x44c7af<64>, size=1, endness=Iend_LE) & 0x2<8>), 0x0<8>), CmpEQ(Load(addr=0x438390<64>, size=1, endness=Iend_LE), 0x0<8>), CmpEQ((Load(addr=0x44c7c5<64>, size=1, endness=Iend_LE) & 0x2<8>), 0x0<8>), CmpEQ(Load(addr=0x438390<64>, size=1, endness=Iend_LE), 0x0<8>), CmpEQ((Load(addr=0x44c7c5<64>, size=1, endness=Iend_LE) & 0x2<8>), 0x0<8>), CmpEQ((Load(addr=0x44c7af<64>, size=1, endness=Iend_LE) & 0x2<8>), 0x0<8>), CmpEQ(Load(addr=0x44c538<64>, size=1, endness=Iend_LE), 0x0<8>), CmpEQ((Load(addr=0x44c7b1<64>, size=1, endness=Iend_LE) & 0x2<8>), 0x0<8>), CmpEQ(Load(addr=0x438390<64>, size=1, endness=Iend_LE), 0x0<8>), CmpEQ((Load(addr=0x44c7c7<64>, size=1, endness=Iend_LE) & 0x2<8>), 0x0<8>), CmpEQ(Load(addr=0x438390<64>, size=1, endness=Iend_LE), 0x0<8>), CmpEQ((Load(addr=0x44c7c7<64>, size=1, endness=Iend_LE) & 0x2<8>), 0x0<8>), CmpEQ((Load(addr=0x44c7b1<64>, size=1, endness=Iend_LE) & 0x2<8>), 0x0<8>), CmpEQ(Load(addr=0x44c558<64>, size=1, endness=Iend_LE), 0x0<8>), CmpEQ((Load(addr=0x44c7b3<64>, size=1, endness=Iend_LE) & 0x2<8>), 0x0<8>), CmpEQ(Load(addr=0x438390<64>, size=1, endness=Iend_LE), 0x0<8>), CmpEQ((Load(addr=0x44c7c9<64>, size=1, endness=Iend_LE) & 0x2<8>), 0x0<8>), CmpEQ(Load(addr=0x438390<64>, size=1, endness=Iend_LE), 0x0<8>), CmpEQ((Load(addr=0x44c7c9<64>, size=1, endness=Iend_LE) & 0x2<8>), 0x0<8>), CmpEQ((Load(addr=0x44c7b3<64>, size=1, endness=Iend_LE) & 0x2<8>), 0x0<8>), CmpEQ(Load(addr=0x44c578<64>, size=1, endness=Iend_LE), 0x0<8>), CmpEQ((Load(addr=0x44c7b5<64>, size=1, endness=Iend_LE) & 0x2<8>), 0x0<8>), CmpEQ(Load(addr=0x438390<64>, size=1, endness=Iend_LE), 0x0<8>), CmpEQ((Load(addr=0x44c7cb<64>, size=1, endness=Iend_LE) & 0x2<8>), 0x0<8>), CmpEQ(Load(addr=0x438390<64>, size=1, endness=Iend_LE), 0x0<8>), CmpEQ((Load(addr=0x44c7cb<64>, size=1, endness=Iend_LE) & 0x2<8>), 0x0<8>), CmpEQ((Load(addr=0x44c7b5<64>, size=1, endness=Iend_LE) & 0x2<8>), 0x0<8>), CmpEQ(Load(addr=0x44c578<64>, size=1, endness=Iend_LE), 0x0<8>), CmpEQ((Load(addr=0x44c7b7<64>, size=1, endness=Iend_LE) & 0x2<8>), 0x0<8>), CmpEQ(Load(addr=0x438390<64>, size=1, endness=Iend_LE), 0x0<8>), CmpEQ((Load(addr=0x44c7cd<64>, size=1, endness=Iend_LE) & 0x2<8>), 0x0<8>), CmpEQ(Load(addr=0x438390<64>, size=1, endness=Iend_LE), 0x0<8>), CmpEQ((Load(addr=0x44c7cd<64>, size=1, endness=Iend_LE) & 0x2<8>), 0x0<8>), CmpEQ((Load(addr=0x44c7b7<64>, size=1, endness=Iend_LE) & 0x2<8>), 0x0<8>), CmpEQ(Load(addr=0x44c558<64>, size=1, endness=Iend_LE), 0x0<8>), CmpEQ((Load(addr=0x44c7b9<64>, size=1, endness=Iend_LE) & 0x2<8>), 0x0<8>), CmpEQ(Load(addr=0x438390<64>, size=1, endness=Iend_LE), 0x0<8>), CmpEQ((Load(addr=0x44c7cf<64>, size=1, endness=Iend_LE) & 0x2<8>), 0x0<8>), CmpEQ(Load(addr=0x438390<64>, size=1, endness=Iend_LE), 0x0<8>), CmpEQ((Load(addr=0x44c7cf<64>, size=1, endness=Iend_LE) & 0x2<8>), 0x0<8>), CmpEQ((Load(addr=0x44c7b9<64>, size=1, endness=Iend_LE) & 0x2<8>), 0x0<8>), CmpEQ(Load(addr=0x44c538<64>, size=1, endness=Iend_LE), 0x0<8>), CmpEQ((Load(addr=0x44c7bb<64>, size=1, endness=Iend_LE) & 0x2<8>), 0x0<8>), CmpEQ(Load(addr=0x438390<64>, size=1, endness=Iend_LE), 0x0<8>), CmpEQ((Load(addr=0x44c7d1<64>, size=1, endness=Iend_LE) & 0x2<8>), 0x0<8>), CmpEQ(Load(addr=0x438390<64>, size=1, endness=Iend_LE), 0x0<8>), CmpEQ((Load(addr=0x44c7d1<64>, size=1, endness=Iend_LE) & 0x2<8>), 0x0<8>), CmpEQ((Load(addr=0x44c7bb<64>, size=1, endness=Iend_LE) & 0x2<8>), 0x0<8>), CmpEQ(Load(addr=0x44c518<64>, size=1, endness=Iend_LE), 0x0<8>), CmpEQ((Load(addr=0x44c7bd<64>, size=1, endness=Iend_LE) & 0x2<8>), 0x0<8>), CmpEQ(Load(addr=0x438390<64>, size=1, endness=Iend_LE), 0x0<8>), CmpEQ((Load(addr=0x44c7d3<64>, size=1, endness=Iend_LE) & 0x2<8>), 0x0<8>), CmpEQ(Load(addr=0x438390<64>, size=1, endness=Iend_LE), 0x0<8>), CmpEQ((Load(addr=0x44c7d3<64>, size=1, endness=Iend_LE) & 0x2<8>), 0x0<8>), CmpEQ((Load(addr=0x44c7bd<64>, size=1, endness=Iend_LE) & 0x2<8>), 0x0<8>), CmpEQ(Load(addr=0x44c4f8<64>, size=1, endness=Iend_LE), 0x0<8>), CmpEQ((Load(addr=0x44c7bf<64>, size=1, endness=Iend_LE) & 0x2<8>), 0x0<8>), CmpEQ(Load(addr=0x438390<64>, size=1, endness=Iend_LE), 0x0<8>), CmpEQ((Load(addr=0x44c7d5<64>, size=1, endness=Iend_LE) & 0x2<8>), 0x0<8>), CmpEQ(Load(addr=0x438390<64>, size=1, endness=Iend_LE), 0x0<8>), CmpEQ((Load(addr=0x44c7d5<64>, size=1, endness=Iend_LE) & 0x2<8>), 0x0<8>), CmpEQ((Load(addr=0x44c7bf<64>, size=1, endness=Iend_LE) & 0x2<8>), 0x0<8>), CmpEQ(Load(addr=0x44c7aa<64>, size=1, endness=Iend_LE), 0x0<8>), CmpEQ((Load(addr=0x44c4d9<64>, size=1, endness=Iend_LE) & 0x2<8>), 0x0<8>), CmpEQ(Load(addr=0x44c7ac<64>, size=1, endness=Iend_LE), 0x0<8>), CmpEQ((Load(addr=0x44c4f9<64>, size=1, endness=Iend_LE) & 0x2<8>), 0x0<8>), CmpEQ(Load(addr=0x44c7ae<64>, size=1, endness=Iend_LE), 0x0<8>), CmpEQ((Load(addr=0x44c519<64>, size=1, endness=Iend_LE) & 0x2<8>), 0x0<8>), CmpEQ(Load(addr=0x44c7b0<64>, size=1, endness=Iend_LE), 0x0<8>), CmpEQ((Load(addr=0x44c539<64>, size=1, endness=Iend_LE) & 0x2<8>), 0x0<8>), CmpEQ(Load(addr=0x44c7b2<64>, size=1, endness=Iend_LE), 0x0<8>), CmpEQ((Load(addr=0x44c559<64>, size=1, endness=Iend_LE) & 0x2<8>), 0x0<8>), CmpEQ(Load(addr=0x44c7b4<64>, size=1, endness=Iend_LE), 0x0<8>), CmpEQ((Load(addr=0x44c579<64>, size=1, endness=Iend_LE) & 0x2<8>), 0x0<8>), CmpEQ(Load(addr=0x44c7b6<64>, size=1, endness=Iend_LE), 0x0<8>), CmpEQ((Load(addr=0x44c579<64>, size=1, endness=Iend_LE) & 0x2<8>), 0x0<8>), CmpEQ(Load(addr=0x44c7b8<64>, size=1, endness=Iend_LE), 0x0<8>), CmpEQ((Load(addr=0x44c559<64>, size=1, endness=Iend_LE) & 0x2<8>), 0x0<8>), CmpEQ(Load(addr=0x44c7ba<64>, size=1, endness=Iend_LE), 0x0<8>), CmpEQ((Load(addr=0x44c539<64>, size=1, endness=Iend_LE) & 0x2<8>), 0x0<8>), CmpEQ(Load(addr=0x44c7bc<64>, size=1, endness=Iend_LE), 0x0<8>), CmpEQ((Load(addr=0x44c519<64>, size=1, endness=Iend_LE) & 0x2<8>), 0x0<8>), CmpEQ(Load(addr=0x44c7be<64>, size=1, endness=Iend_LE), 0x0<8>), CmpEQ((Load(addr=0x44c4f9<64>, size=1, endness=Iend_LE) & 0x2<8>), 0x0<8>), CmpEQ(Load(addr=0x44c7aa<64>, size=1, endness=Iend_LE), 0x0<8>), CmpEQ((Load(addr=0x44c4f9<64>, size=1, endness=Iend_LE) & 0x2<8>), 0x0<8>), CmpEQ(Load(addr=0x44c7ac<64>, size=1, endness=Iend_LE), 0x0<8>), CmpEQ((Load(addr=0x44c519<64>, size=1, endness=Iend_LE) & 0x2<8>), 0x0<8>), CmpEQ(Load(addr=0x44c7ae<64>, size=1, endness=Iend_LE), 0x0<8>), CmpEQ((Load(addr=0x44c539<64>, size=1, endness=Iend_LE) & 0x2<8>), 0x0<8>), CmpEQ(Load(addr=0x44c7b0<64>, size=1, endness=Iend_LE), 0x0<8>), CmpEQ((Load(addr=0x44c559<64>, size=1, endness=Iend_LE) & 0x2<8>), 0x0<8>), CmpEQ(Load(addr=0x44c7b2<64>, size=1, endness=Iend_LE), 0x0<8>), CmpEQ((Load(addr=0x44c579<64>, size=1, endness=Iend_LE) & 0x2<8>), 0x0<8>), CmpEQ(Load(addr=0x44c7b4<64>, size=1, endness=Iend_LE), 0x0<8>), CmpEQ((Load(addr=0x44c4d9<64>, size=1, endness=Iend_LE) & 0x2<8>), 0x0<8>), CmpEQ(Load(addr=0x44c7b6<64>, size=1, endness=Iend_LE), 0x0<8>), CmpEQ((Load(addr=0x44c4f9<64>, size=1, endness=Iend_LE) & 0x2<8>), 0x0<8>), CmpEQ(Load(addr=0x44c7b8<64>, size=1, endness=Iend_LE), 0x0<8>), CmpEQ((Load(addr=0x44c4d9<64>, size=1, endness=Iend_LE) & 0x2<8>), 0x0<8>), CmpEQ(Load(addr=0x44c7ba<64>, size=1, endness=Iend_LE), 0x0<8>), CmpEQ((Load(addr=0x44c4d9<64>, size=1, endness=Iend_LE) & 0x2<8>), 0x0<8>), CmpEQ(Load(addr=0x44c7bc<64>, size=1, endness=Iend_LE), 0x0<8>), CmpEQ((Load(addr=0x44c4d9<64>, size=1, endness=Iend_LE) & 0x2<8>), 0x0<8>), CmpEQ(Load(addr=0x44c7be<64>, size=1, endness=Iend_LE), 0x0<8>), CmpEQ((Load(addr=0x44c4d9<64>, size=1, endness=Iend_LE) & 0x2<8>), 0x0<8>), CmpEQ(vvar_3984{s-92|1b}, 0x0<8>), CmpEQ(Load(addr=0x44c4da<64>, size=1, endness=Iend_LE), 0x0<8>), CmpEQ(vvar_3984{s-92|1b}, 0x0<8>), CmpEQ(Load(addr=0x44c4da<64>, size=1, endness=Iend_LE), 0x0<8>), CmpEQ(vvar_3985{s-91|1b}, 0x0<8>), CmpEQ((Load(addr=0x44c5a2<64>, size=1, endness=Iend_LE) & 0x2<8>), 0x0<8>), CmpEQ((Load(addr=0x44c5a2<64>, size=1, endness=Iend_LE) & 0x2<8>), 0x0<8>), CmpEQ(vvar_3984{s-92|1b}, 0x0<8>), CmpEQ((Load(addr=0x44c5ca<64>, size=1, endness=Iend_LE) & 0x2<8>), 0x0<8>), CmpEQ(vvar_3986{s-90|1b}, 0x0<8>), CmpEQ((Load(addr=0x44c5ca<64>, size=1, endness=Iend_LE) & 0x2<8>), 0x0<8>), CmpEQ(vvar_3984{s-92|1b}, 0x0<8>), CmpEQ(vvar_3984{s-92|1b}, 0x0<8>), CmpEQ(vvar_3984{s-92|1b}, 0x0<8>), CmpEQ(vvar_3984{s-92|1b}, 0x0<8>), CmpEQ(vvar_3984{s-92|1b}, 0x0<8>), CmpEQ(vvar_3987{s-89|1b}, 0x0<8>), CmpEQ(Load(addr=0x44c4fa<64>, size=1, endness=Iend_LE), 0x0<8>), CmpEQ(vvar_3987{s-89|1b}, 0x0<8>), CmpEQ(Load(addr=0x44c4fa<64>, size=1, endness=Iend_LE), 0x0<8>), CmpEQ(vvar_3987{s-89|1b}, 0x0<8>), CmpEQ(vvar_3987{s-89|1b}, 0x0<8>), CmpEQ(vvar_3987{s-89|1b}, 0x0<8>), CmpEQ(vvar_3987{s-89|1b}, 0x0<8>), CmpEQ(vvar_3990{s-312|8b}, Load(addr=0x44c500<64>, size=8, endness=Iend_LE)), CmpLT (signed)((Load(addr=0x44c508<64>, size=8, endness=Iend_LE) - vvar_3993{s-320|8b}), 0x0<64>), CmpLT (signed)((Load(addr=0x44c500<64>, size=8, endness=Iend_LE) - vvar_3994{s-344|8b}), 0x0<64>), CmpEQ((Load(addr=0x44c42d<64>, size=1, endness=Iend_LE) & 0x2<8>), 0x0<8>), CmpEQ(vvar_3989{s-87|1b}, 0x0<8>), CmpEQ((Load(addr=0x44c42d<64>, size=1, endness=Iend_LE) & 0x2<8>), 0x0<8>), CmpEQ(vvar_3996{s-86|1b}, 0x0<8>), CmpEQ(Load(addr=0x44c51a<64>, size=1, endness=Iend_LE), 0x0<8>), CmpEQ(vvar_3996{s-86|1b}, 0x0<8>), CmpEQ(Load(addr=0x44c51a<64>, size=1, endness=Iend_LE), 0x0<8>), CmpEQ(vvar_3996{s-86|1b}, 0x0<8>), CmpEQ(vvar_3996{s-86|1b}, 0x0<8>), CmpEQ(vvar_3996{s-86|1b}, 0x0<8>), CmpEQ(vvar_3999{s-360|8b}, Load(addr=0x44c520<64>, size=8, endness=Iend_LE)), CmpLT (signed)((Load(addr=0x44c528<64>, size=8, endness=Iend_LE) - vvar_4002{s-368|8b}), 0x0<64>), CmpLT (signed)((Load(addr=0x44c520<64>, size=8, endness=Iend_LE) - vvar_4003{s-392|8b}), 0x0<64>), CmpEQ((Load(addr=0x44c42f<64>, size=1, endness=Iend_LE) & 0x2<8>), 0x0<8>), CmpEQ(vvar_3998{s-84|1b}, 0x0<8>), CmpEQ((Load(addr=0x44c42f<64>, size=1, endness=Iend_LE) & 0x2<8>), 0x0<8>), CmpEQ(vvar_4005{s-83|1b}, 0x0<8>), CmpEQ(Load(addr=0x44c53a<64>, size=1, endness=Iend_LE), 0x0<8>), CmpEQ(vvar_4005{s-83|1b}, 0x0<8>), CmpEQ(Load(addr=0x44c53a<64>, size=1, endness=Iend_LE), 0x0<8>), CmpEQ(vvar_4005{s-83|1b}, 0x0<8>), CmpEQ(vvar_4005{s-83|1b}, 0x0<8>), CmpEQ(vvar_4005{s-83|1b}, 0x0<8>), CmpEQ(vvar_4008{s-408|8b}, Load(addr=0x44c540<64>, size=8, endness=Iend_LE)), CmpLT (signed)((Load(addr=0x44c548<64>, size=8, endness=Iend_LE) - vvar_4011{s-416|8b}), 0x0<64>), CmpLT (signed)((Load(addr=0x44c540<64>, size=8, endness=Iend_LE) - vvar_4012{s-440|8b}), 0x0<64>), CmpEQ((Load(addr=0x44c431<64>, size=1, endness=Iend_LE) & 0x2<8>), 0x0<8>), CmpEQ(vvar_4007{s-81|1b}, 0x0<8>), CmpEQ((Load(addr=0x44c431<64>, size=1, endness=Iend_LE) & 0x2<8>), 0x0<8>), CmpEQ(vvar_4014{s-80|1b}, 0x0<8>), CmpEQ(Load(addr=0x44c55a<64>, size=1, endness=Iend_LE), 0x0<8>), CmpEQ(vvar_4014{s-80|1b}, 0x0<8>), CmpEQ(Load(addr=0x44c55a<64>, size=1, endness=Iend_LE), 0x0<8>), CmpEQ(vvar_4014{s-80|1b}, 0x0<8>), CmpEQ(vvar_4014{s-80|1b}, 0x0<8>), CmpEQ(vvar_4014{s-80|1b}, 0x0<8>), CmpEQ(vvar_4017{s-456|8b}, Load(addr=0x44c560<64>, size=8, endness=Iend_LE)), CmpLT (signed)((Load(addr=0x44c568<64>, size=8, endness=Iend_LE) - vvar_4020{s-464|8b}), 0x0<64>), CmpLT (signed)((Load(addr=0x44c560<64>, size=8, endness=Iend_LE) - vvar_4021{s-488|8b}), 0x0<64>), CmpEQ((Load(addr=0x44c429<64>, size=1, endness=Iend_LE) & 0x2<8>), 0x0<8>), CmpEQ(vvar_4016{s-78|1b}, 0x0<8>), CmpEQ((Load(addr=0x44c429<64>, size=1, endness=Iend_LE) & 0x2<8>), 0x0<8>), CmpEQ(vvar_4023{s-77|1b}, 0x0<8>), CmpEQ(Load(addr=0x44c57a<64>, size=1, endness=Iend_LE), 0x0<8>), CmpEQ(vvar_4023{s-77|1b}, 0x0<8>), CmpEQ(Load(addr=0x44c57a<64>, size=1, endness=Iend_LE), 0x0<8>), CmpEQ(vvar_4023{s-77|1b}, 0x0<8>), CmpEQ(vvar_4023{s-77|1b}, 0x0<8>), CmpEQ(vvar_4023{s-77|1b}, 0x0<8>), CmpEQ(vvar_4026{s-504|8b}, Load(addr=0x44c580<64>, size=8, endness=Iend_LE)), CmpLT (signed)((Load(addr=0x44c588<64>, size=8, endness=Iend_LE) - vvar_4029{s-512|8b}), 0x0<64>), CmpLT (signed)((Load(addr=0x44c580<64>, size=8, endness=Iend_LE) - vvar_4030{s-536|8b}), 0x0<64>), CmpEQ((Load(addr=0x44c42b<64>, size=1, endness=Iend_LE) & 0x2<8>), 0x0<8>), CmpEQ(vvar_4025{s-75|1b}, 0x0<8>), CmpEQ((Load(addr=0x44c42b<64>, size=1, endness=Iend_LE) & 0x2<8>), 0x0<8>), CmpLT (signed)(Conv(16I->32I, vvar_3882{s-74|2b}), Conv(16I->32I, Load(addr=0x44c7a8<64>, size=2, endness=Iend_LE))), CmpEQ(Load(addr=((Conv(16I->64I, vvar_3882{s-74|2b}) * 0x28<64>) + 0x44c5a3<64>), size=1, endness=Iend_LE), 0x0<8>), CmpEQ(Load(addr=((Conv(16I->64I, vvar_3882{s-74|2b}) * 0x28<64>) + 0x44c5a4<64>), size=1, endness=Iend_LE), 0x0<8>), CmpEQ((Load(addr=((Conv(16I->64I, vvar_3882{s-74|2b}) * 0x28<64>) + 0x44c5a2<64>), size=1, endness=Iend_LE) & 0x2<8>), 0x0<8>), CmpEQ(Load(addr=0x44c61c<64>, size=1, endness=Iend_LE), 0x0<8>), CmpEQ((Load(addr=0x44c32f<64>, size=1, endness=Iend_LE) & 0x2<8>), 0x0<8>), CmpEQ(Load(addr=0x44c61b<64>, size=1, endness=Iend_LE), 0x0<8>), CmpEQ((Load(addr=0x44c32f<64>, size=1, endness=Iend_LE) & 0x2<8>), 0x0<8>), CmpEQ(Load(addr=0x44c644<64>, size=1, endness=Iend_LE), 0x0<8>), CmpEQ((Load(addr=0x44c331<64>, size=1, endness=Iend_LE) & 0x2<8>), 0x0<8>), CmpEQ(Load(addr=0x44c643<64>, size=1, endness=Iend_LE), 0x0<8>), CmpEQ((Load(addr=0x44c331<64>, size=1, endness=Iend_LE) & 0x2<8>), 0x0<8>), CmpEQ(Load(addr=0x44c66c<64>, size=1, endness=Iend_LE), 0x0<8>), CmpEQ((Load(addr=0x44c329<64>, size=1, endness=Iend_LE) & 0x2<8>), 0x0<8>), CmpEQ(Load(addr=0x44c66b<64>, size=1, endness=Iend_LE), 0x0<8>), CmpEQ((Load(addr=0x44c329<64>, size=1, endness=Iend_LE) & 0x2<8>), 0x0<8>), CmpEQ(Load(addr=0x44c694<64>, size=1, endness=Iend_LE), 0x0<8>), CmpEQ((Load(addr=0x44c32d<64>, size=1, endness=Iend_LE) & 0x2<8>), 0x0<8>), CmpEQ(Load(addr=0x44c693<64>, size=1, endness=Iend_LE), 0x0<8>), CmpEQ((Load(addr=0x44c32d<64>, size=1, endness=Iend_LE) & 0x2<8>), 0x0<8>), CmpEQ(Load(addr=0x44c6bc<64>, size=1, endness=Iend_LE), 0x0<8>), CmpEQ((Load(addr=0x44c32b<64>, size=1, endness=Iend_LE) & 0x2<8>), 0x0<8>), CmpEQ(Load(addr=0x44c6bb<64>, size=1, endness=Iend_LE), 0x0<8>), CmpEQ((Load(addr=0x44c32b<64>, size=1, endness=Iend_LE) & 0x2<8>), 0x0<8>), CmpEQ(Load(addr=0x44c6e4<64>, size=1, endness=Iend_LE), 0x0<8>), CmpEQ((Load(addr=0x44c42d<64>, size=1, endness=Iend_LE) & 0x2<8>), 0x0<8>), CmpEQ(Load(addr=0x44c6e3<64>, size=1, endness=Iend_LE), 0x0<8>), CmpEQ((Load(addr=0x44c42d<64>, size=1, endness=Iend_LE) & 0x2<8>), 0x0<8>), CmpEQ(Load(addr=0x44c70c<64>, size=1, endness=Iend_LE), 0x0<8>), CmpEQ((Load(addr=0x44c42f<64>, size=1, endness=Iend_LE) & 0x2<8>), 0x0<8>), CmpEQ(Load(addr=0x44c70b<64>, size=1, endness=Iend_LE), 0x0<8>), CmpEQ((Load(addr=0x44c42f<64>, size=1, endness=Iend_LE) & 0x2<8>), 0x0<8>), CmpEQ(Load(addr=0x44c734<64>, size=1, endness=Iend_LE), 0x0<8>), CmpEQ((Load(addr=0x44c431<64>, size=1, endness=Iend_LE) & 0x2<8>), 0x0<8>), CmpEQ(Load(addr=0x44c733<64>, size=1, endness=Iend_LE), 0x0<8>), CmpEQ((Load(addr=0x44c431<64>, size=1, endness=Iend_LE) & 0x2<8>), 0x0<8>), CmpEQ(Load(addr=0x44c75c<64>, size=1, endness=Iend_LE), 0x0<8>), CmpEQ((Load(addr=0x44c429<64>, size=1, endness=Iend_LE) & 0x2<8>), 0x0<8>), CmpEQ(Load(addr=0x44c75b<64>, size=1, endness=Iend_LE), 0x0<8>), CmpEQ((Load(addr=0x44c429<64>, size=1, endness=Iend_LE) & 0x2<8>), 0x0<8>), CmpEQ(Load(addr=0x44c784<64>, size=1, endness=Iend_LE), 0x0<8>), CmpEQ((Load(addr=0x44c42b<64>, size=1, endness=Iend_LE) & 0x2<8>), 0x0<8>), CmpEQ(Load(addr=0x44c783<64>, size=1, endness=Iend_LE), 0x0<8>), CmpEQ((Load(addr=0x44c42b<64>, size=1, endness=Iend_LE) & 0x2<8>), 0x0<8>), CmpEQ(Load(addr=0x44c5a1<64>, size=1, endness=Iend_LE), 0x0<8>), CmpEQ((Load(addr=0x44c32b<64>, size=1, endness=Iend_LE) & 0x2<8>), 0x0<8>), CmpEQ(Load(addr=0x44c5c9<64>, size=1, endness=Iend_LE), 0x0<8>), CmpEQ((Load(addr=0x44c33d<64>, size=1, endness=Iend_LE) & 0x2<8>), 0x0<8>), CmpEQ((Load(addr=0x44c350<64>, size=1, endness=Iend_LE) & 0x2<8>), 0x0<8>), CmpEQ((Load(addr=0x44c4bf<64>, size=1, endness=Iend_LE) & 0x2<8>), 0x0<8>), CmpEQ(Load(addr=0x44c4c0<64>, size=1, endness=Iend_LE), 0x0<8>), CmpEQ((Load(addr=0x44c32b<64>, size=1, endness=Iend_LE) & 0x2<8>), 0x0<8>), CmpEQ((Load(addr=0x44c3b5<64>, size=1, endness=Iend_LE) & 0x2<8>), 0x0<8>), CmpEQ((Load(addr=0x44c3c8<64>, size=1, endness=Iend_LE) & 0x2<8>), 0x0<8>), CmpEQ((Load(addr=0x44c4b5<64>, size=1, endness=Iend_LE) & 0x2<8>), 0x0<8>), CmpEQ(Load(addr=0x44c4b6<64>, size=1, endness=Iend_LE), 0x0<8>), CmpEQ((Load(addr=0x44c32b<64>, size=1, endness=Iend_LE) & 0x2<8>), 0x0<8>), CmpEQ(Load(addr=0x44c5f1<64>, size=1, endness=Iend_LE), 0x0<8>), CmpEQ((Load(addr=0x44c4cf<64>, size=1, endness=Iend_LE) & 0x2<8>), 0x0<8>), CmpEQ((Load(addr=0x44c4c9<64>, size=1, endness=Iend_LE) & 0x2<8>), 0x0<8>), CmpEQ((Load(addr=0x44c4cb<64>, size=1, endness=Iend_LE) & 0x2<8>), 0x0<8>), CmpEQ((Load(addr=0x44c43d<64>, size=1, endness=Iend_LE) & 0x2<8>), 0x0<8>), CmpEQ((Load(addr=0x44c450<64>, size=1, endness=Iend_LE) & 0x2<8>), 0x0<8>), CmpEQ((Load(addr=0x44c4d1<64>, size=1, endness=Iend_LE) & 0x2<8>), 0x0<8>)]
defaultdict(<class 'list'>,
            {<Global 0x44c4d0:1 bytes>: [('write', 4384601)],
             <Global 0x44c4d1:1 bytes>: [('read', 4384537)],
             <Global 0x44c448:8 bytes>: [('write', 4384489)],
             <Global 0x44c440:8 bytes>: [('write', 4384474)],
             <Global 0x44c450:1 bytes>: [('read', 4384468)],
             <Global 0x44c43c:1 bytes>: [('write', 4384443)],
             <Global 0x44c4ca:1 bytes>: [('write', 4384383)],
             <Global 0x44c43d:1 bytes>: [('read', 4384426)],
             <Global 0x44c4c8:1 bytes>: [('write', 4384341)],
             <Global 0x44c4cb:1 bytes>: [('read', 4384366)],
             <Global 0x44c3c0:8 bytes>: [('write', 4384113)],
             <Global 0x44c3b8:8 bytes>: [('write', 4384098)],
             <Global 0x44c4bf:1 bytes>: [('read', 4383955)],
             <Global 0x44c3c8:1 bytes>: [('read', 4384092)],
             <Global 0x44c3b4:1 bytes>: [('write', 4384067)],
             <Global 0x44c4b4:1 bytes>: [('write', 4384178)],
             <Global 0x44c3b5:1 bytes>: [('read', 4384053)],
             <Global 0x44c4c0:1 bytes>: [('read', 4384006)],
             <Global 0x44c4be:1 bytes>: [('write', 4383969)],
             <Global 0x44c4b6:1 bytes>: [('read', 4384215)],
             <Global 0x44c348:8 bytes>: [('write', 4383912)],
             <Global 0x44c340:8 bytes>: [('write', 4383900)],
             <Global 0x44c5f1:1 bytes>: [('read', 4384256)],
             <Global 0x44c33c:1 bytes>: [('write', 4383875)],
             <Global 0x44c75b:1 bytes>: [('read', 4383648)],
             <Global 0x44c75c:1 bytes>: [('read', 4383599)],
             <Global 0x44c4c9:1 bytes>: [('read', 4384327)],
             <Global 0x44c783:1 bytes>: [('read', 4383744)],
             <Global 0x44c733:1 bytes>: [('read', 4383552)],
             <Global 0x44c32c:1 bytes>: [('write', 4383167),
                                         ('write', 4383210)],
             <Global 0x44c734:1 bytes>: [('read', 4383503)],
             <Global 0x44c32a:1 bytes>: [('write', 4383251),
                                         ('write', 4383294),
                                         ('write', 4383815),
                                         ('write', 4384030),
                                         ('write', 4384239)],
             <Global 0x44c32d:1 bytes>: [('read', 4383161), ('read', 4383204)],
             <Global 0x44c350:1 bytes>: [('read', 4383894)],
             <Global 0x44c33d:1 bytes>: [('read', 4383854)],
             <Global 0x44c6e4:1 bytes>: [('read', 4383311)],
             <Global 0x44c328:1 bytes>: [('write', 4383083),
                                         ('write', 4383126)],
             <Global 0x44c32e:1 bytes>: [('write', 4382915),
                                         ('write', 4382958)],
             <Global 0x44c6e3:1 bytes>: [('read', 4383360)],
             <Global 0x44c329:1 bytes>: [('read', 4383077), ('read', 4383120)],
             <Global 0x44c66b:1 bytes>: [('write', 4381092), ('read', 4383102)],
             <Global 0x44c70b:1 bytes>: [('read', 4383456)],
             <Global 0x44c4ce:1 bytes>: [('write', 4384302)],
             <Global 0x44c643:1 bytes>: [('write', 4381420), ('read', 4383018)],
             <Global 0x44c4cf:1 bytes>: [('read', 4384281)],
             <Global 0x44c693:1 bytes>: [('write', 4382110), ('read', 4383186)],
             <Global 0x44c57a:1 bytes>: [('read', 4382047), ('read', 4382083)],
             <Global 0x44c55a:1 bytes>: [('read', 4381702), ('read', 4381738)],
             <Global 0x44c330:1 bytes>: [('write', 4382999),
                                         ('write', 4383042)],
             <Global 0x44c6bc:1 bytes>: [('write', 4381075), ('read', 4383227)],
             <Global 0x44c32f:1 bytes>: [('read', 4382909), ('read', 4382952)],
             <Global 0x44c568:8 bytes>: [('write', 4379748), ('read', 4381890)],
             <Global 0x44c5c9:1 bytes>: [('write', 4380487),
                                         ('write', 4380525),
                                         ('read', 4383832)],
             <Global 0x44c53a:1 bytes>: [('read', 4381357), ('read', 4381393)],
             <Global 0x44c4fa:1 bytes>: [('read', 4380650), ('read', 4380686)],
             <Global 0x44c540:8 bytes>: [('write', 4379656),
                                         ('read', 4381497),
                                         ('read', 4381595)],
             <Global 0x44c331:1 bytes>: [('read', 4382993), ('read', 4383036)],
             <Global 0x44c5f3:1 bytes>: [('write', 4380610)],
             <Global 0x44c560:8 bytes>: [('write', 4379733),
                                         ('read', 4381842),
                                         ('read', 4381940)],
             <Global 0x44c6bb:1 bytes>: [('write', 4380730), ('read', 4383270)],
             <Global 0x44c70c:1 bytes>: [('read', 4383407)],
             <Global 0x44c51a:1 bytes>: [('read', 4381012), ('read', 4381048)],
             <Global 0x44c4e8:8 bytes>: [('write', 4379902),
                                         ('write', 4380056),
                                         ('write', 4380133),
                                         ('write', 4380210),
                                         ('write', 4380287)],
             <Global 0x44c548:8 bytes>: [('write', 4379671), ('read', 4381545)],
             <Global 0x44c528:8 bytes>: [('write', 4379594), ('read', 4381200)],
             <Global 0x44c520:8 bytes>: [('write', 4379579),
                                         ('read', 4381152),
                                         ('read', 4381250)],
             <Global 0x44c559:1 bytes>: [('read', 4379156),
                                         ('read', 4379297),
                                         ('read', 4379716)],
             <Global 0x44c458:1 bytes>: [('read', 4379229), ('read', 4379926)],
             <Global 0x44c32b:1 bytes>: [('read', 4383245),
                                         ('read', 4383288),
                                         ('read', 4383809),
                                         ('read', 4384024),
                                         ('read', 4384233)],
             <Global 0x44c579:1 bytes>: [('read', 4379203),
                                         ('read', 4379250),
                                         ('read', 4379793)],
             <Global 0x44c784:1 bytes>: [('read', 4383695)],
             <Global 0x44c66c:1 bytes>: [('write', 4380576),
                                         ('write', 4382127),
                                         ('read', 4383059)],
             <Global 0x44c42a:1 bytes>: [('read', 4379229),
                                         ('read', 4379926),
                                         ('write', 4382312),
                                         ('write', 4382352),
                                         ('write', 4383722),
                                         ('write', 4383771)],
             <Global 0x44c4e0:8 bytes>: [('write', 4379887),
                                         ('write', 4380041),
                                         ('write', 4380118),
                                         ('write', 4380195),
                                         ('write', 4380272)],
             <Global 0x44c694:1 bytes>: [('write', 4380593),
                                         ('write', 4380713),
                                         ('read', 4383143)],
             <Global 0x44c428:1 bytes>: [('read', 4379135),
                                         ('read', 4379772),
                                         ('write', 4381967),
                                         ('write', 4382007),
                                         ('write', 4383626),
                                         ('write', 4383675)],
             <Global 0x44c61b:1 bytes>: [('write', 4380747),
                                         ('write', 4381765),
                                         ('read', 4382934)],
             <Global 0x44c7d4:1 bytes>: [('write', 4378838),
                                         ('write', 4378896)],
             <Global 0x44c4da:1 bytes>: [('read', 4380331), ('read', 4380367)],
             <Global 0x44c7bf:1 bytes>: [('read', 4378761), ('read', 4378921)],
             <Global 0x44c508:8 bytes>: [('write', 4379517),
                                         ('write', 4379979),
                                         ('read', 4380855)],
             <Global 0x44c7d5:1 bytes>: [('read', 4378821), ('read', 4378879)],
             <Global 0x44c7be:1 bytes>: [('write', 4378778),
                                         ('write', 4378927)],
             <Global 0x44c42c:1 bytes>: [('read', 4378994),
                                         ('read', 4379541),
                                         ('write', 4380932),
                                         ('write', 4380972),
                                         ('write', 4383338),
                                         ('write', 4383387)],
             <Global 0x44c4f9:1 bytes>: [('read', 4379015),
                                         ('read', 4379438),
                                         ('read', 4379485),
                                         ('read', 4379947)],
             <Global 0x44c580:8 bytes>: [('write', 4379810),
                                         ('read', 4382187),
                                         ('read', 4382285)],
             <Global 0x44c539:1 bytes>: [('read', 4379109),
                                         ('read', 4379344),
                                         ('read', 4379639)],
             <Global 0x44c7d1:1 bytes>: [('read', 4378403), ('read', 4378461)],
             <Global 0x44c7ba:1 bytes>: [('write', 4378360),
                                         ('write', 4378513)],
             <Global 0x44c519:1 bytes>: [('read', 4379062),
                                         ('read', 4379391),
                                         ('read', 4379562)],
             <Global 0x44c7bb:1 bytes>: [('read', 4378339), ('read', 4378507)],
             <Global 0x44c429:1 bytes>: [('read', 4381961),
                                         ('read', 4382001),
                                         ('read', 4383620),
                                         ('read', 4383669)],
             <Global 0x44c7bd:1 bytes>: [('read', 4378554), ('read', 4378714)],
             <Global 0x44c644:1 bytes>: [('write', 4380559),
                                         ('write', 4381782),
                                         ('read', 4382975)],
             <Global 0x44c588:8 bytes>: [('write', 4379825), ('read', 4382235)],
             <Global 0x44c430:1 bytes>: [('read', 4379088),
                                         ('read', 4379695),
                                         ('write', 4381622),
                                         ('write', 4381662),
                                         ('write', 4383530),
                                         ('write', 4383579)],
             <Global 0x44c7cd:1 bytes>: [('read', 4377977), ('read', 4378035)],
             <Global 0x44c7ce:1 bytes>: [('write', 4378205),
                                         ('write', 4378267)],
             <Global 0x44c7cf:1 bytes>: [('read', 4378188), ('read', 4378246)],
             <Global 0x44c7cc:1 bytes>: [('write', 4377994),
                                         ('write', 4378052)],
             <Global 0x44c500:8 bytes>: [('write', 4379502),
                                         ('write', 4379964),
                                         ('read', 4380807),
                                         ('read', 4380905)],
             <Global 0x44c7bc:1 bytes>: [('write', 4378571),
                                         ('write', 4378720)],
             <Global 0x44c42f:1 bytes>: [('read', 4381271),
                                         ('read', 4381311),
                                         ('read', 4383428),
                                         ('read', 4383477)],
             <Global 0x44c7ca:1 bytes>: [('write', 4377783),
                                         ('write', 4377845)],
             <Global 0x44c42e:1 bytes>: [('read', 4379041),
                                         ('read', 4379618),
                                         ('write', 4381277),
                                         ('write', 4381317),
                                         ('write', 4383434),
                                         ('write', 4383483)],
             <Global 0x44c7cb:1 bytes>: [('read', 4377766), ('read', 4377824)],
             <Global 0x44c7d2:1 bytes>: [('write', 4378631),
                                         ('write', 4378689)],
             <Global 0x44c578:1 bytes>: [('read', 4377681),
                                         ('read', 4377896),
                                         ('write', 4379209),
                                         ('write', 4379256),
                                         ('write', 4379799),
                                         ('read', 4382032),
                                         ('read', 4382068),
                                         ('read', 4382104),
                                         ('read', 4382121),
                                         ('read', 4382138)],
             <Global 0x44c7b4:1 bytes>: [('write', 4377723),
                                         ('write', 4377876)],
             <Global 0x44c7b5:1 bytes>: [('read', 4377702), ('read', 4377870)],
             <Global 0x44c7d3:1 bytes>: [('read', 4378614), ('read', 4378672)],
             <Global 0x44c7b8:1 bytes>: [('write', 4378145),
                                         ('write', 4378298)],
             <Global 0x44c7b1:1 bytes>: [('read', 4377288), ('read', 4377448)],
             <Global 0x44c5a2:1 bytes>: [('read', 4380409), ('read', 4380443)],
             <Global 0x44c7c6:1 bytes>: [('write', 4377365),
                                         ('write', 4377423)],
             <Global 0x44c7b9:1 bytes>: [('read', 4378124), ('read', 4378292)],
             <Global 0x44c7b0:1 bytes>: [('write', 4377305),
                                         ('write', 4377454)],
             <Global 0x44c7c7:1 bytes>: [('read', 4377348), ('read', 4377406)],
             <Global 0x44c538:1 bytes>: [('read', 4377267),
                                         ('read', 4378318),
                                         ('write', 4379115),
                                         ('write', 4379350),
                                         ('write', 4379645),
                                         ('read', 4381342),
                                         ('read', 4381378),
                                         ('read', 4381414),
                                         ('read', 4381431),
                                         ('read', 4381448)],
             <Global 0x44c7c9:1 bytes>: [('read', 4377555), ('read', 4377613)],
             <Global 0x44c7c4:1 bytes>: [('write', 4377158),
                                         ('write', 4377216)],
             <Global 0x44c7c8:1 bytes>: [('write', 4377572),
                                         ('write', 4377630)],
             <Global 0x44c7b2:1 bytes>: [('write', 4377512),
                                         ('write', 4377661)],
             <Global 0x44c7c3:1 bytes>: [('read', 4376934), ('read', 4376992)],
             <Global 0x44c61c:1 bytes>: [('write', 4380542),
                                         ('write', 4381437),
                                         ('read', 4382891)],
             <Global 0x44c4d9:1 bytes>: [('read', 4378968),
                                         ('read', 4379870),
                                         ('read', 4380024),
                                         ('read', 4380101),
                                         ('read', 4380178),
                                         ('read', 4380255)],
             <Global 0x44c7c2:1 bytes>: [('write', 4376951),
                                         ('write', 4377009)],
             <Global 0x44c598:2 bytes>: [('read', 4375080)],
             <Global 0x44c7d6:2 bytes>: [('read', 4374863)],
             <Global 0x44c42b:1 bytes>: [('read', 4382306),
                                         ('read', 4382346),
                                         ('read', 4383716),
                                         ('read', 4383765)],
             <Global 0x44c7d0:1 bytes>: [('write', 4378420),
                                         ('write', 4378482)],
             <Global 0x44c7c0:1 bytes>: [('write', 4376747),
                                         ('write', 4376802)],
             <Global 0x44c7ae:1 bytes>: [('write', 4377098),
                                         ('write', 4377247)],
             <Global 0x44c7c5:1 bytes>: [('read', 4377141), ('read', 4377199)],
             <Global 0x44c324:1 bytes>: [('read', 4378947),
                                         ('read', 4379182),
                                         ('read', 4379276),
                                         ('read', 4379323),
                                         ('read', 4379370),
                                         ('read', 4379417),
                                         ('read', 4379464),
                                         ('read', 4379849),
                                         ('read', 4380003),
                                         ('read', 4380080),
                                         ('read', 4380157),
                                         ('read', 4380234)],
             <Global 0x44c7b6:1 bytes>: [('write', 4377934),
                                         ('write', 4378083)],
             <Global 0x44c7c1:1 bytes>: [('read', 4376730), ('read', 4376788)],
             <Global 0x44c5ca:1 bytes>: [('read', 4380481), ('read', 4380519)],
             <Global 0x44c4b5:1 bytes>: [('read', 4384161)],
             <Global 0x44c4f8:1 bytes>: [('read', 4376853),
                                         ('read', 4378740),
                                         ('write', 4379021),
                                         ('write', 4379444),
                                         ('write', 4379491),
                                         ('write', 4379953),
                                         ('read', 4380635),
                                         ('read', 4380671),
                                         ('read', 4380707),
                                         ('read', 4380724),
                                         ('read', 4380741),
                                         ('read', 4380758)],
             <Global 0x44c7aa:1 bytes>: [('write', 4376687),
                                         ('write', 4376833)],
             <Global 0x44c323:1 bytes>: [('read', 4374629), ('read', 4374664)],
             <Global 0x44c7b3:1 bytes>: [('read', 4377495), ('read', 4377655)],
             <Global 0x44c7d8:8 bytes>: [('write', 4374753)],
             <Global 0x44c7b7:1 bytes>: [('read', 4377917), ('read', 4378077)],
             <Global 0x44c320:1 bytes>: [('read', 4374611)],
             <Global 0x438390:1 bytes>: [('read', 4374779),
                                         ('read', 4376705),
                                         ('read', 4376767),
                                         ('read', 4376909),
                                         ('read', 4376971),
                                         ('read', 4377116),
                                         ('read', 4377178),
                                         ('read', 4377323),
                                         ('read', 4377385),
                                         ('read', 4377530),
                                         ('read', 4377592),
                                         ('read', 4377741),
                                         ('read', 4377803),
                                         ('read', 4377952),
                                         ('read', 4378014),
                                         ('read', 4378163),
                                         ('read', 4378225),
                                         ('read', 4378378),
                                         ('read', 4378440),
                                         ('read', 4378589),
                                         ('read', 4378651),
                                         ('read', 4378796),
                                         ('read', 4378858)],
             <Global 0x44c322:1 bytes>: [('write', 4374639),
                                         ('write', 4374670)],
             <Global 0x44c558:1 bytes>: [('read', 4377474),
                                         ('read', 4378103),
                                         ('write', 4379162),
                                         ('write', 4379303),
                                         ('write', 4379722),
                                         ('read', 4381687),
                                         ('read', 4381723),
                                         ('read', 4381759),
                                         ('read', 4381776),
                                         ('read', 4381793)],
             <Global 0x44c518:1 bytes>: [('read', 4377060),
                                         ('read', 4378533),
                                         ('write', 4379068),
                                         ('write', 4379397),
                                         ('write', 4379568),
                                         ('read', 4380997),
                                         ('read', 4381033),
                                         ('read', 4381069),
                                         ('read', 4381086),
                                         ('read', 4381103)],
             <Global 0x44c7ad:1 bytes>: [('read', 4376874), ('read', 4377034)],
             <Global 0x44c42d:1 bytes>: [('read', 4380926),
                                         ('read', 4380966),
                                         ('read', 4383332),
                                         ('read', 4383381)],
             <Global 0x44c5a1:1 bytes>: [('write', 4380415),
                                         ('write', 4380449),
                                         ('read', 4383791)],
             <Global 0x44c431:1 bytes>: [('read', 4381616),
                                         ('read', 4381656),
                                         ('read', 4383524),
                                         ('read', 4383573)],
             <Global 0x44c7ac:1 bytes>: [('write', 4376891),
                                         ('write', 4377040)],
             <Global 0x44c7af:1 bytes>: [('read', 4377081), ('read', 4377241)],
             <Global 0x44c7ab:1 bytes>: [('read', 4376673), ('read', 4376827)],
             <Global 0x44c7e0:8 bytes>: [('write', 4374760)],
             <Global 0x44c7a8:2 bytes>: [('read', 4376633), ('read', 4382872)],
             <Global 0x44c4d8:1 bytes>: [('read', 4376652),
                                         ('write', 4378974),
                                         ('write', 4379876),
                                         ('write', 4380030),
                                         ('write', 4380107),
                                         ('write', 4380184),
                                         ('write', 4380261),
                                         ('read', 4380316),
                                         ('read', 4380352),
                                         ('read', 4380460),
                                         ('read', 4380536),
                                         ('read', 4380553),
                                         ('read', 4380570),
                                         ('read', 4380587),
                                         ('read', 4380604)]})
----------------------------------------
State variable candidate <Global 0x44c4d8:1 bytes>,  offset = 0x1b8
State variable candidate <Global 0x44c4f8:1 bytes>,  offset = 0x1d8
State variable candidate <Global 0x44c518:1 bytes>,  offset = 0x1f8
State variable candidate <Global 0x44c538:1 bytes>,  offset = 0x218
State variable candidate <Global 0x44c558:1 bytes>,  offset = 0x238
State variable candidate <Global 0x44c578:1 bytes>,  offset = 0x258
State variable candidate <Global 0x44c42c:1 bytes>,  offset = 0x10c
State variable candidate <Global 0x44c42e:1 bytes>,  offset = 0x10e
State variable candidate <Global 0x44c430:1 bytes>,  offset = 0x110
State variable candidate <Global 0x44c428:1 bytes>,  offset = 0x108
State variable candidate <Global 0x44c42a:1 bytes>,  offset = 0x10a
