… Elap… Ti… Analysis (Stage 1) | 978 funcs, 24536 blocks | 0/318 IJs | 429.52 MB…
[timing]   _set_function_graph took 4.373848 milliseconds.
[timing]   _remove_alignment_blocks took 0.245189 milliseconds.
[timing]   _recover_calling_conventions took 132.392094 milliseconds.
[timing]   _convert_all took 246.523176 milliseconds.
[timing]   _make_ailgraph took 3.650377 milliseconds.
[timing]     SwitchDefaultCaseDuplicator took 0.043102 milliseconds.
[timing]     SwitchReusedEntryRewriter took 0.022164 milliseconds.
[timing]   _run_simplification_passes took 0.343837 milliseconds.
[timing]   _replace_single_target_indirect_transitions took 0.196863 milliseconds.
[timing]   _replace_tail_jumps_with_calls took 0.174962 milliseconds.
[timing]   _fix_special_call_calling_conventions took 0.090938 milliseconds.
[timing]   _run_simplification_passes took 0.162246 milliseconds.
[timing]   _make_argument_list took 0.039092 milliseconds.
[timing]   _create_function_argument_vvars took 0.013892 milliseconds.
[timing]   _transform_to_ssa_level0 took 490.719686 milliseconds.
[timing]       _compute_propagation took 168.043874 milliseconds.
[timing]     _simplify_function_once took 343.980557 milliseconds.
[timing]   _simplify_function took 343.998072 milliseconds.
[timing]   _track_stack_pointers took 505.187193 milliseconds.
[timing]   _simplify_blocks took 2.050706 seconds (2050.705819 milliseconds).
[timing]     RegisterSaveAreaSimplifier took 0.199069 milliseconds.
[timing]     ConstantDereferencesSimplifier took 5.223646 milliseconds.
[timing]       _find_const_conditions took 0.359520 milliseconds.
[timing]       _analyze took 45.001279 milliseconds.
[timing]     ConditionConstantPropagation took 45.418213 milliseconds.
[timing]   _run_simplification_passes took 51.083053 milliseconds.
[timing]       _compute_propagation took 66.119396 milliseconds.
[timing]         _remove_dead_assignments took 139.530086 milliseconds.
[timing]         _remove_dead_assignments took 40.934036 milliseconds.
[timing]         _remove_dead_assignments took 39.881802 milliseconds.
[timing]         _remove_dead_assignments took 37.379361 milliseconds.
[timing]       _iteratively_remove_dead_assignments took 264.658019 milliseconds.
[timing]         _remove_dead_assignments took 38.629863 milliseconds.
[timing]         _remove_dead_assignments took 36.096878 milliseconds.
[timing]       _iteratively_remove_dead_assignments took 75.053402 milliseconds.
[timing]     _simplify_function_once took 579.893424 milliseconds.
[timing]       _compute_propagation took 19.267854 milliseconds.
[timing]         _remove_dead_assignments took 6.572857 milliseconds.
[timing]         _remove_dead_assignments took 35.183664 milliseconds.
[timing]       _iteratively_remove_dead_assignments took 44.172371 milliseconds.
[timing]         _remove_dead_assignments took 1.709555 milliseconds.
[timing]       _iteratively_remove_dead_assignments took 1.717352 milliseconds.
[timing]     _simplify_function_once took 117.197480 milliseconds.
[timing]       _compute_propagation took 15.156210 milliseconds.
[timing]         _remove_dead_assignments took 4.020471 milliseconds.
[timing]         _remove_dead_assignments took 32.821646 milliseconds.
[timing]       _iteratively_remove_dead_assignments took 38.973935 milliseconds.
[timing]         _remove_dead_assignments took 1.518842 milliseconds.
[timing]       _iteratively_remove_dead_assignments took 1.526804 milliseconds.
[timing]     _simplify_function_once took 102.534844 milliseconds.
[timing]       _compute_propagation took 11.948632 milliseconds.
[timing]         _remove_dead_assignments took 1.998276 milliseconds.
[timing]         _remove_dead_assignments took 32.653745 milliseconds.
[timing]       _iteratively_remove_dead_assignments took 34.933471 milliseconds.
[timing]         _remove_dead_assignments took 1.460325 milliseconds.
[timing]       _iteratively_remove_dead_assignments took 1.467705 milliseconds.
[timing]     _simplify_function_once took 85.364082 milliseconds.
[timing]       _compute_propagation took 11.646037 milliseconds.
[timing]         _remove_dead_assignments took 1.544940 milliseconds.
[timing]       _iteratively_remove_dead_assignments took 1.552855 milliseconds.
[timing]         _remove_dead_assignments took 1.496170 milliseconds.
[timing]       _iteratively_remove_dead_assignments took 1.502110 milliseconds.
[timing]     _simplify_function_once took 50.009197 milliseconds.
[timing]   _simplify_function took 935.033894 milliseconds.
[timing]   _simplify_blocks took 174.169050 milliseconds.
[timing]   _run_simplification_passes took 0.175006 milliseconds.
[timing]   _transform_to_ssa_level1 took 54.133862 milliseconds.
[timing]     RegisterSaveAreaSimplifierAdvanced took 19.983957 milliseconds.
[timing]   _run_simplification_passes took 20.338936 milliseconds.
[timing]   _make_callsites took 47.775762 milliseconds.
[timing]     CallStatementRewriter took 0.340922 milliseconds.
[timing]   _run_simplification_passes took 0.528103 milliseconds.
[timing]         _remove_dead_assignments took 28.938162 milliseconds.
[timing]         _remove_dead_assignments took 17.010194 milliseconds.
[timing]         _remove_dead_assignments took 14.966001 milliseconds.
[timing]       _iteratively_remove_dead_assignments took 62.310275 milliseconds.
[timing]       _narrow_exprs took 4.297035 milliseconds.
[timing]       _compute_propagation took 9.461963 milliseconds.
[timing]         _remove_dead_assignments took 1.853239 milliseconds.
[timing]         _remove_dead_assignments took 11.487526 milliseconds.
[timing]       _iteratively_remove_dead_assignments took 13.886639 milliseconds.
[timing]         _remove_dead_assignments took 0.930881 milliseconds.
[timing]       _iteratively_remove_dead_assignments took 0.937719 milliseconds.
[timing]         _compute_equivalence took 1.402336 milliseconds.
[timing]       _unify_local_variables took 2.829332 milliseconds.
[timing]         _compute_equivalence took 0.808357 milliseconds.
[timing]       _fold_call_exprs took 12.244550 milliseconds.
[timing]         _remove_dead_assignments took 12.016199 milliseconds.
[timing]         _remove_dead_assignments took 10.909396 milliseconds.
[timing]       _iteratively_remove_dead_assignments took 23.194611 milliseconds.
[timing]     _simplify_function_once took 149.084513 milliseconds.
[timing]       _compute_propagation took 8.357922 milliseconds.
[timing]         _remove_dead_assignments took 1.257944 milliseconds.
[timing]         _remove_dead_assignments took 10.870395 milliseconds.
[timing]       _iteratively_remove_dead_assignments took 12.424024 milliseconds.
[timing]         _remove_dead_assignments took 0.893232 milliseconds.
[timing]       _iteratively_remove_dead_assignments took 0.899706 milliseconds.
[timing]         _compute_equivalence took 0.973201 milliseconds.
[timing]       _unify_local_variables took 1.712979 milliseconds.
[timing]         _compute_equivalence took 0.747344 milliseconds.
[timing]       _fold_call_exprs took 0.820082 milliseconds.
[timing]         _remove_dead_assignments took 0.900373 milliseconds.
[timing]       _iteratively_remove_dead_assignments took 0.904496 milliseconds.
[timing]     _simplify_function_once took 38.465984 milliseconds.
[timing]       _compute_propagation took 8.399288 milliseconds.
[timing]         _remove_dead_assignments took 0.879259 milliseconds.
[timing]       _iteratively_remove_dead_assignments took 0.885786 milliseconds.
[timing]         _remove_dead_assignments took 0.889547 milliseconds.
[timing]       _iteratively_remove_dead_assignments took 0.895644 milliseconds.
[timing]         _compute_equivalence took 0.767393 milliseconds.
[timing]       _unify_local_variables took 1.474050 milliseconds.
[timing]         _compute_equivalence took 0.741092 milliseconds.
[timing]       _fold_call_exprs took 0.817777 milliseconds.
[timing]         _remove_dead_assignments took 0.900268 milliseconds.
[timing]       _iteratively_remove_dead_assignments took 0.906848 milliseconds.
[timing]     _simplify_function_once took 25.951390 milliseconds.
[timing]   _simplify_function took 213.515757 milliseconds.
[timing]   _simplify_blocks took 110.244839 milliseconds.
[timing]     StackCanarySimplifier took 0.031442 milliseconds.
[timing]     BasePointerSaveSimplifier took 0.069406 milliseconds.
[timing]     ITERegionConverter took 10.442508 milliseconds.
[timing]       _compute_propagation took 7.162286 milliseconds.
[timing]         _remove_dead_assignments took 0.893736 milliseconds.
[timing]         _remove_dead_assignments took 10.677901 milliseconds.
[timing]         _remove_dead_assignments took 10.410697 milliseconds.
[timing]       _iteratively_remove_dead_assignments took 22.267415 milliseconds.
[timing]         _remove_dead_assignments took 0.785368 milliseconds.
[timing]       _iteratively_remove_dead_assignments took 0.792432 milliseconds.
[timing]     ReturnDuplicatorHigh took 251.111741 milliseconds.
[timing]     InlinedStringTransformationSimplifier took 0.298501 milliseconds.
[timing]     InlinedStrlenSimplifier took 0.430364 milliseconds.
[timing]     DetermineLoadSizes took 0.360930 milliseconds.
[timing]   _run_simplification_passes took 266.147255 milliseconds.
[timing]         _remove_dead_assignments took 379.111507 milliseconds.
[timing]       _iteratively_remove_dead_assignments took 379.124476 milliseconds.
[timing]       _narrow_exprs took 1.194380 milliseconds.
[timing]       _compute_propagation took 7.553093 milliseconds.
[timing]         _remove_dead_assignments took 0.820977 milliseconds.
[timing]       _iteratively_remove_dead_assignments took 0.827845 milliseconds.
[timing]         _remove_dead_assignments took 0.885826 milliseconds.
[timing]       _iteratively_remove_dead_assignments took 0.891245 milliseconds.
[timing]         _compute_equivalence took 0.752535 milliseconds.
[timing]       _unify_local_variables took 2.108672 milliseconds.
[timing]         _compute_equivalence took 0.724985 milliseconds.
[timing]       _fold_call_exprs took 0.787262 milliseconds.
[timing]         _remove_dead_assignments took 11.049999 milliseconds.
[timing]         _remove_dead_assignments took 10.596000 milliseconds.
[timing]       _iteratively_remove_dead_assignments took 21.802908 milliseconds.
[timing]     _simplify_function_once took 417.297446 milliseconds.
[timing]       _compute_propagation took 7.344300 milliseconds.
[timing]         _remove_dead_assignments took 0.828047 milliseconds.
[timing]       _iteratively_remove_dead_assignments took 0.835741 milliseconds.
[timing]         _remove_dead_assignments took 0.813274 milliseconds.
[timing]       _iteratively_remove_dead_assignments took 0.819455 milliseconds.
[timing]         _compute_equivalence took 0.731542 milliseconds.
[timing]       _unify_local_variables took 1.437965 milliseconds.
[timing]         _compute_equivalence took 0.699115 milliseconds.
[timing]       _fold_call_exprs took 0.754282 milliseconds.
[timing]         _remove_dead_assignments took 0.788704 milliseconds.
[timing]       _iteratively_remove_dead_assignments took 0.794096 milliseconds.
[timing]     _simplify_function_once took 24.665165 milliseconds.
[timing]   _simplify_function took 441.972563 milliseconds.
[timing]   _simplify_blocks took 99.162822 milliseconds.
[timing]         _remove_dead_assignments took 11.019596 milliseconds.
[timing]       _iteratively_remove_dead_assignments took 11.027992 milliseconds.
[timing]       _narrow_exprs took 0.940900 milliseconds.
[timing]       _compute_propagation took 7.232253 milliseconds.
[timing]         _remove_dead_assignments took 0.889955 milliseconds.
[timing]       _iteratively_remove_dead_assignments took 0.895636 milliseconds.
[timing]         _remove_dead_assignments took 0.802840 milliseconds.
[timing]       _iteratively_remove_dead_assignments took 0.808169 milliseconds.
[timing]         _compute_equivalence took 0.717079 milliseconds.
[timing]       _unify_local_variables took 1.449616 milliseconds.
[timing]         _compute_equivalence took 0.708155 milliseconds.
[timing]       _fold_call_exprs took 0.764420 milliseconds.
[timing]         _remove_dead_assignments took 0.806135 milliseconds.
[timing]       _iteratively_remove_dead_assignments took 0.810172 milliseconds.
[timing]     _simplify_function_once took 26.779306 milliseconds.
[timing]   _simplify_function took 26.785294 milliseconds.
[timing]     EagerStdStringConcatenationPass took 0.059165 milliseconds.
[timing]   _run_simplification_passes took 0.252627 milliseconds.
[timing]   _collect_dephi_vvar_mapping_and_rewrite_blocks took 119.519479 milliseconds.
[timing]   _recover_and_link_variables took 1.017708 seconds (1017.707693 milliseconds).
[timing]   _run_simplification_passes took 0.160503 milliseconds.
[timing]   _make_function_prototype took 0.021055 milliseconds.
[timing]   remove_empty_nodes took 0.035752 milliseconds.
[timing]     DeadblockRemover took 0.014113 milliseconds.
[timing]   _run_graph_simplification_passes took 0.262922 milliseconds.
[timing]     ITEExprConverter took 0.012543 milliseconds.
[timing]     LoweredSwitchSimplifier took 7.391275 milliseconds.
[timing]     ReturnDuplicatorLow took 0.027672 milliseconds.
[timing]     ReturnDeduplicator took 12.197779 milliseconds.
[timing]   _run_region_simplification_passes took 87.075157 milliseconds.
[timing]     ExprOpSwapper took 0.004970 milliseconds.
[timing]     FlipBooleanCmp took 0.622016 milliseconds.
[timing]     PostStructuringPeepholeOptimizationPass took 70.933121 milliseconds.
[timing]   _run_post_structuring_simplification_passes took 71.623368 milliseconds.
[timing] _decompile took 7.914607 seconds (7914.607148 milliseconds).
extern void RESOURCE1__MAIN_INSTANCE;
extern unsigned long long __CURRENT_TIME;
extern char __DEBUG;
extern unsigned long long g_448558;
extern void* g_44be82;
extern char g_44be83;
extern char g_44be84;
extern char g_44be86;
extern unsigned long g_44be88;
extern unsigned short g_44be8a;
extern char g_44be8c;
extern char g_44be8d;
extern char g_44be8e;
extern char g_44be8f;
extern unsigned long g_44be90;
extern unsigned long long g_44be98;
extern char g_44be9c;
extern char g_44be9d;
extern unsigned long long g_44bea0;
extern unsigned long long g_44bea8;
extern char g_44beb0;
extern char g_44beb8;
extern unsigned long long g_44bf10;
extern char g_44bf14;
extern char g_44bf15;
extern unsigned long long g_44bf18;
extern unsigned long long g_44bf20;
extern char g_44bf28;
extern char g_44bf30;
extern char g_44bf88;
extern char g_44bf89;
extern char g_44bf8a;
extern char g_44bf8b;
extern char g_44bf8c;
extern char g_44bf8d;
extern char g_44bf8e;
extern char g_44bf8f;
extern char g_44bf90;
extern char g_44bf91;
extern unsigned long long g_44bf98;
extern char g_44bf9c;
extern char g_44bf9d;
extern unsigned long long g_44bfa0;
extern unsigned long long g_44bfa8;
extern char g_44bfb0;
extern char g_44bfb8;
extern unsigned long long g_44c010;
extern char g_44c014;
extern char g_44c015;
extern char g_44c016;
extern unsigned long long g_44c01a;
extern char g_44c01e;
extern char g_44c01f;
extern char g_44c020;
extern unsigned long long g_44c024;
extern char g_44c028;
extern char g_44c029;
extern char g_44c02a;
extern char g_44c02b;
extern char g_44c02c;
extern unsigned int g_44c038;
extern char g_44c03c;
extern unsigned long long g_44c040;
extern unsigned long long g_44c048;
extern unsigned long long g_44c058;
extern unsigned long long g_44c060;
extern char g_44c068;
extern unsigned long long g_44c070;
extern char g_44c074;
extern char g_44c075;
extern unsigned long long g_44c078;
extern unsigned long long g_44c080;
extern char g_44c088;
extern char g_44c090;
extern unsigned short g_44c0e8;
extern char g_44c0ea;
extern unsigned long long g_44c0f0;
extern unsigned long long g_44c0f8;
extern char g_44c100;
extern unsigned int g_44c108;
extern char g_44c10c;
extern unsigned int g_44c110;
extern char g_44c114;
extern char g_44c118;
extern char g_44c119;
extern char g_44c11a;
extern char g_44c11b;
extern char g_44c120;
extern char g_44c121;
extern char g_44c122;
extern unsigned long long g_44c128;
extern unsigned long long g_44c130;
extern char g_44c140;
extern char g_44c141;
extern char g_44c142;
extern unsigned long long g_44c148;
extern unsigned long long g_44c150;
extern char g_44c160;
extern char g_44c161;
extern char g_44c162;
extern unsigned long long g_44c168;
extern unsigned long long g_44c170;
extern char g_44c180;
extern char g_44c181;
extern char g_44c182;
extern unsigned long long g_44c188;
extern unsigned long long g_44c190;
extern char g_44c1a0;
extern char g_44c1a1;
extern char g_44c1a2;
extern unsigned long long g_44c1a8;
extern unsigned long long g_44c1b0;
extern char g_44c1c0;
extern char g_44c1c1;
extern char g_44c1c2;
extern unsigned long long g_44c1c8;
extern unsigned long long g_44c1d0;
extern unsigned short g_44c1e0;
extern char g_44c1e8[4];
extern char g_44c1e9[4];
extern char g_44c1ea[4];
extern char g_44c1eb[4];
extern char g_44c1ec[4];
extern unsigned long long g_44c1f0[4];
extern unsigned long long g_44c1f8[4];
extern unsigned long long g_44c200[4];
extern unsigned long long g_44c208[4];
extern char g_44c211;
extern char g_44c212;
extern char g_44c239;
extern char g_44c23a;
extern char g_44c261;
extern char g_44c263;
extern char g_44c28b;
extern char g_44c28c;
extern char g_44c2b3;
extern char g_44c2b4;
extern char g_44c2db;
extern char g_44c2dc;
extern char g_44c303;
extern char g_44c304;
extern char g_44c32b;
extern char g_44c32c;
extern char g_44c353;
extern char g_44c354;
extern char g_44c37b;
extern char g_44c37c;
extern char g_44c3a3;
extern char g_44c3a4;
extern char g_44c3cb;
extern char g_44c3cc;
extern char g_44c3f3;
extern char g_44c3f4;
extern unsigned short g_44c418;
extern char g_44c41a;
extern char g_44c41b;
extern char g_44c41c;
extern char g_44c41d;
extern char g_44c41e;
extern char g_44c41f;
extern char g_44c420;
extern char g_44c421;
extern char g_44c422;
extern char g_44c423;
extern char g_44c424;
extern char g_44c425;
extern char g_44c426;
extern char g_44c427;
extern char g_44c428;
extern char g_44c429;
extern char g_44c42a;
extern char g_44c42b;
extern char g_44c42c;
extern char g_44c42d;
extern char g_44c42e;
extern char g_44c42f;
extern char g_44c430;
extern char g_44c431;
extern char g_44c432;
extern char g_44c433;
extern char g_44c434;
extern char g_44c435;
extern char g_44c436;
extern char g_44c437;
extern char g_44c438;
extern char g_44c439;
extern char g_44c43a;
extern char g_44c43b;
extern char g_44c43c;
extern char g_44c43d;
extern char g_44c43e;
extern char g_44c43f;
extern char g_44c440;
extern char g_44c441;
extern char g_44c442;
extern char g_44c443;
extern char g_44c444;
extern char g_44c445;
extern unsigned short g_44c446;
extern unsigned long long g_44c448;
extern unsigned long long g_44c450;

void TRAFFIC_LIGHT_SEQUENCE_body__(unsigned long long a0)
{
    unsigned long long v0;  // [bp-0x218]
    void* v1;  // [bp-0x210]
    unsigned long long v2;  // [bp-0x208]
    void* v3;  // [bp-0x200]
    unsigned long long v4;  // [bp-0x1f8]
    void* v5;  // [bp-0x1f0]
    unsigned long long v6;  // [bp-0x1e8]
    void* v7;  // [bp-0x1e0]
    unsigned long long v8;  // [bp-0x1d8]
    void* v9;  // [bp-0x1d0]
    unsigned long long v10;  // [bp-0x1c8]
    void* v11;  // [bp-0x1c0]
    void* v12;  // [bp-0x1b8]
    void* v13;  // [bp-0x1b0]
    void* v14;  // [bp-0x1a8]
    void* v15;  // [bp-0x1a0]
    void* v16;  // [bp-0x198]
    void* v17;  // [bp-0x190]
    unsigned long long v18;  // [bp-0x188]
    void* v19;  // [bp-0x180]
    unsigned long long v20;  // [bp-0x178]
    void* v21;  // [bp-0x170]
    unsigned long long v22;  // [bp-0x168]
    void* v23;  // [bp-0x160]
    unsigned long long v24;  // [bp-0x158]
    void* v25;  // [bp-0x150]
    unsigned long long v26;  // [bp-0x148]
    void* v27;  // [bp-0x140]
    unsigned long long v28;  // [bp-0x138]
    void* v29;  // [bp-0x130]
    void* v30;  // [bp-0x128]
    void* v31;  // [bp-0x120]
    void* v32;  // [bp-0x118]
    void* v33;  // [bp-0x110]
    void* v34;  // [bp-0x108]
    void* v35;  // [bp-0x100]
    void* v36;  // [bp-0xf8]
    void* v37;  // [bp-0xf0]
    void* v38;  // [bp-0xe8]
    void* v39;  // [bp-0xe0]
    void* v40;  // [bp-0xd8]
    void* v41;  // [bp-0xd0]
    void* v42;  // [bp-0xc8]
    void* v43;  // [bp-0xc0]
    void* v44;  // [bp-0xb8]
    void* v45;  // [bp-0xb0]
    void* v46;  // [bp-0xa8]
    void* v47;  // [bp-0xa0]
    void* v48;  // [bp-0x98]
    void* v49;  // [bp-0x90]
    void* v50;  // [bp-0x88]
    void* v51;  // [bp-0x80]
    unsigned long long v52;  // [bp-0x70]
    char v53;  // [bp-0x5c]
    char v54;  // [bp-0x5b]
    char v55;  // [bp-0x5a]
    char v56;  // [bp-0x59]
    char v57;  // [bp-0x58]
    char v58;  // [bp-0x57]
    char v59;  // [bp-0x56]
    char v60;  // [bp-0x55]
    char v61;  // [bp-0x54]
    char v62;  // [bp-0x53]
    char v63;  // [bp-0x52]
    char v64;  // [bp-0x51]
    char v65;  // [bp-0x50]
    char v66;  // [bp-0x4f]
    char v67;  // [bp-0x4e]
    char v68;  // [bp-0x4d]
    char v69;  // [bp-0x4c]
    char v70;  // [bp-0x4b]
    unsigned short v71;  // [bp-0x4a]
    unsigned long long v72;  // [bp-0x48]
    unsigned long v73;  // [bp-0x38]
    unsigned long v74;  // [bp-0x30]
    void* v76;  // r12
    unsigned long long v77[3];  // rax
    unsigned long v78;  // rdx
    char v79;  // al
    unsigned long v80;  // r12
    char v81;  // al
    char v82;  // al
    unsigned long v83;  // r12
    char v84;  // al
    char v85;  // al
    char v86;  // al
    char v87;  // al
    char v88;  // al
    char v89;  // al
    char v90;  // al
    char v91;  // al
    char v92;  // al
    char v93;  // al
    char v94;  // al
    char v95;  // al
    char v96;  // al

    v52 = a0;
    if (!RESOURCE1__MAIN_INSTANCE)
    {
        if ((g_44be83 & 2))
            return;
        *((char *)&g_44be82) = 0;
        return;
    }
    else
    {
        if (!(g_44be83 & 2))
            *((char *)&g_44be82) = 1;
        v73 = __CURRENT_TIME;
        v74 = g_448558;
        v72 = ::0x41d3b9::__time_sub(v73, v74, g_44c448, g_44c450);
        g_44c448 = v73;
        g_44c450 = v74;
        if (__DEBUG)
        {
            for (v71 = 0; v71 < g_44c446; v71 += 1)
            {
                *((short *)&(&RESOURCE1__MAIN_INSTANCE)[1434 + 2 * v71]) = *((short *)&(&RESOURCE1__MAIN_INSTANCE)[1456 + 2 * v71]);
            }
        }
        for (v71 = 0; v71 < g_44c1e0; v71 += 1)
        {
            *((void *)&(&g_44be82)[84 + 4 * v71]) = (&RESOURCE1__MAIN_INSTANCE)[672 + 32 * v71];
            if ((&RESOURCE1__MAIN_INSTANCE)[672 + 32 * v71])
            {
                v76 = &(&RESOURCE1__MAIN_INSTANCE)[672 + 32 * v71];
                v77 = &(&RESOURCE1__MAIN_INSTANCE)[672 + 32 * v71];
                *((unsigned long long *)&v76[8]) = ::0x41d33b::__time_add(v77[1], v77[2], v72, v78);
                *((unsigned long *)&v76[16]) = v78;
            }
        }
        for (v71 = 0; v71 < g_44c418; v71 += 1)
        {
            if (!(g_44c1ea[40 * v71] & 2))
                g_44c1e9[40 * v71] = 0;
            g_44c1eb[40 * v71] = 0;
            g_44c1ec[40 * v71] = 0;
            if (!g_44c1f0[5 * v71])
            {
                v50 = 0;
                v51 = 0;
                v79 = g_44c1f8[5 * v71] - v51 > 0;
            }
            else
            {
                v48 = 0;
                v49 = 0;
                v79 = g_44c1f0[5 * v71] - v48 > 0;
            }
            if (v79)
            {
                v80 = &(&g_44c1e0)[20 * v71];
                *((unsigned long long *)(v80 + 16)) = ::0x41d3b9::__time_sub(g_44c1f0[5 * v71], g_44c1f8[5 * v71], v72, v78);
                *((unsigned long *)(v80 + 24)) = v78;
                v46 = 0;
                v47 = 0;
                if (v46 == g_44c1f0[5 * v71])
                {
                    v44 = 0;
                    v45 = 0;
                    v81 = g_44c1f8[5 * v71] - v45 <= 0;
                }
                else
                {
                    v42 = 0;
                    v43 = 0;
                    v81 = g_44c1f0[5 * v71] - v42 <= 0;
                }
                if (v81)
                {
                    g_44c1f0[5 * v71] = 0;
                    g_44c1f8[5 * v71] = 0;
                    g_44c1eb[40 * v71] = 1;
                }
            }
            v40 = 0;
            v41 = 0;
            if (v40 == g_44c200[5 * v71])
            {
                v38 = 0;
                v39 = 0;
                v82 = g_44c208[5 * v71] - v39 > 0;
            }
            else
            {
                v36 = 0;
                v37 = 0;
                v82 = g_44c200[5 * v71] - v36 > 0;
            }
            if (v82)
            {
                v83 = &g_44c1f0[5 * v71];
                *((unsigned long long *)(v83 + 16)) = ::0x41d3b9::__time_sub(g_44c200[5 * v71], g_44c208[5 * v71], v72, v78);
                *((unsigned long *)(v83 + 24)) = v78;
                v34 = 0;
                v35 = 0;
                if (v34 == g_44c200[5 * v71])
                {
                    v32 = 0;
                    v33 = 0;
                    v84 = g_44c208[5 * v71] - v33 <= 0;
                }
                else
                {
                    v30 = 0;
                    v31 = 0;
                    v84 = g_44c200[5 * v71] - v30 <= 0;
                }
                if (v84)
                {
                    g_44c200[5 * v71] = 0;
                    g_44c208[5 * v71] = 0;
                    g_44c1ec[40 * v71] = 1;
                }
            }
        }
        if (g_44c120)
        {
            if (!(g_44c41b & 2))
                g_44c41a = g_44be84;
            if (__DEBUG && !(g_44c431 & 2))
                g_44c430 = g_44c41a;
        }
        else
        {
            if (__DEBUG && !(g_44c431 & 2))
                g_44c430 = g_44be84;
            if (!(g_44c41b & 2))
                g_44c41a = 0;
        }
        if (g_44c140)
        {
            if (!(g_44c41d & 2))
                g_44c41c = g_44bf8c;
            if (__DEBUG && !(g_44c433 & 2))
                g_44c432 = g_44c41c;
        }
        else
        {
            if (__DEBUG && !(g_44c433 & 2))
                g_44c432 = g_44bf8c;
            if (!(g_44c41d & 2))
                g_44c41c = 0;
        }
        if (g_44c160)
        {
            if (!(g_44c41f & 2))
                g_44c41e = g_44bf8e;
            if (__DEBUG && !(g_44c435 & 2))
                g_44c434 = g_44c41e;
        }
        else
        {
            if (__DEBUG && !(g_44c435 & 2))
                g_44c434 = g_44bf8e;
            if (!(g_44c41f & 2))
                g_44c41e = 0;
        }
        if (g_44c180)
        {
            if (!(g_44c421 & 2))
                g_44c420 = g_44c090;
            if (__DEBUG && !(g_44c437 & 2))
                g_44c436 = g_44c420;
        }
        else
        {
            if (__DEBUG && !(g_44c437 & 2))
                g_44c436 = g_44c090;
            if (!(g_44c421 & 2))
                g_44c420 = 0;
        }
        if (g_44c1a0)
        {
            if (!(g_44c423 & 2))
                g_44c422 = g_44bf88;
            if (__DEBUG && !(g_44c439 & 2))
                g_44c438 = g_44c422;
        }
        else
        {
            if (__DEBUG && !(g_44c439 & 2))
                g_44c438 = g_44bf88;
            if (!(g_44c423 & 2))
                g_44c422 = 0;
        }
        if (g_44c1c0)
        {
            if (!(g_44c425 & 2))
                g_44c424 = !g_44be84;
            if (__DEBUG && !(g_44c43b & 2))
                g_44c43a = g_44c424;
        }
        else
        {
            if (__DEBUG && !(g_44c43b & 2))
                g_44c43a = !g_44be84;
            if (!(g_44c425 & 2))
                g_44c424 = 0;
        }
        if (g_44c1c0)
        {
            if (!(g_44c427 & 2))
                g_44c426 = g_44c11a;
            if (__DEBUG && !(g_44c43d & 2))
                g_44c43c = g_44c426;
        }
        else
        {
            if (__DEBUG && !(g_44c43d & 2))
                g_44c43c = g_44c11a;
            if (!(g_44c427 & 2))
                g_44c426 = 0;
        }
        if (g_44c1a0)
        {
            if (!(g_44c429 & 2))
                g_44c428 = !g_44be84;
            if (__DEBUG && !(g_44c43f & 2))
                g_44c43e = g_44c428;
        }
        else
        {
            if (__DEBUG && !(g_44c43f & 2))
                g_44c43e = !g_44be84;
            if (!(g_44c429 & 2))
                g_44c428 = 0;
        }
        if (g_44c180)
        {
            if (!(g_44c42b & 2))
                g_44c42a = !g_44be84;
            if (__DEBUG && !(g_44c441 & 2))
                g_44c440 = g_44c42a;
        }
        else
        {
            if (__DEBUG && !(g_44c441 & 2))
                g_44c440 = !g_44be84;
            if (!(g_44c42b & 2))
                g_44c42a = 0;
        }
        if (g_44c160)
        {
            if (!(g_44c42d & 2))
                g_44c42c = g_44c118;
            if (__DEBUG && !(g_44c443 & 2))
                g_44c442 = g_44c42c;
        }
        else
        {
            if (__DEBUG && !(g_44c443 & 2))
                g_44c442 = g_44c118;
            if (!(g_44c42d & 2))
                g_44c42c = 0;
        }
        if (g_44c140)
        {
            if (!(g_44c42f & 2))
                g_44c42e = g_44c118;
            if (__DEBUG && !(g_44c445 & 2))
                g_44c444 = g_44c42e;
        }
        else
        {
            if (__DEBUG && !(g_44c445 & 2))
                g_44c444 = g_44c118;
            if (!(g_44c42f & 2))
                g_44c42e = 0;
        }
        if (g_44c41a && !(g_44c121 & 2))
            g_44c120 = 0;
        if (g_44c41c && !(g_44c141 & 2))
            g_44c140 = 0;
        if (g_44c41e && !(g_44c161 & 2))
            g_44c160 = 0;
        if (g_44c420 && !(g_44c181 & 2))
            g_44c180 = 0;
        if (g_44c422 && !(g_44c1a1 & 2))
            g_44c1a0 = 0;
        if (g_44c424 && !(g_44c1c1 & 2))
            g_44c1c0 = 0;
        if (g_44c426 && !(g_44c1c1 & 2))
            g_44c1c0 = 0;
        if (g_44c428 && !(g_44c1a1 & 2))
            g_44c1a0 = 0;
        if (g_44c42a && !(g_44c181 & 2))
            g_44c180 = 0;
        if (g_44c42c && !(g_44c161 & 2))
            g_44c160 = 0;
        if (g_44c42e && !(g_44c141 & 2))
            g_44c140 = 0;
        if (g_44c41a)
        {
            if (!(g_44c141 & 2))
                g_44c140 = 1;
            g_44c148 = 0;
            g_44c150 = 0;
        }
        if (g_44c41c)
        {
            if (!(g_44c161 & 2))
                g_44c160 = 1;
            g_44c168 = 0;
            g_44c170 = 0;
        }
        if (g_44c41e)
        {
            if (!(g_44c181 & 2))
                g_44c180 = 1;
            g_44c188 = 0;
            g_44c190 = 0;
        }
        if (g_44c420)
        {
            if (!(g_44c1a1 & 2))
                g_44c1a0 = 1;
            g_44c1a8 = 0;
            g_44c1b0 = 0;
        }
        if (g_44c422)
        {
            if (!(g_44c1c1 & 2))
                g_44c1c0 = 1;
            g_44c1c8 = 0;
            g_44c1d0 = 0;
        }
        if (g_44c424)
        {
            if (!(g_44c121 & 2))
                g_44c120 = 1;
            g_44c128 = 0;
            g_44c130 = 0;
        }
        if (g_44c426)
        {
            if (!(g_44c141 & 2))
                g_44c140 = 1;
            g_44c148 = 0;
            g_44c150 = 0;
        }
        if (g_44c428)
        {
            if (!(g_44c121 & 2))
                g_44c120 = 1;
            g_44c128 = 0;
            g_44c130 = 0;
        }
        if (g_44c42a)
        {
            if (!(g_44c121 & 2))
                g_44c120 = 1;
            g_44c128 = 0;
            g_44c130 = 0;
        }
        if (g_44c42c)
        {
            if (!(g_44c121 & 2))
                g_44c120 = 1;
            g_44c128 = 0;
            g_44c130 = 0;
        }
        if (g_44c42e)
        {
            if (!(g_44c121 & 2))
                g_44c120 = 1;
            g_44c128 = 0;
            g_44c130 = 0;
        }
        v53 = g_44c120;
        if (v53 && !g_44c122)
            v85 = 1;
        else
            v85 = 0;
        v54 = v85;
        if (!v53 && g_44c122)
            v86 = 1;
        else
            v86 = 0;
        v55 = v86;
        if (v54)
        {
            if (!((char)g_44c1ea & 2))
                g_44c1e9[0] = 1;
        }
        else
        {
            if (!((char)g_44c1ea & 2))
                g_44c1e9[0] = 0;
        }
        if (v53 && !(g_44c212 & 2))
            g_44c211 = 1;
        if (v55 && !(g_44c212 & 2))
            g_44c211 = 0;
        if (v53 && !(g_44c23a & 2))
            g_44c239 = 1;
        if (v55 && !(g_44c23a & 2))
            g_44c239 = 0;
        if (v53)
            g_44c28c = 1;
        if (v53)
            g_44c2b4 = 1;
        if (v53)
            g_44c2dc = 1;
        if (v53)
            g_44c304 = 1;
        if (v53)
            g_44c263 = 1;
        v56 = g_44c140;
        if (v56 && !g_44c142)
            v87 = 1;
        else
            v87 = 0;
        v57 = v87;
        if (!v56 && g_44c142)
            v88 = 1;
        else
            v88 = 0;
        v58 = v88;
        if (v56)
            g_44c304 = 1;
        if (v56)
            g_44c32b = 1;
        if (v56)
            g_44c28b = 1;
        if (v56)
        {
            v28 = 2;
            v29 = 0;
            if (v28 == g_44c148)
            {
                v26 = 2;
                v27 = 0;
                if (g_44c150 - v27 >= 0)
                    goto LABEL_42e15c;
            }
            else
            {
                v24 = 2;
                v25 = 0;
                if (g_44c148 - v24 >= 0)
                {
LABEL_42e15c:
                    if (!(g_44bf8d & 2))
                    {
                        g_44bf8c = 1;
                        goto LABEL_42e1a4;
                    }
                }
            }
        }
        if (v58 && !(g_44bf8d & 2))
            g_44bf8c = 0;
LABEL_42e1a4:
        v59 = g_44c160;
        if (v59 && !g_44c162)
            v89 = 1;
        else
            v89 = 0;
        v60 = v89;
        if (!v59 && g_44c162)
            v90 = 1;
        else
            v90 = 0;
        v61 = v90;
        if (v59)
            g_44c32c = 1;
        if (v59)
            g_44c2db = 1;
        if (v59)
        {
            v22 = 10;
            v23 = 0;
            if (v22 == g_44c168)
            {
                v20 = 10;
                v21 = 0;
                if (g_44c170 - v21 >= 0)
                    goto LABEL_42e2bb;
            }
            else
            {
                v18 = 10;
                v19 = 0;
                if (g_44c168 - v18 >= 0)
                {
LABEL_42e2bb:
                    if (!(g_44bf8f & 2))
                    {
                        g_44bf8e = 1;
                        goto LABEL_42e303;
                    }
                }
            }
        }
        if (v61 && !(g_44bf8f & 2))
            g_44bf8e = 0;
LABEL_42e303:
        v62 = g_44c180;
        if (v62 && !g_44c182)
            v91 = 1;
        else
            v91 = 0;
        v63 = v91;
        if (!v62 && g_44c182)
            v92 = 1;
        else
            v92 = 0;
        v64 = v92;
        if (v62)
            g_44c2b3 = 1;
        if (v62)
            g_44c28c = 1;
        if (v62)
        {
            v16 = 0;
            v17 = 0;
            if (v16 == g_44c188)
            {
                v14 = 0;
                v15 = 0;
                if (g_44c190 - v15 >= 0)
                    goto LABEL_42e41a;
            }
            else
            {
                v12 = 0;
                v13 = 0;
                if (g_44c188 - v12 >= 0)
                {
LABEL_42e41a:
                    if (!(g_44bf91 & 2))
                    {
                        g_44bf90 = 1;
                        goto LABEL_42e462;
                    }
                }
            }
        }
        if (v64 && !(g_44bf91 & 2))
            g_44bf90 = 0;
LABEL_42e462:
        v65 = g_44c1a0;
        if (v65 && !g_44c1a2)
            v93 = 1;
        else
            v93 = 0;
        v66 = v93;
        if (!v65 && g_44c1a2)
            v94 = 1;
        else
            v94 = 0;
        v67 = v94;
        if (v65)
            g_44c28b = 1;
        if (v65)
            g_44c2b4 = 1;
        if (v65)
        {
            v10 = 2;
            v11 = 0;
            if (v10 == g_44c1a8)
            {
                v8 = 2;
                v9 = 0;
                if (g_44c1b0 - v9 >= 0)
                    goto LABEL_42e573;
            }
            else
            {
                v6 = 2;
                v7 = 0;
                if (g_44c1a8 - v6 >= 0)
                {
LABEL_42e573:
                    if (!(g_44bf89 & 2))
                    {
                        g_44bf88 = 1;
                        goto LABEL_42e5bb;
                    }
                }
            }
        }
        if (v67 && !(g_44bf89 & 2))
            g_44bf88 = 0;
LABEL_42e5bb:
        v68 = g_44c1c0;
        if (v68 && !g_44c1c2)
            v95 = 1;
        else
            v95 = 0;
        v69 = v95;
        if (!v68 && g_44c1c2)
            v96 = 1;
        else
            v96 = 0;
        v70 = v96;
        if (v68)
            g_44c303 = 1;
        if (v68)
            g_44c2dc = 1;
        if (v68)
        {
            v4 = 20;
            v5 = 0;
            if (v4 == g_44c1c8)
            {
                v2 = 20;
                v3 = 0;
                if (g_44c1d0 - v3 >= 0)
                    goto LABEL_42e6cc;
            }
            else
            {
                v0 = 20;
                v1 = 0;
                if (g_44c1c8 - v0 >= 0)
                {
LABEL_42e6cc:
                    if (!(g_44bf8b & 2))
                    {
                        g_44bf8a = 1;
                        goto LABEL_42e714;
                    }
                }
            }
        }
        if (v70 && !(g_44bf8b & 2))
            g_44bf8a = 0;
LABEL_42e714:
        for (v71 = 0; v71 < g_44c418; v71 += 1)
        {
            if (g_44c1eb[40 * v71])
            {
                g_44c1f0[5 * v71] = 0;
                g_44c1f8[5 * v71] = 0;
                g_44c1e8[40 * v71] = 1;
            }
            if (g_44c1ec[40 * v71])
            {
                g_44c200[5 * v71] = 0;
                g_44c208[5 * v71] = 0;
                g_44c1e8[40 * v71] = 0;
            }
            if (!(g_44c1ea[40 * v71] & 2))
                g_44c1e9[40 * v71] = g_44c1e9[40 * v71] | g_44c1e8[40 * v71];
        }
        if (g_44c28c)
        {
            if (!(g_44be8f & 2))
                g_44be8e = 0;
        }
        else
        {
            if (g_44c28b && !(g_44be8f & 2))
                g_44be8e = 1;
        }
        if (g_44c2b4)
        {
            if (!((char)g_44be90 & 2))
                *((char *)&g_44be90) = 0;
        }
        else
        {
            if (g_44c2b3 && !((char)g_44be90 & 2))
                *((char *)&g_44be90) = 1;
        }
        if (g_44c2dc)
        {
            if (!((char)g_44be88 & 2))
                *((char *)&g_44be88) = 0;
        }
        else
        {
            if (g_44c2db && !((char)g_44be88 & 2))
                *((char *)&g_44be88) = 1;
        }
        if (g_44c304)
        {
            if (!(g_44be8d & 2))
                g_44be8c = 0;
        }
        else
        {
            if (g_44c303 && !(g_44be8d & 2))
                g_44be8c = 1;
        }
        if (g_44c32c)
        {
            if (!((char)g_44be8a & 2))
                *((char *)&g_44be8a) = 0;
        }
        else
        {
            if (g_44c32b && !((char)g_44be8a & 2))
                *((char *)&g_44be8a) = 1;
        }
        if (g_44c354)
        {
            if (!(g_44bf8d & 2))
                g_44bf8c = 0;
        }
        else
        {
            if (g_44c353 && !(g_44bf8d & 2))
                g_44bf8c = 1;
        }
        if (g_44c37c)
        {
            if (!(g_44bf8f & 2))
                g_44bf8e = 0;
        }
        else
        {
            if (g_44c37b && !(g_44bf8f & 2))
                g_44bf8e = 1;
        }
        if (g_44c3a4)
        {
            if (!(g_44bf91 & 2))
                g_44bf90 = 0;
        }
        else
        {
            if (g_44c3a3 && !(g_44bf91 & 2))
                g_44bf90 = 1;
        }
        if (g_44c3cc)
        {
            if (!(g_44bf89 & 2))
                g_44bf88 = 0;
        }
        else
        {
            if (g_44c3cb && !(g_44bf89 & 2))
                g_44bf88 = 1;
        }
        if (g_44c3f4)
        {
            if (!(g_44bf8b & 2))
                g_44bf8a = 0;
        }
        else
        {
            if (g_44c3f3 && !(g_44bf8b & 2))
                g_44bf8a = 1;
        }
        if ((char)g_44c1e9 && !((char)g_44be8a & 2))
            *((char *)&g_44be8a) = 1;
        if (g_44c211)
        {
            if (!(g_44c0ea & 2))
                g_44c0e8 = REAL_TO_INT(1, 0);
            if (!(g_44c100 & 2))
            {
                g_44c0f0 = MULTIME__TIME__TIME__INT(1, 0, g_44c040, g_44c048, g_44c0e8);
                g_44c0f8 = v78;
            }
            if (!(g_44c068 & 2))
            {
                g_44c058 = g_44c0f0;
                g_44c060 = g_44c0f8;
            }
            if (!(g_44c10c & 2))
            {
                MUL__REAL__REAL(1, 0, 2);
                g_44c108 = 0x3f800000;
            }
            if (!(g_44c114 & 2))
            {
                ADD__REAL__REAL(1, 0, 2);
                g_44c110 = 0x3f800000;
            }
            if (!(g_44c03c & 2))
                g_44c038 = g_44c110;
        }
        if (g_44c239)
        {
            if (!(g_44be9d & 2))
                g_44be9c = !(char)g_44be8a;
            if (!(g_44beb0 & 2))
            {
                g_44bea0 = 0;
                g_44bea8 = 0x1dcd6500;
            }
            ::0x422b67::TON_body__(&g_44be98);
            if (!(g_44c01f & 2))
                g_44c01e = g_44beb8;
            ::0x41eed9::R_TRIG_body__(&g_44c01a);
            if (g_44c020 && !((char)g_44be8a & 2))
                *((char *)&g_44be8a) = 1;
            if (!(g_44bf15 & 2))
                g_44bf14 = g_44be8a;
            if (!(g_44bf28 & 2))
            {
                g_44bf18 = 0;
                g_44bf20 = 0x1dcd6500;
            }
            ::0x422b67::TON_body__(&g_44bf10);
            if (!(g_44c015 & 2))
                g_44c014 = g_44bf30;
            ::0x41eed9::R_TRIG_body__(&g_44c010);
            if (g_44c016 && !((char)g_44be8a & 2))
                *((char *)&g_44be8a) = 0;
        }
        if (!g_44c261)
            return;
        if (!(g_44c075 & 2))
            g_44c074 = g_44bf90;
        if (!(g_44c088 & 2))
        {
            g_44c078 = g_44c058;
            g_44c080 = g_44c060;
        }
        ::0x422b67::TON_body__(&g_44c070);
        if (!(g_44c119 & 2))
            g_44c118 = !g_44be84;
        if (!(g_44c029 & 2))
            g_44c028 = g_44be86;
        if (!(g_44c02b & 2))
            g_44c02a = g_44bfb8;
        ::0x41f245::SR_body__(&g_44c024);
        if (!(g_44bf9d & 2))
            g_44bf9c = g_44c02c;
        if (!(g_44bfb0 & 2))
        {
            g_44bfa0 = 2;
            g_44bfa8 = 0;
        }
        ::0x422b67::TON_body__(&g_44bf98);
        if (!(g_44c11b & 2))
            g_44c11a = OR__BOOL__BOOL(1, 0, 2, g_44bfb8, g_44bf8a);
        return;
    }
}

[CmpEQ(Load(addr=0x44be80<64>, size=1, endness=Iend_LE), 0x0<8>), CmpEQ((Load(addr=0x44be83<64>, size=1, endness=Iend_LE) & 0x2<8>), 0x0<8>), CmpEQ((Load(addr=0x44be83<64>, size=1, endness=Iend_LE) & 0x2<8>), 0x0<8>), CmpEQ(Load(addr=0x4382e0<64>, size=1, endness=Iend_LE), 0x0<8>), CmpLT (signed)(Conv(16I->32I, vvar_4184{s-74|2b}), Conv(16I->32I, Load(addr=0x44c446<64>, size=2, endness=Iend_LE))), CmpLT (signed)(Conv(16I->32I, vvar_4183{s-74|2b}), Conv(16I->32I, Load(addr=0x44c1e0<64>, size=2, endness=Iend_LE))), CmpEQ(Load(addr=((Conv(16I->64I, (vvar_4183{s-74|2b} + 0x15<16>)) * 0x20<64>) + 0x44be80<64>), size=1, endness=Iend_LE), 0x0<8>), CmpLT (signed)(Conv(16I->32I, vvar_4186{s-74|2b}), Conv(16I->32I, Load(addr=0x44c418<64>, size=2, endness=Iend_LE))), CmpEQ((Load(addr=((Conv(16I->64I, vvar_4186{s-74|2b}) * 0x28<64>) + 0x44c1ea<64>), size=1, endness=Iend_LE) & 0x2<8>), 0x0<8>), CmpEQ(0x0<64>, Load(addr=((Conv(16I->64I, vvar_4186{s-74|2b}) * 0x28<64>) + 0x44c1f0<64>), size=8, endness=Iend_LE)), CmpEQ(vvar_99{r16|1b}, 0x0<8>), CmpEQ(vvar_4267{s-168|8b}, Load(addr=((Conv(16I->64I, vvar_4186{s-74|2b}) * 0x28<64>) + 0x44c1f0<64>), size=8, endness=Iend_LE)), CmpEQ(vvar_154{r16|1b}, 0x0<8>), CmpEQ(vvar_4273{s-216|8b}, Load(addr=((Conv(16I->64I, vvar_4186{s-74|2b}) * 0x28<64>) + 0x44c200<64>), size=8, endness=Iend_LE)), CmpEQ(vvar_130{r16|1b}, 0x0<8>), CmpEQ(vvar_4280{s-264|8b}, Load(addr=((Conv(16I->64I, vvar_4186{s-74|2b}) * 0x28<64>) + 0x44c200<64>), size=8, endness=Iend_LE)), CmpEQ(vvar_173{r16|1b}, 0x0<8>), CmpEQ(Load(addr=0x44c120<64>, size=1, endness=Iend_LE), 0x0<8>), CmpEQ((Load(addr=0x44c41b<64>, size=1, endness=Iend_LE) & 0x2<8>), 0x0<8>), CmpEQ(Load(addr=0x4382e0<64>, size=1, endness=Iend_LE), 0x0<8>), CmpEQ((Load(addr=0x44c431<64>, size=1, endness=Iend_LE) & 0x2<8>), 0x0<8>), CmpEQ(Load(addr=0x4382e0<64>, size=1, endness=Iend_LE), 0x0<8>), CmpEQ((Load(addr=0x44c431<64>, size=1, endness=Iend_LE) & 0x2<8>), 0x0<8>), CmpEQ((Load(addr=0x44c41b<64>, size=1, endness=Iend_LE) & 0x2<8>), 0x0<8>), CmpEQ(Load(addr=0x44c140<64>, size=1, endness=Iend_LE), 0x0<8>), CmpEQ((Load(addr=0x44c41d<64>, size=1, endness=Iend_LE) & 0x2<8>), 0x0<8>), CmpEQ(Load(addr=0x4382e0<64>, size=1, endness=Iend_LE), 0x0<8>), CmpEQ((Load(addr=0x44c433<64>, size=1, endness=Iend_LE) & 0x2<8>), 0x0<8>), CmpEQ(Load(addr=0x4382e0<64>, size=1, endness=Iend_LE), 0x0<8>), CmpEQ((Load(addr=0x44c433<64>, size=1, endness=Iend_LE) & 0x2<8>), 0x0<8>), CmpEQ((Load(addr=0x44c41d<64>, size=1, endness=Iend_LE) & 0x2<8>), 0x0<8>), CmpEQ(Load(addr=0x44c160<64>, size=1, endness=Iend_LE), 0x0<8>), CmpEQ((Load(addr=0x44c41f<64>, size=1, endness=Iend_LE) & 0x2<8>), 0x0<8>), CmpEQ(Load(addr=0x4382e0<64>, size=1, endness=Iend_LE), 0x0<8>), CmpEQ((Load(addr=0x44c435<64>, size=1, endness=Iend_LE) & 0x2<8>), 0x0<8>), CmpEQ(Load(addr=0x4382e0<64>, size=1, endness=Iend_LE), 0x0<8>), CmpEQ((Load(addr=0x44c435<64>, size=1, endness=Iend_LE) & 0x2<8>), 0x0<8>), CmpEQ((Load(addr=0x44c41f<64>, size=1, endness=Iend_LE) & 0x2<8>), 0x0<8>), CmpEQ(Load(addr=0x44c180<64>, size=1, endness=Iend_LE), 0x0<8>), CmpEQ((Load(addr=0x44c421<64>, size=1, endness=Iend_LE) & 0x2<8>), 0x0<8>), CmpEQ(Load(addr=0x4382e0<64>, size=1, endness=Iend_LE), 0x0<8>), CmpEQ((Load(addr=0x44c437<64>, size=1, endness=Iend_LE) & 0x2<8>), 0x0<8>), CmpEQ(Load(addr=0x4382e0<64>, size=1, endness=Iend_LE), 0x0<8>), CmpEQ((Load(addr=0x44c437<64>, size=1, endness=Iend_LE) & 0x2<8>), 0x0<8>), CmpEQ((Load(addr=0x44c421<64>, size=1, endness=Iend_LE) & 0x2<8>), 0x0<8>), CmpEQ(Load(addr=0x44c1a0<64>, size=1, endness=Iend_LE), 0x0<8>), CmpEQ((Load(addr=0x44c423<64>, size=1, endness=Iend_LE) & 0x2<8>), 0x0<8>), CmpEQ(Load(addr=0x4382e0<64>, size=1, endness=Iend_LE), 0x0<8>), CmpEQ((Load(addr=0x44c439<64>, size=1, endness=Iend_LE) & 0x2<8>), 0x0<8>), CmpEQ(Load(addr=0x4382e0<64>, size=1, endness=Iend_LE), 0x0<8>), CmpEQ((Load(addr=0x44c439<64>, size=1, endness=Iend_LE) & 0x2<8>), 0x0<8>), CmpEQ((Load(addr=0x44c423<64>, size=1, endness=Iend_LE) & 0x2<8>), 0x0<8>), CmpEQ(Load(addr=0x44c1c0<64>, size=1, endness=Iend_LE), 0x0<8>), CmpEQ((Load(addr=0x44c425<64>, size=1, endness=Iend_LE) & 0x2<8>), 0x0<8>), CmpEQ(Load(addr=0x4382e0<64>, size=1, endness=Iend_LE), 0x0<8>), CmpEQ((Load(addr=0x44c43b<64>, size=1, endness=Iend_LE) & 0x2<8>), 0x0<8>), CmpEQ(Load(addr=0x4382e0<64>, size=1, endness=Iend_LE), 0x0<8>), CmpEQ((Load(addr=0x44c43b<64>, size=1, endness=Iend_LE) & 0x2<8>), 0x0<8>), CmpEQ((Load(addr=0x44c425<64>, size=1, endness=Iend_LE) & 0x2<8>), 0x0<8>), CmpEQ(Load(addr=0x44c1c0<64>, size=1, endness=Iend_LE), 0x0<8>), CmpEQ((Load(addr=0x44c427<64>, size=1, endness=Iend_LE) & 0x2<8>), 0x0<8>), CmpEQ(Load(addr=0x4382e0<64>, size=1, endness=Iend_LE), 0x0<8>), CmpEQ((Load(addr=0x44c43d<64>, size=1, endness=Iend_LE) & 0x2<8>), 0x0<8>), CmpEQ(Load(addr=0x4382e0<64>, size=1, endness=Iend_LE), 0x0<8>), CmpEQ((Load(addr=0x44c43d<64>, size=1, endness=Iend_LE) & 0x2<8>), 0x0<8>), CmpEQ((Load(addr=0x44c427<64>, size=1, endness=Iend_LE) & 0x2<8>), 0x0<8>), CmpEQ(Load(addr=0x44c1a0<64>, size=1, endness=Iend_LE), 0x0<8>), CmpEQ((Load(addr=0x44c429<64>, size=1, endness=Iend_LE) & 0x2<8>), 0x0<8>), CmpEQ(Load(addr=0x4382e0<64>, size=1, endness=Iend_LE), 0x0<8>), CmpEQ((Load(addr=0x44c43f<64>, size=1, endness=Iend_LE) & 0x2<8>), 0x0<8>), CmpEQ(Load(addr=0x4382e0<64>, size=1, endness=Iend_LE), 0x0<8>), CmpEQ((Load(addr=0x44c43f<64>, size=1, endness=Iend_LE) & 0x2<8>), 0x0<8>), CmpEQ((Load(addr=0x44c429<64>, size=1, endness=Iend_LE) & 0x2<8>), 0x0<8>), CmpEQ(Load(addr=0x44c180<64>, size=1, endness=Iend_LE), 0x0<8>), CmpEQ((Load(addr=0x44c42b<64>, size=1, endness=Iend_LE) & 0x2<8>), 0x0<8>), CmpEQ(Load(addr=0x4382e0<64>, size=1, endness=Iend_LE), 0x0<8>), CmpEQ((Load(addr=0x44c441<64>, size=1, endness=Iend_LE) & 0x2<8>), 0x0<8>), CmpEQ(Load(addr=0x4382e0<64>, size=1, endness=Iend_LE), 0x0<8>), CmpEQ((Load(addr=0x44c441<64>, size=1, endness=Iend_LE) & 0x2<8>), 0x0<8>), CmpEQ((Load(addr=0x44c42b<64>, size=1, endness=Iend_LE) & 0x2<8>), 0x0<8>), CmpEQ(Load(addr=0x44c160<64>, size=1, endness=Iend_LE), 0x0<8>), CmpEQ((Load(addr=0x44c42d<64>, size=1, endness=Iend_LE) & 0x2<8>), 0x0<8>), CmpEQ(Load(addr=0x4382e0<64>, size=1, endness=Iend_LE), 0x0<8>), CmpEQ((Load(addr=0x44c443<64>, size=1, endness=Iend_LE) & 0x2<8>), 0x0<8>), CmpEQ(Load(addr=0x4382e0<64>, size=1, endness=Iend_LE), 0x0<8>), CmpEQ((Load(addr=0x44c443<64>, size=1, endness=Iend_LE) & 0x2<8>), 0x0<8>), CmpEQ((Load(addr=0x44c42d<64>, size=1, endness=Iend_LE) & 0x2<8>), 0x0<8>), CmpEQ(Load(addr=0x44c140<64>, size=1, endness=Iend_LE), 0x0<8>), CmpEQ((Load(addr=0x44c42f<64>, size=1, endness=Iend_LE) & 0x2<8>), 0x0<8>), CmpEQ(Load(addr=0x4382e0<64>, size=1, endness=Iend_LE), 0x0<8>), CmpEQ((Load(addr=0x44c445<64>, size=1, endness=Iend_LE) & 0x2<8>), 0x0<8>), CmpEQ(Load(addr=0x4382e0<64>, size=1, endness=Iend_LE), 0x0<8>), CmpEQ((Load(addr=0x44c445<64>, size=1, endness=Iend_LE) & 0x2<8>), 0x0<8>), CmpEQ((Load(addr=0x44c42f<64>, size=1, endness=Iend_LE) & 0x2<8>), 0x0<8>), CmpEQ(Load(addr=0x44c41a<64>, size=1, endness=Iend_LE), 0x0<8>), CmpEQ((Load(addr=0x44c121<64>, size=1, endness=Iend_LE) & 0x2<8>), 0x0<8>), CmpEQ(Load(addr=0x44c41c<64>, size=1, endness=Iend_LE), 0x0<8>), CmpEQ((Load(addr=0x44c141<64>, size=1, endness=Iend_LE) & 0x2<8>), 0x0<8>), CmpEQ(Load(addr=0x44c41e<64>, size=1, endness=Iend_LE), 0x0<8>), CmpEQ((Load(addr=0x44c161<64>, size=1, endness=Iend_LE) & 0x2<8>), 0x0<8>), CmpEQ(Load(addr=0x44c420<64>, size=1, endness=Iend_LE), 0x0<8>), CmpEQ((Load(addr=0x44c181<64>, size=1, endness=Iend_LE) & 0x2<8>), 0x0<8>), CmpEQ(Load(addr=0x44c422<64>, size=1, endness=Iend_LE), 0x0<8>), CmpEQ((Load(addr=0x44c1a1<64>, size=1, endness=Iend_LE) & 0x2<8>), 0x0<8>), CmpEQ(Load(addr=0x44c424<64>, size=1, endness=Iend_LE), 0x0<8>), CmpEQ((Load(addr=0x44c1c1<64>, size=1, endness=Iend_LE) & 0x2<8>), 0x0<8>), CmpEQ(Load(addr=0x44c426<64>, size=1, endness=Iend_LE), 0x0<8>), CmpEQ((Load(addr=0x44c1c1<64>, size=1, endness=Iend_LE) & 0x2<8>), 0x0<8>), CmpEQ(Load(addr=0x44c428<64>, size=1, endness=Iend_LE), 0x0<8>), CmpEQ((Load(addr=0x44c1a1<64>, size=1, endness=Iend_LE) & 0x2<8>), 0x0<8>), CmpEQ(Load(addr=0x44c42a<64>, size=1, endness=Iend_LE), 0x0<8>), CmpEQ((Load(addr=0x44c181<64>, size=1, endness=Iend_LE) & 0x2<8>), 0x0<8>), CmpEQ(Load(addr=0x44c42c<64>, size=1, endness=Iend_LE), 0x0<8>), CmpEQ((Load(addr=0x44c161<64>, size=1, endness=Iend_LE) & 0x2<8>), 0x0<8>), CmpEQ(Load(addr=0x44c42e<64>, size=1, endness=Iend_LE), 0x0<8>), CmpEQ((Load(addr=0x44c141<64>, size=1, endness=Iend_LE) & 0x2<8>), 0x0<8>), CmpEQ(Load(addr=0x44c41a<64>, size=1, endness=Iend_LE), 0x0<8>), CmpEQ((Load(addr=0x44c141<64>, size=1, endness=Iend_LE) & 0x2<8>), 0x0<8>), CmpEQ(Load(addr=0x44c41c<64>, size=1, endness=Iend_LE), 0x0<8>), CmpEQ((Load(addr=0x44c161<64>, size=1, endness=Iend_LE) & 0x2<8>), 0x0<8>), CmpEQ(Load(addr=0x44c41e<64>, size=1, endness=Iend_LE), 0x0<8>), CmpEQ((Load(addr=0x44c181<64>, size=1, endness=Iend_LE) & 0x2<8>), 0x0<8>), CmpEQ(Load(addr=0x44c420<64>, size=1, endness=Iend_LE), 0x0<8>), CmpEQ((Load(addr=0x44c1a1<64>, size=1, endness=Iend_LE) & 0x2<8>), 0x0<8>), CmpEQ(Load(addr=0x44c422<64>, size=1, endness=Iend_LE), 0x0<8>), CmpEQ((Load(addr=0x44c1c1<64>, size=1, endness=Iend_LE) & 0x2<8>), 0x0<8>), CmpEQ(Load(addr=0x44c424<64>, size=1, endness=Iend_LE), 0x0<8>), CmpEQ((Load(addr=0x44c121<64>, size=1, endness=Iend_LE) & 0x2<8>), 0x0<8>), CmpEQ(Load(addr=0x44c426<64>, size=1, endness=Iend_LE), 0x0<8>), CmpEQ((Load(addr=0x44c141<64>, size=1, endness=Iend_LE) & 0x2<8>), 0x0<8>), CmpEQ(Load(addr=0x44c428<64>, size=1, endness=Iend_LE), 0x0<8>), CmpEQ((Load(addr=0x44c121<64>, size=1, endness=Iend_LE) & 0x2<8>), 0x0<8>), CmpEQ(Load(addr=0x44c42a<64>, size=1, endness=Iend_LE), 0x0<8>), CmpEQ((Load(addr=0x44c121<64>, size=1, endness=Iend_LE) & 0x2<8>), 0x0<8>), CmpEQ(Load(addr=0x44c42c<64>, size=1, endness=Iend_LE), 0x0<8>), CmpEQ((Load(addr=0x44c121<64>, size=1, endness=Iend_LE) & 0x2<8>), 0x0<8>), CmpEQ(Load(addr=0x44c42e<64>, size=1, endness=Iend_LE), 0x0<8>), CmpEQ((Load(addr=0x44c121<64>, size=1, endness=Iend_LE) & 0x2<8>), 0x0<8>), CmpEQ(vvar_4287{s-92|1b}, 0x0<8>), CmpEQ(Load(addr=0x44c122<64>, size=1, endness=Iend_LE), 0x0<8>), CmpEQ(vvar_4287{s-92|1b}, 0x0<8>), CmpEQ(Load(addr=0x44c122<64>, size=1, endness=Iend_LE), 0x0<8>), CmpEQ(vvar_4288{s-91|1b}, 0x0<8>), CmpEQ((Load(addr=0x44c1ea<64>, size=1, endness=Iend_LE) & 0x2<8>), 0x0<8>), CmpEQ((Load(addr=0x44c1ea<64>, size=1, endness=Iend_LE) & 0x2<8>), 0x0<8>), CmpEQ(vvar_4287{s-92|1b}, 0x0<8>), CmpEQ((Load(addr=0x44c212<64>, size=1, endness=Iend_LE) & 0x2<8>), 0x0<8>), CmpEQ(vvar_4289{s-90|1b}, 0x0<8>), CmpEQ((Load(addr=0x44c212<64>, size=1, endness=Iend_LE) & 0x2<8>), 0x0<8>), CmpEQ(vvar_4287{s-92|1b}, 0x0<8>), CmpEQ((Load(addr=0x44c23a<64>, size=1, endness=Iend_LE) & 0x2<8>), 0x0<8>), CmpEQ(vvar_4289{s-90|1b}, 0x0<8>), CmpEQ((Load(addr=0x44c23a<64>, size=1, endness=Iend_LE) & 0x2<8>), 0x0<8>), CmpEQ(vvar_4287{s-92|1b}, 0x0<8>), CmpEQ(vvar_4287{s-92|1b}, 0x0<8>), CmpEQ(vvar_4287{s-92|1b}, 0x0<8>), CmpEQ(vvar_4287{s-92|1b}, 0x0<8>), CmpEQ(vvar_4287{s-92|1b}, 0x0<8>), CmpEQ(vvar_4290{s-89|1b}, 0x0<8>), CmpEQ(Load(addr=0x44c142<64>, size=1, endness=Iend_LE), 0x0<8>), CmpEQ(vvar_4290{s-89|1b}, 0x0<8>), CmpEQ(Load(addr=0x44c142<64>, size=1, endness=Iend_LE), 0x0<8>), CmpEQ(vvar_4290{s-89|1b}, 0x0<8>), CmpEQ(vvar_4290{s-89|1b}, 0x0<8>), CmpEQ(vvar_4290{s-89|1b}, 0x0<8>), CmpEQ(vvar_4290{s-89|1b}, 0x0<8>), CmpEQ(vvar_4293{s-312|8b}, Load(addr=0x44c148<64>, size=8, endness=Iend_LE)), CmpLT (signed)((Load(addr=0x44c150<64>, size=8, endness=Iend_LE) - vvar_4296{s-320|8b}), 0x0<64>), CmpLT (signed)((Load(addr=0x44c148<64>, size=8, endness=Iend_LE) - vvar_4297{s-344|8b}), 0x0<64>), CmpEQ((Load(addr=0x44bf8d<64>, size=1, endness=Iend_LE) & 0x2<8>), 0x0<8>), CmpEQ(vvar_4292{s-87|1b}, 0x0<8>), CmpEQ((Load(addr=0x44bf8d<64>, size=1, endness=Iend_LE) & 0x2<8>), 0x0<8>), CmpEQ(vvar_4299{s-86|1b}, 0x0<8>), CmpEQ(Load(addr=0x44c162<64>, size=1, endness=Iend_LE), 0x0<8>), CmpEQ(vvar_4299{s-86|1b}, 0x0<8>), CmpEQ(Load(addr=0x44c162<64>, size=1, endness=Iend_LE), 0x0<8>), CmpEQ(vvar_4299{s-86|1b}, 0x0<8>), CmpEQ(vvar_4299{s-86|1b}, 0x0<8>), CmpEQ(vvar_4299{s-86|1b}, 0x0<8>), CmpEQ(vvar_4302{s-360|8b}, Load(addr=0x44c168<64>, size=8, endness=Iend_LE)), CmpLT (signed)((Load(addr=0x44c170<64>, size=8, endness=Iend_LE) - vvar_4305{s-368|8b}), 0x0<64>), CmpLT (signed)((Load(addr=0x44c168<64>, size=8, endness=Iend_LE) - vvar_4306{s-392|8b}), 0x0<64>), CmpEQ((Load(addr=0x44bf8f<64>, size=1, endness=Iend_LE) & 0x2<8>), 0x0<8>), CmpEQ(vvar_4301{s-84|1b}, 0x0<8>), CmpEQ((Load(addr=0x44bf8f<64>, size=1, endness=Iend_LE) & 0x2<8>), 0x0<8>), CmpEQ(vvar_4308{s-83|1b}, 0x0<8>), CmpEQ(Load(addr=0x44c182<64>, size=1, endness=Iend_LE), 0x0<8>), CmpEQ(vvar_4308{s-83|1b}, 0x0<8>), CmpEQ(Load(addr=0x44c182<64>, size=1, endness=Iend_LE), 0x0<8>), CmpEQ(vvar_4308{s-83|1b}, 0x0<8>), CmpEQ(vvar_4308{s-83|1b}, 0x0<8>), CmpEQ(vvar_4308{s-83|1b}, 0x0<8>), CmpEQ(vvar_4311{s-408|8b}, Load(addr=0x44c188<64>, size=8, endness=Iend_LE)), CmpLT (signed)((Load(addr=0x44c190<64>, size=8, endness=Iend_LE) - vvar_4314{s-416|8b}), 0x0<64>), CmpLT (signed)((Load(addr=0x44c188<64>, size=8, endness=Iend_LE) - vvar_4315{s-440|8b}), 0x0<64>), CmpEQ((Load(addr=0x44bf91<64>, size=1, endness=Iend_LE) & 0x2<8>), 0x0<8>), CmpEQ(vvar_4310{s-81|1b}, 0x0<8>), CmpEQ((Load(addr=0x44bf91<64>, size=1, endness=Iend_LE) & 0x2<8>), 0x0<8>), CmpEQ(vvar_4317{s-80|1b}, 0x0<8>), CmpEQ(Load(addr=0x44c1a2<64>, size=1, endness=Iend_LE), 0x0<8>), CmpEQ(vvar_4317{s-80|1b}, 0x0<8>), CmpEQ(Load(addr=0x44c1a2<64>, size=1, endness=Iend_LE), 0x0<8>), CmpEQ(vvar_4317{s-80|1b}, 0x0<8>), CmpEQ(vvar_4317{s-80|1b}, 0x0<8>), CmpEQ(vvar_4317{s-80|1b}, 0x0<8>), CmpEQ(vvar_4320{s-456|8b}, Load(addr=0x44c1a8<64>, size=8, endness=Iend_LE)), CmpLT (signed)((Load(addr=0x44c1b0<64>, size=8, endness=Iend_LE) - vvar_4323{s-464|8b}), 0x0<64>), CmpLT (signed)((Load(addr=0x44c1a8<64>, size=8, endness=Iend_LE) - vvar_4324{s-488|8b}), 0x0<64>), CmpEQ((Load(addr=0x44bf89<64>, size=1, endness=Iend_LE) & 0x2<8>), 0x0<8>), CmpEQ(vvar_4319{s-78|1b}, 0x0<8>), CmpEQ((Load(addr=0x44bf89<64>, size=1, endness=Iend_LE) & 0x2<8>), 0x0<8>), CmpEQ(vvar_4326{s-77|1b}, 0x0<8>), CmpEQ(Load(addr=0x44c1c2<64>, size=1, endness=Iend_LE), 0x0<8>), CmpEQ(vvar_4326{s-77|1b}, 0x0<8>), CmpEQ(Load(addr=0x44c1c2<64>, size=1, endness=Iend_LE), 0x0<8>), CmpEQ(vvar_4326{s-77|1b}, 0x0<8>), CmpEQ(vvar_4326{s-77|1b}, 0x0<8>), CmpEQ(vvar_4326{s-77|1b}, 0x0<8>), CmpEQ(vvar_4329{s-504|8b}, Load(addr=0x44c1c8<64>, size=8, endness=Iend_LE)), CmpLT (signed)((Load(addr=0x44c1d0<64>, size=8, endness=Iend_LE) - vvar_4332{s-512|8b}), 0x0<64>), CmpLT (signed)((Load(addr=0x44c1c8<64>, size=8, endness=Iend_LE) - vvar_4333{s-536|8b}), 0x0<64>), CmpEQ((Load(addr=0x44bf8b<64>, size=1, endness=Iend_LE) & 0x2<8>), 0x0<8>), CmpEQ(vvar_4328{s-75|1b}, 0x0<8>), CmpEQ((Load(addr=0x44bf8b<64>, size=1, endness=Iend_LE) & 0x2<8>), 0x0<8>), CmpLT (signed)(Conv(16I->32I, vvar_4181{s-74|2b}), Conv(16I->32I, Load(addr=0x44c418<64>, size=2, endness=Iend_LE))), CmpEQ(Load(addr=((Conv(16I->64I, vvar_4181{s-74|2b}) * 0x28<64>) + 0x44c1eb<64>), size=1, endness=Iend_LE), 0x0<8>), CmpEQ(Load(addr=((Conv(16I->64I, vvar_4181{s-74|2b}) * 0x28<64>) + 0x44c1ec<64>), size=1, endness=Iend_LE), 0x0<8>), CmpEQ((Load(addr=((Conv(16I->64I, vvar_4181{s-74|2b}) * 0x28<64>) + 0x44c1ea<64>), size=1, endness=Iend_LE) & 0x2<8>), 0x0<8>), CmpEQ(Load(addr=0x44c28c<64>, size=1, endness=Iend_LE), 0x0<8>), CmpEQ((Load(addr=0x44be8f<64>, size=1, endness=Iend_LE) & 0x2<8>), 0x0<8>), CmpEQ(Load(addr=0x44c28b<64>, size=1, endness=Iend_LE), 0x0<8>), CmpEQ((Load(addr=0x44be8f<64>, size=1, endness=Iend_LE) & 0x2<8>), 0x0<8>), CmpEQ(Load(addr=0x44c2b4<64>, size=1, endness=Iend_LE), 0x0<8>), CmpEQ((Load(addr=0x44be91<64>, size=1, endness=Iend_LE) & 0x2<8>), 0x0<8>), CmpEQ(Load(addr=0x44c2b3<64>, size=1, endness=Iend_LE), 0x0<8>), CmpEQ((Load(addr=0x44be91<64>, size=1, endness=Iend_LE) & 0x2<8>), 0x0<8>), CmpEQ(Load(addr=0x44c2dc<64>, size=1, endness=Iend_LE), 0x0<8>), CmpEQ((Load(addr=0x44be89<64>, size=1, endness=Iend_LE) & 0x2<8>), 0x0<8>), CmpEQ(Load(addr=0x44c2db<64>, size=1, endness=Iend_LE), 0x0<8>), CmpEQ((Load(addr=0x44be89<64>, size=1, endness=Iend_LE) & 0x2<8>), 0x0<8>), CmpEQ(Load(addr=0x44c304<64>, size=1, endness=Iend_LE), 0x0<8>), CmpEQ((Load(addr=0x44be8d<64>, size=1, endness=Iend_LE) & 0x2<8>), 0x0<8>), CmpEQ(Load(addr=0x44c303<64>, size=1, endness=Iend_LE), 0x0<8>), CmpEQ((Load(addr=0x44be8d<64>, size=1, endness=Iend_LE) & 0x2<8>), 0x0<8>), CmpEQ(Load(addr=0x44c32c<64>, size=1, endness=Iend_LE), 0x0<8>), CmpEQ((Load(addr=0x44be8b<64>, size=1, endness=Iend_LE) & 0x2<8>), 0x0<8>), CmpEQ(Load(addr=0x44c32b<64>, size=1, endness=Iend_LE), 0x0<8>), CmpEQ((Load(addr=0x44be8b<64>, size=1, endness=Iend_LE) & 0x2<8>), 0x0<8>), CmpEQ(Load(addr=0x44c354<64>, size=1, endness=Iend_LE), 0x0<8>), CmpEQ((Load(addr=0x44bf8d<64>, size=1, endness=Iend_LE) & 0x2<8>), 0x0<8>), CmpEQ(Load(addr=0x44c353<64>, size=1, endness=Iend_LE), 0x0<8>), CmpEQ((Load(addr=0x44bf8d<64>, size=1, endness=Iend_LE) & 0x2<8>), 0x0<8>), CmpEQ(Load(addr=0x44c37c<64>, size=1, endness=Iend_LE), 0x0<8>), CmpEQ((Load(addr=0x44bf8f<64>, size=1, endness=Iend_LE) & 0x2<8>), 0x0<8>), CmpEQ(Load(addr=0x44c37b<64>, size=1, endness=Iend_LE), 0x0<8>), CmpEQ((Load(addr=0x44bf8f<64>, size=1, endness=Iend_LE) & 0x2<8>), 0x0<8>), CmpEQ(Load(addr=0x44c3a4<64>, size=1, endness=Iend_LE), 0x0<8>), CmpEQ((Load(addr=0x44bf91<64>, size=1, endness=Iend_LE) & 0x2<8>), 0x0<8>), CmpEQ(Load(addr=0x44c3a3<64>, size=1, endness=Iend_LE), 0x0<8>), CmpEQ((Load(addr=0x44bf91<64>, size=1, endness=Iend_LE) & 0x2<8>), 0x0<8>), CmpEQ(Load(addr=0x44c3cc<64>, size=1, endness=Iend_LE), 0x0<8>), CmpEQ((Load(addr=0x44bf89<64>, size=1, endness=Iend_LE) & 0x2<8>), 0x0<8>), CmpEQ(Load(addr=0x44c3cb<64>, size=1, endness=Iend_LE), 0x0<8>), CmpEQ((Load(addr=0x44bf89<64>, size=1, endness=Iend_LE) & 0x2<8>), 0x0<8>), CmpEQ(Load(addr=0x44c3f4<64>, size=1, endness=Iend_LE), 0x0<8>), CmpEQ((Load(addr=0x44bf8b<64>, size=1, endness=Iend_LE) & 0x2<8>), 0x0<8>), CmpEQ(Load(addr=0x44c3f3<64>, size=1, endness=Iend_LE), 0x0<8>), CmpEQ((Load(addr=0x44bf8b<64>, size=1, endness=Iend_LE) & 0x2<8>), 0x0<8>), CmpEQ(Load(addr=0x44c1e9<64>, size=1, endness=Iend_LE), 0x0<8>), CmpEQ((Load(addr=0x44be8b<64>, size=1, endness=Iend_LE) & 0x2<8>), 0x0<8>), CmpEQ(Load(addr=0x44c211<64>, size=1, endness=Iend_LE), 0x0<8>), CmpEQ((Load(addr=0x44c0ea<64>, size=1, endness=Iend_LE) & 0x2<8>), 0x0<8>), CmpEQ((Load(addr=0x44c100<64>, size=1, endness=Iend_LE) & 0x2<8>), 0x0<8>), CmpEQ((Load(addr=0x44c068<64>, size=1, endness=Iend_LE) & 0x2<8>), 0x0<8>), CmpEQ((Load(addr=0x44c10c<64>, size=1, endness=Iend_LE) & 0x2<8>), 0x0<8>), CmpEQ((Load(addr=0x44c114<64>, size=1, endness=Iend_LE) & 0x2<8>), 0x0<8>), CmpEQ((Load(addr=0x44c03c<64>, size=1, endness=Iend_LE) & 0x2<8>), 0x0<8>), CmpEQ(Load(addr=0x44c239<64>, size=1, endness=Iend_LE), 0x0<8>), CmpEQ((Load(addr=0x44be9d<64>, size=1, endness=Iend_LE) & 0x2<8>), 0x0<8>), CmpEQ((Load(addr=0x44beb0<64>, size=1, endness=Iend_LE) & 0x2<8>), 0x0<8>), CmpEQ((Load(addr=0x44c01f<64>, size=1, endness=Iend_LE) & 0x2<8>), 0x0<8>), CmpEQ(Load(addr=0x44c020<64>, size=1, endness=Iend_LE), 0x0<8>), CmpEQ((Load(addr=0x44be8b<64>, size=1, endness=Iend_LE) & 0x2<8>), 0x0<8>), CmpEQ((Load(addr=0x44bf15<64>, size=1, endness=Iend_LE) & 0x2<8>), 0x0<8>), CmpEQ((Load(addr=0x44bf28<64>, size=1, endness=Iend_LE) & 0x2<8>), 0x0<8>), CmpEQ((Load(addr=0x44c015<64>, size=1, endness=Iend_LE) & 0x2<8>), 0x0<8>), CmpEQ(Load(addr=0x44c016<64>, size=1, endness=Iend_LE), 0x0<8>), CmpEQ((Load(addr=0x44be8b<64>, size=1, endness=Iend_LE) & 0x2<8>), 0x0<8>), CmpEQ(Load(addr=0x44c261<64>, size=1, endness=Iend_LE), 0x0<8>), CmpEQ((Load(addr=0x44c075<64>, size=1, endness=Iend_LE) & 0x2<8>), 0x0<8>), CmpEQ((Load(addr=0x44c088<64>, size=1, endness=Iend_LE) & 0x2<8>), 0x0<8>), CmpEQ((Load(addr=0x44c119<64>, size=1, endness=Iend_LE) & 0x2<8>), 0x0<8>), CmpEQ((Load(addr=0x44c029<64>, size=1, endness=Iend_LE) & 0x2<8>), 0x0<8>), CmpEQ((Load(addr=0x44c02b<64>, size=1, endness=Iend_LE) & 0x2<8>), 0x0<8>), CmpEQ((Load(addr=0x44bf9d<64>, size=1, endness=Iend_LE) & 0x2<8>), 0x0<8>), CmpEQ((Load(addr=0x44bfb0<64>, size=1, endness=Iend_LE) & 0x2<8>), 0x0<8>), CmpEQ((Load(addr=0x44c11b<64>, size=1, endness=Iend_LE) & 0x2<8>), 0x0<8>)]
defaultdict(<class 'list'>,
            {<Global 0x44c11a:1 bytes>: [('write', 4387345)],
             <Global 0x44c11b:1 bytes>: [('read', 4387281)],
             <Global 0x44bfa0:8 bytes>: [('write', 4387218)],
             <Global 0x44bfa8:8 bytes>: [('write', 4387233)],
             <Global 0x44bfb0:1 bytes>: [('read', 4387212)],
             <Global 0x44c01e:1 bytes>: [('write', 4386596)],
             <Global 0x44bf9c:1 bytes>: [('write', 4387187)],
             <Global 0x44bf28:1 bytes>: [('read', 4386719)],
             <Global 0x44bf14:1 bytes>: [('write', 4386694)],
             <Global 0x44bf15:1 bytes>: [('read', 4386680)],
             <Global 0x44c028:1 bytes>: [('write', 4387085)],
             <Global 0x44c01f:1 bytes>: [('read', 4386582)],
             <Global 0x44c020:1 bytes>: [('read', 4386633)],
             <Global 0x44c02b:1 bytes>: [('read', 4387110)],
             <Global 0x44bea8:8 bytes>: [('write', 4386539)],
             <Global 0x44bea0:8 bytes>: [('write', 4386527)],
             <Global 0x44beb0:1 bytes>: [('read', 4386521)],
             <Global 0x44c110:4 bytes>: [('write', 4386395)],
             <Global 0x44be9d:1 bytes>: [('read', 4386481)],
             <Global 0x44be9c:1 bytes>: [('write', 4386502)],
             <Global 0x44c02a:1 bytes>: [('write', 4387127)],
             <Global 0x44bf9d:1 bytes>: [('read', 4387170)],
             <Global 0x44c038:4 bytes>: [('write', 4386438)],
             <Global 0x44c0e8:2 bytes>: [('write', 4386066)],
             <Global 0x44c03c:1 bytes>: [('read', 4386420)],
             <Global 0x44c114:1 bytes>: [('read', 4386332)],
             <Global 0x44c0ea:1 bytes>: [('read', 4386031)],
             <Global 0x44c015:1 bytes>: [('read', 4386788)],
             <Global 0x44c3a4:1 bytes>: [('read', 4385677)],
             <Global 0x44c0f0:8 bytes>: [('write', 4386154)],
             <Global 0x44c3f3:1 bytes>: [('read', 4385918)],
             <Global 0x44c014:1 bytes>: [('write', 4386805)],
             <Global 0x44c353:1 bytes>: [('read', 4385534)],
             <Global 0x44c068:1 bytes>: [('read', 4386187)],
             <Global 0x44c016:1 bytes>: [('read', 4386842)],
             <Global 0x44c0f8:8 bytes>: [('write', 4386161)],
             <Global 0x44be90:1 bytes>: [('write', 4385173),
                                         ('write', 4385216)],
             <Global 0x44c37c:1 bytes>: [('read', 4385581)],
             <Global 0x44c108:4 bytes>: [('write', 4386307)],
             <Global 0x44c10c:1 bytes>: [('read', 4386244)],
             <Global 0x44c3a3:1 bytes>: [('read', 4385726)],
             <Global 0x44c354:1 bytes>: [('read', 4385485)],
             <Global 0x44be88:1 bytes>: [('write', 4385257),
                                         ('write', 4385300)],
             <Global 0x44be8d:1 bytes>: [('read', 4385335), ('read', 4385378)],
             <Global 0x44c060:8 bytes>: [('write', 4386218)],
             <Global 0x44be91:1 bytes>: [('read', 4385167), ('read', 4385210)],
             <Global 0x44be8b:1 bytes>: [('read', 4385419),
                                         ('read', 4385462),
                                         ('read', 4385983),
                                         ('read', 4386651),
                                         ('read', 4386860)],
             <Global 0x44c261:1 bytes>: [('read', 4386883)],
             <Global 0x44be8f:1 bytes>: [('read', 4385083), ('read', 4385126)],
             <Global 0x44c1c2:1 bytes>: [('read', 4384220), ('read', 4384256)],
             <Global 0x44c058:8 bytes>: [('write', 4386211)],
             <Global 0x44be8a:1 bytes>: [('write', 4385425),
                                         ('write', 4385468),
                                         ('write', 4385989),
                                         ('write', 4386657),
                                         ('write', 4386866)],
             <Global 0x44c3cc:1 bytes>: [('read', 4385773)],
             <Global 0x44c075:1 bytes>: [('read', 4386908)],
             <Global 0x44c303:1 bytes>: [('write', 4384283), ('read', 4385360)],
             <Global 0x44c2b3:1 bytes>: [('write', 4383587), ('read', 4385192)],
             <Global 0x44bf90:1 bytes>: [('write', 4383795),
                                         ('write', 4383835),
                                         ('write', 4385704),
                                         ('write', 4385753)],
             <Global 0x44c3cb:1 bytes>: [('read', 4385822)],
             <Global 0x44bf20:8 bytes>: [('write', 4386740)],
             <Global 0x44bf18:8 bytes>: [('write', 4386725)],
             <Global 0x44c074:1 bytes>: [('write', 4386925)],
             <Global 0x44c088:1 bytes>: [('read', 4386950)],
             <Global 0x44c304:1 bytes>: [('write', 4382748),
                                         ('write', 4382868),
                                         ('read', 4385317)],
             <Global 0x44bf8f:1 bytes>: [('read', 4383438),
                                         ('read', 4383478),
                                         ('read', 4385602),
                                         ('read', 4385651)],
             <Global 0x44bf89:1 bytes>: [('read', 4384134),
                                         ('read', 4384174),
                                         ('read', 4385794),
                                         ('read', 4385843)],
             <Global 0x44be8c:1 bytes>: [('write', 4385341),
                                         ('write', 4385384)],
             <Global 0x44bf91:1 bytes>: [('read', 4383789),
                                         ('read', 4383829),
                                         ('read', 4385698),
                                         ('read', 4385747)],
             <Global 0x44bf8d:1 bytes>: [('read', 4383087),
                                         ('read', 4383127),
                                         ('read', 4385506),
                                         ('read', 4385555)],
             <Global 0x44be8e:1 bytes>: [('write', 4385089),
                                         ('write', 4385132)],
             <Global 0x44c078:8 bytes>: [('write', 4386974)],
             <Global 0x44c080:8 bytes>: [('write', 4386981)],
             <Global 0x44c32c:1 bytes>: [('write', 4383236), ('read', 4385401)],
             <Global 0x44bf8b:1 bytes>: [('read', 4384479),
                                         ('read', 4384519),
                                         ('read', 4385890),
                                         ('read', 4385939)],
             <Global 0x44c28b:1 bytes>: [('write', 4382902),
                                         ('write', 4383938),
                                         ('read', 4385108)],
             <Global 0x44c2b4:1 bytes>: [('write', 4382714),
                                         ('write', 4383955),
                                         ('read', 4385149)],
             <Global 0x44c2db:1 bytes>: [('write', 4383253), ('read', 4385276)],
             <Global 0x44c3f4:1 bytes>: [('read', 4385869)],
             <Global 0x44c2dc:1 bytes>: [('write', 4382731),
                                         ('write', 4384300),
                                         ('read', 4385233)],
             <Global 0x44c32b:1 bytes>: [('write', 4382885), ('read', 4385444)],
             <Global 0x44c119:1 bytes>: [('read', 4387025)],
             <Global 0x44c188:8 bytes>: [('write', 4381735),
                                         ('read', 4383664),
                                         ('read', 4383768)],
             <Global 0x44c1e9:1 bytes>: [('write', 4382494),
                                         ('write', 4382528),
                                         ('read', 4385965)],
             <Global 0x44c28c:1 bytes>: [('write', 4382697),
                                         ('write', 4383604),
                                         ('read', 4385065)],
             <Global 0x44c170:8 bytes>: [('write', 4381673), ('read', 4383364)],
             <Global 0x44c168:8 bytes>: [('write', 4381658),
                                         ('read', 4383313),
                                         ('read', 4383417)],
             <Global 0x44bfb8:1 bytes>: [('read', 4381308), ('read', 4382005)],
             <Global 0x44bf8a:1 bytes>: [('read', 4381308),
                                         ('read', 4382005),
                                         ('write', 4384485),
                                         ('write', 4384525),
                                         ('write', 4385896),
                                         ('write', 4385945)],
             <Global 0x44c1c1:1 bytes>: [('read', 4381282),
                                         ('read', 4381329),
                                         ('read', 4381872)],
             <Global 0x44c1d0:8 bytes>: [('write', 4381904), ('read', 4384408)],
             <Global 0x44c1c8:8 bytes>: [('write', 4381889),
                                         ('read', 4384360),
                                         ('read', 4384458)],
             <Global 0x44c1a1:1 bytes>: [('read', 4381235),
                                         ('read', 4381376),
                                         ('read', 4381795)],
             <Global 0x44c100:1 bytes>: [('read', 4386092)],
             <Global 0x44c142:1 bytes>: [('read', 4382805), ('read', 4382841)],
             <Global 0x44bf88:1 bytes>: [('read', 4381214),
                                         ('read', 4381851),
                                         ('write', 4384140),
                                         ('write', 4384180),
                                         ('write', 4385800),
                                         ('write', 4385849)],
             <Global 0x44c090:1 bytes>: [('read', 4381167), ('read', 4381774)],
             <Global 0x44c1b0:8 bytes>: [('write', 4381827), ('read', 4384063)],
             <Global 0x44c1a2:1 bytes>: [('read', 4383875), ('read', 4383911)],
             <Global 0x44c181:1 bytes>: [('read', 4381188),
                                         ('read', 4381423),
                                         ('read', 4381718)],
             <Global 0x44bf8e:1 bytes>: [('read', 4381120),
                                         ('read', 4381697),
                                         ('write', 4383444),
                                         ('write', 4383484),
                                         ('write', 4385608),
                                         ('write', 4385657)],
             <Global 0x44c182:1 bytes>: [('read', 4383524), ('read', 4383560)],
             <Global 0x44c161:1 bytes>: [('read', 4381141),
                                         ('read', 4381470),
                                         ('read', 4381641)],
             <Global 0x44c1a8:8 bytes>: [('write', 4381812),
                                         ('read', 4384015),
                                         ('read', 4384113)],
             <Global 0x44c42e:1 bytes>: [('write', 4380857),
                                         ('write', 4381006)],
             <Global 0x44c23a:1 bytes>: [('read', 4382636), ('read', 4382674)],
             <Global 0x44c42f:1 bytes>: [('read', 4380840), ('read', 4381000)],
             <Global 0x44c239:1 bytes>: [('write', 4382642),
                                         ('write', 4382680),
                                         ('read', 4386459)],
             <Global 0x44c444:1 bytes>: [('write', 4380917),
                                         ('write', 4380975)],
             <Global 0x44c445:1 bytes>: [('read', 4380900), ('read', 4380958)],
             <Global 0x44bf8c:1 bytes>: [('read', 4381073),
                                         ('read', 4381620),
                                         ('write', 4383093),
                                         ('write', 4383133),
                                         ('write', 4385512),
                                         ('write', 4385561)],
             <Global 0x44c148:8 bytes>: [('write', 4381581),
                                         ('write', 4382043),
                                         ('read', 4382962),
                                         ('read', 4383066)],
             <Global 0x44c442:1 bytes>: [('write', 4380710),
                                         ('write', 4380768)],
             <Global 0x44c443:1 bytes>: [('read', 4380693), ('read', 4380751)],
             <Global 0x44c190:8 bytes>: [('write', 4381750), ('read', 4383715)],
             <Global 0x44c128:8 bytes>: [('write', 4381966),
                                         ('write', 4382120),
                                         ('write', 4382197),
                                         ('write', 4382274),
                                         ('write', 4382351)],
             <Global 0x44c42c:1 bytes>: [('write', 4380650),
                                         ('write', 4380799)],
             <Global 0x44c429:1 bytes>: [('read', 4380203), ('read', 4380371)],
             <Global 0x44c43c:1 bytes>: [('write', 4380073),
                                         ('write', 4380131)],
             <Global 0x44c43e:1 bytes>: [('write', 4380284),
                                         ('write', 4380346)],
             <Global 0x44c43f:1 bytes>: [('read', 4380267), ('read', 4380325)],
             <Global 0x44c428:1 bytes>: [('write', 4380224),
                                         ('write', 4380377)],
             <Global 0x44c441:1 bytes>: [('read', 4380482), ('read', 4380540)],
             <Global 0x44c162:1 bytes>: [('read', 4383173), ('read', 4383209)],
             <Global 0x44c42b:1 bytes>: [('read', 4380418), ('read', 4380586)],
             <Global 0x44c42d:1 bytes>: [('read', 4380633), ('read', 4380793)],
             <Global 0x44c42a:1 bytes>: [('write', 4380439),
                                         ('write', 4380592)],
             <Global 0x44c141:1 bytes>: [('read', 4381094),
                                         ('read', 4381517),
                                         ('read', 4381564),
                                         ('read', 4382026)],
             <Global 0x44c440:1 bytes>: [('write', 4380499),
                                         ('write', 4380561)],
             <Global 0x44c425:1 bytes>: [('read', 4379781), ('read', 4379949)],
             <Global 0x44be84:1 bytes>: [('read', 4381026),
                                         ('read', 4381261),
                                         ('read', 4381355),
                                         ('read', 4381402),
                                         ('read', 4381449),
                                         ('read', 4381496),
                                         ('read', 4381543),
                                         ('read', 4381928),
                                         ('read', 4382082),
                                         ('read', 4382159),
                                         ('read', 4382236),
                                         ('read', 4382313)],
             <Global 0x44c130:8 bytes>: [('write', 4381981),
                                         ('write', 4382135),
                                         ('write', 4382212),
                                         ('write', 4382289),
                                         ('write', 4382366)],
             <Global 0x44be89:1 bytes>: [('read', 4385251), ('read', 4385294)],
             <Global 0x44c424:1 bytes>: [('write', 4379802),
                                         ('write', 4379955)],
             <Global 0x44c122:1 bytes>: [('read', 4382410), ('read', 4382446)],
             <Global 0x44c438:1 bytes>: [('write', 4379651),
                                         ('write', 4379709)],
             <Global 0x44c1c0:1 bytes>: [('read', 4379760),
                                         ('read', 4379975),
                                         ('write', 4381288),
                                         ('write', 4381335),
                                         ('write', 4381878),
                                         ('read', 4384205),
                                         ('read', 4384241),
                                         ('read', 4384277),
                                         ('read', 4384294),
                                         ('read', 4384311)],
             <Global 0x44c423:1 bytes>: [('read', 4379574), ('read', 4379734)],
             <Global 0x44c121:1 bytes>: [('read', 4381047),
                                         ('read', 4381949),
                                         ('read', 4382103),
                                         ('read', 4382180),
                                         ('read', 4382257),
                                         ('read', 4382334)],
             <Global 0x44c426:1 bytes>: [('write', 4380013),
                                         ('write', 4380162)],
             <Global 0x44c439:1 bytes>: [('read', 4379634), ('read', 4379692)],
             <Global 0x44c43d:1 bytes>: [('read', 4380056), ('read', 4380114)],
             <Global 0x44c427:1 bytes>: [('read', 4379996), ('read', 4380156)],
             <Global 0x44c422:1 bytes>: [('write', 4379591),
                                         ('write', 4379740)],
             <Global 0x44c1a0:1 bytes>: [('read', 4379553),
                                         ('read', 4380182),
                                         ('write', 4381241),
                                         ('write', 4381382),
                                         ('write', 4381801),
                                         ('read', 4383860),
                                         ('read', 4383896),
                                         ('read', 4383932),
                                         ('read', 4383949),
                                         ('read', 4383966)],
             <Global 0x44c435:1 bytes>: [('read', 4379220), ('read', 4379278)],
             <Global 0x44c211:1 bytes>: [('write', 4382566),
                                         ('write', 4382604),
                                         ('read', 4386006)],
             <Global 0x44c41e:1 bytes>: [('write', 4379177),
                                         ('write', 4379326)],
             <Global 0x44c434:1 bytes>: [('write', 4379237),
                                         ('write', 4379295)],
             <Global 0x44c37b:1 bytes>: [('read', 4385630)],
             <Global 0x44c437:1 bytes>: [('read', 4379427), ('read', 4379485)],
             <Global 0x44be82:1 bytes>: [('write', 4376700),
                                         ('write', 4376731)],
             <Global 0x44c43b:1 bytes>: [('read', 4379845), ('read', 4379903)],
             <Global 0x44be83:1 bytes>: [('read', 4376690), ('read', 4376725)],
             <Global 0x44c140:1 bytes>: [('read', 4378932),
                                         ('read', 4380819),
                                         ('write', 4381100),
                                         ('write', 4381523),
                                         ('write', 4381570),
                                         ('write', 4382032),
                                         ('read', 4382790),
                                         ('read', 4382826),
                                         ('read', 4382862),
                                         ('read', 4382879),
                                         ('read', 4382896),
                                         ('read', 4382913)],
             <Global 0x44c160:1 bytes>: [('read', 4379139),
                                         ('read', 4380612),
                                         ('write', 4381147),
                                         ('write', 4381476),
                                         ('write', 4381647),
                                         ('read', 4383158),
                                         ('read', 4383194),
                                         ('read', 4383230),
                                         ('read', 4383247),
                                         ('read', 4383264)],
             <Global 0x44c430:1 bytes>: [('write', 4378826),
                                         ('write', 4378881)],
             <Global 0x44c41f:1 bytes>: [('read', 4379160), ('read', 4379320)],
             <Global 0x44c029:1 bytes>: [('read', 4387071)],
             <Global 0x44c41a:1 bytes>: [('write', 4378766),
                                         ('write', 4378912)],
             <Global 0x44c212:1 bytes>: [('read', 4382560), ('read', 4382598)],
             <Global 0x44c118:1 bytes>: [('write', 4387046)],
             <Global 0x44c431:1 bytes>: [('read', 4378809), ('read', 4378867)],
             <Global 0x44c180:1 bytes>: [('read', 4379346),
                                         ('read', 4380397),
                                         ('write', 4381194),
                                         ('write', 4381429),
                                         ('write', 4381724),
                                         ('read', 4383509),
                                         ('read', 4383545),
                                         ('read', 4383581),
                                         ('read', 4383598),
                                         ('read', 4383615)],
             <Global 0x44c41b:1 bytes>: [('read', 4378752), ('read', 4378906)],
             <Global 0x44c1ea:1 bytes>: [('read', 4382488), ('read', 4382522)],
             <Global 0x44c120:1 bytes>: [('read', 4378731),
                                         ('write', 4381053),
                                         ('write', 4381955),
                                         ('write', 4382109),
                                         ('write', 4382186),
                                         ('write', 4382263),
                                         ('write', 4382340),
                                         ('read', 4382395),
                                         ('read', 4382431),
                                         ('read', 4382539),
                                         ('read', 4382615),
                                         ('read', 4382691),
                                         ('read', 4382708),
                                         ('read', 4382725),
                                         ('read', 4382742),
                                         ('read', 4382759)],
             <Global 0x44c418:2 bytes>: [('read', 4378712), ('read', 4385046)],
             <Global 0x44c436:1 bytes>: [('write', 4379444),
                                         ('write', 4379502)],
             <Global 0x44c450:8 bytes>: [('write', 4376821)],
             <Global 0x44c448:8 bytes>: [('write', 4376814)],
             <Global 0x4382e0:1 bytes>: [('read', 4376840),
                                         ('read', 4378784),
                                         ('read', 4378846),
                                         ('read', 4378988),
                                         ('read', 4379050),
                                         ('read', 4379195),
                                         ('read', 4379257),
                                         ('read', 4379402),
                                         ('read', 4379464),
                                         ('read', 4379609),
                                         ('read', 4379671),
                                         ('read', 4379820),
                                         ('read', 4379882),
                                         ('read', 4380031),
                                         ('read', 4380093),
                                         ('read', 4380242),
                                         ('read', 4380304),
                                         ('read', 4380457),
                                         ('read', 4380519),
                                         ('read', 4380668),
                                         ('read', 4380730),
                                         ('read', 4380875),
                                         ('read', 4380937)],
             <Global 0x44be80:1 bytes>: [('read', 4376672)],
             <Global 0x44c41d:1 bytes>: [('read', 4378953), ('read', 4379113)],
             <Global 0x44c420:1 bytes>: [('write', 4379384),
                                         ('write', 4379533)],
             <Global 0x44c421:1 bytes>: [('read', 4379367), ('read', 4379527)],
             <Global 0x44c432:1 bytes>: [('write', 4379030),
                                         ('write', 4379088)],
             <Global 0x44c446:2 bytes>: [('read', 4376924)],
             <Global 0x44c433:1 bytes>: [('read', 4379013), ('read', 4379071)],
             <Global 0x44c263:1 bytes>: [('write', 4382765)],
             <Global 0x44c43a:1 bytes>: [('write', 4379862),
                                         ('write', 4379924)],
             <Global 0x44c150:8 bytes>: [('write', 4381596),
                                         ('write', 4382058),
                                         ('read', 4383013)],
             <Global 0x44c1e0:2 bytes>: [('read', 4377135)],
             <Global 0x44c41c:1 bytes>: [('write', 4378970),
                                         ('write', 4379119)]})
----------------------------------------
State variable candidate <Global 0x44c120:1 bytes>,  offset = 0x2a0
State variable candidate <Global 0x44c140:1 bytes>,  offset = 0x2c0
State variable candidate <Global 0x44c160:1 bytes>,  offset = 0x2e0
State variable candidate <Global 0x44c180:1 bytes>,  offset = 0x300
State variable candidate <Global 0x44c1a0:1 bytes>,  offset = 0x320
State variable candidate <Global 0x44c1c0:1 bytes>,  offset = 0x340
State variable candidate <Global 0x44bf8c:1 bytes>,  offset = 0x10c
State variable candidate <Global 0x44bf8e:1 bytes>,  offset = 0x10e
State variable candidate <Global 0x44bf88:1 bytes>,  offset = 0x108
State variable candidate <Global 0x44bf8a:1 bytes>,  offset = 0x10a
